 
****************************************
Report : timing
        -path full
        -delay max
        -max_paths 1
Design : fu_min_max_m4
Version: Y-2026.03-SP1
Date   : Wed Sep 30 18:17:03 2026
****************************************

Operating Conditions: tt0p8v25c   Library: saed14rvt_base_tt0p8v25c
Wire Load Model Mode: top

  Startpoint: in_data_0[0]
              (input port)
  Endpoint: out_data[39]
            (output port)
  Path Group: default
  Path Type: max

  Des/Clust/Port     Wire Load Model       Library
  ------------------------------------------------
  fu_min_max_m4      8000                  saed14rvt_base_tt0p8v25c

  Point                                                   Incr       Path
  --------------------------------------------------------------------------
  input external delay                                    0.00       0.00 r
  in_data_0[0] (in)                                       0.00       0.00 r
  core/in_data_0[0] (fu_min_max_dec_EN321_EN161)          0.00       0.00 r
  core/U39/X (SAEDRVT14_INV_S_2)                          0.01       0.01 f
  core/U15/X (SAEDRVT14_NR2_MM_1)                         0.03       0.03 r
  core/U11/X (SAEDRVT14_NR2_MM_3)                         0.02       0.06 f
  core/U44/X (SAEDRVT14_OAI22_3)                          0.02       0.08 r
  core/U10/X (SAEDRVT14_OAI21_V1_4)                       0.02       0.10 f
  core/U45/X (SAEDRVT14_OAI21_V1_4)                       0.02       0.12 r
  core/U47/X (SAEDRVT14_OAI21_V1_4)                       0.02       0.14 f
  core/U48/X (SAEDRVT14_AO21B_0P5)                        0.04       0.18 r
  core/U50/X (SAEDRVT14_OA2BB2_V1_4)                      0.03       0.21 r
  core/U9/X (SAEDRVT14_OAI21_V1_4)                        0.02       0.23 f
  core/U52/X (SAEDRVT14_AO21B_0P5)                        0.07       0.30 r
  core/U8/X (SAEDRVT14_OAI21_V1_4)                        0.03       0.32 f
  core/U54/X (SAEDRVT14_AO21B_0P5)                        0.06       0.39 r
  core/U56/X (SAEDRVT14_OAI21_2)                          0.03       0.42 f
  core/U57/X (SAEDRVT14_AO21B_0P5)                        0.05       0.47 r
  core/U58/X (SAEDRVT14_AOI21_V1_4)                       0.03       0.50 f
  core/U59/X (SAEDRVT14_OAI22_4)                          0.02       0.52 r
  core/U60/X (SAEDRVT14_AOI21_V1_4)                       0.02       0.54 f
  core/U64/X (SAEDRVT14_OAI22_4)                          0.02       0.56 r
  core/U65/X (SAEDRVT14_NR2_MM_4)                         0.01       0.57 f
  core/U68/X (SAEDRVT14_OA22_4)                           0.03       0.60 f
  core/U74/X (SAEDRVT14_MUX4_V1M_2)                       0.05       0.65 f
  core/U102/X (SAEDRVT14_OR4_2)                           0.03       0.68 f
  core/U140/X (SAEDRVT14_AN2_MM_8)                        0.02       0.70 f
  core/U219/X (SAEDRVT14_OA31_4)                          0.03       0.73 f
  core/U247/X (SAEDRVT14_NR2_MM_10)                       0.01       0.74 r
  core/U284/X (SAEDRVT14_OAI21_V1_8)                      0.01       0.75 f
  core/U289/X (SAEDRVT14_AN2_MM_8)                        0.02       0.78 f
  core/U341/X (SAEDRVT14_OAI22_0P5)                       0.05       0.83 r
  core/U342/X (SAEDRVT14_EO2_3)                           0.08       0.90 r
  core/U353/X (SAEDRVT14_BUF_8)                           0.04       0.95 r
  core/U354/X (SAEDRVT14_OAI22_0P5)                       0.05       1.00 f
  core/out_data[39] (fu_min_max_dec_EN321_EN161)          0.00       1.00 f
  out_data[39] (out)                                      0.00       1.00 f
  data arrival time                                                  1.00

  max_delay                                               1.00       1.00
  output external delay                                   0.00       1.00
  data required time                                                 1.00
  --------------------------------------------------------------------------
  data required time                                                 1.00
  data arrival time                                                 -1.00
  --------------------------------------------------------------------------
  slack (MET)                                                        0.00


1
