 
****************************************
Report : area
Design : fu_min_max_m4
Version: Y-2026.03-SP1
Date   : Wed Sep 30 18:17:02 2026
****************************************

Library(s) Used:

    saed14rvt_base_tt0p8v25c (File: /mnt/nas0/eda.libs/saed14/EDK_03_2025/SAED14nm_EDK_STD_RVT/liberty/nldm/base/saed14rvt_base_tt0p8v25c.db)

Number of ports:                          414
Number of nets:                           731
Number of cells:                          389
Number of combinational cells:            388
Number of sequential cells:                 0
Number of macros/black boxes:               0
Number of buf/inv:                        152
Number of references:                       1

Combinational area:                119.213998
Buf/Inv area:                       33.566399
Noncombinational area:               0.000000
Macro/Black Box area:                0.000000
Net Interconnect area:             179.024686

Total cell area:                   119.213998
Total area:                        298.238684
1
