 
****************************************
Report : timing
        -path full
        -delay max
        -max_paths 1
Design : fu_fp_min_max_m3
Version: Y-2026.03-SP1
Date   : Tue Sep 29 13:30:45 2026
****************************************

Operating Conditions: tt0p8v25c   Library: saed14rvt_base_tt0p8v25c
Wire Load Model Mode: top

  Startpoint: in_data_1[49]
              (input port)
  Endpoint: out_data[48]
            (output port)
  Path Group: default
  Path Type: max

  Des/Clust/Port     Wire Load Model       Library
  ------------------------------------------------
  fu_fp_min_max_m3   8000                  saed14rvt_base_tt0p8v25c

  Point                                                   Incr       Path
  --------------------------------------------------------------------------
  input external delay                                    0.00       0.00 f
  in_data_1[49] (in)                                      0.00       0.00 f
  core/in_data_1[49] (fu_fp_min_max_dec_W64_MIN_LANE_W16)
                                                          0.00       0.00 f
  core/U323/X (SAEDRVT14_INV_S_1)                         0.03       0.03 r
  core/U324/X (SAEDRVT14_NR2_1P5)                         0.03       0.05 f
  core/U327/X (SAEDRVT14_NR2_1P5)                         0.04       0.09 r
  core/U360/X (SAEDRVT14_AOI21_0P5)                       0.05       0.14 f
  core/U363/X (SAEDRVT14_OAI21_V1_4)                      0.02       0.16 r
  core/U368/X (SAEDRVT14_AOI21_V1_4)                      0.02       0.18 f
  core/U371/X (SAEDRVT14_OAI21_V1_4)                      0.02       0.20 r
  core/U374/X (SAEDRVT14_AOI21_V1_4)                      0.02       0.22 f
  core/U377/X (SAEDRVT14_OAI21_1)                         0.04       0.25 r
  core/U382/X (SAEDRVT14_AOI21_V1_4)                      0.03       0.28 f
  core/U386/X (SAEDRVT14_OAI21_V1_4)                      0.02       0.30 r
  core/U387/X (SAEDRVT14_ND2_CDC_2)                       0.04       0.33 f
  core/U503/X (SAEDRVT14_INV_S_3)                         0.03       0.36 r
  core/U504/X (SAEDRVT14_OAI21_2)                         0.03       0.38 f
  core/U505/X (SAEDRVT14_AOI21_0P5)                       0.06       0.44 r
  core/U506/X (SAEDRVT14_NR2_MM_4)                        0.02       0.47 f
  core/U512/X (SAEDRVT14_EN2_4)                           0.07       0.53 r
  core/U569/X (SAEDRVT14_INV_6)                           0.02       0.55 f
  core/U570/X (SAEDRVT14_NR2_MM_8)                        0.02       0.57 r
  core/U571/X (SAEDRVT14_INV_S_20)                        0.02       0.59 f
  core/U573/X (SAEDRVT14_OAI22_0P75)                      0.03       0.62 r
  core/out_data[48] (fu_fp_min_max_dec_W64_MIN_LANE_W16)
                                                          0.00       0.62 r
  out_data[48] (out)                                      0.00       0.62 r
  data arrival time                                                  0.62

  max_delay                                               0.62       0.62
  output external delay                                   0.00       0.62
  data required time                                                 0.62
  --------------------------------------------------------------------------
  data required time                                                 0.62
  data arrival time                                                 -0.62
  --------------------------------------------------------------------------
  slack (MET)                                                        0.00


1
