 
****************************************
Report : area
Design : fu_fp_min_max_m3
Version: Y-2026.03-SP1
Date   : Tue Sep 29 16:50:16 2026
****************************************

Library(s) Used:

    saed14rvt_base_tt0p8v25c (File: /mnt/nas0/eda.libs/saed14/EDK_03_2025/SAED14nm_EDK_STD_RVT/liberty/nldm/base/saed14rvt_base_tt0p8v25c.db)

Number of ports:                          412
Number of nets:                           909
Number of cells:                          568
Number of combinational cells:            567
Number of sequential cells:                 0
Number of macros/black boxes:               0
Number of buf/inv:                        177
Number of references:                       1

Combinational area:                182.617199
Buf/Inv area:                       39.116399
Noncombinational area:               0.000000
Macro/Black Box area:                0.000000
Net Interconnect area:             241.603811

Total cell area:                   182.617199
Total area:                        424.221009
1
