 
****************************************
Report : timing
        -path full
        -delay max
        -max_paths 1
Design : fu_add_sub_minmax_d1
Version: Y-2026.03-SP1
Date   : Thu Oct  1 18:28:44 2026
****************************************

Operating Conditions: tt0p8v25c   Library: saed14rvt_base_tt0p8v25c
Wire Load Model Mode: top

  Startpoint: is_min_max (input port)
  Endpoint: out_data[19]
            (output port)
  Path Group: default
  Path Type: max

  Des/Clust/Port     Wire Load Model       Library
  ------------------------------------------------
  fu_add_sub_minmax_d1
                     8000                  saed14rvt_base_tt0p8v25c

  Point                                                   Incr       Path
  --------------------------------------------------------------------------
  input external delay                                    0.00       0.00 r
  is_min_max (in)                                         0.00       0.00 r
  core/is_min_max (fu_add_sub_minmax_dec_EN320_EN160_EN80)
                                                          0.00       0.00 r
  core/segmented/force_sub (fu_add_sub_segmented_0_0_0)
                                                          0.00       0.00 r
  core/segmented/U465/X (SAEDRVT14_NR2_MM_16)             0.00       0.00 f
  core/segmented/U466/X (SAEDRVT14_INV_S_20)              0.01       0.01 r
  core/segmented/U153/X (SAEDRVT14_INV_12)                0.01       0.02 f
  core/segmented/U150/X (SAEDRVT14_BUF_16)                0.02       0.04 f
  core/segmented/U130/X (SAEDRVT14_INV_S_20)              0.01       0.04 r
  core/segmented/U416/X (SAEDRVT14_BUF_16)                0.01       0.06 r
  core/segmented/U592/X (SAEDRVT14_EO2_3)                 0.04       0.10 f
  core/segmented/U593/X (SAEDRVT14_NR2_MM_6)              0.02       0.12 r
  core/segmented/U452/X (SAEDRVT14_NR2_MM_3)              0.03       0.15 f
  core/segmented/U594/X (SAEDRVT14_ND2_5)                 0.02       0.17 r
  core/segmented/U595/X (SAEDRVT14_NR2_MM_3)              0.03       0.20 f
  core/segmented/U596/X (SAEDRVT14_ND2_4)                 0.02       0.22 r
  core/segmented/U597/X (SAEDRVT14_NR2_MM_6)              0.02       0.23 f
  core/segmented/U386/X (SAEDRVT14_AN2_MM_1)              0.04       0.27 f
  core/segmented/U420/X (SAEDRVT14_ND2_16)                0.01       0.29 r
  core/segmented/U418/X (SAEDRVT14_ND2_MM_16)             0.01       0.29 f
  core/segmented/U154/X (SAEDRVT14_INV_S_20)              0.01       0.30 r
  core/segmented/U155/X (SAEDRVT14_INV_S_20)              0.01       0.31 f
  core/segmented/U264/X (SAEDRVT14_AOI21_6)               0.01       0.32 r
  core/segmented/U726/X (SAEDRVT14_EO2_3)                 0.04       0.36 f
  core/segmented/sum_out[60] (fu_add_sub_segmented_0_0_0)
                                                          0.00       0.36 f
  core/U247/X (SAEDRVT14_OR2_MM_12)                       0.02       0.38 f
  core/U74/X (SAEDRVT14_NR2_MM_10)                        0.01       0.39 r
  core/U145/X (SAEDRVT14_AN2_MM_12)                       0.02       0.40 r
  core/U152/X (SAEDRVT14_ND2_8)                           0.01       0.41 f
  core/U151/X (SAEDRVT14_NR2_MM_10)                       0.01       0.42 r
  core/U150/X (SAEDRVT14_NR2_MM_10)                       0.01       0.43 f
  core/U273/X (SAEDRVT14_ND2_16)                          0.02       0.44 r
  core/U239/X (SAEDRVT14_INV_S_20)                        0.02       0.46 f
  core/U222/X (SAEDRVT14_INV_S_20)                        0.01       0.47 r
  core/U40/X (SAEDRVT14_NR2_MM_8)                         0.01       0.48 f
  core/U21/X (SAEDRVT14_INV_6)                            0.01       0.49 r
  core/U167/X (SAEDRVT14_ND2_1)                           0.01       0.50 f
  core/out_data[19] (fu_add_sub_minmax_dec_EN320_EN160_EN80)
                                                          0.00       0.50 f
  out_data[19] (out)                                      0.00       0.50 f
  data arrival time                                                  0.50

  max_delay                                               0.50       0.50
  output external delay                                   0.00       0.50
  data required time                                                 0.50
  --------------------------------------------------------------------------
  data required time                                                 0.50
  data arrival time                                                 -0.50
  --------------------------------------------------------------------------
  slack (MET)                                                        0.00


1
