 
****************************************
Report : area
Design : fu_add_sub_minmax_d1
Version: Y-2026.03-SP1
Date   : Thu Oct  1 18:28:44 2026
****************************************

Library(s) Used:

    saed14rvt_base_tt0p8v25c (File: /mnt/nas0/eda.libs/saed14/EDK_03_2025/SAED14nm_EDK_STD_RVT/liberty/nldm/base/saed14rvt_base_tt0p8v25c.db)

Number of ports:                          651
Number of nets:                          1679
Number of cells:                         1150
Number of combinational cells:           1148
Number of sequential cells:                 0
Number of macros/black boxes:               0
Number of buf/inv:                        310
Number of references:                       1

Combinational area:                641.313594
Buf/Inv area:                      118.370398
Noncombinational area:               0.000000
Macro/Black Box area:                0.000000
Net Interconnect area:             391.588299

Total cell area:                   641.313594
Total area:                       1032.901893
1
