 
****************************************
Report : timing
        -path full
        -delay max
        -max_paths 1
Design : fu_barrel_shift_32x2
Version: Y-2026.03-SP1
Date   : Tue Sep  8 23:21:23 2026
****************************************

Operating Conditions: tt0p8v25c   Library: saed14rvt_base_tt0p8v25c
Wire Load Model Mode: top

  Startpoint: in_data_1[33]
              (input port)
  Endpoint: out_data[33]
            (output port)
  Path Group: default
  Path Type: max

  Des/Clust/Port     Wire Load Model       Library
  ------------------------------------------------
  fu_barrel_shift_32x2
                     8000                  saed14rvt_base_tt0p8v25c

  Point                                    Incr       Path
  -----------------------------------------------------------
  input external delay                     0.00       0.00 f
  in_data_1[33] (in)                       0.00       0.00 f
  U290/X (SAEDRVT14_INV_S_0P5)             0.05       0.05 r
  U481/X (SAEDRVT14_MUXI2_4)               0.06       0.11 f
  U482/X (SAEDRVT14_INV_S_8)               0.01       0.12 r
  U483/X (SAEDRVT14_NR2_MM_8)              0.01       0.13 f
  U488/X (SAEDRVT14_ND2_8)                 0.02       0.16 r
  U517/X (SAEDRVT14_BUF_S_2)               0.09       0.24 r
  U324/X (SAEDRVT14_OAI22_1)               0.06       0.30 f
  U636/X (SAEDRVT14_OR4_1)                 0.04       0.35 f
  U637/X (SAEDRVT14_AOI21_1)               0.13       0.47 r
  U140/X (SAEDRVT14_OAI22_1P5)             0.06       0.54 f
  U961/X (SAEDRVT14_NR2_1)                 0.05       0.58 r
  U962/X (SAEDRVT14_OAI21_0P5)             0.04       0.62 f
  out_data[33] (out)                       0.00       0.62 f
  data arrival time                                   0.62

  max_delay                                0.62       0.62
  output external delay                    0.00       0.62
  data required time                                  0.62
  -----------------------------------------------------------
  data required time                                  0.62
  data arrival time                                  -0.62
  -----------------------------------------------------------
  slack (MET)                                         0.00


1
