 
****************************************
Report : area
Design : fu_barrel_shift_32x2
Version: Y-2026.03-SP1
Date   : Tue Sep  8 23:21:23 2026
****************************************

Library(s) Used:

    saed14rvt_base_tt0p8v25c (File: /mnt/nas0/eda.libs/saed14/EDK_03_2025/SAED14nm_EDK_STD_RVT/liberty/nldm/base/saed14rvt_base_tt0p8v25c.db)

Number of ports:                          202
Number of nets:                          1010
Number of cells:                          927
Number of combinational cells:            927
Number of sequential cells:                 0
Number of macros/black boxes:               0
Number of buf/inv:                        197
Number of references:                      76

Combinational area:                310.267195
Buf/Inv area:                       55.322399
Noncombinational area:               0.000000
Macro/Black Box area:                0.000000
Net Interconnect area:             558.491229

Total cell area:                   310.267195
Total area:                        868.758424
1
