****************************************
Report : Averaged Power
Design : fu_fp_cmp_16x4
Version: Y-2026.03-SP1
Date   : Wed Sep 30 18:50:53 2026
****************************************



  Attributes
  ----------
      i  -  Including register clock pin internal power
      u  -  User defined power group

                        Internal  Switching  Leakage    Total
Power Group             Power     Power      Power      Power   (     %)  Attrs
--------------------------------------------------------------------------------
clock_network              0.0000    0.0000    0.0000    0.0000 ( 0.00%)  i
register                   0.0000    0.0000    0.0000    0.0000 ( 0.00%)  
combinational           1.517e-04 1.351e-03 5.492e-08 1.503e-03 (100.00%) 
sequential                 0.0000    0.0000    0.0000    0.0000 ( 0.00%)  
memory                     0.0000    0.0000    0.0000    0.0000 ( 0.00%)  
io_pad                     0.0000    0.0000    0.0000    0.0000 ( 0.00%)  
black_box                  0.0000    0.0000    0.0000    0.0000 ( 0.00%)  

  Net Switching Power  = 1.351e-03   (89.90%)
  Cell Internal Power  = 1.517e-04   (10.09%)
  Cell Leakage Power   = 5.492e-08   ( 0.00%)
                         ---------
Total Power            = 1.503e-03  (100.00%)

1
