 
****************************************
Report : area
Design : fu_rounding_g1
Version: Y-2026.03-SP1
Date   : Tue Sep  8 22:23:15 2026
****************************************

Library(s) Used:

    saed14rvt_base_tt0p8v25c (File: /mnt/nas0/eda.libs/saed14/EDK_03_2025/SAED14nm_EDK_STD_RVT/liberty/nldm/base/saed14rvt_base_tt0p8v25c.db)

Number of ports:                          276
Number of nets:                          2195
Number of cells:                         1992
Number of combinational cells:           1991
Number of sequential cells:                 0
Number of macros/black boxes:               0
Number of buf/inv:                        464
Number of references:                       1

Combinational area:               1384.125595
Buf/Inv area:                      197.713198
Noncombinational area:               0.000000
Macro/Black Box area:                0.000000
Net Interconnect area:             706.578834

Total cell area:                  1384.125595
Total area:                       2090.704429
1
