 
****************************************
Report : timing
        -path full
        -delay max
        -max_paths 1
Design : fu_rounding_g1
Version: Y-2026.03-SP1
Date   : Tue Sep  8 22:23:15 2026
****************************************

Operating Conditions: tt0p8v25c   Library: saed14rvt_base_tt0p8v25c
Wire Load Model Mode: top

  Startpoint: in_data_0[53]
              (input port)
  Endpoint: out_data[54]
            (output port)
  Path Group: default
  Path Type: max

  Des/Clust/Port     Wire Load Model       Library
  ------------------------------------------------
  fu_rounding_g1     8000                  saed14rvt_base_tt0p8v25c

  Point                                                   Incr       Path
  --------------------------------------------------------------------------
  input external delay                                    0.00       0.00 r
  in_data_0[53] (in)                                      0.00       0.00 r
  core/in_data_0[53] (fu_rounding_dec_EN320_EN160)        0.00       0.00 r
  core/U1280/X (SAEDRVT14_ND2_MM_16)                      0.01       0.01 f
  core/U785/X (SAEDRVT14_INV_12)                          0.01       0.02 r
  core/U1198/X (SAEDRVT14_NR2_MM_16)                      0.01       0.03 f
  core/U1206/X (SAEDRVT14_NR2_MM_16)                      0.01       0.03 r
  core/U1246/X (SAEDRVT14_INV_S_20)                       0.01       0.04 f
  core/U816/X (SAEDRVT14_INV_S_10)                        0.01       0.05 r
  core/U1543/X (SAEDRVT14_NR2_MM_16)                      0.01       0.06 f
  core/U1544/X (SAEDRVT14_EN2_4)                          0.02       0.08 r
  core/U905/X (SAEDRVT14_BUF_20)                          0.02       0.10 r
  core/U988/X (SAEDRVT14_NR2_MM_16)                       0.01       0.12 f
  core/U918/X (SAEDRVT14_AN3_8)                           0.02       0.14 f
  core/U856/X (SAEDRVT14_NR2_MM_16)                       0.01       0.15 r
  core/U1285/X (SAEDRVT14_ND2_16)                         0.01       0.16 f
  core/U996/X (SAEDRVT14_NR2_MM_16)                       0.01       0.17 r
  core/U1282/X (SAEDRVT14_INV_S_20)                       0.01       0.18 f
  core/U1463/X (SAEDRVT14_NR2_MM_16)                      0.01       0.19 r
  core/U791/X (SAEDRVT14_ND2_MM_16)                       0.01       0.20 f
  core/U1081/X (SAEDRVT14_BUF_20)                         0.01       0.21 f
  core/U1329/X (SAEDRVT14_NR2_MM_16)                      0.01       0.22 r
  core/U582/X (SAEDRVT14_ND2_1)                           0.02       0.24 f
  core/U1634/X (SAEDRVT14_EN2_4)                          0.03       0.26 r
  core/U1464/X (SAEDRVT14_ND2_8)                          0.01       0.27 f
  core/U1133/X (SAEDRVT14_ND2_8)                          0.01       0.28 r
  core/U1106/X (SAEDRVT14_NR2_MM_12)                      0.01       0.29 f
  core/U1488/X (SAEDRVT14_ND2_16)                         0.01       0.30 r
  core/U495/X (SAEDRVT14_INV_S_10)                        0.01       0.31 f
  core/U1141/X (SAEDRVT14_ND2_8)                          0.01       0.32 r
  core/U1292/X (SAEDRVT14_OAI21_V1_8)                     0.01       0.33 f
  core/U1291/X (SAEDRVT14_NR2_MM_16)                      0.02       0.35 r
  core/U840/X (SAEDRVT14_INV_S_16)                        0.01       0.36 f
  core/U1351/X (SAEDRVT14_INV_S_20)                       0.01       0.37 r
  core/U1135/X (SAEDRVT14_INV_S_20)                       0.01       0.38 f
  core/U300/X (SAEDRVT14_NR2_MM_6)                        0.02       0.40 r
  core/U1948/X (SAEDRVT14_ND2_MM_10)                      0.02       0.42 f
  core/U244/X (SAEDRVT14_OAI21_2)                         0.03       0.45 r
  core/U199/X (SAEDRVT14_AOI21_V1_8)                      0.02       0.47 f
  core/U818/X (SAEDRVT14_OAI21_V1_8)                      0.02       0.48 r
  core/U1187/X (SAEDRVT14_ND2_8)                          0.01       0.50 f
  core/U1221/X (SAEDRVT14_ND2_MM_16)                      0.01       0.50 r
  core/U811/X (SAEDRVT14_AOI21_V1_8)                      0.02       0.52 f
  core/U927/X (SAEDRVT14_ND2_MM_16)                       0.02       0.54 r
  core/U954/X (SAEDRVT14_INV_S_20)                        0.01       0.55 f
  core/U1003/X (SAEDRVT14_INV_S_20)                       0.01       0.55 r
  core/U1168/X (SAEDRVT14_AOI21_V1_8)                     0.01       0.56 f
  core/U1566/X (SAEDRVT14_EN2_4)                          0.03       0.59 r
  core/U1169/X (SAEDRVT14_AOI21_V1_6)                     0.01       0.60 f
  core/out_data[54] (fu_rounding_dec_EN320_EN160)         0.00       0.60 f
  out_data[54] (out)                                      0.00       0.60 f
  data arrival time                                                  0.60

  max_delay                                               0.50       0.50
  output external delay                                   0.00       0.50
  data required time                                                 0.50
  --------------------------------------------------------------------------
  data required time                                                 0.50
  data arrival time                                                 -0.60
  --------------------------------------------------------------------------
  slack (VIOLATED)                                                  -0.10


1
