 
****************************************
Report : timing
        -path full
        -delay max
        -max_paths 1
Design : fu_barrel_shift_16x4
Version: Y-2026.03-SP1
Date   : Wed Sep 30 12:21:36 2026
****************************************

Operating Conditions: tt0p8v25c   Library: saed14rvt_base_tt0p8v25c
Wire Load Model Mode: top

  Startpoint: shift_op[0]
              (input port)
  Endpoint: out_data[8]
            (output port)
  Path Group: default
  Path Type: max

  Des/Clust/Port     Wire Load Model       Library
  ------------------------------------------------
  fu_barrel_shift_16x4
                     8000                  saed14rvt_base_tt0p8v25c

  Point                                    Incr       Path
  -----------------------------------------------------------
  input external delay                     0.00       0.00 f
  shift_op[0] (in)                         0.00       0.00 f
  U161/X (SAEDRVT14_INV_S_16)              0.01       0.01 r
  U217/X (SAEDRVT14_ND2_MM_16)             0.01       0.02 f
  U218/X (SAEDRVT14_OAI21_V1_8)            0.01       0.03 r
  U219/X (SAEDRVT14_BUF_20)                0.04       0.07 r
  U390/X (SAEDRVT14_ND2_CDC_2)             0.02       0.09 f
  U155/X (SAEDRVT14_EO2_1)                 0.06       0.15 r
  U391/X (SAEDRVT14_INV_S_1)               0.07       0.22 f
  U399/X (SAEDRVT14_ND2_1P5)               0.32       0.54 r
  U171/X (SAEDRVT14_OAI22_1)               0.10       0.64 f
  U174/X (SAEDRVT14_AOI21_0P5)             0.06       0.70 r
  U157/X (SAEDRVT14_OAI21_0P5)             0.08       0.78 f
  U191/X (SAEDRVT14_OAI22_1)               0.08       0.86 r
  U632/X (SAEDRVT14_OAI22_1P5)             0.06       0.92 f
  U53/X (SAEDRVT14_AOI21_0P5)              0.06       0.97 r
  U633/X (SAEDRVT14_ND2_CDC_2)             0.03       1.00 f
  out_data[8] (out)                        0.00       1.00 f
  data arrival time                                   1.00

  max_delay                                1.00       1.00
  output external delay                    0.00       1.00
  data required time                                  1.00
  -----------------------------------------------------------
  data required time                                  1.00
  data arrival time                                  -1.00
  -----------------------------------------------------------
  slack (MET)                                         0.00


1
