 
****************************************
Report : area
Design : fu_barrel_shift_16x4
Version: Y-2026.03-SP1
Date   : Tue Sep  8 23:54:22 2026
****************************************

Library(s) Used:

    saed14rvt_base_tt0p8v25c (File: /mnt/nas0/eda.libs/saed14/EDK_03_2025/SAED14nm_EDK_STD_RVT/liberty/nldm/base/saed14rvt_base_tt0p8v25c.db)

Number of ports:                          202
Number of nets:                           918
Number of cells:                          832
Number of combinational cells:            832
Number of sequential cells:                 0
Number of macros/black boxes:               0
Number of buf/inv:                        236
Number of references:                      84

Combinational area:                607.613997
Buf/Inv area:                      130.269598
Noncombinational area:               0.000000
Macro/Black Box area:                0.000000
Net Interconnect area:             355.035122

Total cell area:                   607.613997
Total area:                        962.649119
1
