 
****************************************
Report : timing
        -path full
        -delay max
        -max_paths 1
Design : fu_fp_cmp_32x2
Version: Y-2026.03-SP1
Date   : Tue Sep  8 22:16:17 2026
****************************************

Operating Conditions: tt0p8v25c   Library: saed14rvt_base_tt0p8v25c
Wire Load Model Mode: top

  Startpoint: in_data_1[34]
              (input port)
  Endpoint: out_data[40]
            (output port)
  Path Group: default
  Path Type: max

  Des/Clust/Port     Wire Load Model       Library
  ------------------------------------------------
  fu_fp_cmp_32x2     8000                  saed14rvt_base_tt0p8v25c

  Point                                    Incr       Path
  -----------------------------------------------------------
  input external delay                     0.00       0.00 r
  in_data_1[34] (in)                       0.00       0.00 r
  U439/X (SAEDRVT14_INV_S_0P5)             0.04       0.04 f
  U477/X (SAEDRVT14_NR2_MM_1)              0.07       0.11 r
  U609/X (SAEDRVT14_INV_S_1)               0.03       0.15 f
  U610/X (SAEDRVT14_AOI21_1)               0.03       0.18 r
  U611/X (SAEDRVT14_OAI22_1P5)             0.04       0.22 f
  U298/X (SAEDRVT14_AOI21_1P5)             0.03       0.24 r
  U613/X (SAEDRVT14_OAI22_1P5)             0.03       0.27 f
  U614/X (SAEDRVT14_OAI22_1P5)             0.03       0.30 r
  U615/X (SAEDRVT14_AOI21_1P5)             0.03       0.33 f
  U616/X (SAEDRVT14_AOI21_1)               0.04       0.37 r
  U617/X (SAEDRVT14_OAI22_1P5)             0.03       0.40 f
  U291/X (SAEDRVT14_AOI21_3)               0.02       0.43 r
  U618/X (SAEDRVT14_OAI22_1P5)             0.03       0.46 f
  U619/X (SAEDRVT14_OAI21_V1_4)            0.02       0.48 r
  U620/X (SAEDRVT14_OAI22_2)               0.03       0.51 f
  U621/X (SAEDRVT14_NR2_1P5)               0.03       0.54 r
  U622/X (SAEDRVT14_OAI22_1P5)             0.03       0.57 f
  U623/X (SAEDRVT14_OAI22_1P5)             0.03       0.60 r
  U624/X (SAEDRVT14_OAI22_4)               0.03       0.63 f
  U625/X (SAEDRVT14_OAI21_0P5)             0.04       0.67 r
  U626/X (SAEDRVT14_OAI21_V1_4)            0.05       0.73 f
  U637/X (SAEDRVT14_OAI21_V1_4)            0.02       0.75 r
  U638/X (SAEDRVT14_OAI21_1)               0.04       0.79 f
  U639/X (SAEDRVT14_OAI21_V1_4)            0.02       0.81 r
  U568/X (SAEDRVT14_OAI21_0P5)             0.05       0.86 f
  U305/X (SAEDRVT14_OAI21_V1_8)            0.07       0.93 r
  U302/X (SAEDRVT14_BUF_4)                 0.06       1.00 r
  out_data[40] (out)                       0.00       1.00 r
  data arrival time                                   1.00

  max_delay                                1.00       1.00
  output external delay                    0.00       1.00
  data required time                                  1.00
  -----------------------------------------------------------
  data required time                                  1.00
  data arrival time                                  -1.00
  -----------------------------------------------------------
  slack (MET)                                         0.00


1
