 
****************************************
Report : timing
        -path full
        -delay max
        -max_paths 1
Design : fu_cmp_c8
Version: Y-2026.03-SP1
Date   : Wed Sep 30 18:21:06 2026
****************************************

Operating Conditions: tt0p8v25c   Library: saed14rvt_base_tt0p8v25c
Wire Load Model Mode: top

  Startpoint: in_data_1[2]
              (input port)
  Endpoint: out_data[0]
            (output port)
  Path Group: default
  Path Type: max

  Des/Clust/Port     Wire Load Model       Library
  ------------------------------------------------
  fu_cmp_c8          8000                  saed14rvt_base_tt0p8v25c

  Point                                    Incr       Path
  -----------------------------------------------------------
  input external delay                     0.00       0.00 f
  in_data_1[2] (in)                        0.00       0.00 f
  core/in_data_1[2] (fu_cmp_dec)           0.00       0.00 f
  core/U389/X (SAEDRVT14_INV_S_1)          0.01       0.01 r
  core/U89/X (SAEDRVT14_NR2_MM_3)          0.02       0.03 f
  core/U391/X (SAEDRVT14_NR2_MM_3)         0.03       0.06 r
  core/U67/X (SAEDRVT14_ND2_CDC_1)         0.03       0.09 f
  core/U400/X (SAEDRVT14_OR3_4)            0.03       0.12 f
  core/U51/X (SAEDRVT14_NR2_MM_12)         0.01       0.14 r
  core/U416/X (SAEDRVT14_OAI21_V1_8)       0.03       0.17 f
  core/U587/X (SAEDRVT14_ND2_CDC_2)        0.02       0.19 r
  core/U588/X (SAEDRVT14_ND2_CDC_2)        0.05       0.24 f
  core/U166/X (SAEDRVT14_AOI21_V1_6)       0.04       0.28 r
  core/U589/X (SAEDRVT14_INV_S_0P5)        0.04       0.32 f
  core/U590/X (SAEDRVT14_OAI22_1P5)        0.03       0.35 r
  core/U6/X (SAEDRVT14_AOI21_1P5)          0.03       0.38 f
  core/U591/X (SAEDRVT14_OA31_4)           0.03       0.41 f
  core/U592/X (SAEDRVT14_MUXI2_4)          0.04       0.45 r
  core/U593/X (SAEDRVT14_ND2_16)           0.01       0.46 f
  core/U610/X (SAEDRVT14_ND2_8)            0.01       0.48 r
  core/U2/X (SAEDRVT14_INV_S_8)            0.01       0.48 f
  core/U145/X (SAEDRVT14_INV_12)           0.02       0.50 r
  core/out_data[0] (fu_cmp_dec)            0.00       0.50 r
  out_data[0] (out)                        0.00       0.50 r
  data arrival time                                   0.50

  max_delay                                0.50       0.50
  output external delay                    0.00       0.50
  data required time                                  0.50
  -----------------------------------------------------------
  data required time                                  0.50
  data arrival time                                  -0.50
  -----------------------------------------------------------
  slack (MET)                                         0.00


1
