****************************************
Report : Averaged Power
Design : fu_cmp_16x4
Version: Y-2026.03-SP1
Date   : Wed Sep 30 18:48:16 2026
****************************************



  Attributes
  ----------
      i  -  Including register clock pin internal power
      u  -  User defined power group

                        Internal  Switching  Leakage    Total
Power Group             Power     Power      Power      Power   (     %)  Attrs
--------------------------------------------------------------------------------
clock_network              0.0000    0.0000    0.0000    0.0000 ( 0.00%)  i
register                   0.0000    0.0000    0.0000    0.0000 ( 0.00%)  
combinational           1.423e-04 1.331e-03 4.610e-08 1.473e-03 (100.00%) 
sequential                 0.0000    0.0000    0.0000    0.0000 ( 0.00%)  
memory                     0.0000    0.0000    0.0000    0.0000 ( 0.00%)  
io_pad                     0.0000    0.0000    0.0000    0.0000 ( 0.00%)  
black_box                  0.0000    0.0000    0.0000    0.0000 ( 0.00%)  

  Net Switching Power  = 1.331e-03   (90.34%)
  Cell Internal Power  = 1.423e-04   ( 9.66%)
  Cell Leakage Power   = 4.610e-08   ( 0.00%)
                         ---------
Total Power            = 1.473e-03  (100.00%)

1
