****************************************
Report : Averaged Power
Design : fu_fp_min_max_32
Version: Y-2026.03-SP1
Date   : Thu Oct  1 18:32:49 2026
****************************************



  Attributes
  ----------
      i  -  Including register clock pin internal power
      u  -  User defined power group

                        Internal  Switching  Leakage    Total
Power Group             Power     Power      Power      Power   (     %)  Attrs
--------------------------------------------------------------------------------
clock_network              0.0000    0.0000    0.0000    0.0000 ( 0.00%)  i
register                   0.0000    0.0000    0.0000    0.0000 ( 0.00%)  
combinational           3.958e-05 4.145e-04 2.078e-08 4.541e-04 (100.00%) 
sequential                 0.0000    0.0000    0.0000    0.0000 ( 0.00%)  
memory                     0.0000    0.0000    0.0000    0.0000 ( 0.00%)  
io_pad                     0.0000    0.0000    0.0000    0.0000 ( 0.00%)  
black_box                  0.0000    0.0000    0.0000    0.0000 ( 0.00%)  

  Net Switching Power  = 4.145e-04   (91.28%)
  Cell Internal Power  = 3.958e-05   ( 8.72%)
  Cell Leakage Power   = 2.078e-08   ( 0.00%)
                         ---------
Total Power            = 4.541e-04  (100.00%)

1
