****************************************
Report : Averaged Power
Design : fu_add_sub_16x4
Version: Y-2026.03-SP1
Date   : Wed Sep 30 18:46:12 2026
****************************************



  Attributes
  ----------
      i  -  Including register clock pin internal power
      u  -  User defined power group

                        Internal  Switching  Leakage    Total
Power Group             Power     Power      Power      Power   (     %)  Attrs
--------------------------------------------------------------------------------
clock_network              0.0000    0.0000    0.0000    0.0000 ( 0.00%)  i
register                   0.0000    0.0000    0.0000    0.0000 ( 0.00%)  
combinational           1.390e-04 5.763e-04 3.836e-08 7.154e-04 (100.00%) 
sequential                 0.0000    0.0000    0.0000    0.0000 ( 0.00%)  
memory                     0.0000    0.0000    0.0000    0.0000 ( 0.00%)  
io_pad                     0.0000    0.0000    0.0000    0.0000 ( 0.00%)  
black_box                  0.0000    0.0000    0.0000    0.0000 ( 0.00%)  

  Net Switching Power  = 5.763e-04   (80.56%)
  Cell Internal Power  = 1.390e-04   (19.44%)
  Cell Leakage Power   = 3.836e-08   ( 0.01%)
                         ---------
Total Power            = 7.154e-04  (100.00%)

1
