 
****************************************
Report : timing
        -path full
        -delay max
        -max_paths 1
Design : fu_fp_cmp_g2
Version: Y-2026.03-SP1
Date   : Wed Sep 30 18:27:23 2026
****************************************

Operating Conditions: tt0p8v25c   Library: saed14rvt_base_tt0p8v25c
Wire Load Model Mode: top

  Startpoint: in_data_0[43]
              (input port)
  Endpoint: out_data[0]
            (output port)
  Path Group: default
  Path Type: max

  Des/Clust/Port     Wire Load Model       Library
  ------------------------------------------------
  fu_fp_cmp_g2       8000                  saed14rvt_base_tt0p8v25c

  Point                                                   Incr       Path
  --------------------------------------------------------------------------
  input external delay                                    0.00       0.00 f
  in_data_0[43] (in)                                      0.00       0.00 f
  core/in_data_0[43] (fu_fp_cmp_dec_W64_MIN_LANE_W32)     0.00       0.00 f
  core/U297/X (SAEDRVT14_INV_S_1)                         0.03       0.03 r
  core/U153/X (SAEDRVT14_NR2_MM_1)                        0.05       0.07 f
  core/U156/X (SAEDRVT14_AOI21_0P5)                       0.05       0.12 r
  core/U304/X (SAEDRVT14_AO21B_0P5)                       0.07       0.19 f
  core/U319/X (SAEDRVT14_INV_S_1)                         0.04       0.23 r
  core/U320/X (SAEDRVT14_AOI21_1)                         0.04       0.27 f
  core/U321/X (SAEDRVT14_OAI21_1)                         0.04       0.31 r
  core/U322/X (SAEDRVT14_AOI21_1)                         0.04       0.35 f
  core/U324/X (SAEDRVT14_OAI22_1P5)                       0.03       0.38 r
  core/U167/X (SAEDRVT14_OAI22_1)                         0.04       0.42 f
  core/U325/X (SAEDRVT14_AOI21_1)                         0.04       0.46 r
  core/U326/X (SAEDRVT14_OAI22_1P5)                       0.03       0.49 f
  core/U327/X (SAEDRVT14_AOI21_1)                         0.04       0.53 r
  core/U328/X (SAEDRVT14_MUX2_MM_1)                       0.04       0.56 r
  core/U329/X (SAEDRVT14_MUXI2_1)                         0.04       0.60 r
  core/U341/X (SAEDRVT14_MUXI2_1)                         0.03       0.64 f
  core/U348/X (SAEDRVT14_MUXI2_4)                         0.06       0.70 r
  core/U350/X (SAEDRVT14_INV_S_0P5)                       0.04       0.74 f
  core/U185/X (SAEDRVT14_OAI22_1)                         0.11       0.86 r
  core/U363/X (SAEDRVT14_BUF_1P5)                         0.14       1.00 r
  core/out_data[0] (fu_fp_cmp_dec_W64_MIN_LANE_W32)       0.00       1.00 r
  out_data[0] (out)                                       0.00       1.00 r
  data arrival time                                                  1.00

  max_delay                                               1.00       1.00
  output external delay                                   0.00       1.00
  data required time                                                 1.00
  --------------------------------------------------------------------------
  data required time                                                 1.00
  data arrival time                                                 -1.00
  --------------------------------------------------------------------------
  slack (MET)                                                        0.00


1
