 
****************************************
Report : timing
        -path full
        -delay max
        -max_paths 1
Design : fu_fp_minmax_revised_32_16
Version: Y-2026.03-SP1
Date   : Tue Sep 29 16:52:51 2026
****************************************

Operating Conditions: tt0p8v25c   Library: saed14rvt_base_tt0p8v25c
Wire Load Model Mode: top

  Startpoint: in_data_0[21]
              (input port)
  Endpoint: out_data[30]
            (output port)
  Path Group: default
  Path Type: max

  Des/Clust/Port     Wire Load Model       Library
  ------------------------------------------------
  fu_fp_minmax_revised_32_16
                     8000                  saed14rvt_base_tt0p8v25c

  Point                                                   Incr       Path
  --------------------------------------------------------------------------
  input external delay                                    0.00       0.00 f
  in_data_0[21] (in)                                      0.00       0.00 f
  core/in_data_0[21] (fu_fp_min_max_dec_W32_MIN_LANE_W16)
                                                          0.00       0.00 f
  core/U261/X (SAEDRVT14_INV_S_20)                        0.00       0.00 r
  core/U260/X (SAEDRVT14_NR2_MM_16)                       0.01       0.01 f
  core/U166/X (SAEDRVT14_NR2_MM_16)                       0.01       0.02 r
  core/U167/X (SAEDRVT14_ND2_16)                          0.01       0.02 f
  core/U202/X (SAEDRVT14_AOI21_8)                         0.01       0.03 r
  core/U201/X (SAEDRVT14_OAI21_V1_8)                      0.02       0.05 f
  core/U384/X (SAEDRVT14_ND2_MM_16)                       0.01       0.06 r
  core/U408/X (SAEDRVT14_INV_S_20)                        0.01       0.07 f
  core/U44/X (SAEDRVT14_NR2_MM_10)                        0.01       0.08 r
  core/U444/X (SAEDRVT14_AOI21_V1_8)                      0.02       0.09 f
  core/U426/X (SAEDRVT14_ND2_MM_16)                       0.02       0.11 r
  core/U332/X (SAEDRVT14_BUF_16)                          0.02       0.13 r
  core/U428/X (SAEDRVT14_MUX2_MM_4)                       0.02       0.15 f
  core/U171/X (SAEDRVT14_ND2_5)                           0.01       0.16 r
  core/out_data[30] (fu_fp_min_max_dec_W32_MIN_LANE_W16)
                                                          0.00       0.16 r
  out_data[30] (out)                                      0.00       0.16 r
  data arrival time                                                  0.16

  max_delay                                               0.01       0.01
  output external delay                                   0.00       0.01
  data required time                                                 0.01
  --------------------------------------------------------------------------
  data required time                                                 0.01
  data arrival time                                                 -0.16
  --------------------------------------------------------------------------
  slack (VIOLATED)                                                  -0.15


1
