 
****************************************
Report : area
Design : fu_fp_minmax_revised_32_16
Version: Y-2026.03-SP1
Date   : Tue Sep 29 16:52:51 2026
****************************************

Library(s) Used:

    saed14rvt_base_tt0p8v25c (File: /mnt/nas0/eda.libs/saed14/EDK_03_2025/SAED14nm_EDK_STD_RVT/liberty/nldm/base/saed14rvt_base_tt0p8v25c.db)

Number of ports:                          311
Number of nets:                           687
Number of cells:                          513
Number of combinational cells:            512
Number of sequential cells:                 0
Number of macros/black boxes:               0
Number of buf/inv:                        143
Number of references:                       2

Combinational area:                494.527195
Buf/Inv area:                      105.627596
Noncombinational area:               0.000000
Macro/Black Box area:                0.000000
Net Interconnect area:             183.149811

Total cell area:                   494.527195
Total area:                        677.677006
1
