 
****************************************
Report : timing
        -path full
        -delay max
        -max_paths 1
Design : fu_cmp_c4
Version: Y-2026.03-SP1
Date   : Wed Sep 30 18:20:56 2026
****************************************

Operating Conditions: tt0p8v25c   Library: saed14rvt_base_tt0p8v25c
Wire Load Model Mode: top

  Startpoint: in_data_0[46]
              (input port)
  Endpoint: out_data[0]
            (output port)
  Path Group: default
  Path Type: max

  Des/Clust/Port     Wire Load Model       Library
  ------------------------------------------------
  fu_cmp_c4          8000                  saed14rvt_base_tt0p8v25c

  Point                                    Incr       Path
  -----------------------------------------------------------
  input external delay                     0.00       0.00 r
  in_data_0[46] (in)                       0.00       0.00 r
  core/in_data_0[46] (fu_cmp_dec)          0.00       0.00 r
  core/U425/X (SAEDRVT14_INV_S_1)          0.01       0.01 f
  core/U205/X (SAEDRVT14_ND2_CDC_1)        0.04       0.05 r
  core/U43/X (SAEDRVT14_ND2_1)             0.03       0.08 f
  core/U426/X (SAEDRVT14_NR2_1P5)          0.02       0.10 r
  core/U281/X (SAEDRVT14_AN4_4)            0.03       0.13 r
  core/U429/X (SAEDRVT14_ND2_CDC_2)        0.03       0.16 f
  core/U504/X (SAEDRVT14_NR2_MM_3)         0.04       0.20 r
  core/U526/X (SAEDRVT14_OA31_4)           0.03       0.23 r
  core/U288/X (SAEDRVT14_OAI21_3)          0.02       0.24 f
  core/U533/X (SAEDRVT14_OA21_4)           0.04       0.28 f
  core/U535/X (SAEDRVT14_OA31_4)           0.05       0.33 f
  core/U284/X (SAEDRVT14_OR3_4)            0.03       0.35 f
  core/U538/X (SAEDRVT14_AN4_4)            0.02       0.37 f
  core/U546/X (SAEDRVT14_OR3_4)            0.02       0.39 f
  core/U547/X (SAEDRVT14_OR2_MM_20)        0.03       0.42 f
  core/U558/X (SAEDRVT14_MUXI2_4)          0.04       0.46 r
  core/U277/X (SAEDRVT14_NR2_MM_16)        0.01       0.47 f
  core/U595/X (SAEDRVT14_OR2_MM_8)         0.03       0.50 f
  core/out_data[0] (fu_cmp_dec)            0.00       0.50 f
  out_data[0] (out)                        0.00       0.50 f
  data arrival time                                   0.50

  max_delay                                0.50       0.50
  output external delay                    0.00       0.50
  data required time                                  0.50
  -----------------------------------------------------------
  data required time                                  0.50
  data arrival time                                  -0.50
  -----------------------------------------------------------
  slack (MET)                                         0.00


1
