 
****************************************
Report : area
Design : fu_cmp_c4
Version: Y-2026.03-SP1
Date   : Wed Sep 30 18:20:56 2026
****************************************

Library(s) Used:

    saed14rvt_base_tt0p8v25c (File: /mnt/nas0/eda.libs/saed14/EDK_03_2025/SAED14nm_EDK_STD_RVT/liberty/nldm/base/saed14rvt_base_tt0p8v25c.db)

Number of ports:                          412
Number of nets:                           960
Number of cells:                          620
Number of combinational cells:            619
Number of sequential cells:                 0
Number of macros/black boxes:               0
Number of buf/inv:                        194
Number of references:                       2

Combinational area:                230.435998
Buf/Inv area:                       43.556399
Noncombinational area:               0.000000
Macro/Black Box area:                0.000000
Net Interconnect area:             219.330430

Total cell area:                   230.435998
Total area:                        449.766428
1
