 
****************************************
Report : area
Design : fu_cmp_c1
Version: Y-2026.03-SP1
Date   : Wed Sep 30 18:18:50 2026
****************************************

Library(s) Used:

    saed14rvt_base_tt0p8v25c (File: /mnt/nas0/eda.libs/saed14/EDK_03_2025/SAED14nm_EDK_STD_RVT/liberty/nldm/base/saed14rvt_base_tt0p8v25c.db)

Number of ports:                          410
Number of nets:                           623
Number of cells:                          287
Number of combinational cells:            286
Number of sequential cells:                 0
Number of macros/black boxes:               0
Number of buf/inv:                         96
Number of references:                       1

Combinational area:                 85.736400
Buf/Inv area:                       18.204000
Noncombinational area:               0.000000
Macro/Black Box area:                0.000000
Net Interconnect area:             126.275036

Total cell area:                    85.736400
Total area:                        212.011435
1
