 
****************************************
Report : timing
        -path full
        -delay max
        -max_paths 1
Design : fu_cmp_c1
Version: Y-2026.03-SP1
Date   : Wed Sep 30 18:18:50 2026
****************************************

Operating Conditions: tt0p8v25c   Library: saed14rvt_base_tt0p8v25c
Wire Load Model Mode: top

  Startpoint: in_data_1[16]
              (input port)
  Endpoint: out_data[0]
            (output port)
  Path Group: default
  Path Type: max

  Des/Clust/Port     Wire Load Model       Library
  ------------------------------------------------
  fu_cmp_c1          8000                  saed14rvt_base_tt0p8v25c

  Point                                    Incr       Path
  -----------------------------------------------------------
  input external delay                     0.00       0.00 f
  in_data_1[16] (in)                       0.00       0.00 f
  core/in_data_1[16] (fu_cmp_dec)          0.00       0.00 f
  core/U85/X (SAEDRVT14_INV_0P75)          0.05       0.05 r
  core/U245/X (SAEDRVT14_AN2_MM_0P5)       0.05       0.10 r
  core/U246/X (SAEDRVT14_AOI21_1)          0.04       0.14 f
  core/U247/X (SAEDRVT14_OAI22_0P5)        0.06       0.19 r
  core/U248/X (SAEDRVT14_AOI21_0P5)        0.05       0.24 f
  core/U249/X (SAEDRVT14_OAI22_0P5)        0.07       0.31 r
  core/U262/X (SAEDRVT14_AOI21_V1_4)       0.03       0.35 f
  core/U263/X (SAEDRVT14_OAI22_2)          0.03       0.37 r
  core/U20/X (SAEDRVT14_OAI21_0P5)         0.04       0.41 f
  core/U265/X (SAEDRVT14_AOI21_1P5)        0.03       0.44 r
  core/U266/X (SAEDRVT14_AOI21_1P5)        0.02       0.47 f
  core/U38/X (SAEDRVT14_AOI21_0P5)         0.04       0.51 r
  core/U267/X (SAEDRVT14_AOI21_0P5)        0.05       0.56 f
  core/U268/X (SAEDRVT14_AOI21_1P5)        0.05       0.60 r
  core/U6/X (SAEDRVT14_OR3_2)              0.05       0.66 r
  core/U41/X (SAEDRVT14_AOI21_0P5)         0.04       0.69 f
  core/U42/X (SAEDRVT14_AN2B_MM_1)         0.04       0.73 r
  core/U2/X (SAEDRVT14_AO21_4)             0.12       0.84 r
  core/U287/X (SAEDRVT14_BUF_1P5)          0.14       0.98 r
  core/out_data[0] (fu_cmp_dec)            0.00       0.98 r
  out_data[0] (out)                        0.00       0.98 r
  data arrival time                                   0.98

  max_delay                                1.00       1.00
  output external delay                    0.00       1.00
  data required time                                  1.00
  -----------------------------------------------------------
  data required time                                  1.00
  data arrival time                                  -0.98
  -----------------------------------------------------------
  slack (MET)                                         0.02


1
