 
****************************************
Report : timing
        -path full
        -delay max
        -max_paths 1
Design : fu_fp_minmax_revised_32_16
Version: Y-2026.03-SP1
Date   : Thu Oct  1 18:31:21 2026
****************************************

Operating Conditions: tt0p8v25c   Library: saed14rvt_base_tt0p8v25c
Wire Load Model Mode: top

  Startpoint: in_data_0[17]
              (input port)
  Endpoint: out_data[22]
            (output port)
  Path Group: default
  Path Type: max

  Des/Clust/Port     Wire Load Model       Library
  ------------------------------------------------
  fu_fp_minmax_revised_32_16
                     8000                  saed14rvt_base_tt0p8v25c

  Point                                                   Incr       Path
  --------------------------------------------------------------------------
  input external delay                                    0.00       0.00 f
  in_data_0[17] (in)                                      0.00       0.00 f
  core/in_data_0[17] (fu_fp_min_max_dec_W32_MIN_LANE_W16)
                                                          0.00       0.00 f
  core/U22/X (SAEDRVT14_INV_S_10)                         0.01       0.01 r
  core/U37/X (SAEDRVT14_ND2_5)                            0.01       0.02 f
  core/U161/X (SAEDRVT14_INV_0P75)                        0.02       0.04 r
  core/U162/X (SAEDRVT14_AOI21_1P5)                       0.02       0.06 f
  core/U167/X (SAEDRVT14_AOI21_1P5)                       0.02       0.09 r
  core/U38/X (SAEDRVT14_OA21B_2)                          0.04       0.13 r
  core/U171/X (SAEDRVT14_NR2_MM_4)                        0.01       0.14 f
  core/U174/X (SAEDRVT14_OAI22_3)                         0.02       0.16 r
  core/U175/X (SAEDRVT14_OAI21_V1_4)                      0.02       0.18 f
  core/U178/X (SAEDRVT14_AOI21_V1_4)                      0.02       0.20 r
  core/U181/X (SAEDRVT14_OAI22_3)                         0.02       0.22 f
  core/U185/X (SAEDRVT14_OA2BB2_V1_2)                     0.02       0.24 r
  core/U186/X (SAEDRVT14_OAI22_3)                         0.02       0.26 f
  core/U204/X (SAEDRVT14_AOI21_V1_4)                      0.02       0.28 r
  core/U205/X (SAEDRVT14_MUXI2_4)                         0.04       0.33 r
  core/U56/X (SAEDRVT14_EO2_3)                            0.05       0.37 f
  core/U42/X (SAEDRVT14_ND2_MM_12)                        0.04       0.41 r
  core/U218/X (SAEDRVT14_INV_S_5)                         0.02       0.43 f
  core/U236/X (SAEDRVT14_AOI21_0P5)                       0.03       0.46 r
  core/U237/X (SAEDRVT14_OAI21_0P5)                       0.04       0.50 f
  core/out_data[22] (fu_fp_min_max_dec_W32_MIN_LANE_W16)
                                                          0.00       0.50 f
  out_data[22] (out)                                      0.00       0.50 f
  data arrival time                                                  0.50

  max_delay                                               0.50       0.50
  output external delay                                   0.00       0.50
  data required time                                                 0.50
  --------------------------------------------------------------------------
  data required time                                                 0.50
  data arrival time                                                 -0.50
  --------------------------------------------------------------------------
  slack (MET)                                                        0.00


1
