 
****************************************
Report : area
Design : fu_fp_minmax_revised_32_16
Version: Y-2026.03-SP1
Date   : Thu Oct  1 18:31:21 2026
****************************************

Library(s) Used:

    saed14rvt_base_tt0p8v25c (File: /mnt/nas0/eda.libs/saed14/EDK_03_2025/SAED14nm_EDK_STD_RVT/liberty/nldm/base/saed14rvt_base_tt0p8v25c.db)

Number of ports:                          311
Number of nets:                           417
Number of cells:                          243
Number of combinational cells:            242
Number of sequential cells:                 0
Number of macros/black boxes:               0
Number of buf/inv:                         86
Number of references:                       2

Combinational area:                 89.155199
Buf/Inv area:                       20.868000
Noncombinational area:               0.000000
Macro/Black Box area:                0.000000
Net Interconnect area:             126.860906

Total cell area:                    89.155199
Total area:                        216.016105
1
