 
****************************************
Report : timing
        -path full
        -delay max
        -max_paths 1
Design : fu_fp_cmp_g2
Version: Y-2026.03-SP1
Date   : Wed Sep 30 12:22:36 2026
****************************************

Operating Conditions: tt0p8v25c   Library: saed14rvt_base_tt0p8v25c
Wire Load Model Mode: top

  Startpoint: in_data_0[30]
              (input port)
  Endpoint: out_data[2]
            (output port)
  Path Group: default
  Path Type: max

  Des/Clust/Port     Wire Load Model       Library
  ------------------------------------------------
  fu_fp_cmp_g2       8000                  saed14rvt_base_tt0p8v25c

  Point                                                   Incr       Path
  --------------------------------------------------------------------------
  input external delay                                    0.00       0.00 f
  in_data_0[30] (in)                                      0.00       0.00 f
  core/in_data_0[30] (fu_fp_cmp_dec_W64_MIN_LANE_W32)     0.00       0.00 f
  core/U211/X (SAEDRVT14_INV_0P75)                        0.05       0.05 r
  core/U246/X (SAEDRVT14_OAI22_0P5)                       0.07       0.13 f
  core/U247/X (SAEDRVT14_OR4_2)                           0.05       0.17 f
  core/U297/X (SAEDRVT14_OR4_1)                           0.03       0.21 f
  core/U298/X (SAEDRVT14_OR4_2)                           0.03       0.24 f
  core/U302/X (SAEDRVT14_NR2_MM_4)                        0.02       0.26 r
  core/U303/X (SAEDRVT14_OA21_4)                          0.02       0.28 r
  core/U304/X (SAEDRVT14_OA21_4)                          0.02       0.30 r
  core/U305/X (SAEDRVT14_AOI21_V1_6)                      0.02       0.32 f
  core/U95/X (SAEDRVT14_MUXI2_1)                          0.04       0.36 f
  core/U391/X (SAEDRVT14_MUXI2_4)                         0.03       0.40 f
  core/U394/X (SAEDRVT14_AOI21_3)                         0.02       0.41 r
  core/U403/X (SAEDRVT14_OAI21_2)                         0.03       0.44 f
  core/U405/X (SAEDRVT14_AOI21_8)                         0.02       0.47 r
  core/U406/X (SAEDRVT14_INV_S_20)                        0.01       0.48 f
  core/U409/X (SAEDRVT14_INV_S_16)                        0.02       0.50 r
  core/out_data[2] (fu_fp_cmp_dec_W64_MIN_LANE_W32)       0.00       0.50 r
  out_data[2] (out)                                       0.00       0.50 r
  data arrival time                                                  0.50

  max_delay                                               0.50       0.50
  output external delay                                   0.00       0.50
  data required time                                                 0.50
  --------------------------------------------------------------------------
  data required time                                                 0.50
  data arrival time                                                 -0.50
  --------------------------------------------------------------------------
  slack (MET)                                                        0.00


1
