 
****************************************
Report : area
Design : fu_fp_cmp_g2
Version: Y-2026.03-SP1
Date   : Wed Sep 30 12:22:36 2026
****************************************

Library(s) Used:

    saed14rvt_base_tt0p8v25c (File: /mnt/nas0/eda.libs/saed14/EDK_03_2025/SAED14nm_EDK_STD_RVT/liberty/nldm/base/saed14rvt_base_tt0p8v25c.db)

Number of ports:                          411
Number of nets:                           746
Number of cells:                          408
Number of combinational cells:            407
Number of sequential cells:                 0
Number of macros/black boxes:               0
Number of buf/inv:                        123
Number of references:                       1

Combinational area:                138.305999
Buf/Inv area:                       26.329199
Noncombinational area:               0.000000
Macro/Black Box area:                0.000000
Net Interconnect area:             184.669285

Total cell area:                   138.305999
Total area:                        322.975284
1
