 
****************************************
Report : area
Design : fu_rounding_16x4
Version: Y-2026.03-SP1
Date   : Tue Sep  8 23:18:41 2026
****************************************

Library(s) Used:

    saed14rvt_base_tt0p8v25c (File: /mnt/nas0/eda.libs/saed14/EDK_03_2025/SAED14nm_EDK_STD_RVT/liberty/nldm/base/saed14rvt_base_tt0p8v25c.db)

Number of ports:                          137
Number of nets:                          1035
Number of cells:                          964
Number of combinational cells:            964
Number of sequential cells:                 0
Number of macros/black boxes:               0
Number of buf/inv:                        203
Number of references:                      96

Combinational area:                349.516799
Buf/Inv area:                       49.639199
Noncombinational area:               0.000000
Macro/Black Box area:                0.000000
Net Interconnect area:             381.539497

Total cell area:                   349.516799
Total area:                        731.056296
1
