 
****************************************
Report : timing
        -path full
        -delay max
        -max_paths 1
Design : fu_rounding_16x4
Version: Y-2026.03-SP1
Date   : Tue Sep  8 23:18:41 2026
****************************************

Operating Conditions: tt0p8v25c   Library: saed14rvt_base_tt0p8v25c
Wire Load Model Mode: top

  Startpoint: in_data_0[60]
              (input port)
  Endpoint: out_data[62]
            (output port)
  Path Group: default
  Path Type: max

  Des/Clust/Port     Wire Load Model       Library
  ------------------------------------------------
  fu_rounding_16x4   8000                  saed14rvt_base_tt0p8v25c

  Point                                    Incr       Path
  -----------------------------------------------------------
  input external delay                     0.00       0.00 f
  in_data_0[60] (in)                       0.00       0.00 f
  U779/X (SAEDRVT14_EO2_3)                 0.05       0.05 r
  U1234/X (SAEDRVT14_INV_S_16)             0.02       0.06 f
  U982/X (SAEDRVT14_NR2_MM_1)              0.05       0.11 r
  U986/X (SAEDRVT14_INV_S_0P5)             0.11       0.22 f
  U929/X (SAEDRVT14_OAI22_1)               0.06       0.28 r
  U1382/X (SAEDRVT14_OR3_4)                0.03       0.31 r
  U1383/X (SAEDRVT14_OR3_4)                0.01       0.32 r
  U1387/X (SAEDRVT14_OA21_MM_2)            0.02       0.35 r
  U1396/X (SAEDRVT14_OAI21_V1_8)           0.02       0.37 f
  U743/X (SAEDRVT14_INV_12)                0.01       0.38 r
  U819/X (SAEDRVT14_INV_6)                 0.02       0.39 f
  U1400/X (SAEDRVT14_NR2_MM_3)             0.03       0.42 r
  U1404/X (SAEDRVT14_ND2_CDC_2)            0.03       0.45 f
  U1405/X (SAEDRVT14_INV_S_1)              0.03       0.48 r
  U1406/X (SAEDRVT14_AOI21_1P5)            0.03       0.51 f
  U823/X (SAEDRVT14_OAI21_V1_4)            0.03       0.54 r
  U1423/X (SAEDRVT14_AOI21_8)              0.03       0.56 f
  U1424/X (SAEDRVT14_OAI21_V1_8)           0.02       0.58 r
  U1656/X (SAEDRVT14_AOI21_6)              0.03       0.61 f
  U1663/X (SAEDRVT14_OAI21_V1_8)           0.02       0.63 r
  U1229/X (SAEDRVT14_ND2_6)                0.02       0.65 f
  U1228/X (SAEDRVT14_NR2_MM_6)             0.01       0.66 r
  U1669/X (SAEDRVT14_ND2_CDC_1)            0.03       0.69 f
  U1670/X (SAEDRVT14_EO2_2)                0.03       0.72 r
  U1671/X (SAEDRVT14_AO21_1)               0.03       0.75 r
  out_data[62] (out)                       0.00       0.75 r
  data arrival time                                   0.75

  max_delay                                0.75       0.75
  output external delay                    0.00       0.75
  data required time                                  0.75
  -----------------------------------------------------------
  data required time                                  0.75
  data arrival time                                  -0.75
  -----------------------------------------------------------
  slack (MET)                                         0.00


1
