 
****************************************
Report : timing
        -path full
        -delay max
        -max_paths 1
Design : fu_bshift_bs2
Version: Y-2026.03-SP1
Date   : Wed Sep 30 12:20:25 2026
****************************************

Operating Conditions: tt0p8v25c   Library: saed14rvt_base_tt0p8v25c
Wire Load Model Mode: top

  Startpoint: in_data_1[0]
              (input port)
  Endpoint: out_data[45]
            (output port)
  Path Group: default
  Path Type: max

  Des/Clust/Port     Wire Load Model       Library
  ------------------------------------------------
  fu_bshift_bs2      8000                  saed14rvt_base_tt0p8v25c

  Point                                                   Incr       Path
  --------------------------------------------------------------------------
  input external delay                                    0.00       0.00 r
  in_data_1[0] (in)                                       0.00       0.00 r
  core/in_data_1[0] (fu_barrel_shift_dec)                 0.00       0.00 r
  core/U438/X (SAEDRVT14_INV_S_20)                        0.01       0.01 f
  core/U330/X (SAEDRVT14_BUF_10)                          0.04       0.05 f
  core/U323/X (SAEDRVT14_ND2_CDC_1)                       0.04       0.09 r
  core/U322/X (SAEDRVT14_AN2_MM_1)                        0.03       0.12 r
  core/U826/X (SAEDRVT14_OAI21_1)                         0.03       0.15 f
  core/U204/X (SAEDRVT14_NR2_MM_4)                        0.04       0.19 r
  core/U115/X (SAEDRVT14_OAI22_3)                         0.03       0.22 f
  core/U111/X (SAEDRVT14_NR2_MM_4)                        0.03       0.25 r
  core/U232/X (SAEDRVT14_AOI21_1P5)                       0.03       0.28 f
  core/U1000/X (SAEDRVT14_NR2_MM_4)                       0.04       0.32 r
  core/U1001/X (SAEDRVT14_OAI22_1P5)                      0.04       0.35 f
  core/U1003/X (SAEDRVT14_NR2_MM_4)                       0.05       0.40 r
  core/U30/X (SAEDRVT14_INV_S_1)                          0.03       0.43 f
  core/U1120/X (SAEDRVT14_AOI21_3)                        0.02       0.45 r
  core/U11/X (SAEDRVT14_OAI21_3)                          0.02       0.47 f
  core/U443/X (SAEDRVT14_AO21_1)                          0.03       0.50 f
  core/out_data[45] (fu_barrel_shift_dec)                 0.00       0.50 f
  out_data[45] (out)                                      0.00       0.50 f
  data arrival time                                                  0.50

  max_delay                                               0.50       0.50
  output external delay                                   0.00       0.50
  data required time                                                 0.50
  --------------------------------------------------------------------------
  data required time                                                 0.50
  data arrival time                                                 -0.50
  --------------------------------------------------------------------------
  slack (MET)                                                        0.00


1
