 
****************************************
Report : timing
        -path full
        -delay max
        -max_paths 1
Design : fu_min_max_16x4
Version: Y-2026.03-SP1
Date   : Tue Sep  8 23:09:42 2026
****************************************

Operating Conditions: tt0p8v25c   Library: saed14rvt_base_tt0p8v25c
Wire Load Model Mode: top

  Startpoint: in_data_0[4]
              (input port)
  Endpoint: out_data[0]
            (output port)
  Path Group: default
  Path Type: max

  Des/Clust/Port     Wire Load Model       Library
  ------------------------------------------------
  fu_min_max_16x4    8000                  saed14rvt_base_tt0p8v25c

  Point                                    Incr       Path
  -----------------------------------------------------------
  input external delay                     0.00       0.00 f
  in_data_0[4] (in)                        0.00       0.00 f
  U314/X (SAEDRVT14_INV_3)                 0.02       0.02 r
  U395/X (SAEDRVT14_AO22_0P75)             0.05       0.07 r
  U531/X (SAEDRVT14_OAI22_4)               0.03       0.10 f
  U532/X (SAEDRVT14_AOI21_6)               0.02       0.11 r
  U536/X (SAEDRVT14_OAI22_4)               0.02       0.14 f
  U389/X (SAEDRVT14_OA21_1)                0.03       0.17 f
  U538/X (SAEDRVT14_AO21_4)                0.02       0.19 f
  U309/X (SAEDRVT14_OAI21_V1_4)            0.01       0.21 r
  U540/X (SAEDRVT14_AO21B_0P5)             0.03       0.24 f
  U541/X (SAEDRVT14_AN2B_MM_8)             0.03       0.27 r
  U546/X (SAEDRVT14_OAI21_V1_8)            0.01       0.29 f
  U548/X (SAEDRVT14_OA21_MM_2)             0.03       0.32 f
  U307/X (SAEDRVT14_AOI21_V1_6)            0.02       0.33 r
  U549/X (SAEDRVT14_AOI21_8)               0.01       0.34 f
  U553/X (SAEDRVT14_OAI22_4)               0.03       0.37 r
  U386/X (SAEDRVT14_OA21_1)                0.03       0.40 r
  U555/X (SAEDRVT14_AO21_2)                0.03       0.43 r
  U556/X (SAEDRVT14_MUX4_V1M_2)            0.04       0.47 r
  U334/X (SAEDRVT14_EO2_2)                 0.04       0.51 r
  U332/CKOUT (SAEDRVT14_CLKSPLT_8)         0.07       0.57 r
  U330/X (SAEDRVT14_MUX2_MM_0P5)           0.05       0.62 f
  out_data[0] (out)                        0.00       0.62 f
  data arrival time                                   0.62

  max_delay                                0.62       0.62
  output external delay                    0.00       0.62
  data required time                                  0.62
  -----------------------------------------------------------
  data required time                                  0.62
  data arrival time                                  -0.62
  -----------------------------------------------------------
  slack (MET)                                         0.00


1
