 
****************************************
Report : area
Design : fu_min_max_16x4
Version: Y-2026.03-SP1
Date   : Tue Sep  8 23:09:42 2026
****************************************

Library(s) Used:

    saed14rvt_base_tt0p8v25c (File: /mnt/nas0/eda.libs/saed14/EDK_03_2025/SAED14nm_EDK_STD_RVT/liberty/nldm/base/saed14rvt_base_tt0p8v25c.db)

Number of ports:                          205
Number of nets:                           438
Number of cells:                          295
Number of combinational cells:            295
Number of sequential cells:                 0
Number of macros/black boxes:               0
Number of buf/inv:                        125
Number of references:                      55

Combinational area:                135.375598
Buf/Inv area:                       36.896399
Noncombinational area:               0.000000
Macro/Black Box area:                0.000000
Net Interconnect area:             133.391012

Total cell area:                   135.375598
Total area:                        268.766610
1
