 
****************************************
Report : area
Design : fu_bshift_bs1
Version: Y-2026.03-SP1
Date   : Tue Sep  8 22:27:09 2026
****************************************

Library(s) Used:

    saed14rvt_base_tt0p8v25c (File: /mnt/nas0/eda.libs/saed14/EDK_03_2025/SAED14nm_EDK_STD_RVT/liberty/nldm/base/saed14rvt_base_tt0p8v25c.db)

Number of ports:                          406
Number of nets:                          1239
Number of cells:                         1006
Number of combinational cells:           1005
Number of sequential cells:                 0
Number of macros/black boxes:               0
Number of buf/inv:                        215
Number of references:                       1

Combinational area:                643.977600
Buf/Inv area:                       93.861599
Noncombinational area:               0.000000
Macro/Black Box area:                0.000000
Net Interconnect area:             651.650534

Total cell area:                   643.977600
Total area:                       1295.628133
1
