 
****************************************
Report : timing
        -path full
        -delay max
        -max_paths 1
Design : fu_fp_cmp_g1
Version: Y-2026.03-SP1
Date   : Wed Sep 16 01:11:04 2026
****************************************

Operating Conditions: tt0p8v25c   Library: saed14rvt_base_tt0p8v25c
Wire Load Model Mode: top

  Startpoint: in_data_0[42]
              (input port)
  Endpoint: out_data[3]
            (output port)
  Path Group: default
  Path Type: max

  Des/Clust/Port     Wire Load Model       Library
  ------------------------------------------------
  fu_fp_cmp_g1       8000                  saed14rvt_base_tt0p8v25c

  Point                                    Incr       Path
  -----------------------------------------------------------
  input external delay                     0.00       0.00 f
  in_data_0[42] (in)                       0.00       0.00 f
  core/in_data_0[42] (fu_fp_cmp_dec)       0.00       0.00 f
  core/U53/X (SAEDRVT14_INV_S_0P5)         0.02       0.02 r
  core/U226/X (SAEDRVT14_MUX2_MM_0P5)      0.07       0.09 r
  core/U272/X (SAEDRVT14_AN2_MM_0P5)       0.04       0.14 r
  core/U271/X (SAEDRVT14_AO21_1)           0.04       0.18 r
  core/U504/X (SAEDRVT14_AOI21_1P5)        0.04       0.22 f
  core/U84/X (SAEDRVT14_OAI21_V1_8)        0.02       0.24 r
  core/U14/X (SAEDRVT14_OA22_2)            0.03       0.27 r
  core/U509/X (SAEDRVT14_AOI21_V1_6)       0.02       0.29 f
  core/U9/X (SAEDRVT14_NR2_MM_4)           0.02       0.31 r
  core/U281/X (SAEDRVT14_INV_S_1)          0.02       0.33 f
  core/U6/X (SAEDRVT14_ND2_1)              0.02       0.35 r
  core/U526/X (SAEDRVT14_OA211_4)          0.02       0.37 r
  core/U531/X (SAEDRVT14_OAI21_V1_8)       0.01       0.39 f
  core/U532/X (SAEDRVT14_ND2_16)           0.01       0.40 r
  core/U533/X (SAEDRVT14_INV_S_8)          0.01       0.41 f
  core/U346/X (SAEDRVT14_AOI21_V1_4)       0.02       0.43 r
  core/U560/X (SAEDRVT14_AOI21_V1_6)       0.02       0.44 f
  core/U561/X (SAEDRVT14_OR2_MM_12)        0.03       0.47 f
  core/U562/X (SAEDRVT14_INV_S_20)         0.01       0.48 r
  core/U575/X (SAEDRVT14_INV_S_10)         0.02       0.50 f
  core/out_data[3] (fu_fp_cmp_dec)         0.00       0.50 f
  out_data[3] (out)                        0.00       0.50 f
  data arrival time                                   0.50

  max_delay                                0.50       0.50
  output external delay                    0.00       0.50
  data required time                                  0.50
  -----------------------------------------------------------
  data required time                                  0.50
  data arrival time                                  -0.50
  -----------------------------------------------------------
  slack (MET)                                         0.00


1
