 
****************************************
Report : area
Design : fu_fp_cmp_g1
Version: Y-2026.03-SP1
Date   : Wed Sep 16 01:11:04 2026
****************************************

Library(s) Used:

    saed14rvt_base_tt0p8v25c (File: /mnt/nas0/eda.libs/saed14/EDK_03_2025/SAED14nm_EDK_STD_RVT/liberty/nldm/base/saed14rvt_base_tt0p8v25c.db)

Number of ports:                          410
Number of nets:                           911
Number of cells:                          575
Number of combinational cells:            574
Number of sequential cells:                 0
Number of macros/black boxes:               0
Number of buf/inv:                        122
Number of references:                       1

Combinational area:                221.600401
Buf/Inv area:                       30.769199
Noncombinational area:               0.000000
Macro/Black Box area:                0.000000
Net Interconnect area:             312.450398

Total cell area:                   221.600401
Total area:                        534.050799
1
