 
****************************************
Report : area
Design : fu_mult_karatsuba_64
Version: Y-2026.03-SP1
Date   : Fri Sep 11 16:19:39 2026
****************************************

Library(s) Used:

    saed14rvt_base_tt0p8v25c (File: /mnt/nas0/eda.libs/saed14/EDK_03_2025/SAED14nm_EDK_STD_RVT/liberty/nldm/base/saed14rvt_base_tt0p8v25c.db)

Number of ports:                          456
Number of nets:                          9825
Number of cells:                         8323
Number of combinational cells:           8321
Number of sequential cells:                 0
Number of macros/black boxes:               0
Number of buf/inv:                       1559
Number of references:                     125

Combinational area:               5403.701959
Buf/Inv area:                      714.129596
Noncombinational area:               0.000000
Macro/Black Box area:                0.000000
Net Interconnect area:            3470.221772

Total cell area:                  5403.701959
Total area:                       8873.923731
1
