 
****************************************
Report : area
Design : fu_fp_cmp_g1
Version: Y-2026.03-SP1
Date   : Wed Sep 30 12:22:30 2026
****************************************

Library(s) Used:

    saed14rvt_base_tt0p8v25c (File: /mnt/nas0/eda.libs/saed14/EDK_03_2025/SAED14nm_EDK_STD_RVT/liberty/nldm/base/saed14rvt_base_tt0p8v25c.db)

Number of ports:                          410
Number of nets:                           682
Number of cells:                          346
Number of combinational cells:            345
Number of sequential cells:                 0
Number of macros/black boxes:               0
Number of buf/inv:                        105
Number of references:                       1

Combinational area:                129.514799
Buf/Inv area:                       25.973999
Noncombinational area:               0.000000
Macro/Black Box area:                0.000000
Net Interconnect area:             164.152484

Total cell area:                   129.514799
Total area:                        293.667283
1
