****************************************
Report : Averaged Power
Design : fu_mult_16x4
Version: Y-2026.03-SP1
Date   : Wed Sep 30 18:56:55 2026
****************************************



  Attributes
  ----------
      i  -  Including register clock pin internal power
      u  -  User defined power group

                        Internal  Switching  Leakage    Total
Power Group             Power     Power      Power      Power   (     %)  Attrs
--------------------------------------------------------------------------------
clock_network              0.0000    0.0000    0.0000    0.0000 ( 0.00%)  i
register                   0.0000    0.0000    0.0000    0.0000 ( 0.00%)  
combinational           8.448e-04 3.017e-03 2.453e-07 3.862e-03 (100.00%) 
sequential                 0.0000    0.0000    0.0000    0.0000 ( 0.00%)  
memory                     0.0000    0.0000    0.0000    0.0000 ( 0.00%)  
io_pad                     0.0000    0.0000    0.0000    0.0000 ( 0.00%)  
black_box                  0.0000    0.0000    0.0000    0.0000 ( 0.00%)  

  Net Switching Power  = 3.017e-03   (78.12%)
  Cell Internal Power  = 8.448e-04   (21.87%)
  Cell Leakage Power   = 2.453e-07   ( 0.01%)
                         ---------
Total Power            = 3.862e-03  (100.00%)

1
