 
****************************************
Report : timing
        -path full
        -delay max
        -max_paths 1
Design : fu_abs_32x2
Version: Y-2026.03-SP1
Date   : Wed Sep 30 18:23:29 2026
****************************************

Operating Conditions: tt0p8v25c   Library: saed14rvt_base_tt0p8v25c
Wire Load Model Mode: top

  Startpoint: in_data_0[63]
              (input port)
  Endpoint: out_data[61]
            (output port)
  Path Group: default
  Path Type: max

  Des/Clust/Port     Wire Load Model       Library
  ------------------------------------------------
  fu_abs_32x2        8000                  saed14rvt_base_tt0p8v25c

  Point                                    Incr       Path
  -----------------------------------------------------------
  input external delay                     0.00       0.00 r
  in_data_0[63] (in)                       0.00       0.00 r
  U222/X (SAEDRVT14_INV_S_2)               0.03       0.03 f
  U318/X (SAEDRVT14_OR4_2)                 0.05       0.08 f
  U215/X (SAEDRVT14_NR2_MM_3)              0.05       0.12 r
  U319/X (SAEDRVT14_ND2_5)                 0.03       0.15 f
  U208/X (SAEDRVT14_NR2_MM_1)              0.09       0.24 r
  U320/X (SAEDRVT14_ND2_5)                 0.04       0.29 f
  U205/X (SAEDRVT14_NR2_MM_4)              0.04       0.32 r
  U321/X (SAEDRVT14_ND2_MM_6)              0.03       0.35 f
  U237/X (SAEDRVT14_NR2_MM_6)              0.03       0.37 r
  U201/X (SAEDRVT14_ND2_4)                 0.03       0.41 f
  U231/X (SAEDRVT14_NR2_MM_10)             0.02       0.43 r
  U322/X (SAEDRVT14_ND2_MM_6)              0.03       0.46 f
  U233/X (SAEDRVT14_NR2_MM_10)             0.02       0.48 r
  U323/X (SAEDRVT14_ND2_MM_6)              0.03       0.51 f
  U230/X (SAEDRVT14_NR2_MM_10)             0.02       0.53 r
  U324/X (SAEDRVT14_ND2_5)                 0.03       0.56 f
  U227/X (SAEDRVT14_NR2_MM_10)             0.02       0.58 r
  U325/X (SAEDRVT14_ND2_5)                 0.03       0.61 f
  U228/X (SAEDRVT14_NR2_MM_10)             0.02       0.63 r
  U326/X (SAEDRVT14_ND2_5)                 0.03       0.66 f
  U229/X (SAEDRVT14_NR2_MM_10)             0.02       0.68 r
  U327/X (SAEDRVT14_ND2_MM_6)              0.02       0.71 f
  U328/X (SAEDRVT14_NR2_MM_6)              0.03       0.74 r
  U234/X (SAEDRVT14_ND2_6)                 0.03       0.76 f
  U329/X (SAEDRVT14_NR2_MM_4)              0.04       0.80 r
  U235/X (SAEDRVT14_ND2_6)                 0.03       0.83 f
  U330/X (SAEDRVT14_NR2_MM_4)              0.03       0.86 r
  U331/X (SAEDRVT14_ND2_CDC_4)             0.05       0.91 f
  U474/X (SAEDRVT14_OAI21_0P5)             0.05       0.96 r
  U475/X (SAEDRVT14_OAI22_1P5)             0.04       1.00 f
  out_data[61] (out)                       0.00       1.00 f
  data arrival time                                   1.00

  max_delay                                1.00       1.00
  output external delay                    0.00       1.00
  data required time                                  1.00
  -----------------------------------------------------------
  data required time                                  1.00
  data arrival time                                  -1.00
  -----------------------------------------------------------
  slack (MET)                                         0.00


1
