 
****************************************
Report : timing
        -path full
        -delay max
        -max_paths 1
Design : fu_fp_min_max_dec_W32_MIN_LANE_W32
Version: Y-2026.03-SP1
Date   : Thu Oct  1 18:27:47 2026
****************************************

Operating Conditions: tt0p8v25c   Library: saed14rvt_base_tt0p8v25c
Wire Load Model Mode: top

  Startpoint: in_data_1[1]
              (input port)
  Endpoint: out_data[2]
            (output port)
  Path Group: default
  Path Type: max

  Des/Clust/Port     Wire Load Model       Library
  ------------------------------------------------
  fu_fp_min_max_dec_W32_MIN_LANE_W32
                     8000                  saed14rvt_base_tt0p8v25c

  Point                                    Incr       Path
  -----------------------------------------------------------
  input external delay                     0.00       0.00 f
  in_data_1[1] (in)                        0.00       0.00 f
  U230/X (SAEDRVT14_INV_S_0P5)             0.05       0.05 r
  U232/X (SAEDRVT14_OAI22_1)               0.05       0.10 f
  U234/X (SAEDRVT14_OAI22_1)               0.04       0.14 r
  U236/X (SAEDRVT14_OAI22_3)               0.03       0.17 f
  U238/X (SAEDRVT14_OAI22_3)               0.03       0.20 r
  U239/X (SAEDRVT14_OA21B_1)               0.04       0.24 r
  U240/X (SAEDRVT14_AOI21_0P5)             0.04       0.28 f
  U241/X (SAEDRVT14_OAI21_4)               0.02       0.30 r
  U242/X (SAEDRVT14_OAI21_4)               0.02       0.32 f
  U244/X (SAEDRVT14_OAI22_1)               0.03       0.36 r
  U246/X (SAEDRVT14_OAI22_3)               0.03       0.39 f
  U247/X (SAEDRVT14_OAI21_4)               0.02       0.41 r
  U248/X (SAEDRVT14_OAI21_4)               0.02       0.43 f
  U250/X (SAEDRVT14_OAI22_1)               0.03       0.46 r
  U251/X (SAEDRVT14_AOI21_3)               0.03       0.49 f
  U252/X (SAEDRVT14_AOI21_3)               0.03       0.52 r
  U254/X (SAEDRVT14_OAI21_2)               0.03       0.55 f
  U255/X (SAEDRVT14_AO21B_0P5)             0.04       0.59 r
  U256/X (SAEDRVT14_AOI21_1P5)             0.03       0.62 f
  U257/X (SAEDRVT14_AOI21_4)               0.02       0.64 r
  U259/X (SAEDRVT14_OAI22_3)               0.03       0.67 f
  U199/X (SAEDRVT14_AOI21_V1_6)            0.02       0.68 r
  U309/X (SAEDRVT14_OAI21_V1_4)            0.02       0.70 f
  U310/X (SAEDRVT14_OAI21_V1_8)            0.02       0.72 r
  U311/X (SAEDRVT14_ND2_CDC_4)             0.01       0.73 f
  U312/X (SAEDRVT14_OAI21_0P5)             0.03       0.77 r
  U313/X (SAEDRVT14_EO2_3)                 0.04       0.81 f
  U314/X (SAEDRVT14_BUF_10)                0.04       0.85 f
  U346/X (SAEDRVT14_AN2_MM_3)              0.03       0.88 f
  U347/X (SAEDRVT14_INV_S_20)              0.05       0.93 r
  U367/X (SAEDRVT14_OAI22_0P5)             0.07       1.00 f
  out_data[2] (out)                        0.00       1.00 f
  data arrival time                                   1.00

  max_delay                                1.00       1.00
  output external delay                    0.00       1.00
  data required time                                  1.00
  -----------------------------------------------------------
  data required time                                  1.00
  data arrival time                                  -1.00
  -----------------------------------------------------------
  slack (MET)                                         0.00


1
