 
****************************************
Report : area
Design : fu_fp_min_max_dec_W32_MIN_LANE_W32
Version: Y-2026.03-SP1
Date   : Thu Oct  1 18:27:47 2026
****************************************

Library(s) Used:

    saed14rvt_base_tt0p8v25c (File: /mnt/nas0/eda.libs/saed14/EDK_03_2025/SAED14nm_EDK_STD_RVT/liberty/nldm/base/saed14rvt_base_tt0p8v25c.db)

Number of ports:                          108
Number of nets:                           249
Number of cells:                          181
Number of combinational cells:            181
Number of sequential cells:                 0
Number of macros/black boxes:               0
Number of buf/inv:                         63
Number of references:                      43

Combinational area:                 63.048000
Buf/Inv area:                       14.874000
Noncombinational area:               0.000000
Macro/Black Box area:                0.000000
Net Interconnect area:              96.947000

Total cell area:                    63.048000
Total area:                        159.994999
1
