 
****************************************
Report : area
Design : fu_bshift_bs1
Version: Y-2026.03-SP1
Date   : Tue Sep  8 23:20:48 2026
****************************************

Library(s) Used:

    saed14rvt_base_tt0p8v25c (File: /mnt/nas0/eda.libs/saed14/EDK_03_2025/SAED14nm_EDK_STD_RVT/liberty/nldm/base/saed14rvt_base_tt0p8v25c.db)

Number of ports:                          406
Number of nets:                          1201
Number of cells:                          979
Number of combinational cells:            978
Number of sequential cells:                 0
Number of macros/black boxes:               0
Number of buf/inv:                        198
Number of references:                       1

Combinational area:                502.163997
Buf/Inv area:                       73.393199
Noncombinational area:               0.000000
Macro/Black Box area:                0.000000
Net Interconnect area:             716.537615

Total cell area:                   502.163997
Total area:                       1218.701612
1
