 
****************************************
Report : timing
        -path full
        -delay max
        -max_paths 1
Design : fu_bshift_bs1
Version: Y-2026.03-SP1
Date   : Tue Sep  8 23:20:48 2026
****************************************

Operating Conditions: tt0p8v25c   Library: saed14rvt_base_tt0p8v25c
Wire Load Model Mode: top

  Startpoint: shift_op[1]
              (input port)
  Endpoint: out_data[1]
            (output port)
  Path Group: default
  Path Type: max

  Des/Clust/Port     Wire Load Model       Library
  ------------------------------------------------
  fu_bshift_bs1      8000                  saed14rvt_base_tt0p8v25c

  Point                                                   Incr       Path
  --------------------------------------------------------------------------
  input external delay                                    0.00       0.00 r
  shift_op[1] (in)                                        0.00       0.00 r
  core/shift_op[1] (fu_barrel_shift_dec)                  0.00       0.00 r
  core/U332/X (SAEDRVT14_EN2_4)                           0.05       0.05 f
  core/U499/X (SAEDRVT14_INV_S_20)                        0.03       0.07 r
  core/U500/X (SAEDRVT14_NR2_MM_10)                       0.02       0.09 f
  core/U505/X (SAEDRVT14_INV_S_20)                        0.01       0.10 r
  core/U358/X (SAEDRVT14_BUF_20)                          0.03       0.13 r
  core/U528/X (SAEDRVT14_OAI22_1P5)                       0.03       0.16 f
  core/U197/X (SAEDRVT14_AOI21_V1_4)                      0.04       0.20 r
  core/U162/X (SAEDRVT14_OA22_0P75)                       0.04       0.24 r
  core/U93/X (SAEDRVT14_OAI21_V1_4)                       0.03       0.27 f
  core/U75/X (SAEDRVT14_INV_4)                            0.02       0.29 r
  core/U287/X (SAEDRVT14_OAI22_1)                         0.04       0.33 f
  core/U820/X (SAEDRVT14_AOI21_1P5)                       0.07       0.40 r
  core/U487/X (SAEDRVT14_OAI22_1P5)                       0.05       0.45 f
  core/U938/X (SAEDRVT14_AOI21_1P5)                       0.06       0.51 r
  core/U939/X (SAEDRVT14_OAI22_3)                         0.04       0.55 f
  core/U462/X (SAEDRVT14_AOI21_1P5)                       0.03       0.59 r
  core/U961/X (SAEDRVT14_OAI21_0P5)                       0.04       0.62 f
  core/out_data[1] (fu_barrel_shift_dec)                  0.00       0.62 f
  out_data[1] (out)                                       0.00       0.62 f
  data arrival time                                                  0.62

  max_delay                                               0.62       0.62
  output external delay                                   0.00       0.62
  data required time                                                 0.62
  --------------------------------------------------------------------------
  data required time                                                 0.62
  data arrival time                                                 -0.62
  --------------------------------------------------------------------------
  slack (MET)                                                        0.00


1
