 
****************************************
Report : timing
        -path full
        -delay max
        -max_paths 1
Design : fu_min_max_16x4
Version: Y-2026.03-SP1
Date   : Tue Sep  8 23:40:03 2026
****************************************

Operating Conditions: tt0p8v25c   Library: saed14rvt_base_tt0p8v25c
Wire Load Model Mode: top

  Startpoint: in_data_0[63]
              (input port)
  Endpoint: out_data[48]
            (output port)
  Path Group: default
  Path Type: max

  Des/Clust/Port     Wire Load Model       Library
  ------------------------------------------------
  fu_min_max_16x4    8000                  saed14rvt_base_tt0p8v25c

  Point                                    Incr       Path
  -----------------------------------------------------------
  input external delay                     0.00       0.00 f
  in_data_0[63] (in)                       0.00       0.00 f
  U424/X (SAEDRVT14_INV_S_20)              0.00       0.00 r
  U423/X (SAEDRVT14_ND2_16)                0.01       0.01 f
  U422/X (SAEDRVT14_NR2_MM_16)             0.01       0.02 r
  U558/X (SAEDRVT14_NR2_MM_16)             0.01       0.02 f
  U466/X (SAEDRVT14_ND2_16)                0.01       0.03 r
  U465/X (SAEDRVT14_OAI22_4)               0.01       0.04 f
  U793/X (SAEDRVT14_OR3_4)                 0.02       0.06 f
  U622/X (SAEDRVT14_AOI21_8)               0.01       0.08 r
  U621/X (SAEDRVT14_AN2_MM_20)             0.02       0.10 r
  U678/X (SAEDRVT14_INV_S_20)              0.01       0.11 f
  U794/X (SAEDRVT14_MUX2_MM_2)             0.02       0.13 r
  out_data[48] (out)                       0.00       0.13 r
  data arrival time                                   0.13

  max_delay                                0.01       0.01
  output external delay                    0.00       0.01
  data required time                                  0.01
  -----------------------------------------------------------
  data required time                                  0.01
  data arrival time                                  -0.13
  -----------------------------------------------------------
  slack (VIOLATED)                                   -0.12


1
