****************************************
Report : Averaged Power
Design : fu_add_sub_d8
Version: Y-2026.03-SP1
Date   : Wed Sep 30 18:46:09 2026
****************************************



  Attributes
  ----------
      i  -  Including register clock pin internal power
      u  -  User defined power group

                        Internal  Switching  Leakage    Total
Power Group             Power     Power      Power      Power   (     %)  Attrs
--------------------------------------------------------------------------------
clock_network              0.0000    0.0000    0.0000    0.0000 ( 0.00%)  i
register                   0.0000    0.0000    0.0000    0.0000 ( 0.00%)  
combinational           2.967e-04 1.552e-03 1.160e-07 1.849e-03 (100.00%) 
sequential                 0.0000    0.0000    0.0000    0.0000 ( 0.00%)  
memory                     0.0000    0.0000    0.0000    0.0000 ( 0.00%)  
io_pad                     0.0000    0.0000    0.0000    0.0000 ( 0.00%)  
black_box                  0.0000    0.0000    0.0000    0.0000 ( 0.00%)  

  Net Switching Power  = 1.552e-03   (83.95%)
  Cell Internal Power  = 2.967e-04   (16.05%)
  Cell Leakage Power   = 1.160e-07   ( 0.01%)
                         ---------
Total Power            = 1.849e-03  (100.00%)

1
