 
****************************************
Report : timing
        -path full
        -delay max
        -max_paths 1
Design : fu_fp_cmp_revised_shared64_32
Version: Y-2026.03-SP1
Date   : Tue Sep 29 15:16:55 2026
****************************************

Operating Conditions: tt0p8v25c   Library: saed14rvt_base_tt0p8v25c
Wire Load Model Mode: top

  Startpoint: in_data_1[26]
              (input port)
  Endpoint: out_data[27]
            (output port)
  Path Group: default
  Path Type: max

  Des/Clust/Port     Wire Load Model       Library
  ------------------------------------------------
  fu_fp_cmp_revised_shared64_32
                     8000                  saed14rvt_base_tt0p8v25c

  Point                                                   Incr       Path
  --------------------------------------------------------------------------
  input external delay                                    0.00       0.00 r
  in_data_1[26] (in)                                      0.00       0.00 r
  core_inst/in_data_1[26] (fu_fp_cmp_dec_W64_MIN_LANE_W32)
                                                          0.00       0.00 r
  core_inst/U312/X (SAEDRVT14_INV_S_1)                    0.03       0.03 f
  core_inst/U94/X (SAEDRVT14_NR2_MM_1)                    0.07       0.10 r
  core_inst/U319/X (SAEDRVT14_INV_S_0P5)                  0.05       0.15 f
  core_inst/U7/X (SAEDRVT14_OAI22_1)                      0.04       0.19 r
  core_inst/U320/X (SAEDRVT14_AOI21_0P5)                  0.04       0.23 f
  core_inst/U160/X (SAEDRVT14_OAI22_0P5)                  0.06       0.29 r
  core_inst/U159/X (SAEDRVT14_OAI22_0P5)                  0.07       0.36 f
  core_inst/U228/X (SAEDRVT14_AOI21_0P5)                  0.05       0.41 r
  core_inst/U225/X (SAEDRVT14_OAI22_1)                    0.07       0.48 f
  core_inst/U229/X (SAEDRVT14_INV_S_0P5)                  0.09       0.57 r
  core_inst/U366/X (SAEDRVT14_OAI22_0P5)                  0.08       0.64 f
  core_inst/U367/X (SAEDRVT14_MUXI2_U_0P5)                0.07       0.71 r
  core_inst/U273/X (SAEDRVT14_MUX2_MM_0P5)                0.05       0.77 r
  core_inst/U309/X (SAEDRVT14_MUXI2_U_0P5)                0.06       0.83 f
  core_inst/U13/X (SAEDRVT14_OAI22_4)                     0.05       0.88 r
  core_inst/U371/X (SAEDRVT14_BUF_S_0P75)                 0.12       1.00 r
  core_inst/out_data[27] (fu_fp_cmp_dec_W64_MIN_LANE_W32)
                                                          0.00       1.00 r
  out_data[27] (out)                                      0.00       1.00 r
  data arrival time                                                  1.00

  max_delay                                               1.00       1.00
  output external delay                                   0.00       1.00
  data required time                                                 1.00
  --------------------------------------------------------------------------
  data required time                                                 1.00
  data arrival time                                                 -1.00
  --------------------------------------------------------------------------
  slack (MET)                                                        0.00


1
