 
****************************************
Report : area
Design : fu_fp_cmp_revised_shared64_32
Version: Y-2026.03-SP1
Date   : Tue Sep 29 15:16:55 2026
****************************************

Library(s) Used:

    saed14rvt_base_tt0p8v25c (File: /mnt/nas0/eda.libs/saed14/EDK_03_2025/SAED14nm_EDK_STD_RVT/liberty/nldm/base/saed14rvt_base_tt0p8v25c.db)

Number of ports:                          412
Number of nets:                           714
Number of cells:                          374
Number of combinational cells:            373
Number of sequential cells:                 0
Number of macros/black boxes:               0
Number of buf/inv:                        116
Number of references:                       1

Combinational area:                108.557999
Buf/Inv area:                       21.667200
Noncombinational area:               0.000000
Macro/Black Box area:                0.000000
Net Interconnect area:             173.724270

Total cell area:                   108.557999
Total area:                        282.282269
1
