 
****************************************
Report : timing
        -path full
        -delay max
        -max_paths 1
Design : fu_abs_a1
Version: Y-2026.03-SP1
Date   : Tue Sep  8 22:29:54 2026
****************************************

Operating Conditions: tt0p8v25c   Library: saed14rvt_base_tt0p8v25c
Wire Load Model Mode: top

  Startpoint: in_data_0[63]
              (input port)
  Endpoint: out_data[59]
            (output port)
  Path Group: default
  Path Type: max

  Des/Clust/Port     Wire Load Model       Library
  ------------------------------------------------
  fu_abs_a1          8000                  saed14rvt_base_tt0p8v25c

  Point                                    Incr       Path
  -----------------------------------------------------------
  input external delay                     0.00       0.00 f
  in_data_0[63] (in)                       0.00       0.00 f
  core/in_data_0[63] (fu_abs_dec)          0.00       0.00 f
  core/U9/X (SAEDRVT14_EO2_2)              0.03       0.03 r
  core/U52/X (SAEDRVT14_ND2_CDC_1)         0.05       0.08 f
  core/U55/X (SAEDRVT14_INV_S_0P5)         0.05       0.13 r
  core/U53/CO (SAEDRVT14_ADDH_0P5)         0.05       0.18 r
  core/U56/CO (SAEDRVT14_ADDH_0P5)         0.04       0.22 r
  core/U260/CO (SAEDRVT14_ADDH_1)          0.03       0.26 r
  core/U262/CO (SAEDRVT14_ADDH_1)          0.03       0.29 r
  core/U237/CO (SAEDRVT14_ADDH_0P5)        0.04       0.33 r
  core/U264/CO (SAEDRVT14_ADDH_1)          0.03       0.36 r
  core/U266/CO (SAEDRVT14_ADDH_2)          0.03       0.40 r
  core/U249/X (SAEDRVT14_ND2_6)            0.03       0.43 f
  core/U60/X (SAEDRVT14_NR2_MM_1)          0.04       0.46 r
  core/U238/CO (SAEDRVT14_ADDH_0P5)        0.04       0.51 r
  core/U61/CO (SAEDRVT14_ADDH_0P5)         0.04       0.55 r
  core/U276/CO (SAEDRVT14_ADDH_1)          0.03       0.59 r
  core/U278/CO (SAEDRVT14_ADDH_2)          0.04       0.62 r
  core/U250/X (SAEDRVT14_ND2_8)            0.03       0.66 f
  core/U251/X (SAEDRVT14_NR2_MM_8)         0.02       0.68 r
  core/U252/X (SAEDRVT14_ND2_8)            0.04       0.72 f
  core/U253/X (SAEDRVT14_NR2_MM_6)         0.03       0.74 r
  core/U254/X (SAEDRVT14_ND2_6)            0.02       0.76 f
  core/U11/X (SAEDRVT14_NR2_MM_16)         0.01       0.78 r
  core/U10/X (SAEDRVT14_ND2_MM_16)         0.02       0.80 f
  core/U13/X (SAEDRVT14_NR2_MM_12)         0.02       0.82 r
  core/U12/X (SAEDRVT14_ND2_MM_16)         0.03       0.85 f
  core/U15/X (SAEDRVT14_NR2_MM_16)         0.02       0.86 r
  core/U14/X (SAEDRVT14_ND2_MM_16)         0.02       0.88 f
  core/U217/X (SAEDRVT14_NR2_MM_1)         0.04       0.92 r
  core/U216/X (SAEDRVT14_EN2_1)            0.04       0.96 f
  core/U215/X (SAEDRVT14_MUX2_MM_0P5)      0.04       1.00 f
  core/out_data[59] (fu_abs_dec)           0.00       1.00 f
  out_data[59] (out)                       0.00       1.00 f
  data arrival time                                   1.00

  max_delay                                1.00       1.00
  output external delay                    0.00       1.00
  data required time                                  1.00
  -----------------------------------------------------------
  data required time                                  1.00
  data arrival time                                  -1.00
  -----------------------------------------------------------
  slack (MET)                                         0.00


1
