 
****************************************
Report : area
Design : fu_abs_a1
Version: Y-2026.03-SP1
Date   : Tue Sep  8 23:55:02 2026
****************************************

Library(s) Used:

    saed14rvt_base_tt0p8v25c (File: /mnt/nas0/eda.libs/saed14/EDK_03_2025/SAED14nm_EDK_STD_RVT/liberty/nldm/base/saed14rvt_base_tt0p8v25c.db)

Number of ports:                          272
Number of nets:                           723
Number of cells:                          524
Number of combinational cells:            523
Number of sequential cells:                 0
Number of macros/black boxes:               0
Number of buf/inv:                        102
Number of references:                       1

Combinational area:                421.267198
Buf/Inv area:                       53.146799
Noncombinational area:               0.000000
Macro/Black Box area:                0.000000
Net Interconnect area:             277.020303

Total cell area:                   421.267198
Total area:                        698.287501
1
