 
****************************************
Report : timing
        -path full
        -delay max
        -max_paths 1
Design : fu_abs_a1
Version: Y-2026.03-SP1
Date   : Tue Sep  8 23:55:02 2026
****************************************

Operating Conditions: tt0p8v25c   Library: saed14rvt_base_tt0p8v25c
Wire Load Model Mode: top

  Startpoint: in_data_0[6]
              (input port)
  Endpoint: out_data[38]
            (output port)
  Path Group: default
  Path Type: max

  Des/Clust/Port     Wire Load Model       Library
  ------------------------------------------------
  fu_abs_a1          8000                  saed14rvt_base_tt0p8v25c

  Point                                    Incr       Path
  -----------------------------------------------------------
  input external delay                     0.00       0.00 r
  in_data_0[6] (in)                        0.00       0.00 r
  core/in_data_0[6] (fu_abs_dec)           0.00       0.00 r
  core/U265/X (SAEDRVT14_INV_S_20)         0.00       0.00 f
  core/U264/X (SAEDRVT14_NR2_MM_16)        0.01       0.01 r
  core/U152/X (SAEDRVT14_INV_S_20)         0.01       0.02 f
  core/U187/X (SAEDRVT14_ND2_MM_16)        0.01       0.02 r
  core/U199/X (SAEDRVT14_ND2_16)           0.01       0.03 f
  core/U426/X (SAEDRVT14_NR2_MM_16)        0.01       0.04 r
  core/U260/X (SAEDRVT14_ND2_16)           0.01       0.04 f
  core/U259/X (SAEDRVT14_INV_S_20)         0.01       0.05 r
  core/U186/X (SAEDRVT14_ND2_MM_16)        0.01       0.06 f
  core/U185/X (SAEDRVT14_NR2_MM_16)        0.01       0.07 r
  core/U377/X (SAEDRVT14_ND2_MM_16)        0.01       0.08 f
  core/U385/X (SAEDRVT14_NR2_MM_16)        0.01       0.09 r
  core/U84/X (SAEDRVT14_ND2_8)             0.01       0.10 f
  core/U134/X (SAEDRVT14_BUF_20)           0.02       0.12 f
  core/U515/X (SAEDRVT14_NR2_MM_6)         0.01       0.14 r
  core/U516/X (SAEDRVT14_EN2_4)            0.02       0.16 f
  core/U517/X (SAEDRVT14_MUX2_MM_4)        0.02       0.17 f
  core/out_data[38] (fu_abs_dec)           0.00       0.17 f
  out_data[38] (out)                       0.00       0.17 f
  data arrival time                                   0.17

  max_delay                                0.01       0.01
  output external delay                    0.00       0.01
  data required time                                  0.01
  -----------------------------------------------------------
  data required time                                  0.01
  data arrival time                                  -0.17
  -----------------------------------------------------------
  slack (VIOLATED)                                   -0.16


1
