 
****************************************
Report : area
Design : fu_mult_64
Version: Y-2026.03-SP1
Date   : Fri Sep 11 16:30:53 2026
****************************************

Library(s) Used:

    saed14rvt_base_tt0p8v25c (File: /mnt/nas0/eda.libs/saed14/EDK_03_2025/SAED14nm_EDK_STD_RVT/liberty/nldm/base/saed14rvt_base_tt0p8v25c.db)

Number of ports:                          200
Number of nets:                          5889
Number of cells:                         4865
Number of combinational cells:           4865
Number of sequential cells:                 0
Number of macros/black boxes:               0
Number of buf/inv:                        830
Number of references:                     145

Combinational area:               3708.199196
Buf/Inv area:                      536.307592
Noncombinational area:               0.000000
Macro/Black Box area:                0.000000
Net Interconnect area:            2872.916412

Total cell area:                  3708.199196
Total area:                       6581.115608
1
