 
****************************************
Report : timing
        -path full
        -delay max
        -max_paths 1
Design : fu_barrel_shift_16x4
Version: Y-2026.03-SP1
Date   : Tue Sep  8 22:29:25 2026
****************************************

Operating Conditions: tt0p8v25c   Library: saed14rvt_base_tt0p8v25c
Wire Load Model Mode: top

  Startpoint: shift_op[0]
              (input port)
  Endpoint: out_data[41]
            (output port)
  Path Group: default
  Path Type: max

  Des/Clust/Port     Wire Load Model       Library
  ------------------------------------------------
  fu_barrel_shift_16x4
                     8000                  saed14rvt_base_tt0p8v25c

  Point                                    Incr       Path
  -----------------------------------------------------------
  input external delay                     0.00       0.00 f
  shift_op[0] (in)                         0.00       0.00 f
  U395/X (SAEDRVT14_INV_S_20)              0.00       0.00 r
  U396/X (SAEDRVT14_ND2_MM_16)             0.01       0.02 f
  U397/X (SAEDRVT14_OAI21_V1_8)            0.02       0.03 r
  U398/X (SAEDRVT14_BUF_20)                0.04       0.07 r
  U437/X (SAEDRVT14_OAI21_V1_4)            0.02       0.09 f
  U438/X (SAEDRVT14_MUXI2_4)               0.04       0.14 r
  U442/X (SAEDRVT14_INV_12)                0.02       0.16 f
  U446/X (SAEDRVT14_ND2_1P5)               0.02       0.17 r
  U447/X (SAEDRVT14_BUF_16)                0.04       0.21 r
  U579/X (SAEDRVT14_OAI22_0P5)             0.06       0.27 f
  U83/X (SAEDRVT14_AOI21_1)                0.09       0.36 r
  U149/X (SAEDRVT14_OA221_1)               0.06       0.42 r
  U647/X (SAEDRVT14_OAI22_2)               0.03       0.45 f
  U648/X (SAEDRVT14_AOI21_1P5)             0.03       0.48 r
  U649/X (SAEDRVT14_ND2_1P5)               0.02       0.50 f
  out_data[41] (out)                       0.00       0.50 f
  data arrival time                                   0.50

  max_delay                                0.50       0.50
  output external delay                    0.00       0.50
  data required time                                  0.50
  -----------------------------------------------------------
  data required time                                  0.50
  data arrival time                                  -0.50
  -----------------------------------------------------------
  slack (MET)                                         0.00


1
