 
****************************************
Report : area
Design : fu_barrel_shift_16x4
Version: Y-2026.03-SP1
Date   : Tue Sep  8 22:29:25 2026
****************************************

Library(s) Used:

    saed14rvt_base_tt0p8v25c (File: /mnt/nas0/eda.libs/saed14/EDK_03_2025/SAED14nm_EDK_STD_RVT/liberty/nldm/base/saed14rvt_base_tt0p8v25c.db)

Number of ports:                          202
Number of nets:                           751
Number of cells:                          662
Number of combinational cells:            662
Number of sequential cells:                 0
Number of macros/black boxes:               0
Number of buf/inv:                        134
Number of references:                      94

Combinational area:                279.320398
Buf/Inv area:                       53.901600
Noncombinational area:               0.000000
Macro/Black Box area:                0.000000
Net Interconnect area:             429.100818

Total cell area:                   279.320398
Total area:                        708.421216
1
