 
****************************************
Report : timing
        -path full
        -delay max
        -max_paths 1
Design : fu_mult_32x2
Version: Y-2026.03-SP1
Date   : Tue Sep  8 22:06:46 2026
****************************************

Operating Conditions: tt0p8v25c   Library: saed14rvt_base_tt0p8v25c
Wire Load Model Mode: top

  Startpoint: in_data_0[15]
              (input port)
  Endpoint: out_data[22]
            (output port)
  Path Group: default
  Path Type: max

  Des/Clust/Port     Wire Load Model       Library
  ------------------------------------------------
  fu_mult_32x2       8000                  saed14rvt_base_tt0p8v25c

  Point                                                   Incr       Path
  --------------------------------------------------------------------------
  input external delay                                    0.00       0.00 f
  in_data_0[15] (in)                                      0.00       0.00 f
  U912/X (SAEDRVT14_INV_S_1)                              0.03       0.03 r
  U1329/X (SAEDRVT14_OAI21_V1_4)                          0.29       0.32 f
  lane[0].u_mult/U839/X (SAEDRVT14_MUXI2_U_0P5)           0.16       0.48 r
  U983/CO (SAEDRVT14_ADDF_V1_1)                           0.07       0.54 r
  U990/S (SAEDRVT14_ADDF_V1_1)                            0.06       0.60 f
  U996/S (SAEDRVT14_ADDF_V1_1)                            0.06       0.66 r
  U998/S (SAEDRVT14_ADDF_V1_1)                            0.07       0.73 f
  U560/X (SAEDRVT14_ND2_CDC_1)                            0.08       0.80 r
  U1002/X (SAEDRVT14_OAI21_V1_4)                          0.04       0.85 f
  U1006/X (SAEDRVT14_AOI21_1P5)                           0.04       0.88 r
  U1007/X (SAEDRVT14_OAI21_V1_8)                          0.02       0.91 f
  U1320/X (SAEDRVT14_INV_6)                               0.02       0.93 r
  U1321/X (SAEDRVT14_OAI21_0P5)                           0.03       0.96 f
  U1322/X (SAEDRVT14_EN2_1)                               0.04       1.00 r
  out_data[22] (out)                                      0.00       1.00 r
  data arrival time                                                  1.00

  max_delay                                               1.00       1.00
  output external delay                                   0.00       1.00
  data required time                                                 1.00
  --------------------------------------------------------------------------
  data required time                                                 1.00
  data arrival time                                                 -1.00
  --------------------------------------------------------------------------
  slack (MET)                                                        0.00


1
