 
****************************************
Report : timing
        -path full
        -delay max
        -max_paths 1
Design : fu_add_sub_16x4
Version: Y-2026.03-SP1
Date   : Tue Sep  8 23:03:56 2026
****************************************

Operating Conditions: tt0p8v25c   Library: saed14rvt_base_tt0p8v25c
Wire Load Model Mode: top

  Startpoint: op_sel[1] (input port)
  Endpoint: out_data[31]
            (output port)
  Path Group: default
  Path Type: max

  Des/Clust/Port     Wire Load Model       Library
  ------------------------------------------------
  fu_add_sub_16x4    8000                  saed14rvt_base_tt0p8v25c

  Point                                                   Incr       Path
  --------------------------------------------------------------------------
  input external delay                                    0.00       0.00 f
  op_sel[1] (in)                                          0.00       0.00 f
  U19/X (SAEDRVT14_INV_4)                                 0.01       0.01 r
  U21/X (SAEDRVT14_BUF_10)                                0.03       0.04 r
  U199/X (SAEDRVT14_MUXI2_U_0P5)                          0.05       0.10 f
  U242/CO (SAEDRVT14_ADDF_V2_2)                           0.04       0.13 f
  U213/CO (SAEDRVT14_ADDF_V1_2)                           0.03       0.17 f
  U235/CO (SAEDRVT14_ADDF_V1_2)                           0.03       0.20 f
  intadd_2/U12/CO (SAEDRVT14_ADDF_V1_2)                   0.03       0.23 f
  U223/CO (SAEDRVT14_ADDF_V1_2)                           0.03       0.27 f
  intadd_2/U10/CO (SAEDRVT14_ADDF_V1_2)                   0.03       0.30 f
  U214/CO (SAEDRVT14_ADDF_V1_2)                           0.03       0.34 f
  intadd_2/U8/CO (SAEDRVT14_ADDF_V1_2)                    0.03       0.37 f
  U220/CO (SAEDRVT14_ADDF_V1_2)                           0.03       0.41 f
  U236/CO (SAEDRVT14_ADDF_V1_2)                           0.03       0.44 f
  intadd_2/U5/CO (SAEDRVT14_ADDF_V1_2)                    0.03       0.48 f
  intadd_2/U4/CO (SAEDRVT14_ADDF_V1_2)                    0.03       0.51 f
  U219/CO (SAEDRVT14_ADDF_V1_2)                           0.03       0.55 f
  intadd_2/U2/CO (SAEDRVT14_ADDF_V1_1)                    0.04       0.58 f
  U14/X (SAEDRVT14_EN4_2)                                 0.04       0.62 r
  out_data[31] (out)                                      0.00       0.62 r
  data arrival time                                                  0.62

  max_delay                                               0.62       0.62
  output external delay                                   0.00       0.62
  data required time                                                 0.62
  --------------------------------------------------------------------------
  data required time                                                 0.62
  data arrival time                                                 -0.62
  --------------------------------------------------------------------------
  slack (MET)                                                        0.00


1
