 
****************************************
Report : area
Design : fu_add_sub_16x4
Version: Y-2026.03-SP1
Date   : Tue Sep  8 23:03:56 2026
****************************************

Library(s) Used:

    saed14rvt_base_tt0p8v25c (File: /mnt/nas0/eda.libs/saed14/EDK_03_2025/SAED14nm_EDK_STD_RVT/liberty/nldm/base/saed14rvt_base_tt0p8v25c.db)

Number of ports:                          204
Number of nets:                           446
Number of cells:                          255
Number of combinational cells:            255
Number of sequential cells:                 0
Number of macros/black boxes:               0
Number of buf/inv:                        128
Number of references:                      20

Combinational area:                116.372400
Buf/Inv area:                       25.663200
Noncombinational area:               0.000000
Macro/Black Box area:                0.000000
Net Interconnect area:             107.590608

Total cell area:                   116.372400
Total area:                        223.963008
1
