 
****************************************
Report : timing
        -path full
        -delay max
        -max_paths 1
Design : fu_cmp_c1
Version: Y-2026.03-SP1
Date   : Tue Sep 15 23:09:48 2026
****************************************

Operating Conditions: tt0p8v25c   Library: saed14rvt_base_tt0p8v25c
Wire Load Model Mode: top

  Startpoint: in_data_0[51]
              (input port)
  Endpoint: out_data[0]
            (output port)
  Path Group: default
  Path Type: max

  Des/Clust/Port     Wire Load Model       Library
  ------------------------------------------------
  fu_cmp_c1          8000                  saed14rvt_base_tt0p8v25c

  Point                                    Incr       Path
  -----------------------------------------------------------
  input external delay                     0.00       0.00 f
  in_data_0[51] (in)                       0.00       0.00 f
  core/in_data_0[51] (fu_cmp_dec)          0.00       0.00 f
  core/U288/X (SAEDRVT14_INV_0P75)         0.05       0.05 r
  core/U301/X (SAEDRVT14_AO22_0P75)        0.09       0.14 r
  core/U306/X (SAEDRVT14_OAI22_1P5)        0.05       0.19 f
  core/U307/X (SAEDRVT14_AOI21_V1_4)       0.02       0.21 r
  core/U308/X (SAEDRVT14_OAI21_0P5)        0.04       0.24 f
  core/U26/X (SAEDRVT14_AOI21_0P5)         0.06       0.30 r
  core/U334/X (SAEDRVT14_AOI21_8)          0.04       0.34 f
  core/U366/X (SAEDRVT14_NR2_MM_6)         0.03       0.36 r
  core/U370/X (SAEDRVT14_OAI22_4)          0.02       0.38 f
  core/U375/X (SAEDRVT14_AO21_4)           0.02       0.41 f
  core/U376/X (SAEDRVT14_AO21_4)           0.03       0.44 f
  core/U18/X (SAEDRVT14_INV_S_5)           0.02       0.45 r
  core/U16/X (SAEDRVT14_BUF_8)             0.04       0.50 r
  core/out_data[0] (fu_cmp_dec)            0.00       0.50 r
  out_data[0] (out)                        0.00       0.50 r
  data arrival time                                   0.50

  max_delay                                0.50       0.50
  output external delay                    0.00       0.50
  data required time                                  0.50
  -----------------------------------------------------------
  data required time                                  0.50
  data arrival time                                  -0.50
  -----------------------------------------------------------
  slack (MET)                                         0.00


1
