 
****************************************
Report : area
Design : fu_abs_a2
Version: Y-2026.03-SP1
Date   : Wed Sep 30 12:17:28 2026
****************************************

Library(s) Used:

    saed14rvt_base_tt0p8v25c (File: /mnt/nas0/eda.libs/saed14/EDK_03_2025/SAED14nm_EDK_STD_RVT/liberty/nldm/base/saed14rvt_base_tt0p8v25c.db)

Number of ports:                          273
Number of nets:                           559
Number of cells:                          357
Number of combinational cells:            356
Number of sequential cells:                 0
Number of macros/black boxes:               0
Number of buf/inv:                         45
Number of references:                       1

Combinational area:                156.110402
Buf/Inv area:                        9.501600
Noncombinational area:               0.000000
Macro/Black Box area:                0.000000
Net Interconnect area:             189.892275

Total cell area:                   156.110402
Total area:                        346.002676
1
