 
****************************************
Report : timing
        -path full
        -delay max
        -max_paths 1
Design : fu_abs_a2
Version: Y-2026.03-SP1
Date   : Wed Sep 30 12:17:28 2026
****************************************

Operating Conditions: tt0p8v25c   Library: saed14rvt_base_tt0p8v25c
Wire Load Model Mode: top

  Startpoint: in_data_0[31]
              (input port)
  Endpoint: out_data[59]
            (output port)
  Path Group: default
  Path Type: max

  Des/Clust/Port     Wire Load Model       Library
  ------------------------------------------------
  fu_abs_a2          8000                  saed14rvt_base_tt0p8v25c

  Point                                    Incr       Path
  -----------------------------------------------------------
  input external delay                     0.00       0.00 r
  in_data_0[31] (in)                       0.00       0.00 r
  core/in_data_0[31] (fu_abs_dec)          0.00       0.00 r
  core/U110/X (SAEDRVT14_INV_S_1)          0.03       0.03 f
  core/U112/X (SAEDRVT14_OAI21_V1_8)       0.18       0.21 r
  core/U76/X (SAEDRVT14_BUF_6)             0.12       0.33 r
  core/U25/X (SAEDRVT14_ND2_MM_10)         0.02       0.35 f
  core/U114/X (SAEDRVT14_INV_S_8)          0.01       0.35 r
  core/U96/CO (SAEDRVT14_ADDH_0P5)         0.06       0.42 r
  core/U24/X (SAEDRVT14_INV_S_2)           0.03       0.45 f
  core/U23/X (SAEDRVT14_NR2_MM_4)          0.03       0.47 r
  core/U117/X (SAEDRVT14_ND2_MM_10)        0.01       0.49 f
  core/U22/X (SAEDRVT14_NR2_MM_4)          0.02       0.51 r
  core/U119/X (SAEDRVT14_ND2_MM_8)         0.01       0.53 f
  core/U120/X (SAEDRVT14_NR2_5)            0.03       0.56 r
  core/U21/X (SAEDRVT14_ND2_4)             0.01       0.57 f
  core/U122/X (SAEDRVT14_INV_S_8)          0.01       0.58 r
  core/U124/X (SAEDRVT14_ND2_MM_16)        0.01       0.59 f
  core/U127/X (SAEDRVT14_NR2_MM_16)        0.02       0.61 r
  core/U131/X (SAEDRVT14_ND2_MM_10)        0.01       0.62 f
  core/U132/X (SAEDRVT14_INV_S_8)          0.01       0.63 r
  core/U91/X (SAEDRVT14_ND2_MM_10)         0.03       0.66 f
  core/U142/X (SAEDRVT14_NR2_MM_16)        0.02       0.68 r
  core/U13/X (SAEDRVT14_ND2_16)            0.03       0.70 f
  core/U148/X (SAEDRVT14_NR2_MM_4)         0.02       0.72 r
  core/U149/X (SAEDRVT14_MUX2_MM_4)        0.03       0.75 r
  core/U151/X (SAEDRVT14_ND2_MM_16)        0.03       0.77 f
  core/U159/X (SAEDRVT14_NR2_MM_16)        0.02       0.79 r
  core/U161/X (SAEDRVT14_ND2_MM_16)        0.03       0.82 f
  core/U169/X (SAEDRVT14_NR2_MM_16)        0.02       0.83 r
  core/U171/X (SAEDRVT14_ND2_MM_16)        0.03       0.86 f
  core/U179/X (SAEDRVT14_NR2_MM_16)        0.02       0.87 r
  core/U180/X (SAEDRVT14_ND2_MM_16)        0.02       0.90 f
  core/U349/X (SAEDRVT14_NR2_MM_1)         0.04       0.93 r
  core/U350/X (SAEDRVT14_EN2_4)            0.03       0.97 f
  core/U351/X (SAEDRVT14_MUX2_MM_0P5)      0.03       1.00 f
  core/out_data[59] (fu_abs_dec)           0.00       1.00 f
  out_data[59] (out)                       0.00       1.00 f
  data arrival time                                   1.00

  max_delay                                1.00       1.00
  output external delay                    0.00       1.00
  data required time                                  1.00
  -----------------------------------------------------------
  data required time                                  1.00
  data arrival time                                  -1.00
  -----------------------------------------------------------
  slack (MET)                                         0.00


1
