 
****************************************
Report : timing
        -path full
        -delay max
        -max_paths 1
Design : fu_fp_minmax_revised_shared64_32_16
Version: Y-2026.03-SP1
Date   : Tue Sep 29 16:47:39 2026
****************************************

Operating Conditions: tt0p8v25c   Library: saed14rvt_base_tt0p8v25c
Wire Load Model Mode: top

  Startpoint: in_data_1[22]
              (input port)
  Endpoint: out_data[0]
            (output port)
  Path Group: default
  Path Type: max

  Des/Clust/Port     Wire Load Model       Library
  ------------------------------------------------
  fu_fp_minmax_revised_shared64_32_16
                     8000                  saed14rvt_base_tt0p8v25c

  Point                                                   Incr       Path
  --------------------------------------------------------------------------
  input external delay                                    0.00       0.00 f
  in_data_1[22] (in)                                      0.00       0.00 f
  core_inst/in_data_1[22] (fu_fp_min_max_dec_W64_MIN_LANE_W16)
                                                          0.00       0.00 f
  core_inst/U174/X (SAEDRVT14_INV_S_0P5)                  0.08       0.08 r
  core_inst/U34/X (SAEDRVT14_OAI22_0P5)                   0.13       0.21 f
  core_inst/U72/X (SAEDRVT14_OAI22_0P5)                   0.09       0.30 r
  core_inst/U35/X (SAEDRVT14_AOI21_1P5)                   0.04       0.35 f
  core_inst/U309/X (SAEDRVT14_OAI21_2)                    0.03       0.38 r
  core_inst/U14/X (SAEDRVT14_OAI21_V1_4)                  0.02       0.40 f
  core_inst/U92/X (SAEDRVT14_OAI22_0P5)                   0.05       0.45 r
  core_inst/U227/X (SAEDRVT14_OAI21_0P5)                  0.05       0.50 f
  core_inst/U310/X (SAEDRVT14_AOI21_0P5)                  0.06       0.56 r
  core_inst/U311/X (SAEDRVT14_OAI22_4)                    0.04       0.60 f
  core_inst/U11/X (SAEDRVT14_AOI21_V1_6)                  0.02       0.62 r
  core_inst/U230/X (SAEDRVT14_AO32_2)                     0.03       0.65 r
  core_inst/U330/X (SAEDRVT14_AN4_8)                      0.02       0.67 r
  core_inst/U343/X (SAEDRVT14_AOI21_V1_6)                 0.01       0.68 f
  core_inst/U345/X (SAEDRVT14_OA2BB2_V1_4)                0.03       0.71 f
  core_inst/U346/X (SAEDRVT14_MUXI2_4)                    0.05       0.76 r
  core_inst/U355/X (SAEDRVT14_INV_12)                     0.01       0.77 f
  core_inst/U357/X (SAEDRVT14_OAI22_4)                    0.02       0.79 r
  core_inst/U358/X (SAEDRVT14_AOI21_8)                    0.01       0.80 f
  core_inst/U359/X (SAEDRVT14_MUXI2_4)                    0.04       0.84 f
  core_inst/U165/X (SAEDRVT14_NR2_MM_4)                   0.03       0.88 r
  core_inst/U362/X (SAEDRVT14_INV_S_1)                    0.04       0.91 f
  core_inst/U363/X (SAEDRVT14_BUF_16)                     0.04       0.95 f
  core_inst/U458/X (SAEDRVT14_OAI22_0P5)                  0.05       1.00 r
  core_inst/out_data[0] (fu_fp_min_max_dec_W64_MIN_LANE_W16)
                                                          0.00       1.00 r
  out_data[0] (out)                                       0.00       1.00 r
  data arrival time                                                  1.00

  max_delay                                               1.00       1.00
  output external delay                                   0.00       1.00
  data required time                                                 1.00
  --------------------------------------------------------------------------
  data required time                                                 1.00
  data arrival time                                                 -1.00
  --------------------------------------------------------------------------
  slack (MET)                                                        0.00


1
