 
****************************************
Report : area
Design : fu_fp_minmax_revised_shared64_32_16
Version: Y-2026.03-SP1
Date   : Tue Sep 29 16:47:39 2026
****************************************

Library(s) Used:

    saed14rvt_base_tt0p8v25c (File: /mnt/nas0/eda.libs/saed14/EDK_03_2025/SAED14nm_EDK_STD_RVT/liberty/nldm/base/saed14rvt_base_tt0p8v25c.db)

Number of ports:                          412
Number of nets:                           811
Number of cells:                          471
Number of combinational cells:            470
Number of sequential cells:                 0
Number of macros/black boxes:               0
Number of buf/inv:                        137
Number of references:                       1

Combinational area:                161.038799
Buf/Inv area:                       32.767200
Noncombinational area:               0.000000
Macro/Black Box area:                0.000000
Net Interconnect area:             239.492886

Total cell area:                   161.038799
Total area:                        400.531685
1
