 
****************************************
Report : area
Design : fu_abs_a3
Version: Y-2026.03-SP1
Date   : Tue Sep  8 22:47:10 2026
****************************************

Library(s) Used:

    saed14rvt_base_tt0p8v25c (File: /mnt/nas0/eda.libs/saed14/EDK_03_2025/SAED14nm_EDK_STD_RVT/liberty/nldm/base/saed14rvt_base_tt0p8v25c.db)

Number of ports:                          274
Number of nets:                           806
Number of cells:                          603
Number of combinational cells:            602
Number of sequential cells:                 0
Number of macros/black boxes:               0
Number of buf/inv:                        173
Number of references:                       1

Combinational area:                441.868798
Buf/Inv area:                       77.433599
Noncombinational area:               0.000000
Macro/Black Box area:                0.000000
Net Interconnect area:             250.459312

Total cell area:                   441.868798
Total area:                        692.328110
1
