 
****************************************
Report : timing
        -path full
        -delay max
        -max_paths 1
Design : fu_abs_a3
Version: Y-2026.03-SP1
Date   : Tue Sep  8 22:47:10 2026
****************************************

Operating Conditions: tt0p8v25c   Library: saed14rvt_base_tt0p8v25c
Wire Load Model Mode: top

  Startpoint: mode[1] (input port)
  Endpoint: out_data[62]
            (output port)
  Path Group: default
  Path Type: max

  Des/Clust/Port     Wire Load Model       Library
  ------------------------------------------------
  fu_abs_a3          8000                  saed14rvt_base_tt0p8v25c

  Point                                    Incr       Path
  -----------------------------------------------------------
  input external delay                     0.00       0.00 f
  mode[1] (in)                             0.00       0.00 f
  core/mode[1] (fu_abs_dec)                0.00       0.00 f
  core/U241/X (SAEDRVT14_INV_S_20)         0.00       0.00 r
  core/U294/X (SAEDRVT14_ND2_16)           0.01       0.01 f
  core/U293/X (SAEDRVT14_ND2_16)           0.01       0.02 r
  core/U292/X (SAEDRVT14_NR2_MM_16)        0.01       0.03 f
  core/U339/X (SAEDRVT14_INV_S_20)         0.01       0.04 r
  core/U507/X (SAEDRVT14_ND2_16)           0.01       0.05 f
  core/U297/X (SAEDRVT14_INV_S_16)         0.01       0.06 r
  core/U198/X (SAEDRVT14_INV_S_20)         0.01       0.06 f
  core/U356/X (SAEDRVT14_BUF_20)           0.01       0.08 f
  core/U151/X (SAEDRVT14_ND2_5)            0.01       0.09 r
  core/U329/X (SAEDRVT14_ND2_8)            0.01       0.10 f
  core/U328/X (SAEDRVT14_NR2_MM_10)        0.01       0.11 r
  core/U363/X (SAEDRVT14_OR2_MM_12)        0.02       0.13 r
  core/U208/X (SAEDRVT14_ND2_8)            0.01       0.14 f
  core/U207/X (SAEDRVT14_NR2_MM_16)        0.01       0.15 r
  core/U197/X (SAEDRVT14_ND2_16)           0.01       0.15 f
  core/U213/X (SAEDRVT14_NR2_MM_16)        0.01       0.16 r
  core/U212/X (SAEDRVT14_INV_S_20)         0.01       0.17 f
  core/U318/X (SAEDRVT14_ND2_MM_16)        0.01       0.18 r
  core/U107/X (SAEDRVT14_ND2_MM_12)        0.01       0.19 f
  core/U392/X (SAEDRVT14_NR2_MM_16)        0.01       0.20 r
  core/U346/X (SAEDRVT14_NR2_MM_16)        0.01       0.21 f
  core/U464/X (SAEDRVT14_NR2_MM_16)        0.01       0.22 r
  core/U398/X (SAEDRVT14_INV_S_20)         0.01       0.23 f
  core/U266/X (SAEDRVT14_NR2_MM_8)         0.01       0.24 r
  core/U495/X (SAEDRVT14_EN2_4)            0.02       0.26 f
  core/U494/X (SAEDRVT14_OAI21_V1_8)       0.01       0.27 r
  core/out_data[62] (fu_abs_dec)           0.00       0.27 r
  out_data[62] (out)                       0.00       0.27 r
  data arrival time                                   0.27

  max_delay                                0.01       0.01
  output external delay                    0.00       0.01
  data required time                                  0.01
  -----------------------------------------------------------
  data required time                                  0.01
  data arrival time                                  -0.27
  -----------------------------------------------------------
  slack (VIOLATED)                                   -0.26


1
