 
****************************************
Report : area
Design : fu_mult_64
Version: Y-2026.03-SP1
Date   : Tue Sep  8 23:35:32 2026
****************************************

Library(s) Used:

    saed14rvt_base_tt0p8v25c (File: /mnt/nas0/eda.libs/saed14/EDK_03_2025/SAED14nm_EDK_STD_RVT/liberty/nldm/base/saed14rvt_base_tt0p8v25c.db)

Number of ports:                          200
Number of nets:                          6202
Number of cells:                         5235
Number of combinational cells:           5235
Number of sequential cells:                 0
Number of macros/black boxes:               0
Number of buf/inv:                        875
Number of references:                     139

Combinational area:               3932.152814
Buf/Inv area:                      516.061197
Noncombinational area:               0.000000
Macro/Black Box area:                0.000000
Net Interconnect area:            3131.008442

Total cell area:                  3932.152814
Total area:                       7063.161256
1
