 
****************************************
Report : area
Design : fu_rounding_g1
Version: Y-2026.03-SP1
Date   : Wed Sep 30 12:27:05 2026
****************************************

Library(s) Used:

    saed14rvt_base_tt0p8v25c (File: /mnt/nas0/eda.libs/saed14/EDK_03_2025/SAED14nm_EDK_STD_RVT/liberty/nldm/base/saed14rvt_base_tt0p8v25c.db)

Number of ports:                          276
Number of nets:                          1802
Number of cells:                         1591
Number of combinational cells:           1590
Number of sequential cells:                 0
Number of macros/black boxes:               0
Number of buf/inv:                        356
Number of references:                       1

Combinational area:                658.318799
Buf/Inv area:                       99.633598
Noncombinational area:               0.000000
Macro/Black Box area:                0.000000
Net Interconnect area:             601.793363

Total cell area:                   658.318799
Total area:                       1260.112162
1
