 
****************************************
Report : timing
        -path full
        -delay max
        -max_paths 1
Design : fu_rounding_g1
Version: Y-2026.03-SP1
Date   : Wed Sep 30 12:27:05 2026
****************************************

Operating Conditions: tt0p8v25c   Library: saed14rvt_base_tt0p8v25c
Wire Load Model Mode: top

  Startpoint: in_data_0[52]
              (input port)
  Endpoint: out_data[28]
            (output port)
  Path Group: default
  Path Type: max

  Des/Clust/Port     Wire Load Model       Library
  ------------------------------------------------
  fu_rounding_g1     8000                  saed14rvt_base_tt0p8v25c

  Point                                                   Incr       Path
  --------------------------------------------------------------------------
  input external delay                                    0.00       0.00 r
  in_data_0[52] (in)                                      0.00       0.00 r
  core/in_data_0[52] (fu_rounding_dec_EN320_EN160)        0.00       0.00 r
  core/U285/X (SAEDRVT14_ND2_MM_16)                       0.01       0.01 f
  core/U286/X (SAEDRVT14_NR2_MM_6)                        0.02       0.03 r
  core/U291/X (SAEDRVT14_NR2_MM_4)                        0.03       0.05 f
  core/U292/X (SAEDRVT14_INV_6)                           0.01       0.06 r
  core/U304/X (SAEDRVT14_EN2_4)                           0.07       0.13 f
  core/U225/X (SAEDRVT14_OR2_MM_20)                       0.04       0.17 f
  core/U306/X (SAEDRVT14_OR2_MM_12)                       0.02       0.19 f
  core/U308/X (SAEDRVT14_OR2_MM_8)                        0.01       0.21 f
  core/U230/X (SAEDRVT14_EN2_4)                           0.07       0.27 r
  core/U227/X (SAEDRVT14_AN2_8)                           0.03       0.31 r
  core/U329/X (SAEDRVT14_ND2_16)                          0.02       0.33 f
  core/U165/X (SAEDRVT14_NR2_MM_4)                        0.04       0.37 r
  core/U469/X (SAEDRVT14_NR2_MM_10)                       0.02       0.38 f
  core/U473/X (SAEDRVT14_ND2_4)                           0.02       0.40 r
  core/U142/X (SAEDRVT14_INV_6)                           0.01       0.41 f
  core/U258/X (SAEDRVT14_ND2_CDC_1)                       0.02       0.43 r
  core/U485/X (SAEDRVT14_NR2_1)                           0.03       0.47 f
  core/U236/X (SAEDRVT14_AN2_MM_0P5)                      0.04       0.50 f
  core/U486/X (SAEDRVT14_AOI22_0P5)                       0.05       0.55 r
  core/U491/X (SAEDRVT14_AN4_4)                           0.03       0.59 r
  core/U492/X (SAEDRVT14_AN4_8)                           0.03       0.61 r
  core/U706/X (SAEDRVT14_AOI21_V1_8)                      0.02       0.63 f
  core/U707/X (SAEDRVT14_ND2_16)                          0.02       0.65 r
  core/U724/X (SAEDRVT14_INV_S_16)                        0.02       0.66 f
  core/U772/X (SAEDRVT14_INV_S_16)                        0.01       0.67 r
  core/U863/X (SAEDRVT14_NR2_MM_4)                        0.02       0.69 f
  core/U899/X (SAEDRVT14_ND2_1)                           0.05       0.74 r
  core/U48/X (SAEDRVT14_OAI21_V1_4)                       0.03       0.77 f
  core/U903/X (SAEDRVT14_AOI21_1P5)                       0.03       0.80 r
  core/U904/X (SAEDRVT14_OAI21_V1_4)                      0.02       0.82 f
  core/U905/X (SAEDRVT14_BUF_16)                          0.02       0.84 f
  core/U1261/X (SAEDRVT14_AOI21_1P5)                      0.04       0.88 r
  core/U1262/X (SAEDRVT14_INV_S_1)                        0.03       0.91 f
  core/U1263/X (SAEDRVT14_AOI21_1P5)                      0.02       0.93 r
  core/U1264/X (SAEDRVT14_EO2_1)                          0.04       0.97 f
  core/U8/X (SAEDRVT14_AN2_1)                             0.03       1.00 f
  core/out_data[28] (fu_rounding_dec_EN320_EN160)         0.00       1.00 f
  out_data[28] (out)                                      0.00       1.00 f
  data arrival time                                                  1.00

  max_delay                                               1.00       1.00
  output external delay                                   0.00       1.00
  data required time                                                 1.00
  --------------------------------------------------------------------------
  data required time                                                 1.00
  data arrival time                                                 -1.00
  --------------------------------------------------------------------------
  slack (MET)                                                        0.00


1
