****************************************
Report : Averaged Power
Design : fu_barrel_shift_32x2
Version: Y-2026.03-SP1
Date   : Wed Sep 30 18:49:42 2026
****************************************



  Attributes
  ----------
      i  -  Including register clock pin internal power
      u  -  User defined power group

                        Internal  Switching  Leakage    Total
Power Group             Power     Power      Power      Power   (     %)  Attrs
--------------------------------------------------------------------------------
clock_network              0.0000    0.0000    0.0000    0.0000 ( 0.00%)  i
register                   0.0000    0.0000    0.0000    0.0000 ( 0.00%)  
combinational           1.381e-04 2.197e-03 9.226e-08 2.335e-03 (100.00%) 
sequential                 0.0000    0.0000    0.0000    0.0000 ( 0.00%)  
memory                     0.0000    0.0000    0.0000    0.0000 ( 0.00%)  
io_pad                     0.0000    0.0000    0.0000    0.0000 ( 0.00%)  
black_box                  0.0000    0.0000    0.0000    0.0000 ( 0.00%)  

  Net Switching Power  = 2.197e-03   (94.08%)
  Cell Internal Power  = 1.381e-04   ( 5.92%)
  Cell Leakage Power   = 9.226e-08   ( 0.00%)
                         ---------
Total Power            = 2.335e-03  (100.00%)

1
