 
****************************************
Report : timing
        -path full
        -delay max
        -max_paths 1
Design : fu_fp_min_max_m2
Version: Y-2026.03-SP1
Date   : Tue Sep 29 16:46:18 2026
****************************************

Operating Conditions: tt0p8v25c   Library: saed14rvt_base_tt0p8v25c
Wire Load Model Mode: top

  Startpoint: in_data_0[51]
              (input port)
  Endpoint: out_data[2]
            (output port)
  Path Group: default
  Path Type: max

  Des/Clust/Port     Wire Load Model       Library
  ------------------------------------------------
  fu_fp_min_max_m2   8000                  saed14rvt_base_tt0p8v25c

  Point                                                   Incr       Path
  --------------------------------------------------------------------------
  input external delay                                    0.00       0.00 f
  in_data_0[51] (in)                                      0.00       0.00 f
  core/in_data_0[51] (fu_fp_min_max_dec_W64_MIN_LANE_W32)
                                                          0.00       0.00 f
  core/U56/X (SAEDRVT14_INV_S_0P5)                        0.08       0.08 r
  core/U245/X (SAEDRVT14_ND2_CDC_1)                       0.09       0.17 f
  core/U261/X (SAEDRVT14_AOI21_4)                         0.02       0.19 r
  core/U262/X (SAEDRVT14_OAI22_1)                         0.04       0.23 f
  core/U6/X (SAEDRVT14_AOI21_3)                           0.03       0.26 r
  core/U263/X (SAEDRVT14_OAI22_1)                         0.03       0.29 f
  core/U264/X (SAEDRVT14_AOI21_0P5)                       0.05       0.34 r
  core/U265/X (SAEDRVT14_OAI22_1)                         0.04       0.38 f
  core/U266/X (SAEDRVT14_AOI21_0P5)                       0.05       0.43 r
  core/U267/X (SAEDRVT14_OA2BB2_V1_1)                     0.04       0.47 r
  core/U268/X (SAEDRVT14_OAI22_0P5)                       0.06       0.54 f
  core/U271/X (SAEDRVT14_AOI31_0P5)                       0.06       0.60 r
  core/U274/X (SAEDRVT14_AOI21_V1_4)                      0.02       0.62 f
  core/U275/X (SAEDRVT14_MUX2_MM_4)                       0.03       0.66 r
  core/U363/X (SAEDRVT14_MUX2_MM_4)                       0.02       0.68 r
  core/U364/X (SAEDRVT14_EO2_3)                           0.03       0.70 r
  core/U52/X (SAEDRVT14_NR2_4)                            0.03       0.73 f
  core/U15/CKOUTB (SAEDRVT14_CLKSPLT_1)                   0.17       0.90 r
  core/U380/X (SAEDRVT14_OAI22_0P5)                       0.10       1.00 f
  core/out_data[2] (fu_fp_min_max_dec_W64_MIN_LANE_W32)
                                                          0.00       1.00 f
  out_data[2] (out)                                       0.00       1.00 f
  data arrival time                                                  1.00

  max_delay                                               1.00       1.00
  output external delay                                   0.00       1.00
  data required time                                                 1.00
  --------------------------------------------------------------------------
  data required time                                                 1.00
  data arrival time                                                 -1.00
  --------------------------------------------------------------------------
  slack (MET)                                                        0.00


1
