 
****************************************
Report : timing
        -path full
        -delay max
        -max_paths 1
Design : fu_bshift_bs3
Version: Y-2026.03-SP1
Date   : Wed Sep 30 18:25:29 2026
****************************************

Operating Conditions: tt0p8v25c   Library: saed14rvt_base_tt0p8v25c
Wire Load Model Mode: top

  Startpoint: mode[0] (input port)
  Endpoint: out_data[2]
            (output port)
  Path Group: default
  Path Type: max

  Des/Clust/Port     Wire Load Model       Library
  ------------------------------------------------
  fu_bshift_bs3      8000                  saed14rvt_base_tt0p8v25c

  Point                                                   Incr       Path
  --------------------------------------------------------------------------
  input external delay                                    0.00       0.00 f
  mode[0] (in)                                            0.00       0.00 f
  core/mode[0] (fu_barrel_shift_dec)                      0.00       0.00 f
  core/U182/X (SAEDRVT14_INV_S_20)                        0.00       0.00 r
  core/U185/X (SAEDRVT14_ND2_MM_16)                       0.02       0.03 f
  core/U197/X (SAEDRVT14_ND2_MM_8)                        0.03       0.06 r
  core/U204/X (SAEDRVT14_OAI22_4)                         0.03       0.09 f
  core/U205/X (SAEDRVT14_AOI21_V1_4)                      0.02       0.11 r
  core/U206/X (SAEDRVT14_BUF_16)                          0.03       0.14 r
  core/U207/X (SAEDRVT14_NR2_MM_6)                        0.03       0.17 f
  core/U208/X (SAEDRVT14_INV_S_8)                         0.05       0.22 r
  core/U69/X (SAEDRVT14_OAI22_1)                          0.04       0.26 f
  core/U448/X (SAEDRVT14_AOI21_1)                         0.10       0.36 r
  core/U582/X (SAEDRVT14_OAI22_1P5)                       0.05       0.41 f
  core/U583/X (SAEDRVT14_AOI21_1)                         0.10       0.52 r
  core/U585/X (SAEDRVT14_OAI22_1)                         0.06       0.58 f
  core/U586/X (SAEDRVT14_AOI21_0P5)                       0.08       0.66 r
  core/U904/X (SAEDRVT14_OAI22_2)                         0.04       0.71 f
  core/U905/X (SAEDRVT14_AOI21_0P5)                       0.08       0.79 r
  core/U980/X (SAEDRVT14_OAI22_1)                         0.09       0.88 f
  core/U1079/X (SAEDRVT14_AOI21_0P5)                      0.06       0.95 r
  core/U1080/X (SAEDRVT14_OAI21_0P5)                      0.05       1.00 f
  core/out_data[2] (fu_barrel_shift_dec)                  0.00       1.00 f
  out_data[2] (out)                                       0.00       1.00 f
  data arrival time                                                  1.00

  max_delay                                               1.00       1.00
  output external delay                                   0.00       1.00
  data required time                                                 1.00
  --------------------------------------------------------------------------
  data required time                                                 1.00
  data arrival time                                                 -1.00
  --------------------------------------------------------------------------
  slack (MET)                                                        0.00


1
