 
****************************************
Report : area
Design : fu_bshift_bs3
Version: Y-2026.03-SP1
Date   : Wed Sep 30 18:25:29 2026
****************************************

Library(s) Used:

    saed14rvt_base_tt0p8v25c (File: /mnt/nas0/eda.libs/saed14/EDK_03_2025/SAED14nm_EDK_STD_RVT/liberty/nldm/base/saed14rvt_base_tt0p8v25c.db)

Number of ports:                          408
Number of nets:                          1351
Number of cells:                         1105
Number of combinational cells:           1104
Number of sequential cells:                 0
Number of macros/black boxes:               0
Number of buf/inv:                        191
Number of references:                       1

Combinational area:                390.897597
Buf/Inv area:                       54.700799
Noncombinational area:               0.000000
Macro/Black Box area:                0.000000
Net Interconnect area:             679.038101

Total cell area:                   390.897597
Total area:                       1069.935698
1
