 
****************************************
Report : timing
        -path full
        -delay max
        -max_paths 1
Design : fu_fp_min_max_32
Version: Y-2026.03-SP1
Date   : Tue Sep 29 17:01:39 2026
****************************************

Operating Conditions: tt0p8v25c   Library: saed14rvt_base_tt0p8v25c
Wire Load Model Mode: top

  Startpoint: in_data_0[3]
              (input port)
  Endpoint: out_data[22]
            (output port)
  Path Group: default
  Path Type: max

  Des/Clust/Port     Wire Load Model       Library
  ------------------------------------------------
  fu_fp_min_max_32   8000                  saed14rvt_base_tt0p8v25c

  Point                                    Incr       Path
  -----------------------------------------------------------
  input external delay                     0.00       0.00 r
  in_data_0[3] (in)                        0.00       0.00 r
  U281/X (SAEDRVT14_INV_S_1)               0.03       0.03 f
  U218/X (SAEDRVT14_ND2_5)                 0.02       0.05 r
  U356/X (SAEDRVT14_ND2_1)                 0.03       0.08 f
  U245/X (SAEDRVT14_NR2_MM_1)              0.03       0.11 r
  U358/X (SAEDRVT14_OAI21_0P5)             0.04       0.15 f
  U362/X (SAEDRVT14_AOI21_1P5)             0.03       0.19 r
  U374/X (SAEDRVT14_OAI21_V1_4)            0.02       0.21 f
  U377/X (SAEDRVT14_AOI21_V1_4)            0.02       0.22 r
  U387/X (SAEDRVT14_OAI21_V1_4)            0.02       0.24 f
  U393/X (SAEDRVT14_AOI21_V1_4)            0.02       0.26 r
  U394/X (SAEDRVT14_AOI21_V1_4)            0.02       0.28 f
  U395/X (SAEDRVT14_OAI21_V1_4)            0.02       0.30 r
  U396/X (SAEDRVT14_AOI21_8)               0.02       0.32 f
  U412/X (SAEDRVT14_ND2_CDC_2)             0.02       0.34 r
  U413/X (SAEDRVT14_ND2_CDC_4)             0.01       0.35 f
  U414/X (SAEDRVT14_EN2_4)                 0.04       0.39 r
  U415/X (SAEDRVT14_INV_12)                0.01       0.41 f
  U196/X (SAEDRVT14_BUF_10)                0.02       0.43 f
  U430/X (SAEDRVT14_AOI21_0P5)             0.03       0.46 r
  U191/X (SAEDRVT14_OAI21_1)               0.04       0.50 f
  out_data[22] (out)                       0.00       0.50 f
  data arrival time                                   0.50

  max_delay                                0.50       0.50
  output external delay                    0.00       0.50
  data required time                                  0.50
  -----------------------------------------------------------
  data required time                                  0.50
  data arrival time                                  -0.50
  -----------------------------------------------------------
  slack (MET)                                         0.00


1
