 
****************************************
Report : area
Design : fu_fp_min_max_32
Version: Y-2026.03-SP1
Date   : Tue Sep 29 17:01:39 2026
****************************************

Library(s) Used:

    saed14rvt_base_tt0p8v25c (File: /mnt/nas0/eda.libs/saed14/EDK_03_2025/SAED14nm_EDK_STD_RVT/liberty/nldm/base/saed14rvt_base_tt0p8v25c.db)

Number of ports:                          201
Number of nets:                           340
Number of cells:                          272
Number of combinational cells:            272
Number of sequential cells:                 0
Number of macros/black boxes:               0
Number of buf/inv:                         97
Number of references:                      52

Combinational area:                 87.645600
Buf/Inv area:                       22.777200
Noncombinational area:               0.000000
Macro/Black Box area:                0.000000
Net Interconnect area:             126.756317

Total cell area:                    87.645600
Total area:                        214.401916
1
