 
****************************************
Report : timing
        -path full
        -delay max
        -max_paths 1
Design : fu_fp_min_max_m2
Version: Y-2026.03-SP1
Date   : Wed Sep 30 18:30:32 2026
****************************************

Operating Conditions: tt0p8v25c   Library: saed14rvt_base_tt0p8v25c
Wire Load Model Mode: top

  Startpoint: in_data_0[45]
              (input port)
  Endpoint: out_data[0]
            (output port)
  Path Group: default
  Path Type: max

  Des/Clust/Port     Wire Load Model       Library
  ------------------------------------------------
  fu_fp_min_max_m2   8000                  saed14rvt_base_tt0p8v25c

  Point                                                   Incr       Path
  --------------------------------------------------------------------------
  input external delay                                    0.00       0.00 f
  in_data_0[45] (in)                                      0.00       0.00 f
  core/in_data_0[45] (fu_fp_min_max_dec_W64_MIN_LANE_W32)
                                                          0.00       0.00 f
  core/U33/X (SAEDRVT14_INV_3)                            0.02       0.02 r
  core/U48/X (SAEDRVT14_ND2_CDC_2)                        0.03       0.05 f
  core/U321/X (SAEDRVT14_INV_S_1)                         0.03       0.08 r
  core/U322/X (SAEDRVT14_ND2_CDC_1)                       0.05       0.13 f
  core/U323/X (SAEDRVT14_ND2_CDC_1)                       0.04       0.17 r
  core/U324/X (SAEDRVT14_OAI21_0P5)                       0.04       0.21 f
  core/U153/X (SAEDRVT14_AN4_4)                           0.04       0.25 f
  core/U329/X (SAEDRVT14_ND2_0P5)                         0.02       0.27 r
  core/U330/X (SAEDRVT14_AOI21_V1_6)                      0.02       0.29 f
  core/U356/X (SAEDRVT14_OAI21_V1_8)                      0.01       0.31 r
  core/U357/X (SAEDRVT14_MUX2_MM_4)                       0.03       0.34 f
  core/U19/X (SAEDRVT14_OAI21_V1_4)                       0.02       0.35 r
  core/U360/X (SAEDRVT14_EN2_4)                           0.03       0.38 f
  core/U391/X (SAEDRVT14_ND2_4)                           0.02       0.40 r
  core/U399/X (SAEDRVT14_INV_S_2)                         0.03       0.43 f
  core/U429/X (SAEDRVT14_INV_4)                           0.03       0.46 r
  core/U431/X (SAEDRVT14_OAI22_1)                         0.04       0.50 f
  core/out_data[0] (fu_fp_min_max_dec_W64_MIN_LANE_W32)
                                                          0.00       0.50 f
  out_data[0] (out)                                       0.00       0.50 f
  data arrival time                                                  0.50

  max_delay                                               0.50       0.50
  output external delay                                   0.00       0.50
  data required time                                                 0.50
  --------------------------------------------------------------------------
  data required time                                                 0.50
  data arrival time                                                 -0.50
  --------------------------------------------------------------------------
  slack (MET)                                                        0.00


1
