 
****************************************
Report : area
Design : fu_fp_min_max_m2
Version: Y-2026.03-SP1
Date   : Wed Sep 30 18:30:32 2026
****************************************

Library(s) Used:

    saed14rvt_base_tt0p8v25c (File: /mnt/nas0/eda.libs/saed14/EDK_03_2025/SAED14nm_EDK_STD_RVT/liberty/nldm/base/saed14rvt_base_tt0p8v25c.db)

Number of ports:                          411
Number of nets:                           820
Number of cells:                          483
Number of combinational cells:            482
Number of sequential cells:                 0
Number of macros/black boxes:               0
Number of buf/inv:                        161
Number of references:                       1

Combinational area:                168.719998
Buf/Inv area:                       39.649199
Noncombinational area:               0.000000
Macro/Black Box area:                0.000000
Net Interconnect area:             211.579371

Total cell area:                   168.719998
Total area:                        380.299369
1
