 
****************************************
Report : timing
        -path full
        -delay max
        -max_paths 1
Design : fu_add_sub_64
Version: Y-2026.03-SP1
Date   : Tue Sep  8 22:57:11 2026
****************************************

Operating Conditions: tt0p8v25c   Library: saed14rvt_base_tt0p8v25c
Wire Load Model Mode: top

  Startpoint: op_sel[0] (input port)
  Endpoint: out_data[46]
            (output port)
  Path Group: default
  Path Type: max

  Des/Clust/Port     Wire Load Model       Library
  ------------------------------------------------
  fu_add_sub_64      8000                  saed14rvt_base_tt0p8v25c

  Point                                    Incr       Path
  -----------------------------------------------------------
  input external delay                     0.00       0.00 f
  op_sel[0] (in)                           0.00       0.00 f
  U46/X (SAEDRVT14_EO2_2)                  0.04       0.04 r
  U30/X (SAEDRVT14_NR2_MM_3)               0.04       0.07 f
  U164/X (SAEDRVT14_NR2_MM_1)              0.06       0.14 r
  U469/X (SAEDRVT14_ND2_CDC_2)             0.05       0.19 f
  U470/X (SAEDRVT14_NR2_1P5)               0.05       0.24 r
  U477/X (SAEDRVT14_ND2_CDC_2)             0.03       0.27 f
  U484/X (SAEDRVT14_OAI21_V1_8)            0.04       0.31 r
  U18/X (SAEDRVT14_AOI21_V1_8)             0.02       0.33 f
  U127/X (SAEDRVT14_OAI21_2)               0.04       0.37 r
  U587/X (SAEDRVT14_AOI21_1P5)             0.04       0.42 f
  U12/X (SAEDRVT14_OAI21_1)                0.04       0.46 r
  U8/X (SAEDRVT14_EN2_1)                   0.04       0.50 f
  out_data[46] (out)                       0.00       0.50 f
  data arrival time                                   0.50

  max_delay                                0.50       0.50
  output external delay                    0.00       0.50
  data required time                                  0.50
  -----------------------------------------------------------
  data required time                                  0.50
  data arrival time                                  -0.50
  -----------------------------------------------------------
  slack (MET)                                         0.00


1
