 
****************************************
Report : area
Design : fu_add_sub_64
Version: Y-2026.03-SP1
Date   : Tue Sep  8 22:57:11 2026
****************************************

Library(s) Used:

    saed14rvt_base_tt0p8v25c (File: /mnt/nas0/eda.libs/saed14/EDK_03_2025/SAED14nm_EDK_STD_RVT/liberty/nldm/base/saed14rvt_base_tt0p8v25c.db)

Number of ports:                          208
Number of nets:                           725
Number of cells:                          593
Number of combinational cells:            593
Number of sequential cells:                 0
Number of macros/black boxes:               0
Number of buf/inv:                        100
Number of references:                      43

Combinational area:                207.214800
Buf/Inv area:                       19.225200
Noncombinational area:               0.000000
Macro/Black Box area:                0.000000
Net Interconnect area:             239.584331

Total cell area:                   207.214800
Total area:                        446.799132
1
