 
****************************************
Report : area
Design : fu_fp_min_max_m3
Version: Y-2026.03-SP1
Date   : Wed Sep 30 18:30:08 2026
****************************************

Library(s) Used:

    saed14rvt_base_tt0p8v25c (File: /mnt/nas0/eda.libs/saed14/EDK_03_2025/SAED14nm_EDK_STD_RVT/liberty/nldm/base/saed14rvt_base_tt0p8v25c.db)

Number of ports:                          412
Number of nets:                           835
Number of cells:                          495
Number of combinational cells:            494
Number of sequential cells:                 0
Number of macros/black boxes:               0
Number of buf/inv:                        142
Number of references:                       1

Combinational area:                165.523199
Buf/Inv area:                       31.568399
Noncombinational area:               0.000000
Macro/Black Box area:                0.000000
Net Interconnect area:             244.445690

Total cell area:                   165.523199
Total area:                        409.968889
1
