 
****************************************
Report : timing
        -path full
        -delay max
        -max_paths 1
Design : fu_fp_min_max_m3
Version: Y-2026.03-SP1
Date   : Wed Sep 30 18:30:08 2026
****************************************

Operating Conditions: tt0p8v25c   Library: saed14rvt_base_tt0p8v25c
Wire Load Model Mode: top

  Startpoint: in_data_1[33]
              (input port)
  Endpoint: out_data[41]
            (output port)
  Path Group: default
  Path Type: max

  Des/Clust/Port     Wire Load Model       Library
  ------------------------------------------------
  fu_fp_min_max_m3   8000                  saed14rvt_base_tt0p8v25c

  Point                                                   Incr       Path
  --------------------------------------------------------------------------
  input external delay                                    0.00       0.00 r
  in_data_1[33] (in)                                      0.00       0.00 r
  core/in_data_1[33] (fu_fp_min_max_dec_W64_MIN_LANE_W16)
                                                          0.00       0.00 r
  core/U154/X (SAEDRVT14_INV_0P75)                        0.05       0.05 f
  core/U155/X (SAEDRVT14_OAI21_0P5)                       0.04       0.09 r
  core/U156/X (SAEDRVT14_OAI22_0P5)                       0.06       0.15 f
  core/U159/X (SAEDRVT14_AOI21_0P5)                       0.05       0.20 r
  core/U162/X (SAEDRVT14_OAI22_0P75)                      0.05       0.24 f
  core/U34/X (SAEDRVT14_AOI21_1)                          0.05       0.30 r
  core/U164/X (SAEDRVT14_OAI22_3)                         0.03       0.32 f
  core/U172/X (SAEDRVT14_AOI21_0P5)                       0.04       0.37 r
  core/U174/X (SAEDRVT14_ND2_CDC_2)                       0.02       0.39 f
  core/U184/X (SAEDRVT14_AOI21_0P5)                       0.03       0.43 r
  core/U85/X (SAEDRVT14_OA22_0P75)                        0.05       0.48 r
  core/U189/X (SAEDRVT14_ND2B_4)                          0.04       0.52 r
  core/U190/X (SAEDRVT14_INV_S_1P5)                       0.03       0.55 f
  core/U191/X (SAEDRVT14_AOI21_0P5)                       0.05       0.59 r
  core/U56/X (SAEDRVT14_OAI22_4)                          0.03       0.62 f
  core/U302/X (SAEDRVT14_AN4_4)                           0.03       0.65 f
  core/U324/X (SAEDRVT14_AO32_2)                          0.03       0.68 f
  core/U50/X (SAEDRVT14_MUX2_MM_4)                        0.03       0.71 r
  core/U28/X (SAEDRVT14_INV_S_9)                          0.01       0.72 f
  core/U325/X (SAEDRVT14_INV_S_16)                        0.01       0.73 r
  core/U66/X (SAEDRVT14_OAI22_1)                          0.03       0.76 f
  core/U20/X (SAEDRVT14_EO2_1)                            0.07       0.82 r
  core/U49/X (SAEDRVT14_OR2_MM_8)                         0.05       0.88 r
  core/U11/X (SAEDRVT14_INV_S_9)                          0.03       0.91 f
  core/U495/X (SAEDRVT14_AOI21_0P5)                       0.04       0.95 r
  core/U62/X (SAEDRVT14_OAI21_1)                          0.05       1.00 f
  core/out_data[41] (fu_fp_min_max_dec_W64_MIN_LANE_W16)
                                                          0.00       1.00 f
  out_data[41] (out)                                      0.00       1.00 f
  data arrival time                                                  1.00

  max_delay                                               1.00       1.00
  output external delay                                   0.00       1.00
  data required time                                                 1.00
  --------------------------------------------------------------------------
  data required time                                                 1.00
  data arrival time                                                 -1.00
  --------------------------------------------------------------------------
  slack (MET)                                                        0.00


1
