 
****************************************
Report : timing
        -path full
        -delay max
        -max_paths 1
Design : fu_fp_cmp_g1
Version: Y-2026.03-SP1
Date   : Wed Sep 16 01:10:06 2026
****************************************

Operating Conditions: tt0p8v25c   Library: saed14rvt_base_tt0p8v25c
Wire Load Model Mode: top

  Startpoint: in_data_0[63]
              (input port)
  Endpoint: out_data[1]
            (output port)
  Path Group: default
  Path Type: max

  Des/Clust/Port     Wire Load Model       Library
  ------------------------------------------------
  fu_fp_cmp_g1       8000                  saed14rvt_base_tt0p8v25c

  Point                                    Incr       Path
  -----------------------------------------------------------
  input external delay                     0.00       0.00 f
  in_data_0[63] (in)                       0.00       0.00 f
  core/in_data_0[63] (fu_fp_cmp_dec)       0.00       0.00 f
  core/U372/X (SAEDRVT14_INV_4)            0.06       0.06 r
  core/U363/X (SAEDRVT14_INV_S_8)          0.08       0.14 f
  core/U384/X (SAEDRVT14_OA2BB2_V1_1)      0.08       0.22 r
  core/U173/X (SAEDRVT14_NR2_MM_1)         0.07       0.29 f
  core/U395/X (SAEDRVT14_AOI21_0P5)        0.05       0.34 r
  core/U396/X (SAEDRVT14_OAI21_0P5)        0.05       0.38 f
  core/U397/X (SAEDRVT14_OR4_1)            0.04       0.42 f
  core/U398/X (SAEDRVT14_OR4_1)            0.05       0.47 f
  core/U22/X (SAEDRVT14_OAI21_V1_4)        0.02       0.49 r
  core/U456/X (SAEDRVT14_AOI21_0P5)        0.04       0.53 f
  core/U20/X (SAEDRVT14_OAI22_3)           0.03       0.55 r
  core/U335/X (SAEDRVT14_NR2_MM_1)         0.03       0.58 f
  core/U457/X (SAEDRVT14_OAI22_4)          0.02       0.61 r
  core/U458/X (SAEDRVT14_NR2_MM_4)         0.01       0.62 f
  core/U459/X (SAEDRVT14_OAI22_4)          0.02       0.64 r
  core/U460/X (SAEDRVT14_OAI21_V1_4)       0.02       0.66 f
  core/U461/X (SAEDRVT14_AO32_2)           0.04       0.70 f
  core/U462/X (SAEDRVT14_OAI21_V1_8)       0.04       0.73 r
  core/U475/X (SAEDRVT14_ND2_CDC_1)        0.04       0.77 f
  core/U476/X (SAEDRVT14_OAI22_4)          0.02       0.80 r
  core/U477/X (SAEDRVT14_AOI21_3)          0.02       0.81 f
  core/U3/X (SAEDRVT14_OA21_MM_2)          0.03       0.84 f
  core/U360/X (SAEDRVT14_AO21_1)           0.03       0.87 f
  core/U478/X (SAEDRVT14_OAI31_4)          0.05       0.92 r
  core/U332/X (SAEDRVT14_BUF_4)            0.08       1.00 r
  core/out_data[1] (fu_fp_cmp_dec)         0.00       1.00 r
  out_data[1] (out)                        0.00       1.00 r
  data arrival time                                   1.00

  max_delay                                1.00       1.00
  output external delay                    0.00       1.00
  data required time                                  1.00
  -----------------------------------------------------------
  data required time                                  1.00
  data arrival time                                  -1.00
  -----------------------------------------------------------
  slack (MET)                                         0.00


1
