 
****************************************
Report : timing
        -path full
        -delay max
        -max_paths 1
Design : fu_fp_cmp_g3
Version: Y-2026.03-SP1
Date   : Wed Sep 30 18:27:50 2026
****************************************

Operating Conditions: tt0p8v25c   Library: saed14rvt_base_tt0p8v25c
Wire Load Model Mode: top

  Startpoint: in_data_1[43]
              (input port)
  Endpoint: out_data[0]
            (output port)
  Path Group: default
  Path Type: max

  Des/Clust/Port     Wire Load Model       Library
  ------------------------------------------------
  fu_fp_cmp_g3       8000                  saed14rvt_base_tt0p8v25c

  Point                                                   Incr       Path
  --------------------------------------------------------------------------
  input external delay                                    0.00       0.00 f
  in_data_1[43] (in)                                      0.00       0.00 f
  core/in_data_1[43] (fu_fp_cmp_dec_W64_MIN_LANE_W16)     0.00       0.00 f
  core/U301/X (SAEDRVT14_INV_S_1)                         0.04       0.04 r
  core/U16/X (SAEDRVT14_AN2_MM_1)                         0.05       0.09 r
  core/U67/X (SAEDRVT14_AO21_1)                           0.04       0.13 r
  core/U34/X (SAEDRVT14_OAI22_1)                          0.04       0.17 f
  core/U14/X (SAEDRVT14_OAI22_1)                          0.04       0.21 r
  core/U53/X (SAEDRVT14_OAI21_0P5)                        0.04       0.25 f
  core/U328/X (SAEDRVT14_AOI21_1)                         0.04       0.29 r
  core/U332/X (SAEDRVT14_OAI22_2)                         0.04       0.33 f
  core/U333/X (SAEDRVT14_AOI21_1)                         0.10       0.42 r
  core/U334/X (SAEDRVT14_AOI21_0P5)                       0.08       0.50 f
  core/U355/X (SAEDRVT14_OAI22_4)                         0.04       0.54 r
  core/U356/X (SAEDRVT14_ND2_CDC_2)                       0.02       0.56 f
  core/U357/X (SAEDRVT14_OAI21_3)                         0.02       0.58 r
  core/U358/X (SAEDRVT14_MUXI2_1)                         0.03       0.61 f
  core/U383/X (SAEDRVT14_MUXI2_1)                         0.03       0.65 r
  core/U400/X (SAEDRVT14_MUXI2_1)                         0.05       0.69 f
  core/U80/X (SAEDRVT14_NR2_1)                            0.04       0.74 r
  core/U402/X (SAEDRVT14_AOI21_0P5)                       0.05       0.78 f
  core/U83/X (SAEDRVT14_OAI21_0P5)                        0.05       0.83 r
  core/U40/X (SAEDRVT14_BUF_3)                            0.17       1.00 r
  core/out_data[0] (fu_fp_cmp_dec_W64_MIN_LANE_W16)       0.00       1.00 r
  out_data[0] (out)                                       0.00       1.00 r
  data arrival time                                                  1.00

  max_delay                                               1.00       1.00
  output external delay                                   0.00       1.00
  data required time                                                 1.00
  --------------------------------------------------------------------------
  data required time                                                 1.00
  data arrival time                                                 -1.00
  --------------------------------------------------------------------------
  slack (MET)                                                        0.00


1
