 
****************************************
Report : area
Design : fu_fp_cmp_g3
Version: Y-2026.03-SP1
Date   : Wed Sep 30 18:27:50 2026
****************************************

Library(s) Used:

    saed14rvt_base_tt0p8v25c (File: /mnt/nas0/eda.libs/saed14/EDK_03_2025/SAED14nm_EDK_STD_RVT/liberty/nldm/base/saed14rvt_base_tt0p8v25c.db)

Number of ports:                          412
Number of nets:                           744
Number of cells:                          418
Number of combinational cells:            417
Number of sequential cells:                 0
Number of macros/black boxes:               0
Number of buf/inv:                        112
Number of references:                       3

Combinational area:                126.539999
Buf/Inv area:                       20.646000
Noncombinational area:               0.000000
Macro/Black Box area:                0.000000
Net Interconnect area:             204.975670

Total cell area:                   126.539999
Total area:                        331.515669
1
