 
****************************************
Report : timing
        -path full
        -delay max
        -max_paths 1
Design : fu_fp_min_max_m3
Version: Y-2026.03-SP1
Date   : Tue Sep 29 16:51:21 2026
****************************************

Operating Conditions: tt0p8v25c   Library: saed14rvt_base_tt0p8v25c
Wire Load Model Mode: top

  Startpoint: in_data_0[23]
              (input port)
  Endpoint: out_data[23]
            (output port)
  Path Group: default
  Path Type: max

  Des/Clust/Port     Wire Load Model       Library
  ------------------------------------------------
  fu_fp_min_max_m3   8000                  saed14rvt_base_tt0p8v25c

  Point                                                   Incr       Path
  --------------------------------------------------------------------------
  input external delay                                    0.00       0.00 f
  in_data_0[23] (in)                                      0.00       0.00 f
  core/in_data_0[23] (fu_fp_min_max_dec_W64_MIN_LANE_W16)
                                                          0.00       0.00 f
  core/U765/X (SAEDRVT14_INV_S_20)                        0.00       0.00 r
  core/U280/X (SAEDRVT14_NR2_MM_16)                       0.00       0.01 f
  core/U559/X (SAEDRVT14_NR2_MM_16)                       0.01       0.02 r
  core/U495/X (SAEDRVT14_AN2_8)                           0.01       0.03 r
  core/U494/X (SAEDRVT14_AOI21_8)                         0.01       0.04 f
  core/U492/X (SAEDRVT14_ND2_MM_10)                       0.01       0.05 r
  core/U497/X (SAEDRVT14_OAI21_V1_8)                      0.01       0.06 f
  core/U773/X (SAEDRVT14_ND2_16)                          0.01       0.08 r
  core/U542/X (SAEDRVT14_INV_S_16)                        0.01       0.09 f
  core/U809/X (SAEDRVT14_AOI21_8)                         0.01       0.10 r
  core/U578/X (SAEDRVT14_ND2_16)                          0.01       0.11 f
  core/U593/X (SAEDRVT14_OR3_4)                           0.02       0.13 f
  core/U281/X (SAEDRVT14_ND2_MM_12)                       0.01       0.14 r
  core/U369/X (SAEDRVT14_EN2_4)                           0.02       0.16 f
  core/U657/X (SAEDRVT14_OR2_MM_20)                       0.02       0.19 f
  core/U46/X (SAEDRVT14_INV_S_16)                         0.01       0.20 r
  core/U904/X (SAEDRVT14_AOI21_V1_6)                      0.01       0.21 f
  core/U905/X (SAEDRVT14_OAI21_V1_4)                      0.01       0.22 r
  core/out_data[23] (fu_fp_min_max_dec_W64_MIN_LANE_W16)
                                                          0.00       0.22 r
  out_data[23] (out)                                      0.00       0.22 r
  data arrival time                                                  0.22

  max_delay                                               0.01       0.01
  output external delay                                   0.00       0.01
  data required time                                                 0.01
  --------------------------------------------------------------------------
  data required time                                                 0.01
  data arrival time                                                 -0.22
  --------------------------------------------------------------------------
  slack (VIOLATED)                                                  -0.21


1
