****************************************
Report : Averaged Power
Design : fu_add_sub_d4
Version: Y-2026.03-SP1
Date   : Wed Sep 30 18:45:34 2026
****************************************



  Attributes
  ----------
      i  -  Including register clock pin internal power
      u  -  User defined power group

                        Internal  Switching  Leakage    Total
Power Group             Power     Power      Power      Power   (     %)  Attrs
--------------------------------------------------------------------------------
clock_network              0.0000    0.0000    0.0000    0.0000 ( 0.00%)  i
register                   0.0000    0.0000    0.0000    0.0000 ( 0.00%)  
combinational           5.334e-04 3.059e-03 1.433e-07 3.592e-03 (100.00%) 
sequential                 0.0000    0.0000    0.0000    0.0000 ( 0.00%)  
memory                     0.0000    0.0000    0.0000    0.0000 ( 0.00%)  
io_pad                     0.0000    0.0000    0.0000    0.0000 ( 0.00%)  
black_box                  0.0000    0.0000    0.0000    0.0000 ( 0.00%)  

  Net Switching Power  = 3.059e-03   (85.15%)
  Cell Internal Power  = 5.334e-04   (14.85%)
  Cell Leakage Power   = 1.433e-07   ( 0.00%)
                         ---------
Total Power            = 3.592e-03  (100.00%)

1
