 
****************************************
Report : area
Design : fu_fp_cmp_g2
Version: Y-2026.03-SP1
Date   : Wed Sep 16 01:13:04 2026
****************************************

Library(s) Used:

    saed14rvt_base_tt0p8v25c (File: /mnt/nas0/eda.libs/saed14/EDK_03_2025/SAED14nm_EDK_STD_RVT/liberty/nldm/base/saed14rvt_base_tt0p8v25c.db)

Number of ports:                          411
Number of nets:                          1153
Number of cells:                          815
Number of combinational cells:            814
Number of sequential cells:                 0
Number of macros/black boxes:               0
Number of buf/inv:                        210
Number of references:                       1

Combinational area:                350.093999
Buf/Inv area:                       57.142799
Noncombinational area:               0.000000
Macro/Black Box area:                0.000000
Net Interconnect area:             333.627220

Total cell area:                   350.093999
Total area:                        683.721219
1
