 
****************************************
Report : timing
        -path full
        -delay max
        -max_paths 1
Design : fu_fp_cmp_g2
Version: Y-2026.03-SP1
Date   : Wed Sep 16 01:13:04 2026
****************************************

Operating Conditions: tt0p8v25c   Library: saed14rvt_base_tt0p8v25c
Wire Load Model Mode: top

  Startpoint: in_data_1[63]
              (input port)
  Endpoint: out_data[2]
            (output port)
  Path Group: default
  Path Type: max

  Des/Clust/Port     Wire Load Model       Library
  ------------------------------------------------
  fu_fp_cmp_g2       8000                  saed14rvt_base_tt0p8v25c

  Point                                    Incr       Path
  -----------------------------------------------------------
  input external delay                     0.00       0.00 f
  in_data_1[63] (in)                       0.00       0.00 f
  core/in_data_1[63] (fu_fp_cmp_dec)       0.00       0.00 f
  core/U464/X (SAEDRVT14_INV_S_8)          0.01       0.01 r
  core/U465/X (SAEDRVT14_NR2_MM_6)         0.01       0.02 f
  core/U466/X (SAEDRVT14_OR2_MM_20)        0.02       0.04 f
  core/U111/X (SAEDRVT14_INV_12)           0.02       0.06 r
  core/U225/X (SAEDRVT14_EN2_1)            0.06       0.12 f
  core/U78/X (SAEDRVT14_NR2_MM_4)          0.04       0.16 r
  core/U692/X (SAEDRVT14_ND2_0P5)          0.03       0.19 f
  core/U693/X (SAEDRVT14_OAI21_2)          0.03       0.22 r
  core/U694/X (SAEDRVT14_OAI21_V1_8)       0.02       0.24 f
  core/U14/X (SAEDRVT14_AOI21_V1_8)        0.02       0.26 r
  core/U114/X (SAEDRVT14_ND2B_1P5)         0.04       0.30 r
  core/U113/X (SAEDRVT14_OAI21_2)          0.03       0.33 f
  core/U772/X (SAEDRVT14_ND2_CDC_4)        0.03       0.35 r
  core/U7/X (SAEDRVT14_NR2_MM_8)           0.01       0.36 f
  core/U777/X (SAEDRVT14_AOI21_V1_4)       0.01       0.38 r
  core/U778/X (SAEDRVT14_OAI21_0P5)        0.04       0.42 f
  core/U779/X (SAEDRVT14_OAI21_4)          0.03       0.45 r
  core/U780/X (SAEDRVT14_OAI21_V1_8)       0.02       0.47 f
  core/U781/X (SAEDRVT14_INV_S_20)         0.02       0.49 r
  core/U786/X (SAEDRVT14_INV_12)           0.01       0.50 f
  core/out_data[2] (fu_fp_cmp_dec)         0.00       0.50 f
  out_data[2] (out)                        0.00       0.50 f
  data arrival time                                   0.50

  max_delay                                0.50       0.50
  output external delay                    0.00       0.50
  data required time                                  0.50
  -----------------------------------------------------------
  data required time                                  0.50
  data arrival time                                  -0.50
  -----------------------------------------------------------
  slack (MET)                                         0.00


1
