 
****************************************
Report : timing
        -path full
        -delay max
        -max_paths 1
Design : fu_fp_cmp_g3
Version: Y-2026.03-SP1
Date   : Tue Sep 29 15:22:11 2026
****************************************

Operating Conditions: tt0p8v25c   Library: saed14rvt_base_tt0p8v25c
Wire Load Model Mode: top

  Startpoint: in_data_1[33]
              (input port)
  Endpoint: out_data[0]
            (output port)
  Path Group: default
  Path Type: max

  Des/Clust/Port     Wire Load Model       Library
  ------------------------------------------------
  fu_fp_cmp_g3       8000                  saed14rvt_base_tt0p8v25c

  Point                                                   Incr       Path
  --------------------------------------------------------------------------
  input external delay                                    0.00       0.00 f
  in_data_1[33] (in)                                      0.00       0.00 f
  core/in_data_1[33] (fu_fp_cmp_dec_W64_MIN_LANE_W16)     0.00       0.00 f
  core/U79/X (SAEDRVT14_INV_S_0P5)                        0.05       0.05 r
  core/U94/X (SAEDRVT14_NR2_MM_1)                         0.06       0.11 f
  core/U247/X (SAEDRVT14_INV_S_0P5)                       0.05       0.16 r
  core/U248/X (SAEDRVT14_AN3_0P75)                        0.03       0.19 r
  core/U249/X (SAEDRVT14_OAI22_1)                         0.03       0.22 f
  core/U250/X (SAEDRVT14_AOI21_0P5)                       0.05       0.27 r
  core/U251/X (SAEDRVT14_OAI22_1)                         0.04       0.31 f
  core/U252/X (SAEDRVT14_AOI21_0P5)                       0.05       0.36 r
  core/U253/X (SAEDRVT14_OR4_1)                           0.04       0.40 r
  core/U254/X (SAEDRVT14_OAI21_0P5)                       0.04       0.43 f
  core/U255/X (SAEDRVT14_AOI21_0P5)                       0.12       0.55 r
  core/U4/X (SAEDRVT14_AOI21_3)                           0.05       0.59 f
  core/U274/X (SAEDRVT14_OAI22_0P5)                       0.06       0.66 r
  core/U275/X (SAEDRVT14_MUXI2_2)                         0.05       0.70 r
  core/U276/X (SAEDRVT14_MUXI2_ECO_2)                     0.03       0.73 r
  core/U350/X (SAEDRVT14_MUXI2_4)                         0.03       0.76 f
  core/U370/X (SAEDRVT14_MUXI2_4)                         0.07       0.83 r
  core/U402/X (SAEDRVT14_INV_S_20)                        0.01       0.85 f
  core/U404/X (SAEDRVT14_OAI22_1)                         0.03       0.87 r
  core/U405/X (SAEDRVT14_AO21_1)                          0.05       0.93 r
  core/U406/X (SAEDRVT14_BUF_3)                           0.07       1.00 r
  core/out_data[0] (fu_fp_cmp_dec_W64_MIN_LANE_W16)       0.00       1.00 r
  out_data[0] (out)                                       0.00       1.00 r
  data arrival time                                                  1.00

  max_delay                                               1.00       1.00
  output external delay                                   0.00       1.00
  data required time                                                 1.00
  --------------------------------------------------------------------------
  data required time                                                 1.00
  data arrival time                                                 -1.00
  --------------------------------------------------------------------------
  slack (MET)                                                        0.00


1
