 
****************************************
Report : timing
        -path full
        -delay max
        -max_paths 1
Design : fu_abs_16x4
Version: Y-2026.03-SP1
Date   : Tue Sep  8 23:56:16 2026
****************************************

Operating Conditions: tt0p8v25c   Library: saed14rvt_base_tt0p8v25c
Wire Load Model Mode: top

  Startpoint: in_data_0[52]
              (input port)
  Endpoint: out_data[61]
            (output port)
  Path Group: default
  Path Type: max

  Des/Clust/Port     Wire Load Model       Library
  ------------------------------------------------
  fu_abs_16x4        8000                  saed14rvt_base_tt0p8v25c

  Point                                    Incr       Path
  -----------------------------------------------------------
  input external delay                     0.00       0.00 f
  in_data_0[52] (in)                       0.00       0.00 f
  U618/X (SAEDRVT14_NR2_MM_16)             0.01       0.01 r
  U523/X (SAEDRVT14_ND3_8)                 0.02       0.03 f
  U560/X (SAEDRVT14_NR2_MM_16)             0.01       0.03 r
  U529/X (SAEDRVT14_AOI21_V1_8)            0.01       0.05 f
  U725/X (SAEDRVT14_EN2_4)                 0.02       0.07 r
  out_data[61] (out)                       0.00       0.07 r
  data arrival time                                   0.07

  max_delay                                0.01       0.01
  output external delay                    0.00       0.01
  data required time                                  0.01
  -----------------------------------------------------------
  data required time                                  0.01
  data arrival time                                  -0.07
  -----------------------------------------------------------
  slack (VIOLATED)                                   -0.06


1
