 
****************************************
Report : area
Design : fu_mult_karatsuba_32x2
Version: Y-2026.03-SP1
Date   : Fri Sep 11 12:37:28 2026
****************************************

Library(s) Used:

    saed14rvt_base_tt0p8v25c (File: /mnt/nas0/eda.libs/saed14/EDK_03_2025/SAED14nm_EDK_STD_RVT/liberty/nldm/base/saed14rvt_base_tt0p8v25c.db)

Number of ports:                          456
Number of nets:                          4123
Number of cells:                         3252
Number of combinational cells:           3250
Number of sequential cells:                 0
Number of macros/black boxes:               0
Number of buf/inv:                        595
Number of references:                       3

Combinational area:               1704.160784
Buf/Inv area:                      174.403198
Noncombinational area:               0.000000
Macro/Black Box area:                0.000000
Net Interconnect area:            1687.350357

Total cell area:                  1704.160784
Total area:                       3391.511141
1
