****************************************
Report : Averaged Power
Design : fu_abs_a2
Version: Y-2026.03-SP1
Date   : Wed Sep 30 18:48:41 2026
****************************************



  Attributes
  ----------
      i  -  Including register clock pin internal power
      u  -  User defined power group

                        Internal  Switching  Leakage    Total
Power Group             Power     Power      Power      Power   (     %)  Attrs
--------------------------------------------------------------------------------
clock_network              0.0000    0.0000    0.0000    0.0000 ( 0.00%)  i
register                   0.0000    0.0000    0.0000    0.0000 ( 0.00%)  
combinational           2.264e-04 9.796e-04 8.617e-08 1.206e-03 (100.00%) 
sequential                 0.0000    0.0000    0.0000    0.0000 ( 0.00%)  
memory                     0.0000    0.0000    0.0000    0.0000 ( 0.00%)  
io_pad                     0.0000    0.0000    0.0000    0.0000 ( 0.00%)  
black_box                  0.0000    0.0000    0.0000    0.0000 ( 0.00%)  

  Net Switching Power  = 9.796e-04   (81.22%)
  Cell Internal Power  = 2.264e-04   (18.77%)
  Cell Leakage Power   = 8.617e-08   ( 0.01%)
                         ---------
Total Power            = 1.206e-03  (100.00%)

1
