 
****************************************
Report : timing
        -path full
        -delay max
        -max_paths 1
Design : fu_add_sub_d1
Version: Y-2026.03-SP1
Date   : Wed Sep 30 12:08:05 2026
****************************************

Operating Conditions: tt0p8v25c   Library: saed14rvt_base_tt0p8v25c
Wire Load Model Mode: top

  Startpoint: op_sel[0] (input port)
  Endpoint: out_data[58]
            (output port)
  Path Group: default
  Path Type: max

  Des/Clust/Port     Wire Load Model       Library
  ------------------------------------------------
  fu_add_sub_d1      8000                  saed14rvt_base_tt0p8v25c

  Point                                                   Incr       Path
  --------------------------------------------------------------------------
  input external delay                                    0.00       0.00 r
  op_sel[0] (in)                                          0.00       0.00 r
  core/op_sel[0] (fu_add_sub_dec_EN320_EN160_EN80)        0.00       0.00 r
  core/segmented/op_sel[0] (fu_add_sub_segmented_0_0_0)
                                                          0.00       0.00 r
  core/segmented/U47/X (SAEDRVT14_BUF_1)                  0.09       0.09 r
  core/segmented/U95/X (SAEDRVT14_EO2_1)                  0.07       0.15 f
  core/segmented/U189/X (SAEDRVT14_ND2_CDC_1)             0.08       0.23 r
  core/segmented/U191/X (SAEDRVT14_OAI21_0P5)             0.11       0.34 f
  core/segmented/U195/X (SAEDRVT14_AOI21_0P5)             0.11       0.45 r
  core/segmented/U197/X (SAEDRVT14_OAI21_0P5)             0.09       0.54 f
  core/segmented/U200/X (SAEDRVT14_AOI21_0P5)             0.09       0.63 r
  core/segmented/U202/X (SAEDRVT14_OAI21_0P5)             0.09       0.72 f
  core/segmented/U205/X (SAEDRVT14_AO21_1)                0.04       0.76 f
  core/segmented/U20/X (SAEDRVT14_AO21_4)                 0.06       0.82 f
  core/segmented/U222/X (SAEDRVT14_AOI21_8)               0.02       0.84 r
  core/segmented/U223/X (SAEDRVT14_INV_S_8)               0.01       0.86 f
  core/segmented/U247/X (SAEDRVT14_AN2_8)                 0.01       0.87 f
  core/segmented/U265/X (SAEDRVT14_OR2_MM_8)              0.03       0.90 f
  core/segmented/U283/X (SAEDRVT14_AOI21_8)               0.02       0.92 r
  core/segmented/U284/X (SAEDRVT14_INV_S_8)               0.03       0.95 f
  core/segmented/U314/X (SAEDRVT14_AOI21_6)               0.02       0.97 r
  core/segmented/U315/X (SAEDRVT14_EO2_V1_1P5)            0.03       1.00 f
  core/segmented/sum_out[58] (fu_add_sub_segmented_0_0_0)
                                                          0.00       1.00 f
  core/out_data[58] (fu_add_sub_dec_EN320_EN160_EN80)     0.00       1.00 f
  out_data[58] (out)                                      0.00       1.00 f
  data arrival time                                                  1.00

  max_delay                                               1.00       1.00
  output external delay                                   0.00       1.00
  data required time                                                 1.00
  --------------------------------------------------------------------------
  data required time                                                 1.00
  data arrival time                                                 -1.00
  --------------------------------------------------------------------------
  slack (MET)                                                        0.00


1
