 
****************************************
Report : timing
        -path full
        -delay max
        -max_paths 1
Design : fu_cmp_32x2
Version: Y-2026.03-SP1
Date   : Tue Sep  8 23:15:34 2026
****************************************

Operating Conditions: tt0p8v25c   Library: saed14rvt_base_tt0p8v25c
Wire Load Model Mode: top

  Startpoint: in_data_0[14]
              (input port)
  Endpoint: out_data[0]
            (output port)
  Path Group: default
  Path Type: max

  Des/Clust/Port     Wire Load Model       Library
  ------------------------------------------------
  fu_cmp_32x2        8000                  saed14rvt_base_tt0p8v25c

  Point                                    Incr       Path
  -----------------------------------------------------------
  input external delay                     0.00       0.00 f
  in_data_0[14] (in)                       0.00       0.00 f
  U307/X (SAEDRVT14_INV_S_0P5)             0.05       0.05 r
  U308/X (SAEDRVT14_NR2_1)                 0.05       0.10 f
  U311/X (SAEDRVT14_NR2_1P5)               0.05       0.15 r
  U312/X (SAEDRVT14_ND2_1)                 0.04       0.19 f
  U313/X (SAEDRVT14_NR2_1P5)               0.04       0.23 r
  U265/X (SAEDRVT14_ND2_CDC_1)             0.04       0.27 f
  U267/X (SAEDRVT14_NR2_MM_1)              0.07       0.34 r
  U351/X (SAEDRVT14_INV_S_1)               0.04       0.37 f
  U352/X (SAEDRVT14_NR2_5)                 0.04       0.41 r
  U353/X (SAEDRVT14_ND2_CDC_2)             0.02       0.43 f
  U231/X (SAEDRVT14_AN2_MM_1)              0.04       0.47 f
  U238/X (SAEDRVT14_INV_S_0P5)             0.04       0.51 r
  U354/X (SAEDRVT14_ND2_CDC_2)             0.02       0.53 f
  U357/X (SAEDRVT14_AOI31_2)               0.04       0.57 r
  U359/X (SAEDRVT14_OAI21_V1_8)            0.02       0.59 f
  U57/X (SAEDRVT14_INV_S_20)               0.01       0.60 r
  U61/X (SAEDRVT14_INV_6)                  0.02       0.62 f
  out_data[0] (out)                        0.00       0.62 f
  data arrival time                                   0.62

  max_delay                                0.62       0.62
  output external delay                    0.00       0.62
  data required time                                  0.62
  -----------------------------------------------------------
  data required time                                  0.62
  data arrival time                                  -0.62
  -----------------------------------------------------------
  slack (MET)                                         0.00


1
