 
****************************************
Report : timing
        -path full
        -delay max
        -max_paths 1
Design : fu_abs_a1
Version: Y-2026.03-SP1
Date   : Tue Sep  8 23:23:06 2026
****************************************

Operating Conditions: tt0p8v25c   Library: saed14rvt_base_tt0p8v25c
Wire Load Model Mode: top

  Startpoint: in_data_0[63]
              (input port)
  Endpoint: out_data[50]
            (output port)
  Path Group: default
  Path Type: max

  Des/Clust/Port     Wire Load Model       Library
  ------------------------------------------------
  fu_abs_a1          8000                  saed14rvt_base_tt0p8v25c

  Point                                    Incr       Path
  -----------------------------------------------------------
  input external delay                     0.00       0.00 f
  in_data_0[63] (in)                       0.00       0.00 f
  core/in_data_0[63] (fu_abs_dec)          0.00       0.00 f
  core/U17/X (SAEDRVT14_EO2_3)             0.04       0.04 r
  core/U216/X (SAEDRVT14_ND2_8)            0.01       0.05 f
  core/U14/X (SAEDRVT14_INV_S_1P5)         0.01       0.06 r
  core/U261/CO (SAEDRVT14_ADDH_1)          0.03       0.09 r
  core/U255/CO (SAEDRVT14_ADDH_1)          0.03       0.12 r
  core/U257/CO (SAEDRVT14_ADDH_1)          0.03       0.15 r
  core/U259/CO (SAEDRVT14_ADDH_1)          0.03       0.18 r
  core/U268/CO (SAEDRVT14_ADDH_1)          0.03       0.21 r
  core/U204/CO (SAEDRVT14_ADDH_0P5)        0.04       0.25 r
  core/U264/CO (SAEDRVT14_ADDH_2)          0.04       0.29 r
  core/U11/X (SAEDRVT14_ND2_8)             0.03       0.32 f
  core/U219/X (SAEDRVT14_NR2_MM_8)         0.02       0.34 r
  core/U220/X (SAEDRVT14_AN2_8)            0.02       0.36 r
  core/U7/X (SAEDRVT14_ND2_MM_12)          0.01       0.37 f
  core/U226/X (SAEDRVT14_NR2_MM_10)        0.02       0.38 r
  core/U227/X (SAEDRVT14_ND2_16)           0.01       0.39 f
  core/U235/X (SAEDRVT14_NR2_MM_10)        0.02       0.41 r
  core/U236/X (SAEDRVT14_ND2_16)           0.01       0.42 f
  core/U243/X (SAEDRVT14_NR2_MM_8)         0.02       0.43 r
  core/U244/X (SAEDRVT14_ND2_8)            0.01       0.45 f
  core/U246/X (SAEDRVT14_NR2_MM_6)         0.02       0.47 r
  core/U247/X (SAEDRVT14_ND2_6)            0.02       0.48 f
  core/U287/X (SAEDRVT14_INV_6)            0.02       0.50 r
  core/U288/X (SAEDRVT14_INV_4)            0.01       0.51 f
  core/U290/X (SAEDRVT14_NR2_1)            0.03       0.54 r
  core/U209/X (SAEDRVT14_EN2_1)            0.04       0.59 f
  core/U215/X (SAEDRVT14_MUX2_MM_0P5)      0.04       0.62 f
  core/out_data[50] (fu_abs_dec)           0.00       0.62 f
  out_data[50] (out)                       0.00       0.62 f
  data arrival time                                   0.62

  max_delay                                0.62       0.62
  output external delay                    0.00       0.62
  data required time                                  0.62
  -----------------------------------------------------------
  data required time                                  0.62
  data arrival time                                  -0.62
  -----------------------------------------------------------
  slack (MET)                                         0.00


1
