 
****************************************
Report : area
Design : fu_cmp_c2
Version: Y-2026.03-SP1
Date   : Wed Sep 30 18:19:42 2026
****************************************

Library(s) Used:

    saed14rvt_base_tt0p8v25c (File: /mnt/nas0/eda.libs/saed14/EDK_03_2025/SAED14nm_EDK_STD_RVT/liberty/nldm/base/saed14rvt_base_tt0p8v25c.db)

Number of ports:                          411
Number of nets:                           728
Number of cells:                          390
Number of combinational cells:            389
Number of sequential cells:                 0
Number of macros/black boxes:               0
Number of buf/inv:                        136
Number of references:                       1

Combinational area:                128.537999
Buf/Inv area:                       29.703600
Noncombinational area:               0.000000
Macro/Black Box area:                0.000000
Net Interconnect area:             142.641324

Total cell area:                   128.537999
Total area:                        271.179323
1
