 
****************************************
Report : timing
        -path full
        -delay max
        -max_paths 1
Design : fu_cmp_c2
Version: Y-2026.03-SP1
Date   : Wed Sep 30 18:19:42 2026
****************************************

Operating Conditions: tt0p8v25c   Library: saed14rvt_base_tt0p8v25c
Wire Load Model Mode: top

  Startpoint: in_data_0[1]
              (input port)
  Endpoint: out_data[2]
            (output port)
  Path Group: default
  Path Type: max

  Des/Clust/Port     Wire Load Model       Library
  ------------------------------------------------
  fu_cmp_c2          8000                  saed14rvt_base_tt0p8v25c

  Point                                    Incr       Path
  -----------------------------------------------------------
  input external delay                     0.00       0.00 f
  in_data_0[1] (in)                        0.00       0.00 f
  core/in_data_0[1] (fu_cmp_dec)           0.00       0.00 f
  core/U311/X (SAEDRVT14_INV_S_1)          0.03       0.03 r
  core/U43/X (SAEDRVT14_ND2_CDC_1)         0.05       0.08 f
  core/U51/X (SAEDRVT14_INV_S_0P5)         0.05       0.13 r
  core/U137/X (SAEDRVT14_NR2_1)            0.04       0.17 f
  core/U355/X (SAEDRVT14_AN4_1)            0.03       0.20 f
  core/U357/X (SAEDRVT14_AN4_1)            0.03       0.23 f
  core/U358/X (SAEDRVT14_ND3_0P5)          0.03       0.27 r
  core/U359/X (SAEDRVT14_NR2_MM_4)         0.03       0.30 f
  core/U162/X (SAEDRVT14_NR2_MM_1)         0.03       0.33 r
  core/U33/X (SAEDRVT14_OAI21_2)           0.04       0.37 f
  core/U5/X (SAEDRVT14_OAI21_V1_4)         0.03       0.39 r
  core/U23/X (SAEDRVT14_AOI21_3)           0.02       0.41 f
  core/U385/X (SAEDRVT14_OAI21_2)          0.03       0.44 r
  core/U387/X (SAEDRVT14_NR2_MM_4)         0.02       0.45 f
  core/U388/X (SAEDRVT14_AN2_MM_20)        0.02       0.48 f
  core/U189/X (SAEDRVT14_INV_6)            0.02       0.50 r
  core/out_data[2] (fu_cmp_dec)            0.00       0.50 r
  out_data[2] (out)                        0.00       0.50 r
  data arrival time                                   0.50

  max_delay                                0.50       0.50
  output external delay                    0.00       0.50
  data required time                                  0.50
  -----------------------------------------------------------
  data required time                                  0.50
  data arrival time                                  -0.50
  -----------------------------------------------------------
  slack (MET)                                         0.00


1
