****************************************
Report : Averaged Power
Design : fu_fp_min_max_32
Version: Y-2026.03-SP1
Date   : Thu Oct  1 18:33:18 2026
****************************************



  Attributes
  ----------
      i  -  Including register clock pin internal power
      u  -  User defined power group

                        Internal  Switching  Leakage    Total
Power Group             Power     Power      Power      Power   (     %)  Attrs
--------------------------------------------------------------------------------
clock_network              0.0000    0.0000    0.0000    0.0000 ( 0.00%)  i
register                   0.0000    0.0000    0.0000    0.0000 ( 0.00%)  
combinational           1.226e-04 1.073e-03 3.798e-08 1.196e-03 (100.00%) 
sequential                 0.0000    0.0000    0.0000    0.0000 ( 0.00%)  
memory                     0.0000    0.0000    0.0000    0.0000 ( 0.00%)  
io_pad                     0.0000    0.0000    0.0000    0.0000 ( 0.00%)  
black_box                  0.0000    0.0000    0.0000    0.0000 ( 0.00%)  

  Net Switching Power  = 1.073e-03   (89.74%)
  Cell Internal Power  = 1.226e-04   (10.25%)
  Cell Leakage Power   = 3.798e-08   ( 0.00%)
                         ---------
Total Power            = 1.196e-03  (100.00%)

1
