 
****************************************
Report : area
Design : fu_add_sub_d1
Version: Y-2026.03-SP1
Date   : Wed Sep 30 18:11:53 2026
****************************************

Library(s) Used:

    saed14rvt_base_tt0p8v25c (File: /mnt/nas0/eda.libs/saed14/EDK_03_2025/SAED14nm_EDK_STD_RVT/liberty/nldm/base/saed14rvt_base_tt0p8v25c.db)

Number of ports:                          647
Number of nets:                          1074
Number of cells:                          540
Number of combinational cells:            538
Number of sequential cells:                 0
Number of macros/black boxes:               0
Number of buf/inv:                        102
Number of references:                       1

Combinational area:                182.262002
Buf/Inv area:                       20.424000
Noncombinational area:               0.000000
Macro/Black Box area:                0.000000
Net Interconnect area:             200.000188

Total cell area:                   182.262002
Total area:                        382.262190
1
