 
****************************************
Report : area
Design : fu_min_max
Version: Y-2026.03-SP1
Date   : Tue Sep  8 23:38:35 2026
****************************************

Library(s) Used:

    saed14rvt_base_tt0p8v25c (File: /mnt/nas0/eda.libs/saed14/EDK_03_2025/SAED14nm_EDK_STD_RVT/liberty/nldm/base/saed14rvt_base_tt0p8v25c.db)

Number of ports:                          202
Number of nets:                           638
Number of cells:                          505
Number of combinational cells:            505
Number of sequential cells:                 0
Number of macros/black boxes:               0
Number of buf/inv:                        142
Number of references:                      59

Combinational area:                434.498391
Buf/Inv area:                      107.803196
Noncombinational area:               0.000000
Macro/Black Box area:                0.000000
Net Interconnect area:             171.510061

Total cell area:                   434.498391
Total area:                        606.008452
1
