 
****************************************
Report : area
Design : fu_fp_min_max_16x2
Version: Y-2026.03-SP1
Date   : Tue Sep 15 18:27:15 2026
****************************************

Library(s) Used:

    saed14rvt_base_tt0p8v25c (File: /mnt/nas0/eda.libs/saed14/EDK_03_2025/SAED14nm_EDK_STD_RVT/liberty/nldm/base/saed14rvt_base_tt0p8v25c.db)

Number of ports:                          202
Number of nets:                           466
Number of cells:                          397
Number of combinational cells:            397
Number of sequential cells:                 0
Number of macros/black boxes:               0
Number of buf/inv:                        124
Number of references:                      64

Combinational area:                378.376797
Buf/Inv area:                       91.863597
Noncombinational area:               0.000000
Macro/Black Box area:                0.000000
Net Interconnect area:             148.457554

Total cell area:                   378.376797
Total area:                        526.834351
1
