 
****************************************
Report : timing
        -path full
        -delay max
        -nworst 10
        -max_paths 10
Design : fu_mult_karatsuba_64_32
Version: Y-2026.03-SP1
Date   : Fri Sep 11 16:03:44 2026
****************************************

Operating Conditions: tt0p8v25c   Library: saed14rvt_base_tt0p8v25c
Wire Load Model Mode: top

  Startpoint: in_data_0[21]
              (input port)
  Endpoint: out_data[63]
            (output port)
  Path Group: default
  Path Type: max

  Des/Clust/Port     Wire Load Model       Library
  ------------------------------------------------
  fu_mult_karatsuba_64_32
                     8000                  saed14rvt_base_tt0p8v25c

  Point                                    Incr       Path
  -----------------------------------------------------------
  input external delay                     0.00       0.00 f
  in_data_0[21] (in)                       0.00       0.00 f
  U1833/X (SAEDRVT14_EN2_2)                0.04       0.04 r
  U1834/X (SAEDRVT14_AN2B_MM_8)            0.04       0.09 f
  U1835/X (SAEDRVT14_INV_6)                0.02       0.10 r
  U1836/X (SAEDRVT14_INV_6)                0.05       0.15 f
  U996/X (SAEDRVT14_AOI222_1)              0.06       0.21 r
  U808/X (SAEDRVT14_OAI21_0P5)             0.04       0.25 f
  U1989/X (SAEDRVT14_EO2_1)                0.05       0.29 r
  U2020/S (SAEDRVT14_ADDF_V2_2)            0.05       0.34 r
  U2083/CO (SAEDRVT14_ADDF_V1_1)           0.04       0.38 r
  U2081/S (SAEDRVT14_ADDF_V1_1)            0.06       0.44 f
  U2133/S (SAEDRVT14_ADDF_V1_1)            0.05       0.49 r
  U2136/S (SAEDRVT14_ADDF_V2_2)            0.04       0.54 f
  U434/X (SAEDRVT14_ND2_4)                 0.02       0.56 r
  U2427/X (SAEDRVT14_INV_S_2)              0.02       0.58 f
  U2429/X (SAEDRVT14_AOI21_1P5)            0.03       0.61 r
  U2430/X (SAEDRVT14_OAI21_V1_8)           0.02       0.63 f
  U2431/X (SAEDRVT14_AOI21_8)              0.02       0.65 r
  U280/X (SAEDRVT14_INV_S_9)               0.02       0.66 f
  U217/X (SAEDRVT14_AOI21_0P5)             0.04       0.70 r
  U3568/X (SAEDRVT14_EO2_2)                0.04       0.74 f
  U1391/X (SAEDRVT14_INV_S_0P5)            0.04       0.78 r
  U5557/S (SAEDRVT14_ADDF_V1_2)            0.06       0.84 f
  U5556/S (SAEDRVT14_ADDF_V2_2)            0.04       0.89 r
  U140/X (SAEDRVT14_NR2_MM_6)              0.02       0.90 f
  U5516/X (SAEDRVT14_INV_12)               0.01       0.91 r
  U133/X (SAEDRVT14_AN2_4)                 0.02       0.93 r
  U5554/X (SAEDRVT14_AOI21_6)              0.02       0.95 f
  U5555/X (SAEDRVT14_OAI21_V1_8)           0.01       0.96 r
  U5604/X (SAEDRVT14_EN2_4)                0.02       0.98 f
  U5605/X (SAEDRVT14_MUX2_MM_4)            0.02       1.00 f
  out_data[63] (out)                       0.00       1.00 f
  data arrival time                                   1.00

  max_delay                                1.00       1.00
  output external delay                    0.00       1.00
  data required time                                  1.00
  -----------------------------------------------------------
  data required time                                  1.00
  data arrival time                                  -1.00
  -----------------------------------------------------------
  slack (MET)                                         0.00


  Startpoint: in_data_0[21]
              (input port)
  Endpoint: out_data[63]
            (output port)
  Path Group: default
  Path Type: max

  Des/Clust/Port     Wire Load Model       Library
  ------------------------------------------------
  fu_mult_karatsuba_64_32
                     8000                  saed14rvt_base_tt0p8v25c

  Point                                    Incr       Path
  -----------------------------------------------------------
  input external delay                     0.00       0.00 f
  in_data_0[21] (in)                       0.00       0.00 f
  U1833/X (SAEDRVT14_EN2_2)                0.04       0.04 r
  U1834/X (SAEDRVT14_AN2B_MM_8)            0.04       0.09 f
  U1835/X (SAEDRVT14_INV_6)                0.02       0.10 r
  U1836/X (SAEDRVT14_INV_6)                0.05       0.15 f
  U996/X (SAEDRVT14_AOI222_1)              0.06       0.21 r
  U808/X (SAEDRVT14_OAI21_0P5)             0.04       0.25 f
  U1989/X (SAEDRVT14_EO2_1)                0.05       0.29 r
  U2020/S (SAEDRVT14_ADDF_V2_2)            0.05       0.34 r
  U2083/CO (SAEDRVT14_ADDF_V1_1)           0.04       0.38 r
  U2081/S (SAEDRVT14_ADDF_V1_1)            0.06       0.44 f
  U2133/S (SAEDRVT14_ADDF_V1_1)            0.05       0.49 r
  U2136/S (SAEDRVT14_ADDF_V2_2)            0.04       0.54 f
  U434/X (SAEDRVT14_ND2_4)                 0.02       0.56 r
  U2427/X (SAEDRVT14_INV_S_2)              0.02       0.58 f
  U2429/X (SAEDRVT14_AOI21_1P5)            0.03       0.61 r
  U2430/X (SAEDRVT14_OAI21_V1_8)           0.02       0.63 f
  U2431/X (SAEDRVT14_AOI21_8)              0.02       0.65 r
  U280/X (SAEDRVT14_INV_S_9)               0.02       0.66 f
  U217/X (SAEDRVT14_AOI21_0P5)             0.04       0.70 r
  U3568/X (SAEDRVT14_EO2_2)                0.04       0.74 f
  U1391/X (SAEDRVT14_INV_S_0P5)            0.04       0.78 r
  U5557/S (SAEDRVT14_ADDF_V1_2)            0.06       0.84 f
  U5556/S (SAEDRVT14_ADDF_V2_2)            0.04       0.89 r
  U140/X (SAEDRVT14_NR2_MM_6)              0.02       0.90 f
  U5516/X (SAEDRVT14_INV_12)               0.01       0.91 r
  U133/X (SAEDRVT14_AN2_4)                 0.02       0.93 r
  U5554/X (SAEDRVT14_AOI21_6)              0.02       0.95 f
  U5555/X (SAEDRVT14_OAI21_V1_8)           0.01       0.96 r
  U5604/X (SAEDRVT14_EN2_4)                0.02       0.98 f
  U5605/X (SAEDRVT14_MUX2_MM_4)            0.02       1.00 f
  out_data[63] (out)                       0.00       1.00 f
  data arrival time                                   1.00

  max_delay                                1.00       1.00
  output external delay                    0.00       1.00
  data required time                                  1.00
  -----------------------------------------------------------
  data required time                                  1.00
  data arrival time                                  -1.00
  -----------------------------------------------------------
  slack (MET)                                         0.00


  Startpoint: in_data_0[21]
              (input port)
  Endpoint: out_data[63]
            (output port)
  Path Group: default
  Path Type: max

  Des/Clust/Port     Wire Load Model       Library
  ------------------------------------------------
  fu_mult_karatsuba_64_32
                     8000                  saed14rvt_base_tt0p8v25c

  Point                                    Incr       Path
  -----------------------------------------------------------
  input external delay                     0.00       0.00 f
  in_data_0[21] (in)                       0.00       0.00 f
  U1833/X (SAEDRVT14_EN2_2)                0.04       0.04 r
  U1834/X (SAEDRVT14_AN2B_MM_8)            0.04       0.09 f
  U1835/X (SAEDRVT14_INV_6)                0.02       0.10 r
  U1836/X (SAEDRVT14_INV_6)                0.05       0.15 f
  U996/X (SAEDRVT14_AOI222_1)              0.06       0.21 r
  U808/X (SAEDRVT14_OAI21_0P5)             0.04       0.25 f
  U1989/X (SAEDRVT14_EO2_1)                0.05       0.29 r
  U2020/S (SAEDRVT14_ADDF_V2_2)            0.05       0.34 r
  U2083/CO (SAEDRVT14_ADDF_V1_1)           0.04       0.38 r
  U2081/S (SAEDRVT14_ADDF_V1_1)            0.06       0.44 f
  U2133/S (SAEDRVT14_ADDF_V1_1)            0.05       0.49 r
  U2136/S (SAEDRVT14_ADDF_V2_2)            0.04       0.54 f
  U434/X (SAEDRVT14_ND2_4)                 0.02       0.56 r
  U2427/X (SAEDRVT14_INV_S_2)              0.02       0.58 f
  U2429/X (SAEDRVT14_AOI21_1P5)            0.03       0.61 r
  U2430/X (SAEDRVT14_OAI21_V1_8)           0.02       0.63 f
  U2431/X (SAEDRVT14_AOI21_8)              0.02       0.65 r
  U280/X (SAEDRVT14_INV_S_9)               0.02       0.66 f
  U217/X (SAEDRVT14_AOI21_0P5)             0.04       0.70 r
  U3568/X (SAEDRVT14_EO2_2)                0.04       0.74 f
  U1391/X (SAEDRVT14_INV_S_0P5)            0.04       0.78 r
  U5557/S (SAEDRVT14_ADDF_V1_2)            0.06       0.84 f
  U5556/S (SAEDRVT14_ADDF_V2_2)            0.04       0.89 r
  U140/X (SAEDRVT14_NR2_MM_6)              0.02       0.90 f
  U5516/X (SAEDRVT14_INV_12)               0.01       0.91 r
  U133/X (SAEDRVT14_AN2_4)                 0.02       0.93 r
  U5554/X (SAEDRVT14_AOI21_6)              0.02       0.95 f
  U5555/X (SAEDRVT14_OAI21_V1_8)           0.01       0.96 r
  U5604/X (SAEDRVT14_EN2_4)                0.02       0.98 f
  U5605/X (SAEDRVT14_MUX2_MM_4)            0.02       1.00 f
  out_data[63] (out)                       0.00       1.00 f
  data arrival time                                   1.00

  max_delay                                1.00       1.00
  output external delay                    0.00       1.00
  data required time                                  1.00
  -----------------------------------------------------------
  data required time                                  1.00
  data arrival time                                  -1.00
  -----------------------------------------------------------
  slack (MET)                                         0.00


  Startpoint: in_data_0[21]
              (input port)
  Endpoint: out_data[63]
            (output port)
  Path Group: default
  Path Type: max

  Des/Clust/Port     Wire Load Model       Library
  ------------------------------------------------
  fu_mult_karatsuba_64_32
                     8000                  saed14rvt_base_tt0p8v25c

  Point                                    Incr       Path
  -----------------------------------------------------------
  input external delay                     0.00       0.00 f
  in_data_0[21] (in)                       0.00       0.00 f
  U1833/X (SAEDRVT14_EN2_2)                0.04       0.04 r
  U1834/X (SAEDRVT14_AN2B_MM_8)            0.04       0.09 f
  U1835/X (SAEDRVT14_INV_6)                0.02       0.10 r
  U1836/X (SAEDRVT14_INV_6)                0.05       0.15 f
  U996/X (SAEDRVT14_AOI222_1)              0.06       0.21 r
  U808/X (SAEDRVT14_OAI21_0P5)             0.04       0.25 f
  U1989/X (SAEDRVT14_EO2_1)                0.05       0.29 r
  U2020/S (SAEDRVT14_ADDF_V2_2)            0.05       0.34 r
  U2083/CO (SAEDRVT14_ADDF_V1_1)           0.04       0.38 r
  U2081/S (SAEDRVT14_ADDF_V1_1)            0.06       0.44 f
  U2133/S (SAEDRVT14_ADDF_V1_1)            0.05       0.49 r
  U2136/S (SAEDRVT14_ADDF_V2_2)            0.04       0.54 f
  U434/X (SAEDRVT14_ND2_4)                 0.02       0.56 r
  U2427/X (SAEDRVT14_INV_S_2)              0.02       0.58 f
  U2429/X (SAEDRVT14_AOI21_1P5)            0.03       0.61 r
  U2430/X (SAEDRVT14_OAI21_V1_8)           0.02       0.63 f
  U2431/X (SAEDRVT14_AOI21_8)              0.02       0.65 r
  U280/X (SAEDRVT14_INV_S_9)               0.02       0.66 f
  U217/X (SAEDRVT14_AOI21_0P5)             0.04       0.70 r
  U3568/X (SAEDRVT14_EO2_2)                0.04       0.74 f
  U1391/X (SAEDRVT14_INV_S_0P5)            0.04       0.78 r
  U5557/S (SAEDRVT14_ADDF_V1_2)            0.06       0.84 f
  U5556/S (SAEDRVT14_ADDF_V2_2)            0.04       0.89 r
  U140/X (SAEDRVT14_NR2_MM_6)              0.02       0.90 f
  U5516/X (SAEDRVT14_INV_12)               0.01       0.91 r
  U133/X (SAEDRVT14_AN2_4)                 0.02       0.93 r
  U5554/X (SAEDRVT14_AOI21_6)              0.02       0.95 f
  U5555/X (SAEDRVT14_OAI21_V1_8)           0.01       0.96 r
  U5604/X (SAEDRVT14_EN2_4)                0.02       0.98 f
  U5605/X (SAEDRVT14_MUX2_MM_4)            0.02       1.00 f
  out_data[63] (out)                       0.00       1.00 f
  data arrival time                                   1.00

  max_delay                                1.00       1.00
  output external delay                    0.00       1.00
  data required time                                  1.00
  -----------------------------------------------------------
  data required time                                  1.00
  data arrival time                                  -1.00
  -----------------------------------------------------------
  slack (MET)                                         0.00


  Startpoint: in_data_0[21]
              (input port)
  Endpoint: out_data[63]
            (output port)
  Path Group: default
  Path Type: max

  Des/Clust/Port     Wire Load Model       Library
  ------------------------------------------------
  fu_mult_karatsuba_64_32
                     8000                  saed14rvt_base_tt0p8v25c

  Point                                    Incr       Path
  -----------------------------------------------------------
  input external delay                     0.00       0.00 f
  in_data_0[21] (in)                       0.00       0.00 f
  U1833/X (SAEDRVT14_EN2_2)                0.04       0.04 r
  U1834/X (SAEDRVT14_AN2B_MM_8)            0.04       0.09 f
  U1835/X (SAEDRVT14_INV_6)                0.02       0.10 r
  U1836/X (SAEDRVT14_INV_6)                0.05       0.15 f
  U996/X (SAEDRVT14_AOI222_1)              0.06       0.21 r
  U808/X (SAEDRVT14_OAI21_0P5)             0.04       0.25 f
  U1989/X (SAEDRVT14_EO2_1)                0.05       0.29 r
  U2020/S (SAEDRVT14_ADDF_V2_2)            0.05       0.34 r
  U2083/CO (SAEDRVT14_ADDF_V1_1)           0.04       0.38 r
  U2081/S (SAEDRVT14_ADDF_V1_1)            0.06       0.44 f
  U2133/S (SAEDRVT14_ADDF_V1_1)            0.05       0.49 r
  U2136/S (SAEDRVT14_ADDF_V2_2)            0.04       0.54 f
  U434/X (SAEDRVT14_ND2_4)                 0.02       0.56 r
  U2427/X (SAEDRVT14_INV_S_2)              0.02       0.58 f
  U2429/X (SAEDRVT14_AOI21_1P5)            0.03       0.61 r
  U2430/X (SAEDRVT14_OAI21_V1_8)           0.02       0.63 f
  U2431/X (SAEDRVT14_AOI21_8)              0.02       0.65 r
  U280/X (SAEDRVT14_INV_S_9)               0.02       0.66 f
  U217/X (SAEDRVT14_AOI21_0P5)             0.04       0.70 r
  U3568/X (SAEDRVT14_EO2_2)                0.04       0.74 f
  U1391/X (SAEDRVT14_INV_S_0P5)            0.04       0.78 r
  U5557/S (SAEDRVT14_ADDF_V1_2)            0.06       0.84 f
  U5556/S (SAEDRVT14_ADDF_V2_2)            0.04       0.89 r
  U140/X (SAEDRVT14_NR2_MM_6)              0.02       0.90 f
  U5516/X (SAEDRVT14_INV_12)               0.01       0.91 r
  U133/X (SAEDRVT14_AN2_4)                 0.02       0.93 r
  U5554/X (SAEDRVT14_AOI21_6)              0.02       0.95 f
  U5555/X (SAEDRVT14_OAI21_V1_8)           0.01       0.96 r
  U5604/X (SAEDRVT14_EN2_4)                0.02       0.98 f
  U5605/X (SAEDRVT14_MUX2_MM_4)            0.02       1.00 f
  out_data[63] (out)                       0.00       1.00 f
  data arrival time                                   1.00

  max_delay                                1.00       1.00
  output external delay                    0.00       1.00
  data required time                                  1.00
  -----------------------------------------------------------
  data required time                                  1.00
  data arrival time                                  -1.00
  -----------------------------------------------------------
  slack (MET)                                         0.00


  Startpoint: in_data_0[21]
              (input port)
  Endpoint: out_data[63]
            (output port)
  Path Group: default
  Path Type: max

  Des/Clust/Port     Wire Load Model       Library
  ------------------------------------------------
  fu_mult_karatsuba_64_32
                     8000                  saed14rvt_base_tt0p8v25c

  Point                                    Incr       Path
  -----------------------------------------------------------
  input external delay                     0.00       0.00 f
  in_data_0[21] (in)                       0.00       0.00 f
  U1833/X (SAEDRVT14_EN2_2)                0.04       0.04 r
  U1834/X (SAEDRVT14_AN2B_MM_8)            0.04       0.09 f
  U1835/X (SAEDRVT14_INV_6)                0.02       0.10 r
  U1836/X (SAEDRVT14_INV_6)                0.05       0.15 f
  U996/X (SAEDRVT14_AOI222_1)              0.06       0.21 r
  U808/X (SAEDRVT14_OAI21_0P5)             0.04       0.25 f
  U1989/X (SAEDRVT14_EO2_1)                0.05       0.29 r
  U2020/S (SAEDRVT14_ADDF_V2_2)            0.05       0.34 r
  U2083/CO (SAEDRVT14_ADDF_V1_1)           0.04       0.38 r
  U2081/S (SAEDRVT14_ADDF_V1_1)            0.06       0.44 f
  U2133/S (SAEDRVT14_ADDF_V1_1)            0.05       0.49 r
  U2136/S (SAEDRVT14_ADDF_V2_2)            0.04       0.54 f
  U434/X (SAEDRVT14_ND2_4)                 0.02       0.56 r
  U2427/X (SAEDRVT14_INV_S_2)              0.02       0.58 f
  U2429/X (SAEDRVT14_AOI21_1P5)            0.03       0.61 r
  U2430/X (SAEDRVT14_OAI21_V1_8)           0.02       0.63 f
  U2431/X (SAEDRVT14_AOI21_8)              0.02       0.65 r
  U280/X (SAEDRVT14_INV_S_9)               0.02       0.66 f
  U217/X (SAEDRVT14_AOI21_0P5)             0.04       0.70 r
  U3568/X (SAEDRVT14_EO2_2)                0.04       0.74 f
  U1391/X (SAEDRVT14_INV_S_0P5)            0.04       0.78 r
  U5557/S (SAEDRVT14_ADDF_V1_2)            0.06       0.84 f
  U5556/S (SAEDRVT14_ADDF_V2_2)            0.04       0.89 r
  U140/X (SAEDRVT14_NR2_MM_6)              0.02       0.90 f
  U5516/X (SAEDRVT14_INV_12)               0.01       0.91 r
  U133/X (SAEDRVT14_AN2_4)                 0.02       0.93 r
  U5554/X (SAEDRVT14_AOI21_6)              0.02       0.95 f
  U5555/X (SAEDRVT14_OAI21_V1_8)           0.01       0.96 r
  U5604/X (SAEDRVT14_EN2_4)                0.02       0.98 f
  U5605/X (SAEDRVT14_MUX2_MM_4)            0.02       1.00 f
  out_data[63] (out)                       0.00       1.00 f
  data arrival time                                   1.00

  max_delay                                1.00       1.00
  output external delay                    0.00       1.00
  data required time                                  1.00
  -----------------------------------------------------------
  data required time                                  1.00
  data arrival time                                  -1.00
  -----------------------------------------------------------
  slack (MET)                                         0.00


  Startpoint: in_data_0[21]
              (input port)
  Endpoint: out_data[63]
            (output port)
  Path Group: default
  Path Type: max

  Des/Clust/Port     Wire Load Model       Library
  ------------------------------------------------
  fu_mult_karatsuba_64_32
                     8000                  saed14rvt_base_tt0p8v25c

  Point                                    Incr       Path
  -----------------------------------------------------------
  input external delay                     0.00       0.00 f
  in_data_0[21] (in)                       0.00       0.00 f
  U1833/X (SAEDRVT14_EN2_2)                0.04       0.04 r
  U1834/X (SAEDRVT14_AN2B_MM_8)            0.04       0.09 f
  U1835/X (SAEDRVT14_INV_6)                0.02       0.10 r
  U1836/X (SAEDRVT14_INV_6)                0.05       0.15 f
  U996/X (SAEDRVT14_AOI222_1)              0.06       0.21 r
  U808/X (SAEDRVT14_OAI21_0P5)             0.04       0.25 f
  U1989/X (SAEDRVT14_EO2_1)                0.05       0.29 r
  U2020/S (SAEDRVT14_ADDF_V2_2)            0.05       0.34 r
  U2083/CO (SAEDRVT14_ADDF_V1_1)           0.04       0.38 r
  U2081/S (SAEDRVT14_ADDF_V1_1)            0.06       0.44 f
  U2133/S (SAEDRVT14_ADDF_V1_1)            0.05       0.49 r
  U2136/S (SAEDRVT14_ADDF_V2_2)            0.04       0.54 f
  U434/X (SAEDRVT14_ND2_4)                 0.02       0.56 r
  U2427/X (SAEDRVT14_INV_S_2)              0.02       0.58 f
  U2429/X (SAEDRVT14_AOI21_1P5)            0.03       0.61 r
  U2430/X (SAEDRVT14_OAI21_V1_8)           0.02       0.63 f
  U2431/X (SAEDRVT14_AOI21_8)              0.02       0.65 r
  U280/X (SAEDRVT14_INV_S_9)               0.02       0.66 f
  U217/X (SAEDRVT14_AOI21_0P5)             0.04       0.70 r
  U3568/X (SAEDRVT14_EO2_2)                0.04       0.74 f
  U1391/X (SAEDRVT14_INV_S_0P5)            0.04       0.78 r
  U5557/S (SAEDRVT14_ADDF_V1_2)            0.06       0.84 f
  U5556/S (SAEDRVT14_ADDF_V2_2)            0.04       0.89 r
  U140/X (SAEDRVT14_NR2_MM_6)              0.02       0.90 f
  U5516/X (SAEDRVT14_INV_12)               0.01       0.91 r
  U133/X (SAEDRVT14_AN2_4)                 0.02       0.93 r
  U5554/X (SAEDRVT14_AOI21_6)              0.02       0.95 f
  U5555/X (SAEDRVT14_OAI21_V1_8)           0.01       0.96 r
  U5604/X (SAEDRVT14_EN2_4)                0.02       0.98 f
  U5605/X (SAEDRVT14_MUX2_MM_4)            0.02       1.00 f
  out_data[63] (out)                       0.00       1.00 f
  data arrival time                                   1.00

  max_delay                                1.00       1.00
  output external delay                    0.00       1.00
  data required time                                  1.00
  -----------------------------------------------------------
  data required time                                  1.00
  data arrival time                                  -1.00
  -----------------------------------------------------------
  slack (MET)                                         0.00


  Startpoint: in_data_0[21]
              (input port)
  Endpoint: out_data[63]
            (output port)
  Path Group: default
  Path Type: max

  Des/Clust/Port     Wire Load Model       Library
  ------------------------------------------------
  fu_mult_karatsuba_64_32
                     8000                  saed14rvt_base_tt0p8v25c

  Point                                    Incr       Path
  -----------------------------------------------------------
  input external delay                     0.00       0.00 f
  in_data_0[21] (in)                       0.00       0.00 f
  U1833/X (SAEDRVT14_EN2_2)                0.04       0.04 r
  U1834/X (SAEDRVT14_AN2B_MM_8)            0.04       0.09 f
  U1835/X (SAEDRVT14_INV_6)                0.02       0.10 r
  U1836/X (SAEDRVT14_INV_6)                0.05       0.15 f
  U996/X (SAEDRVT14_AOI222_1)              0.06       0.21 r
  U808/X (SAEDRVT14_OAI21_0P5)             0.04       0.25 f
  U1989/X (SAEDRVT14_EO2_1)                0.05       0.29 r
  U2020/S (SAEDRVT14_ADDF_V2_2)            0.05       0.34 r
  U2083/CO (SAEDRVT14_ADDF_V1_1)           0.04       0.38 r
  U2081/S (SAEDRVT14_ADDF_V1_1)            0.06       0.44 f
  U2133/S (SAEDRVT14_ADDF_V1_1)            0.05       0.49 r
  U2136/S (SAEDRVT14_ADDF_V2_2)            0.04       0.54 f
  U434/X (SAEDRVT14_ND2_4)                 0.02       0.56 r
  U2427/X (SAEDRVT14_INV_S_2)              0.02       0.58 f
  U2429/X (SAEDRVT14_AOI21_1P5)            0.03       0.61 r
  U2430/X (SAEDRVT14_OAI21_V1_8)           0.02       0.63 f
  U2431/X (SAEDRVT14_AOI21_8)              0.02       0.65 r
  U280/X (SAEDRVT14_INV_S_9)               0.02       0.66 f
  U217/X (SAEDRVT14_AOI21_0P5)             0.04       0.70 r
  U3568/X (SAEDRVT14_EO2_2)                0.04       0.74 f
  U1391/X (SAEDRVT14_INV_S_0P5)            0.04       0.78 r
  U5557/S (SAEDRVT14_ADDF_V1_2)            0.06       0.84 f
  U5556/S (SAEDRVT14_ADDF_V2_2)            0.04       0.89 r
  U140/X (SAEDRVT14_NR2_MM_6)              0.02       0.90 f
  U5516/X (SAEDRVT14_INV_12)               0.01       0.91 r
  U133/X (SAEDRVT14_AN2_4)                 0.02       0.93 r
  U5554/X (SAEDRVT14_AOI21_6)              0.02       0.95 f
  U5555/X (SAEDRVT14_OAI21_V1_8)           0.01       0.96 r
  U5604/X (SAEDRVT14_EN2_4)                0.02       0.98 f
  U5605/X (SAEDRVT14_MUX2_MM_4)            0.02       1.00 f
  out_data[63] (out)                       0.00       1.00 f
  data arrival time                                   1.00

  max_delay                                1.00       1.00
  output external delay                    0.00       1.00
  data required time                                  1.00
  -----------------------------------------------------------
  data required time                                  1.00
  data arrival time                                  -1.00
  -----------------------------------------------------------
  slack (MET)                                         0.00


  Startpoint: in_data_1[14]
              (input port)
  Endpoint: out_data[63]
            (output port)
  Path Group: default
  Path Type: max

  Des/Clust/Port     Wire Load Model       Library
  ------------------------------------------------
  fu_mult_karatsuba_64_32
                     8000                  saed14rvt_base_tt0p8v25c

  Point                                    Incr       Path
  -----------------------------------------------------------
  input external delay                     0.00       0.00 r
  in_data_1[14] (in)                       0.00       0.00 r
  U1713/X (SAEDRVT14_NR2_MM_4)             0.01       0.01 f
  U1241/X (SAEDRVT14_NR2_1P5)              0.04       0.05 r
  U1276/X (SAEDRVT14_ND2_CDC_2)            0.05       0.10 f
  U1218/X (SAEDRVT14_NR2_MM_3)             0.03       0.13 r
  U1731/X (SAEDRVT14_AOI21_8)              0.03       0.15 f
  U1756/X (SAEDRVT14_BUF_16)               0.02       0.17 f
  U1757/X (SAEDRVT14_INV_S_16)             0.01       0.19 r
  U1775/X (SAEDRVT14_AOI21_V1_4)           0.02       0.20 f
  U1013/X (SAEDRVT14_EN2_3)                0.03       0.24 r
  U1776/X (SAEDRVT14_INV_6)                0.01       0.25 f
  U794/X (SAEDRVT14_INV_S_8)               0.03       0.27 r
  U922/X (SAEDRVT14_OAI21_0P5)             0.04       0.31 f
  U2066/X (SAEDRVT14_EO2_1)                0.04       0.35 f
  U2103/CO (SAEDRVT14_ADDF_V1_1)           0.04       0.40 f
  U2101/CO (SAEDRVT14_ADDF_V1_2)           0.04       0.43 f
  U2099/S (SAEDRVT14_ADDF_V1_2)            0.05       0.49 r
  U2134/S (SAEDRVT14_ADDF_V1_2)            0.07       0.55 f
  U2428/X (SAEDRVT14_ND2_CDC_4)            0.02       0.57 r
  U372/X (SAEDRVT14_INV_S_3)               0.01       0.58 f
  U2429/X (SAEDRVT14_AOI21_1P5)            0.03       0.61 r
  U2430/X (SAEDRVT14_OAI21_V1_8)           0.02       0.63 f
  U2431/X (SAEDRVT14_AOI21_8)              0.02       0.65 r
  U280/X (SAEDRVT14_INV_S_9)               0.02       0.66 f
  U217/X (SAEDRVT14_AOI21_0P5)             0.04       0.70 r
  U3568/X (SAEDRVT14_EO2_2)                0.04       0.74 f
  U1391/X (SAEDRVT14_INV_S_0P5)            0.04       0.78 r
  U5557/S (SAEDRVT14_ADDF_V1_2)            0.06       0.84 f
  U5556/S (SAEDRVT14_ADDF_V2_2)            0.04       0.89 r
  U140/X (SAEDRVT14_NR2_MM_6)              0.02       0.90 f
  U5516/X (SAEDRVT14_INV_12)               0.01       0.91 r
  U133/X (SAEDRVT14_AN2_4)                 0.02       0.93 r
  U5554/X (SAEDRVT14_AOI21_6)              0.02       0.95 f
  U5555/X (SAEDRVT14_OAI21_V1_8)           0.01       0.96 r
  U5604/X (SAEDRVT14_EN2_4)                0.02       0.98 f
  U5605/X (SAEDRVT14_MUX2_MM_4)            0.02       1.00 f
  out_data[63] (out)                       0.00       1.00 f
  data arrival time                                   1.00

  max_delay                                1.00       1.00
  output external delay                    0.00       1.00
  data required time                                  1.00
  -----------------------------------------------------------
  data required time                                  1.00
  data arrival time                                  -1.00
  -----------------------------------------------------------
  slack (MET)                                         0.00


  Startpoint: in_data_1[14]
              (input port)
  Endpoint: out_data[63]
            (output port)
  Path Group: default
  Path Type: max

  Des/Clust/Port     Wire Load Model       Library
  ------------------------------------------------
  fu_mult_karatsuba_64_32
                     8000                  saed14rvt_base_tt0p8v25c

  Point                                    Incr       Path
  -----------------------------------------------------------
  input external delay                     0.00       0.00 r
  in_data_1[14] (in)                       0.00       0.00 r
  U1713/X (SAEDRVT14_NR2_MM_4)             0.01       0.01 f
  U1241/X (SAEDRVT14_NR2_1P5)              0.04       0.05 r
  U1276/X (SAEDRVT14_ND2_CDC_2)            0.05       0.10 f
  U1218/X (SAEDRVT14_NR2_MM_3)             0.03       0.13 r
  U1731/X (SAEDRVT14_AOI21_8)              0.03       0.15 f
  U1756/X (SAEDRVT14_BUF_16)               0.02       0.17 f
  U1757/X (SAEDRVT14_INV_S_16)             0.01       0.19 r
  U1775/X (SAEDRVT14_AOI21_V1_4)           0.02       0.20 f
  U1013/X (SAEDRVT14_EN2_3)                0.03       0.24 r
  U1776/X (SAEDRVT14_INV_6)                0.01       0.25 f
  U794/X (SAEDRVT14_INV_S_8)               0.03       0.27 r
  U922/X (SAEDRVT14_OAI21_0P5)             0.04       0.31 f
  U2066/X (SAEDRVT14_EO2_1)                0.04       0.35 f
  U2103/CO (SAEDRVT14_ADDF_V1_1)           0.04       0.40 f
  U2101/CO (SAEDRVT14_ADDF_V1_2)           0.04       0.43 f
  U2099/S (SAEDRVT14_ADDF_V1_2)            0.05       0.49 r
  U2134/S (SAEDRVT14_ADDF_V1_2)            0.07       0.55 f
  U2428/X (SAEDRVT14_ND2_CDC_4)            0.02       0.57 r
  U372/X (SAEDRVT14_INV_S_3)               0.01       0.58 f
  U2429/X (SAEDRVT14_AOI21_1P5)            0.03       0.61 r
  U2430/X (SAEDRVT14_OAI21_V1_8)           0.02       0.63 f
  U2431/X (SAEDRVT14_AOI21_8)              0.02       0.65 r
  U280/X (SAEDRVT14_INV_S_9)               0.02       0.66 f
  U217/X (SAEDRVT14_AOI21_0P5)             0.04       0.70 r
  U3568/X (SAEDRVT14_EO2_2)                0.04       0.74 f
  U1391/X (SAEDRVT14_INV_S_0P5)            0.04       0.78 r
  U5557/S (SAEDRVT14_ADDF_V1_2)            0.06       0.84 f
  U5556/S (SAEDRVT14_ADDF_V2_2)            0.04       0.89 r
  U140/X (SAEDRVT14_NR2_MM_6)              0.02       0.90 f
  U5516/X (SAEDRVT14_INV_12)               0.01       0.91 r
  U133/X (SAEDRVT14_AN2_4)                 0.02       0.93 r
  U5554/X (SAEDRVT14_AOI21_6)              0.02       0.95 f
  U5555/X (SAEDRVT14_OAI21_V1_8)           0.01       0.96 r
  U5604/X (SAEDRVT14_EN2_4)                0.02       0.98 f
  U5605/X (SAEDRVT14_MUX2_MM_4)            0.02       1.00 f
  out_data[63] (out)                       0.00       1.00 f
  data arrival time                                   1.00

  max_delay                                1.00       1.00
  output external delay                    0.00       1.00
  data required time                                  1.00
  -----------------------------------------------------------
  data required time                                  1.00
  data arrival time                                  -1.00
  -----------------------------------------------------------
  slack (MET)                                         0.00


1
