 
****************************************
Report : area
Design : fu_mult_karatsuba_64_32
Version: Y-2026.03-SP1
Date   : Fri Sep 11 16:03:43 2026
****************************************

Library(s) Used:

    saed14rvt_base_tt0p8v25c (File: /mnt/nas0/eda.libs/saed14/EDK_03_2025/SAED14nm_EDK_STD_RVT/liberty/nldm/base/saed14rvt_base_tt0p8v25c.db)

Number of ports:                          202
Number of nets:                          7088
Number of cells:                         6112
Number of combinational cells:           6112
Number of sequential cells:                 0
Number of macros/black boxes:               0
Number of buf/inv:                       1149
Number of references:                     156

Combinational area:               3525.448789
Buf/Inv area:                      404.084396
Noncombinational area:               0.000000
Macro/Black Box area:                0.000000
Net Interconnect area:            3500.095775

Total cell area:                  3525.448789
Total area:                       7025.544564
1
