 
****************************************
Report : area
Design : fu_fp_min_max_m1
Version: Y-2026.03-SP1
Date   : Tue Sep 29 16:47:29 2026
****************************************

Library(s) Used:

    saed14rvt_base_tt0p8v25c (File: /mnt/nas0/eda.libs/saed14/EDK_03_2025/SAED14nm_EDK_STD_RVT/liberty/nldm/base/saed14rvt_base_tt0p8v25c.db)

Number of ports:                          410
Number of nets:                           734
Number of cells:                          404
Number of combinational cells:            403
Number of sequential cells:                 0
Number of macros/black boxes:               0
Number of buf/inv:                        138
Number of references:                       1

Combinational area:                116.061599
Buf/Inv area:                       32.722799
Noncombinational area:               0.000000
Macro/Black Box area:                0.000000
Net Interconnect area:             196.778494

Total cell area:                   116.061599
Total area:                        312.840093
1
