 
****************************************
Report : area
Design : fu_cmp_c4
Version: Y-2026.03-SP1
Date   : Tue Sep  8 23:16:33 2026
****************************************

Library(s) Used:

    saed14rvt_base_tt0p8v25c (File: /mnt/nas0/eda.libs/saed14/EDK_03_2025/SAED14nm_EDK_STD_RVT/liberty/nldm/base/saed14rvt_base_tt0p8v25c.db)

Number of ports:                          412
Number of nets:                           872
Number of cells:                          532
Number of combinational cells:            531
Number of sequential cells:                 0
Number of macros/black boxes:               0
Number of buf/inv:                        159
Number of references:                       2

Combinational area:                190.875598
Buf/Inv area:                       34.898399
Noncombinational area:               0.000000
Macro/Black Box area:                0.000000
Net Interconnect area:             197.504557

Total cell area:                   190.875598
Total area:                        388.380155
1
