 
****************************************
Report : timing
        -path full
        -delay max
        -max_paths 1
Design : fu_cmp_c4
Version: Y-2026.03-SP1
Date   : Tue Sep  8 23:16:33 2026
****************************************

Operating Conditions: tt0p8v25c   Library: saed14rvt_base_tt0p8v25c
Wire Load Model Mode: top

  Startpoint: in_data_1[14]
              (input port)
  Endpoint: out_data[0]
            (output port)
  Path Group: default
  Path Type: max

  Des/Clust/Port     Wire Load Model       Library
  ------------------------------------------------
  fu_cmp_c4          8000                  saed14rvt_base_tt0p8v25c

  Point                                    Incr       Path
  -----------------------------------------------------------
  input external delay                     0.00       0.00 f
  in_data_1[14] (in)                       0.00       0.00 f
  core/in_data_1[14] (fu_cmp_dec)          0.00       0.00 f
  core/U319/X (SAEDRVT14_INV_S_0P5)        0.02       0.02 r
  core/U357/X (SAEDRVT14_NR2_1P5)          0.03       0.05 f
  core/U82/X (SAEDRVT14_NR2_1P5)           0.04       0.09 r
  core/U376/X (SAEDRVT14_AN4_1)            0.04       0.13 r
  core/U379/X (SAEDRVT14_AN4_4)            0.04       0.17 r
  core/U333/X (SAEDRVT14_ND2_CDC_2)        0.04       0.21 f
  core/U381/X (SAEDRVT14_AOI21_1P5)        0.03       0.24 r
  core/U382/X (SAEDRVT14_AOI21_1P5)        0.03       0.27 f
  core/U383/X (SAEDRVT14_ND2_5)            0.03       0.30 r
  core/U409/X (SAEDRVT14_AOI21_6)          0.04       0.34 f
  core/U266/X (SAEDRVT14_ND2_CDC_1)        0.03       0.37 r
  core/U337/X (SAEDRVT14_OAI21_0P5)        0.05       0.42 f
  core/U264/X (SAEDRVT14_NR2_MM_1)         0.04       0.46 r
  core/U486/X (SAEDRVT14_AOI21_V1_4)       0.03       0.49 f
  core/U489/X (SAEDRVT14_NR2_MM_6)         0.03       0.51 r
  core/U497/X (SAEDRVT14_AOI21_1P5)        0.03       0.54 f
  core/U498/X (SAEDRVT14_OAI21_V1_8)       0.03       0.58 r
  core/U510/X (SAEDRVT14_ND2_5)            0.05       0.62 f
  core/out_data[0] (fu_cmp_dec)            0.00       0.62 f
  out_data[0] (out)                        0.00       0.62 f
  data arrival time                                   0.62

  max_delay                                0.62       0.62
  output external delay                    0.00       0.62
  data required time                                  0.62
  -----------------------------------------------------------
  data required time                                  0.62
  data arrival time                                  -0.62
  -----------------------------------------------------------
  slack (MET)                                         0.00


1
