 
****************************************
Report : area
Design : fu_cmp_c4
Version: Y-2026.03-SP1
Date   : Tue Sep  8 21:30:13 2026
****************************************

Library(s) Used:

    saed14rvt_base_tt0p8v25c (File: /mnt/nas0/eda.libs/saed14/EDK_03_2025/SAED14nm_EDK_STD_RVT/liberty/nldm/base/saed14rvt_base_tt0p8v25c.db)

Number of ports:                          412
Number of nets:                           766
Number of cells:                          426
Number of combinational cells:            425
Number of sequential cells:                 0
Number of macros/black boxes:               0
Number of buf/inv:                        127
Number of references:                       2

Combinational area:                144.122399
Buf/Inv area:                       25.618800
Noncombinational area:               0.000000
Macro/Black Box area:                0.000000
Net Interconnect area:             185.552590

Total cell area:                   144.122399
Total area:                        329.674989
1
