 
****************************************
Report : timing
        -path full
        -delay max
        -max_paths 1
Design : fu_cmp_c4
Version: Y-2026.03-SP1
Date   : Tue Sep  8 21:30:14 2026
****************************************

Operating Conditions: tt0p8v25c   Library: saed14rvt_base_tt0p8v25c
Wire Load Model Mode: top

  Startpoint: in_data_0[17]
              (input port)
  Endpoint: out_data[48]
            (output port)
  Path Group: default
  Path Type: max

  Des/Clust/Port     Wire Load Model       Library
  ------------------------------------------------
  fu_cmp_c4          8000                  saed14rvt_base_tt0p8v25c

  Point                                    Incr       Path
  -----------------------------------------------------------
  input external delay                     0.00       0.00 f
  in_data_0[17] (in)                       0.00       0.00 f
  core/in_data_0[17] (fu_cmp_dec)          0.00       0.00 f
  core/U328/X (SAEDRVT14_INV_S_1)          0.03       0.03 r
  core/U43/X (SAEDRVT14_OAI22_1)           0.06       0.09 f
  core/U277/X (SAEDRVT14_AOI21_0P5)        0.06       0.15 r
  core/U168/X (SAEDRVT14_OA22_0P75)        0.04       0.19 r
  core/U288/X (SAEDRVT14_OAI22_1)          0.03       0.22 f
  core/U19/X (SAEDRVT14_OAI22_0P75)        0.05       0.27 r
  core/U337/X (SAEDRVT14_AOI21_1)          0.07       0.34 f
  core/U338/X (SAEDRVT14_MUXI2_1)          0.05       0.39 r
  core/U339/X (SAEDRVT14_OAI21_V1_4)       0.04       0.43 f
  core/U349/X (SAEDRVT14_AOI21_4)          0.05       0.48 r
  core/U354/X (SAEDRVT14_OAI21_V1_4)       0.05       0.54 f
  core/U357/X (SAEDRVT14_AOI21_1P5)        0.04       0.58 r
  core/U358/X (SAEDRVT14_OAI21_V1_8)       0.03       0.61 f
  core/U361/X (SAEDRVT14_AOI21_3)          0.06       0.68 r
  core/U362/X (SAEDRVT14_OAI22_1P5)        0.04       0.72 f
  core/U363/X (SAEDRVT14_AOI21_V1_4)       0.05       0.77 r
  core/U7/X (SAEDRVT14_NR2_MM_4)           0.02       0.79 f
  core/U382/X (SAEDRVT14_AO21_4)           0.02       0.81 f
  core/U383/X (SAEDRVT14_OR2_MM_8)         0.02       0.83 f
  core/U384/X (SAEDRVT14_AOI21_8)          0.01       0.84 r
  core/U385/X (SAEDRVT14_OAI21_V1_4)       0.02       0.86 f
  core/U386/X (SAEDRVT14_BUF_16)           0.03       0.88 f
  core/U392/X (SAEDRVT14_AOI21_0P5)        0.05       0.94 r
  core/U52/X (SAEDRVT14_OAI21_V1_8)        0.06       1.00 f
  core/out_data[48] (fu_cmp_dec)           0.00       1.00 f
  out_data[48] (out)                       0.00       1.00 f
  data arrival time                                   1.00

  max_delay                                1.00       1.00
  output external delay                    0.00       1.00
  data required time                                  1.00
  -----------------------------------------------------------
  data required time                                  1.00
  data arrival time                                  -1.00
  -----------------------------------------------------------
  slack (MET)                                         0.00


1
