 
****************************************
Report : timing
        -path full
        -delay max
        -max_paths 1
Design : fu_fp_cmp_revised_shared64
Version: Y-2026.03-SP1
Date   : Mon Sep 14 22:45:39 2026
****************************************

Operating Conditions: tt0p8v25c   Library: saed14rvt_base_tt0p8v25c
Wire Load Model Mode: top

  Startpoint: in_data_1[63]
              (input port)
  Endpoint: out_data[1]
            (output port)
  Path Group: default
  Path Type: max

  Des/Clust/Port     Wire Load Model       Library
  ------------------------------------------------
  fu_fp_cmp_revised_shared64
                     8000                  saed14rvt_base_tt0p8v25c

  Point                                                   Incr       Path
  --------------------------------------------------------------------------
  input external delay                                    0.00       0.00 r
  in_data_1[63] (in)                                      0.00       0.00 r
  core_inst/in_data_1[63] (revised_fp_cmp_shared_core_SUPPORT_320_SUPPORT_160)
                                                          0.00       0.00 r
  core_inst/U415/X (SAEDRVT14_INV_S_20)                   0.01       0.01 f
  core_inst/U108/X (SAEDRVT14_INV_S_20)                   0.02       0.03 r
  core_inst/U228/X (SAEDRVT14_EN2_1)                      0.05       0.08 f
  core_inst/U68/X (SAEDRVT14_INV_0P75)                    0.04       0.12 r
  core_inst/U543/X (SAEDRVT14_NR2_MM_3)                   0.03       0.14 f
  core_inst/U111/X (SAEDRVT14_NR2_MM_6)                   0.02       0.16 r
  core_inst/U110/X (SAEDRVT14_OAI21_2)                    0.03       0.19 f
  core_inst/U559/X (SAEDRVT14_AOI21_V1_4)                 0.02       0.21 r
  core_inst/U560/X (SAEDRVT14_NR2_MM_4)                   0.02       0.23 f
  core_inst/U561/X (SAEDRVT14_AOI21_1P5)                  0.02       0.25 r
  core_inst/U97/X (SAEDRVT14_AOI21_3)                     0.03       0.28 f
  core_inst/U562/X (SAEDRVT14_OAI21_V1_4)                 0.02       0.30 r
  core_inst/U563/X (SAEDRVT14_AOI21_V1_6)                 0.02       0.32 f
  core_inst/U564/X (SAEDRVT14_OAI21_V1_4)                 0.02       0.34 r
  core_inst/U4/X (SAEDRVT14_ND2_3)                        0.01       0.35 f
  core_inst/U565/X (SAEDRVT14_AO21_4)                     0.03       0.38 f
  core_inst/U566/X (SAEDRVT14_INV_S_8)                    0.02       0.39 r
  core_inst/U593/X (SAEDRVT14_OAI21_V1_4)                 0.02       0.41 f
  core_inst/U595/X (SAEDRVT14_ND2_4)                      0.02       0.43 r
  core_inst/U596/X (SAEDRVT14_OAI21_V1_8)                 0.01       0.44 f
  core_inst/U597/X (SAEDRVT14_OAI21_V1_8)                 0.02       0.45 r
  core_inst/U601/X (SAEDRVT14_ND2_16)                     0.01       0.47 f
  core_inst/U604/X (SAEDRVT14_INV_S_20)                   0.02       0.49 r
  core_inst/U605/X (SAEDRVT14_INV_S_20)                   0.01       0.50 f
  core_inst/out_data[1] (revised_fp_cmp_shared_core_SUPPORT_320_SUPPORT_160)
                                                          0.00       0.50 f
  out_data[1] (out)                                       0.00       0.50 f
  data arrival time                                                  0.50

  max_delay                                               0.50       0.50
  output external delay                                   0.00       0.50
  data required time                                                 0.50
  --------------------------------------------------------------------------
  data required time                                                 0.50
  data arrival time                                                 -0.50
  --------------------------------------------------------------------------
  slack (MET)                                                        0.00


1
