 
****************************************
Report : area
Design : fu_rounding_g3
Version: Y-2026.03-SP1
Date   : Wed Sep 30 18:43:50 2026
****************************************

Library(s) Used:

    saed14rvt_base_tt0p8v25c (File: /mnt/nas0/eda.libs/saed14/EDK_03_2025/SAED14nm_EDK_STD_RVT/liberty/nldm/base/saed14rvt_base_tt0p8v25c.db)

Number of ports:                          278
Number of nets:                          3540
Number of cells:                         3331
Number of combinational cells:           3330
Number of sequential cells:                 0
Number of macros/black boxes:               0
Number of buf/inv:                        682
Number of references:                       1

Combinational area:               2134.840787
Buf/Inv area:                      292.107596
Noncombinational area:               0.000000
Macro/Black Box area:                0.000000
Net Interconnect area:            1219.339502

Total cell area:                  2134.840787
Total area:                       3354.180289
1
