 
****************************************
Report : timing
        -path full
        -delay max
        -max_paths 1
Design : fu_fp_minmax_revised_32_16
Version: Y-2026.03-SP1
Date   : Tue Sep 29 17:02:12 2026
****************************************

Operating Conditions: tt0p8v25c   Library: saed14rvt_base_tt0p8v25c
Wire Load Model Mode: top

  Startpoint: in_data_1[2]
              (input port)
  Endpoint: out_data[22]
            (output port)
  Path Group: default
  Path Type: max

  Des/Clust/Port     Wire Load Model       Library
  ------------------------------------------------
  fu_fp_minmax_revised_32_16
                     8000                  saed14rvt_base_tt0p8v25c

  Point                                                   Incr       Path
  --------------------------------------------------------------------------
  input external delay                                    0.00       0.00 f
  in_data_1[2] (in)                                       0.00       0.00 f
  core/in_data_1[2] (fu_fp_min_max_dec_W32_MIN_LANE_W16)
                                                          0.00       0.00 f
  core/U25/X (SAEDRVT14_INV_S_0P5)                        0.05       0.05 r
  core/U75/X (SAEDRVT14_OAI22_1)                          0.05       0.10 f
  core/U77/X (SAEDRVT14_OAI22_1)                          0.04       0.15 r
  core/U78/X (SAEDRVT14_OAI21_4)                          0.03       0.17 f
  core/U79/X (SAEDRVT14_OAI21_4)                          0.03       0.20 r
  core/U81/X (SAEDRVT14_OAI21_V1_4)                       0.02       0.22 f
  core/U82/X (SAEDRVT14_AO21B_0P5)                        0.03       0.25 r
  core/U83/X (SAEDRVT14_OAI21_0P5)                        0.05       0.30 f
  core/U84/X (SAEDRVT14_OAI21_4)                          0.04       0.33 r
  core/U86/X (SAEDRVT14_OAI21_3)                          0.02       0.35 f
  core/U87/X (SAEDRVT14_AO21B_0P5)                        0.07       0.42 r
  core/U88/X (SAEDRVT14_NR2_MM_1)                         0.05       0.47 f
  core/U91/X (SAEDRVT14_OAI21_0P5)                        0.04       0.50 r
  core/U95/X (SAEDRVT14_AO221_4)                          0.03       0.53 r
  core/U96/X (SAEDRVT14_OAI21_2)                          0.02       0.55 f
  core/U33/X (SAEDRVT14_AOI21_1P5)                        0.03       0.58 r
  core/U97/X (SAEDRVT14_OAI21_2)                          0.03       0.61 f
  core/U98/X (SAEDRVT14_AN2_4)                            0.02       0.63 f
  core/U105/X (SAEDRVT14_OR4_2)                           0.03       0.66 f
  core/U106/X (SAEDRVT14_OR4_2)                           0.03       0.69 f
  core/U107/X (SAEDRVT14_NR2_MM_4)                        0.02       0.71 r
  core/U131/X (SAEDRVT14_OAI21_V1_8)                      0.02       0.72 f
  core/U132/X (SAEDRVT14_ND2_8)                           0.02       0.74 r
  core/U133/X (SAEDRVT14_ND2_8)                           0.01       0.75 f
  core/U134/X (SAEDRVT14_OAI21_V1_8)                      0.01       0.76 r
  core/U172/X (SAEDRVT14_EO2_4)                           0.08       0.84 r
  core/U173/X (SAEDRVT14_INV_S_16)                        0.04       0.88 f
  core/U202/X (SAEDRVT14_ND2_MM_16)                       0.03       0.90 r
  core/U207/X (SAEDRVT14_INV_S_20)                        0.01       0.91 f
  core/U208/X (SAEDRVT14_AOI21_0P5)                       0.03       0.95 r
  core/U209/X (SAEDRVT14_OAI21_0P5)                       0.05       1.00 f
  core/out_data[22] (fu_fp_min_max_dec_W32_MIN_LANE_W16)
                                                          0.00       1.00 f
  out_data[22] (out)                                      0.00       1.00 f
  data arrival time                                                  1.00

  max_delay                                               1.00       1.00
  output external delay                                   0.00       1.00
  data required time                                                 1.00
  --------------------------------------------------------------------------
  data required time                                                 1.00
  data arrival time                                                 -1.00
  --------------------------------------------------------------------------
  slack (MET)                                                        0.00


1
