 
****************************************
Report : timing
        -path full
        -delay max
        -max_paths 1
Design : fu_min_max_32x2
Version: Y-2026.03-SP1
Date   : Tue Sep  8 23:39:18 2026
****************************************

Operating Conditions: tt0p8v25c   Library: saed14rvt_base_tt0p8v25c
Wire Load Model Mode: top

  Startpoint: in_data_0[63]
              (input port)
  Endpoint: out_data[33]
            (output port)
  Path Group: default
  Path Type: max

  Des/Clust/Port     Wire Load Model       Library
  ------------------------------------------------
  fu_min_max_32x2    8000                  saed14rvt_base_tt0p8v25c

  Point                                    Incr       Path
  -----------------------------------------------------------
  input external delay                     0.00       0.00 f
  in_data_0[63] (in)                       0.00       0.00 f
  U287/X (SAEDRVT14_EN2_4)                 0.03       0.03 r
  U213/X (SAEDRVT14_NR2_MM_12)             0.01       0.04 f
  U214/X (SAEDRVT14_NR2_MM_16)             0.01       0.05 r
  U238/X (SAEDRVT14_ND2_MM_16)             0.01       0.06 f
  U316/X (SAEDRVT14_NR2_MM_16)             0.01       0.07 r
  U313/X (SAEDRVT14_OAI21_V1_8)            0.01       0.08 f
  U300/X (SAEDRVT14_ND2_MM_10)             0.01       0.09 r
  U172/X (SAEDRVT14_NR2_MM_16)             0.01       0.10 f
  U317/X (SAEDRVT14_EN2_4)                 0.03       0.12 r
  U167/X (SAEDRVT14_INV_S_16)              0.01       0.13 f
  U233/X (SAEDRVT14_INV_S_20)              0.01       0.15 r
  U413/X (SAEDRVT14_MUX2_MM_2)             0.02       0.17 f
  out_data[33] (out)                       0.00       0.17 f
  data arrival time                                   0.17

  max_delay                                0.01       0.01
  output external delay                    0.00       0.01
  data required time                                  0.01
  -----------------------------------------------------------
  data required time                                  0.01
  data arrival time                                  -0.17
  -----------------------------------------------------------
  slack (VIOLATED)                                   -0.16


1
