 
****************************************
Report : area
Design : fu_min_max_32x2
Version: Y-2026.03-SP1
Date   : Tue Sep  8 23:39:18 2026
****************************************

Library(s) Used:

    saed14rvt_base_tt0p8v25c (File: /mnt/nas0/eda.libs/saed14/EDK_03_2025/SAED14nm_EDK_STD_RVT/liberty/nldm/base/saed14rvt_base_tt0p8v25c.db)

Number of ports:                          203
Number of nets:                           562
Number of cells:                          428
Number of combinational cells:            428
Number of sequential cells:                 0
Number of macros/black boxes:               0
Number of buf/inv:                         90
Number of references:                      49

Combinational area:                358.263592
Buf/Inv area:                       85.247996
Noncombinational area:               0.000000
Macro/Black Box area:                0.000000
Net Interconnect area:             153.262811

Total cell area:                   358.263592
Total area:                        511.526402
1
