 
****************************************
Report : area
Design : fu_rounding_g2
Version: Y-2026.03-SP1
Date   : Wed Sep 30 18:32:45 2026
****************************************

Library(s) Used:

    saed14rvt_base_tt0p8v25c (File: /mnt/nas0/eda.libs/saed14/EDK_03_2025/SAED14nm_EDK_STD_RVT/liberty/nldm/base/saed14rvt_base_tt0p8v25c.db)

Number of ports:                          277
Number of nets:                          2701
Number of cells:                         2476
Number of combinational cells:           2475
Number of sequential cells:                 0
Number of macros/black boxes:               0
Number of buf/inv:                        543
Number of references:                       1

Combinational area:               1066.487997
Buf/Inv area:                      169.563598
Noncombinational area:               0.000000
Macro/Black Box area:                0.000000
Net Interconnect area:             910.006289

Total cell area:                  1066.487997
Total area:                       1976.494286
1
