 
****************************************
Report : timing
        -path full
        -delay max
        -max_paths 1
Design : fu_min_max_m4
Version: Y-2026.03-SP1
Date   : Tue Sep  8 21:27:21 2026
****************************************

Operating Conditions: tt0p8v25c   Library: saed14rvt_base_tt0p8v25c
Wire Load Model Mode: top

  Startpoint: in_data_1[34]
              (input port)
  Endpoint: out_data[19]
            (output port)
  Path Group: default
  Path Type: max

  Des/Clust/Port     Wire Load Model       Library
  ------------------------------------------------
  fu_min_max_m4      8000                  saed14rvt_base_tt0p8v25c

  Point                                                   Incr       Path
  --------------------------------------------------------------------------
  input external delay                                    0.00       0.00 r
  in_data_1[34] (in)                                      0.00       0.00 r
  core/in_data_1[34] (fu_min_max_dec_EN321_EN161)         0.00       0.00 r
  core/U329/X (SAEDRVT14_INV_4)                           0.01       0.01 f
  core/U45/X (SAEDRVT14_NR2_MM_1)                         0.03       0.04 r
  core/U330/X (SAEDRVT14_NR2_MM_4)                        0.02       0.06 f
  core/U40/X (SAEDRVT14_INV_S_1P5)                        0.02       0.08 r
  core/U350/X (SAEDRVT14_NR2_1P5)                         0.02       0.10 f
  core/U47/X (SAEDRVT14_OAI21_2)                          0.02       0.12 r
  core/U355/X (SAEDRVT14_AOI21_0P5)                       0.03       0.16 f
  core/U357/X (SAEDRVT14_OAI21_2)                         0.03       0.19 r
  core/U24/X (SAEDRVT14_AOI21_V1_4)                       0.02       0.21 f
  core/U364/X (SAEDRVT14_OAI21_V1_4)                      0.02       0.23 r
  core/U16/X (SAEDRVT14_AOI21_V1_6)                       0.02       0.25 f
  core/U367/X (SAEDRVT14_OAI21_V1_4)                      0.02       0.27 r
  core/U14/X (SAEDRVT14_AOI21_V1_6)                       0.02       0.29 f
  core/U49/X (SAEDRVT14_NR2_MM_8)                         0.01       0.30 r
  core/U393/X (SAEDRVT14_OAI21_V1_4)                      0.02       0.32 f
  core/U394/X (SAEDRVT14_NR2_MM_10)                       0.02       0.34 r
  core/U13/X (SAEDRVT14_NR2_MM_4)                         0.02       0.36 f
  core/U418/X (SAEDRVT14_NR2_MM_4)                        0.01       0.37 r
  core/U50/X (SAEDRVT14_EN2_1P5)                          0.03       0.40 f
  core/U11/X (SAEDRVT14_INV_3)                            0.02       0.43 r
  core/U85/X (SAEDRVT14_BUF_12)                           0.03       0.45 r
  core/U224/X (SAEDRVT14_MUXI2_U_0P5)                     0.05       0.50 r
  core/out_data[19] (fu_min_max_dec_EN321_EN161)          0.00       0.50 r
  out_data[19] (out)                                      0.00       0.50 r
  data arrival time                                                  0.50

  max_delay                                               0.50       0.50
  output external delay                                   0.00       0.50
  data required time                                                 0.50
  --------------------------------------------------------------------------
  data required time                                                 0.50
  data arrival time                                                 -0.50
  --------------------------------------------------------------------------
  slack (MET)                                                        0.00


1
