 
****************************************
Report : area
Design : fu_min_max_m4
Version: Y-2026.03-SP1
Date   : Tue Sep  8 21:27:21 2026
****************************************

Library(s) Used:

    saed14rvt_base_tt0p8v25c (File: /mnt/nas0/eda.libs/saed14/EDK_03_2025/SAED14nm_EDK_STD_RVT/liberty/nldm/base/saed14rvt_base_tt0p8v25c.db)

Number of ports:                          414
Number of nets:                           764
Number of cells:                          420
Number of combinational cells:            419
Number of sequential cells:                 0
Number of macros/black boxes:               0
Number of buf/inv:                        128
Number of references:                       1

Combinational area:                141.902400
Buf/Inv area:                       30.857999
Noncombinational area:               0.000000
Macro/Black Box area:                0.000000
Net Interconnect area:             157.714149

Total cell area:                   141.902400
Total area:                        299.616549
1
