****************************************
Report : Averaged Power
Design : fu_mult_64
Version: Y-2026.03-SP1
Date   : Wed Sep 30 18:56:36 2026
****************************************



  Attributes
  ----------
      i  -  Including register clock pin internal power
      u  -  User defined power group

                        Internal  Switching  Leakage    Total
Power Group             Power     Power      Power      Power   (     %)  Attrs
--------------------------------------------------------------------------------
clock_network              0.0000    0.0000    0.0000    0.0000 ( 0.00%)  i
register                   0.0000    0.0000    0.0000    0.0000 ( 0.00%)  
combinational           4.127e-03    0.0184 1.098e-06    0.0225 (100.00%) 
sequential                 0.0000    0.0000    0.0000    0.0000 ( 0.00%)  
memory                     0.0000    0.0000    0.0000    0.0000 ( 0.00%)  
io_pad                     0.0000    0.0000    0.0000    0.0000 ( 0.00%)  
black_box                  0.0000    0.0000    0.0000    0.0000 ( 0.00%)  

  Net Switching Power  =    0.0184   (81.65%)
  Cell Internal Power  = 4.127e-03   (18.35%)
  Cell Leakage Power   = 1.098e-06   ( 0.00%)
                         ---------
Total Power            =    0.0225  (100.00%)

1
