 
****************************************
Report : area
Design : fu_min_max_m4
Version: Y-2026.03-SP1
Date   : Tue Sep  8 21:26:51 2026
****************************************

Library(s) Used:

    saed14rvt_base_tt0p8v25c (File: /mnt/nas0/eda.libs/saed14/EDK_03_2025/SAED14nm_EDK_STD_RVT/liberty/nldm/base/saed14rvt_base_tt0p8v25c.db)

Number of ports:                          414
Number of nets:                           734
Number of cells:                          390
Number of combinational cells:            389
Number of sequential cells:                 0
Number of macros/black boxes:               0
Number of buf/inv:                        153
Number of references:                       1

Combinational area:                120.190798
Buf/Inv area:                       34.987199
Noncombinational area:               0.000000
Macro/Black Box area:                0.000000
Net Interconnect area:             176.721941

Total cell area:                   120.190798
Total area:                        296.912739
1
