****************************************
Report : Averaged Power
Design : fu_fp_min_max_m2
Version: Y-2026.03-SP1
Date   : Wed Sep 30 18:51:15 2026
****************************************



  Attributes
  ----------
      i  -  Including register clock pin internal power
      u  -  User defined power group

                        Internal  Switching  Leakage    Total
Power Group             Power     Power      Power      Power   (     %)  Attrs
--------------------------------------------------------------------------------
clock_network              0.0000    0.0000    0.0000    0.0000 ( 0.00%)  i
register                   0.0000    0.0000    0.0000    0.0000 ( 0.00%)  
combinational           2.408e-04 1.897e-03 7.444e-08 2.138e-03 (100.00%) 
sequential                 0.0000    0.0000    0.0000    0.0000 ( 0.00%)  
memory                     0.0000    0.0000    0.0000    0.0000 ( 0.00%)  
io_pad                     0.0000    0.0000    0.0000    0.0000 ( 0.00%)  
black_box                  0.0000    0.0000    0.0000    0.0000 ( 0.00%)  

  Net Switching Power  = 1.897e-03   (88.73%)
  Cell Internal Power  = 2.408e-04   (11.26%)
  Cell Leakage Power   = 7.444e-08   ( 0.00%)
                         ---------
Total Power            = 2.138e-03  (100.00%)

1
