 
****************************************
Report : timing
        -path full
        -delay max
        -max_paths 1
Design : fu_min_max_m2
Version: Y-2026.03-SP1
Date   : Wed Sep 30 18:16:41 2026
****************************************

Operating Conditions: tt0p8v25c   Library: saed14rvt_base_tt0p8v25c
Wire Load Model Mode: top

  Startpoint: in_data_0[1]
              (input port)
  Endpoint: out_data[35]
            (output port)
  Path Group: default
  Path Type: max

  Des/Clust/Port     Wire Load Model       Library
  ------------------------------------------------
  fu_min_max_m2      8000                  saed14rvt_base_tt0p8v25c

  Point                                                   Incr       Path
  --------------------------------------------------------------------------
  input external delay                                    0.00       0.00 f
  in_data_0[1] (in)                                       0.00       0.00 f
  core/in_data_0[1] (fu_min_max_dec_EN321_EN160)          0.00       0.00 f
  core/U99/X (SAEDRVT14_INV_4)                            0.01       0.01 r
  core/U47/X (SAEDRVT14_OA22_0P75)                        0.03       0.04 r
  core/U45/X (SAEDRVT14_OAI22_1)                          0.03       0.07 f
  core/U103/X (SAEDRVT14_AO21_4)                          0.03       0.10 f
  core/U42/X (SAEDRVT14_ND2_1)                            0.02       0.13 r
  core/U52/X (SAEDRVT14_ND2_8)                            0.01       0.14 f
  core/U51/X (SAEDRVT14_OA21_4)                           0.03       0.16 f
  core/U111/X (SAEDRVT14_OAI21_V1_4)                      0.01       0.18 r
  core/U112/X (SAEDRVT14_AO21B_0P5)                       0.07       0.24 f
  core/U40/X (SAEDRVT14_OAI21_3)                          0.03       0.28 r
  core/U114/X (SAEDRVT14_AO21B_0P5)                       0.07       0.35 f
  core/U36/X (SAEDRVT14_OAI21_V1_4)                       0.03       0.37 r
  core/U116/X (SAEDRVT14_AO21B_0P5)                       0.04       0.42 f
  core/U117/X (SAEDRVT14_AOI21_V1_4)                      0.02       0.44 r
  core/U121/X (SAEDRVT14_OA21_4)                          0.03       0.46 r
  core/U126/X (SAEDRVT14_OAI22_4)                         0.02       0.48 f
  core/U60/X (SAEDRVT14_AOI21_8)                          0.01       0.49 r
  core/U130/X (SAEDRVT14_OA22_4)                          0.04       0.53 r
  core/U131/X (SAEDRVT14_NR2_MM_4)                        0.01       0.55 f
  core/U161/X (SAEDRVT14_OAI21_V1_4)                      0.02       0.56 r
  core/U198/X (SAEDRVT14_AN2_8)                           0.02       0.58 r
  core/U33/X (SAEDRVT14_NR2_MM_6)                         0.01       0.59 f
  core/U261/X (SAEDRVT14_AO32_2)                          0.03       0.62 f
  core/U262/X (SAEDRVT14_OAI22_4)                         0.02       0.64 r
  core/U263/X (SAEDRVT14_NR2_MM_3)                        0.03       0.67 f
  core/U278/X (SAEDRVT14_OAI21_V1_4)                      0.02       0.69 r
  core/U53/X (SAEDRVT14_OAI21_V1_8)                       0.03       0.72 f
  core/U295/X (SAEDRVT14_OAI21_V1_4)                      0.02       0.74 r
  core/U296/X (SAEDRVT14_AOI21_V1_6)                      0.03       0.77 f
  core/U69/X (SAEDRVT14_AOI21_6)                          0.04       0.81 r
  core/U30/X (SAEDRVT14_INV_S_2)                          0.02       0.83 f
  core/U302/X (SAEDRVT14_BUF_6)                           0.02       0.85 f
  core/U90/X (SAEDRVT14_INV_S_2)                          0.08       0.93 r
  core/U22/X (SAEDRVT14_OR2_0P75)                         0.05       0.98 r
  core/U54/X (SAEDRVT14_OAI21_V1_4)                       0.02       1.00 f
  core/out_data[35] (fu_min_max_dec_EN321_EN160)          0.00       1.00 f
  out_data[35] (out)                                      0.00       1.00 f
  data arrival time                                                  1.00

  max_delay                                               1.00       1.00
  output external delay                                   0.00       1.00
  data required time                                                 1.00
  --------------------------------------------------------------------------
  data required time                                                 1.00
  data arrival time                                                 -1.00
  --------------------------------------------------------------------------
  slack (MET)                                                        0.00


1
