****************************************
Report : Averaged Power
Design : fu_fp_min_max_m3
Version: Y-2026.03-SP1
Date   : Wed Sep 30 18:51:27 2026
****************************************



  Attributes
  ----------
      i  -  Including register clock pin internal power
      u  -  User defined power group

                        Internal  Switching  Leakage    Total
Power Group             Power     Power      Power      Power   (     %)  Attrs
--------------------------------------------------------------------------------
clock_network              0.0000    0.0000    0.0000    0.0000 ( 0.00%)  i
register                   0.0000    0.0000    0.0000    0.0000 ( 0.00%)  
combinational           3.155e-04 2.025e-03 9.674e-08 2.341e-03 (100.00%) 
sequential                 0.0000    0.0000    0.0000    0.0000 ( 0.00%)  
memory                     0.0000    0.0000    0.0000    0.0000 ( 0.00%)  
io_pad                     0.0000    0.0000    0.0000    0.0000 ( 0.00%)  
black_box                  0.0000    0.0000    0.0000    0.0000 ( 0.00%)  

  Net Switching Power  = 2.025e-03   (86.52%)
  Cell Internal Power  = 3.155e-04   (13.48%)
  Cell Leakage Power   = 9.674e-08   ( 0.00%)
                         ---------
Total Power            = 2.341e-03  (100.00%)

1
