 
****************************************
Report : area
Design : fu_cmp_c8
Version: Y-2026.03-SP1
Date   : Tue Sep 15 23:14:19 2026
****************************************

Library(s) Used:

    saed14rvt_base_tt0p8v25c (File: /mnt/nas0/eda.libs/saed14/EDK_03_2025/SAED14nm_EDK_STD_RVT/liberty/nldm/base/saed14rvt_base_tt0p8v25c.db)

Number of ports:                          412
Number of nets:                           766
Number of cells:                          425
Number of combinational cells:            424
Number of sequential cells:                 0
Number of macros/black boxes:               0
Number of buf/inv:                        127
Number of references:                       1

Combinational area:                145.853999
Buf/Inv area:                       27.261600
Noncombinational area:               0.000000
Macro/Black Box area:                0.000000
Net Interconnect area:             184.640674

Total cell area:                   145.853999
Total area:                        330.494673
1
