 
****************************************
Report : timing
        -path full
        -delay max
        -max_paths 1
Design : fu_barrel_shift_32x2
Version: Y-2026.03-SP1
Date   : Wed Sep 30 12:21:14 2026
****************************************

Operating Conditions: tt0p8v25c   Library: saed14rvt_base_tt0p8v25c
Wire Load Model Mode: top

  Startpoint: shift_op[0]
              (input port)
  Endpoint: out_data[31]
            (output port)
  Path Group: default
  Path Type: max

  Des/Clust/Port     Wire Load Model       Library
  ------------------------------------------------
  fu_barrel_shift_32x2
                     8000                  saed14rvt_base_tt0p8v25c

  Point                                    Incr       Path
  -----------------------------------------------------------
  input external delay                     0.00       0.00 r
  shift_op[0] (in)                         0.00       0.00 r
  U204/X (SAEDRVT14_INV_S_20)              0.00       0.00 f
  U128/X (SAEDRVT14_ND2_MM_10)             0.01       0.01 r
  U205/X (SAEDRVT14_OAI21_V1_8)            0.02       0.03 f
  U206/X (SAEDRVT14_BUF_20)                0.03       0.06 f
  U207/X (SAEDRVT14_ND2_CDC_1)             0.02       0.08 r
  U208/X (SAEDRVT14_MUXI2_2)               0.06       0.13 r
  U145/X (SAEDRVT14_OR3_1)                 0.22       0.36 r
  U146/X (SAEDRVT14_BUF_1)                 0.20       0.56 r
  U119/X (SAEDRVT14_OAI22_0P75)            0.09       0.65 f
  U332/X (SAEDRVT14_OR4_1)                 0.04       0.69 f
  U333/X (SAEDRVT14_AOI21_0P5)             0.14       0.83 r
  U796/X (SAEDRVT14_OAI22_1)               0.08       0.91 f
  U57/X (SAEDRVT14_NR2_MM_1)               0.05       0.97 r
  U42/X (SAEDRVT14_ND2_CDC_1)              0.03       1.00 f
  out_data[31] (out)                       0.00       1.00 f
  data arrival time                                   1.00

  max_delay                                1.00       1.00
  output external delay                    0.00       1.00
  data required time                                  1.00
  -----------------------------------------------------------
  data required time                                  1.00
  data arrival time                                  -1.00
  -----------------------------------------------------------
  slack (MET)                                         0.00


1
