 
****************************************
Report : area
Design : fu_barrel_shift_32x2
Version: Y-2026.03-SP1
Date   : Wed Sep 30 12:21:14 2026
****************************************

Library(s) Used:

    saed14rvt_base_tt0p8v25c (File: /mnt/nas0/eda.libs/saed14/EDK_03_2025/SAED14nm_EDK_STD_RVT/liberty/nldm/base/saed14rvt_base_tt0p8v25c.db)

Number of ports:                          202
Number of nets:                           967
Number of cells:                          885
Number of combinational cells:            885
Number of sequential cells:                 0
Number of macros/black boxes:               0
Number of buf/inv:                        155
Number of references:                      53

Combinational area:                263.691596
Buf/Inv area:                       38.317199
Noncombinational area:               0.000000
Macro/Black Box area:                0.000000
Net Interconnect area:             575.048637

Total cell area:                   263.691596
Total area:                        838.740233
1
