****************************************
Report : Averaged Power
Design : fu_cmp_64
Version: Y-2026.03-SP1
Date   : Wed Sep 30 18:47:54 2026
****************************************



  Attributes
  ----------
      i  -  Including register clock pin internal power
      u  -  User defined power group

                        Internal  Switching  Leakage    Total
Power Group             Power     Power      Power      Power   (     %)  Attrs
--------------------------------------------------------------------------------
clock_network              0.0000    0.0000    0.0000    0.0000 ( 0.00%)  i
register                   0.0000    0.0000    0.0000    0.0000 ( 0.00%)  
combinational           4.496e-05 4.825e-04 2.788e-08 5.274e-04 (100.00%) 
sequential                 0.0000    0.0000    0.0000    0.0000 ( 0.00%)  
memory                     0.0000    0.0000    0.0000    0.0000 ( 0.00%)  
io_pad                     0.0000    0.0000    0.0000    0.0000 ( 0.00%)  
black_box                  0.0000    0.0000    0.0000    0.0000 ( 0.00%)  

  Net Switching Power  = 4.825e-04   (91.47%)
  Cell Internal Power  = 4.496e-05   ( 8.52%)
  Cell Leakage Power   = 2.788e-08   ( 0.01%)
                         ---------
Total Power            = 5.274e-04  (100.00%)

1
