****************************************
Report : Averaged Power
Design : fu_fp_cmp_64
Version: Y-2026.03-SP1
Date   : Wed Sep 30 18:50:27 2026
****************************************



  Attributes
  ----------
      i  -  Including register clock pin internal power
      u  -  User defined power group

                        Internal  Switching  Leakage    Total
Power Group             Power     Power      Power      Power   (     %)  Attrs
--------------------------------------------------------------------------------
clock_network              0.0000    0.0000    0.0000    0.0000 ( 0.00%)  i
register                   0.0000    0.0000    0.0000    0.0000 ( 0.00%)  
combinational           6.766e-05 5.965e-04 3.890e-08 6.642e-04 (100.00%) 
sequential                 0.0000    0.0000    0.0000    0.0000 ( 0.00%)  
memory                     0.0000    0.0000    0.0000    0.0000 ( 0.00%)  
io_pad                     0.0000    0.0000    0.0000    0.0000 ( 0.00%)  
black_box                  0.0000    0.0000    0.0000    0.0000 ( 0.00%)  

  Net Switching Power  = 5.965e-04   (89.81%)
  Cell Internal Power  = 6.766e-05   (10.19%)
  Cell Leakage Power   = 3.890e-08   ( 0.01%)
                         ---------
Total Power            = 6.642e-04  (100.00%)

1
