 
****************************************
Report : area
Design : fu_cmp_64
Version: Y-2026.03-SP1
Date   : Wed Sep 30 18:20:38 2026
****************************************

Library(s) Used:

    saed14rvt_base_tt0p8v25c (File: /mnt/nas0/eda.libs/saed14/EDK_03_2025/SAED14nm_EDK_STD_RVT/liberty/nldm/base/saed14rvt_base_tt0p8v25c.db)

Number of ports:                          204
Number of nets:                           442
Number of cells:                          307
Number of combinational cells:            307
Number of sequential cells:                 0
Number of macros/black boxes:               0
Number of buf/inv:                         71
Number of references:                      39

Combinational area:                 93.195600
Buf/Inv area:                       13.675200
Noncombinational area:               0.000000
Macro/Black Box area:                0.000000
Net Interconnect area:             135.326840

Total cell area:                    93.195600
Total area:                        228.522440
1
