 
****************************************
Report : timing
        -path full
        -delay max
        -max_paths 1
Design : fu_add_sub_minmax_d4
Version: Y-2026.03-SP1
Date   : Thu Oct  1 18:28:53 2026
****************************************

Operating Conditions: tt0p8v25c   Library: saed14rvt_base_tt0p8v25c
Wire Load Model Mode: top

  Startpoint: op_sel[0] (input port)
  Endpoint: out_data[27]
            (output port)
  Path Group: default
  Path Type: max

  Des/Clust/Port     Wire Load Model       Library
  ------------------------------------------------
  fu_add_sub_minmax_d4
                     8000                  saed14rvt_base_tt0p8v25c

  Point                                                   Incr       Path
  --------------------------------------------------------------------------
  input external delay                                    0.00       0.00 f
  op_sel[0] (in)                                          0.00       0.00 f
  core/op_sel[0] (fu_add_sub_minmax_dec_EN321_EN161_EN80)
                                                          0.00       0.00 f
  core/segmented/op_sel[0] (fu_add_sub_segmented_1_1_0)
                                                          0.00       0.00 f
  core/segmented/U569/X (SAEDRVT14_NR2_MM_16)             0.01       0.01 r
  core/segmented/U568/X (SAEDRVT14_INV_S_20)              0.01       0.02 f
  core/segmented/U518/X (SAEDRVT14_BUF_20)                0.02       0.04 f
  core/segmented/U619/X (SAEDRVT14_EN2_4)                 0.02       0.06 f
  core/segmented/U140/X (SAEDRVT14_BUF_10)                0.02       0.08 f
  core/segmented/U517/X (SAEDRVT14_ND2_MM_10)             0.01       0.09 r
  core/segmented/U623/X (SAEDRVT14_OAI21_V1_8)            0.02       0.11 f
  core/segmented/U184/X (SAEDRVT14_AOI21_4)               0.02       0.13 r
  core/segmented/U564/X (SAEDRVT14_OA21_4)                0.03       0.16 r
  core/segmented/U520/X (SAEDRVT14_ND2_16)                0.01       0.17 f
  core/segmented/U519/X (SAEDRVT14_ND2_MM_16)             0.01       0.17 r
  core/segmented/U166/X (SAEDRVT14_NR2_MM_16)             0.01       0.18 f
  core/segmented/U465/X (SAEDRVT14_NR2_MM_16)             0.01       0.19 r
  core/segmented/U513/X (SAEDRVT14_OAI21_V1_8)            0.02       0.21 f
  core/segmented/U526/X (SAEDRVT14_ND2_MM_10)             0.01       0.22 r
  core/segmented/U540/X (SAEDRVT14_ND2_16)                0.01       0.23 f
  core/segmented/U466/X (SAEDRVT14_ND2_16)                0.01       0.24 r
  core/segmented/U523/X (SAEDRVT14_AN2_MM_20)             0.02       0.26 r
  core/segmented/U500/X (SAEDRVT14_NR2_MM_16)             0.01       0.27 f
  core/segmented/U472/X (SAEDRVT14_NR2_MM_16)             0.01       0.28 r
  core/segmented/U464/X (SAEDRVT14_NR2_MM_16)             0.01       0.28 f
  core/segmented/U470/X (SAEDRVT14_NR2_MM_16)             0.02       0.30 r
  core/segmented/U549/X (SAEDRVT14_NR2_MM_10)             0.01       0.31 f
  core/segmented/U547/X (SAEDRVT14_NR2_MM_8)              0.01       0.32 r
  core/segmented/U744/X (SAEDRVT14_EN2_3)                 0.03       0.35 f
  core/segmented/sum_out[57] (fu_add_sub_segmented_1_1_0)
                                                          0.00       0.35 f
  core/U72/X (SAEDRVT14_OR2_4)                            0.02       0.37 f
  core/U247/X (SAEDRVT14_NR2_MM_12)                       0.01       0.38 r
  core/U303/X (SAEDRVT14_ND2_16)                          0.01       0.38 f
  core/U269/X (SAEDRVT14_NR2_MM_16)                       0.01       0.39 r
  core/U268/X (SAEDRVT14_ND2_MM_16)                       0.01       0.41 f
  core/U318/X (SAEDRVT14_ND2_MM_16)                       0.01       0.42 r
  core/U317/X (SAEDRVT14_ND2_16)                          0.01       0.43 f
  core/U367/X (SAEDRVT14_NR2_MM_16)                       0.01       0.44 r
  core/U326/X (SAEDRVT14_NR2_MM_16)                       0.01       0.45 f
  core/U328/X (SAEDRVT14_INV_S_8)                         0.01       0.47 r
  core/U305/X (SAEDRVT14_INV_S_20)                        0.01       0.48 f
  core/U442/X (SAEDRVT14_AOI21_V1_6)                      0.01       0.49 r
  core/U443/X (SAEDRVT14_OAI21_V1_4)                      0.01       0.50 f
  core/out_data[27] (fu_add_sub_minmax_dec_EN321_EN161_EN80)
                                                          0.00       0.50 f
  out_data[27] (out)                                      0.00       0.50 f
  data arrival time                                                  0.50

  max_delay                                               0.50       0.50
  output external delay                                   0.00       0.50
  data required time                                                 0.50
  --------------------------------------------------------------------------
  data required time                                                 0.50
  data arrival time                                                 -0.50
  --------------------------------------------------------------------------
  slack (MET)                                                        0.00


1
