 
****************************************
Report : area
Design : fu_add_sub_minmax_d4
Version: Y-2026.03-SP1
Date   : Thu Oct  1 18:28:53 2026
****************************************

Library(s) Used:

    saed14rvt_base_tt0p8v25c (File: /mnt/nas0/eda.libs/saed14/EDK_03_2025/SAED14nm_EDK_STD_RVT/liberty/nldm/base/saed14rvt_base_tt0p8v25c.db)

Number of ports:                          651
Number of nets:                          1872
Number of cells:                         1320
Number of combinational cells:           1318
Number of sequential cells:                 0
Number of macros/black boxes:               0
Number of buf/inv:                        357
Number of references:                       1

Combinational area:                805.105193
Buf/Inv area:                      132.445198
Noncombinational area:               0.000000
Macro/Black Box area:                0.000000
Net Interconnect area:             461.954243

Total cell area:                   805.105193
Total area:                       1267.059436
1
