****************************************
Report : Averaged Power
Design : fu_min_max_m4
Version: Y-2026.03-SP1
Date   : Wed Sep 30 18:46:54 2026
****************************************



  Attributes
  ----------
      i  -  Including register clock pin internal power
      u  -  User defined power group

                        Internal  Switching  Leakage    Total
Power Group             Power     Power      Power      Power   (     %)  Attrs
--------------------------------------------------------------------------------
clock_network              0.0000    0.0000    0.0000    0.0000 ( 0.00%)  i
register                   0.0000    0.0000    0.0000    0.0000 ( 0.00%)  
combinational           2.567e-04 1.580e-03 5.921e-08 1.836e-03 (100.00%) 
sequential                 0.0000    0.0000    0.0000    0.0000 ( 0.00%)  
memory                     0.0000    0.0000    0.0000    0.0000 ( 0.00%)  
io_pad                     0.0000    0.0000    0.0000    0.0000 ( 0.00%)  
black_box                  0.0000    0.0000    0.0000    0.0000 ( 0.00%)  

  Net Switching Power  = 1.580e-03   (86.02%)
  Cell Internal Power  = 2.567e-04   (13.98%)
  Cell Leakage Power   = 5.921e-08   ( 0.00%)
                         ---------
Total Power            = 1.836e-03  (100.00%)

1
