****************************************
Report : Averaged Power
Design : fu_add_sub_8x8
Version: Y-2026.03-SP1
Date   : Wed Sep 30 18:46:23 2026
****************************************



  Attributes
  ----------
      i  -  Including register clock pin internal power
      u  -  User defined power group

                        Internal  Switching  Leakage    Total
Power Group             Power     Power      Power      Power   (     %)  Attrs
--------------------------------------------------------------------------------
clock_network              0.0000    0.0000    0.0000    0.0000 ( 0.00%)  i
register                   0.0000    0.0000    0.0000    0.0000 ( 0.00%)  
combinational           1.244e-04 4.797e-04 3.599e-08 6.042e-04 (100.00%) 
sequential                 0.0000    0.0000    0.0000    0.0000 ( 0.00%)  
memory                     0.0000    0.0000    0.0000    0.0000 ( 0.00%)  
io_pad                     0.0000    0.0000    0.0000    0.0000 ( 0.00%)  
black_box                  0.0000    0.0000    0.0000    0.0000 ( 0.00%)  

  Net Switching Power  = 4.797e-04   (79.40%)
  Cell Internal Power  = 1.244e-04   (20.59%)
  Cell Leakage Power   = 3.599e-08   ( 0.01%)
                         ---------
Total Power            = 6.042e-04  (100.00%)

1
