 
****************************************
Report : area
Design : fu_barrel_shift_16x4
Version: Y-2026.03-SP1
Date   : Wed Sep 30 18:26:58 2026
****************************************

Library(s) Used:

    saed14rvt_base_tt0p8v25c (File: /mnt/nas0/eda.libs/saed14/EDK_03_2025/SAED14nm_EDK_STD_RVT/liberty/nldm/base/saed14rvt_base_tt0p8v25c.db)

Number of ports:                          202
Number of nets:                           733
Number of cells:                          648
Number of combinational cells:            648
Number of sequential cells:                 0
Number of macros/black boxes:               0
Number of buf/inv:                        121
Number of references:                      61

Combinational area:                197.668797
Buf/Inv area:                       25.840800
Noncombinational area:               0.000000
Macro/Black Box area:                0.000000
Net Interconnect area:             430.248806

Total cell area:                   197.668797
Total area:                        627.917604
1
