****************************************
Report : Averaged Power
Design : fu_fp_min_max_32x2
Version: Y-2026.03-SP1
Date   : Wed Sep 30 18:51:39 2026
****************************************



  Attributes
  ----------
      i  -  Including register clock pin internal power
      u  -  User defined power group

                        Internal  Switching  Leakage    Total
Power Group             Power     Power      Power      Power   (     %)  Attrs
--------------------------------------------------------------------------------
clock_network              0.0000    0.0000    0.0000    0.0000 ( 0.00%)  i
register                   0.0000    0.0000    0.0000    0.0000 ( 0.00%)  
combinational           2.539e-04 2.152e-03 7.755e-08 2.406e-03 (100.00%) 
sequential                 0.0000    0.0000    0.0000    0.0000 ( 0.00%)  
memory                     0.0000    0.0000    0.0000    0.0000 ( 0.00%)  
io_pad                     0.0000    0.0000    0.0000    0.0000 ( 0.00%)  
black_box                  0.0000    0.0000    0.0000    0.0000 ( 0.00%)  

  Net Switching Power  = 2.152e-03   (89.44%)
  Cell Internal Power  = 2.539e-04   (10.56%)
  Cell Leakage Power   = 7.755e-08   ( 0.00%)
                         ---------
Total Power            = 2.406e-03  (100.00%)

1
