 
****************************************
Report : timing
        -path full
        -delay max
        -max_paths 1
Design : fu_fp_minmax_revised_32_16
Version: Y-2026.03-SP1
Date   : Tue Sep 29 17:02:45 2026
****************************************

Operating Conditions: tt0p8v25c   Library: saed14rvt_base_tt0p8v25c
Wire Load Model Mode: top

  Startpoint: in_data_0[1]
              (input port)
  Endpoint: out_data[8]
            (output port)
  Path Group: default
  Path Type: max

  Des/Clust/Port     Wire Load Model       Library
  ------------------------------------------------
  fu_fp_minmax_revised_32_16
                     8000                  saed14rvt_base_tt0p8v25c

  Point                                                   Incr       Path
  --------------------------------------------------------------------------
  input external delay                                    0.00       0.00 r
  in_data_0[1] (in)                                       0.00       0.00 r
  core/in_data_0[1] (fu_fp_min_max_dec_W32_MIN_LANE_W16)
                                                          0.00       0.00 r
  core/U90/X (SAEDRVT14_INV_S_1)                          0.02       0.02 f
  core/U47/X (SAEDRVT14_NR2_1)                            0.04       0.06 r
  core/U46/X (SAEDRVT14_AOI21_0P5)                        0.04       0.10 f
  core/U142/X (SAEDRVT14_OAI21_1)                         0.04       0.14 r
  core/U146/X (SAEDRVT14_AOI21_1P5)                       0.03       0.17 f
  core/U152/X (SAEDRVT14_OAI21_V1_4)                      0.02       0.19 r
  core/U155/X (SAEDRVT14_AOI21_V1_4)                      0.02       0.21 f
  core/U156/X (SAEDRVT14_OAI21_V1_8)                      0.01       0.23 r
  core/U160/X (SAEDRVT14_AOI21_8)                         0.02       0.25 f
  core/U130/X (SAEDRVT14_NR2_MM_1)                        0.03       0.29 r
  core/U229/X (SAEDRVT14_OAI21_0P5)                       0.05       0.33 f
  core/U230/X (SAEDRVT14_OAI21_V1_4)                      0.02       0.36 r
  core/U232/X (SAEDRVT14_EN2_4)                           0.03       0.39 r
  core/U233/X (SAEDRVT14_ND2_0P5)                         0.04       0.43 f
  core/U24/X (SAEDRVT14_BUF_12)                           0.04       0.47 f
  core/U240/X (SAEDRVT14_OAI22_0P75)                      0.03       0.50 r
  core/out_data[8] (fu_fp_min_max_dec_W32_MIN_LANE_W16)
                                                          0.00       0.50 r
  out_data[8] (out)                                       0.00       0.50 r
  data arrival time                                                  0.50

  max_delay                                               0.50       0.50
  output external delay                                   0.00       0.50
  data required time                                                 0.50
  --------------------------------------------------------------------------
  data required time                                                 0.50
  data arrival time                                                 -0.50
  --------------------------------------------------------------------------
  slack (MET)                                                        0.00


1
