 
****************************************
Report : area
Design : fu_add_sub_minmax_d1
Version: Y-2026.03-SP1
Date   : Thu Oct  1 18:27:49 2026
****************************************

Library(s) Used:

    saed14rvt_base_tt0p8v25c (File: /mnt/nas0/eda.libs/saed14/EDK_03_2025/SAED14nm_EDK_STD_RVT/liberty/nldm/base/saed14rvt_base_tt0p8v25c.db)

Number of ports:                          651
Number of nets:                          1461
Number of cells:                          924
Number of combinational cells:            922
Number of sequential cells:                 0
Number of macros/black boxes:               0
Number of buf/inv:                        263
Number of references:                       1

Combinational area:                337.084799
Buf/Inv area:                       56.787599
Noncombinational area:               0.000000
Macro/Black Box area:                0.000000
Net Interconnect area:             361.533822

Total cell area:                   337.084799
Total area:                        698.618621
1
