****************************************
Report : Averaged Power
Design : fu_add_sub_minmax_d2
Version: Y-2026.03-SP1
Date   : Thu Oct  1 18:36:30 2026
****************************************



  Attributes
  ----------
      i  -  Including register clock pin internal power
      u  -  User defined power group

                        Internal  Switching  Leakage    Total
Power Group             Power     Power      Power      Power   (     %)  Attrs
--------------------------------------------------------------------------------
clock_network              0.0000    0.0000    0.0000    0.0000 ( 0.00%)  i
register                   0.0000    0.0000    0.0000    0.0000 ( 0.00%)  
combinational           1.279e-03 5.965e-03 4.709e-07 7.244e-03 (100.00%) 
sequential                 0.0000    0.0000    0.0000    0.0000 ( 0.00%)  
memory                     0.0000    0.0000    0.0000    0.0000 ( 0.00%)  
io_pad                     0.0000    0.0000    0.0000    0.0000 ( 0.00%)  
black_box                  0.0000    0.0000    0.0000    0.0000 ( 0.00%)  

  Net Switching Power  = 5.965e-03   (82.34%)
  Cell Internal Power  = 1.279e-03   (17.65%)
  Cell Leakage Power   = 4.709e-07   ( 0.01%)
                         ---------
Total Power            = 7.244e-03  (100.00%)

1
