 
****************************************
Report : area
Design : fu_add_sub_minmax_d2
Version: Y-2026.03-SP1
Date   : Thu Oct  1 18:28:54 2026
****************************************

Library(s) Used:

    saed14rvt_base_tt0p8v25c (File: /mnt/nas0/eda.libs/saed14/EDK_03_2025/SAED14nm_EDK_STD_RVT/liberty/nldm/base/saed14rvt_base_tt0p8v25c.db)

Number of ports:                          651
Number of nets:                          1786
Number of cells:                         1245
Number of combinational cells:           1243
Number of sequential cells:                 0
Number of macros/black boxes:               0
Number of buf/inv:                        364
Number of references:                       1

Combinational area:                711.243592
Buf/Inv area:                      132.622798
Noncombinational area:               0.000000
Macro/Black Box area:                0.000000
Net Interconnect area:             432.598499

Total cell area:                   711.243592
Total area:                       1143.842091
1
