 
****************************************
Report : timing
        -path full
        -delay max
        -max_paths 1
Design : fu_add_sub_minmax_d2
Version: Y-2026.03-SP1
Date   : Thu Oct  1 18:28:55 2026
****************************************

Operating Conditions: tt0p8v25c   Library: saed14rvt_base_tt0p8v25c
Wire Load Model Mode: top

  Startpoint: op_sel[0] (input port)
  Endpoint: out_data[29]
            (output port)
  Path Group: default
  Path Type: max

  Des/Clust/Port     Wire Load Model       Library
  ------------------------------------------------
  fu_add_sub_minmax_d2
                     8000                  saed14rvt_base_tt0p8v25c

  Point                                                   Incr       Path
  --------------------------------------------------------------------------
  input external delay                                    0.00       0.00 f
  op_sel[0] (in)                                          0.00       0.00 f
  core/op_sel[0] (fu_add_sub_minmax_dec_EN321_EN160_EN80)
                                                          0.00       0.00 f
  core/segmented/op_sel[0] (fu_add_sub_segmented_1_0_0)
                                                          0.00       0.00 f
  core/segmented/U455/X (SAEDRVT14_NR2_MM_16)             0.01       0.01 r
  core/segmented/U505/X (SAEDRVT14_INV_S_20)              0.01       0.02 f
  core/segmented/U152/X (SAEDRVT14_BUF_16)                0.02       0.03 f
  core/segmented/U150/X (SAEDRVT14_BUF_20)                0.01       0.05 f
  core/segmented/U573/X (SAEDRVT14_NR2_MM_10)             0.01       0.06 r
  core/segmented/U340/X (SAEDRVT14_INV_S_0P5)             0.03       0.08 f
  core/segmented/U784/X (SAEDRVT14_ND2_CDC_1)             0.03       0.11 r
  core/segmented/U339/X (SAEDRVT14_EN2_1)                 0.05       0.17 f
  core/segmented/sum_out[0] (fu_add_sub_segmented_1_0_0)
                                                          0.00       0.17 f
  core/U344/X (SAEDRVT14_OR4_1)                           0.04       0.20 f
  core/U345/X (SAEDRVT14_OR4_2)                           0.03       0.23 f
  core/U347/X (SAEDRVT14_OR3_4)                           0.02       0.26 f
  core/U348/X (SAEDRVT14_NR2_MM_6)                        0.01       0.27 r
  core/U119/X (SAEDRVT14_ND2_5)                           0.01       0.27 f
  core/U353/X (SAEDRVT14_OR3_4)                           0.02       0.29 f
  core/U269/X (SAEDRVT14_OR2_MM_8)                        0.02       0.31 f
  core/U282/X (SAEDRVT14_NR2_MM_10)                       0.01       0.32 r
  core/U246/X (SAEDRVT14_AN2_MM_12)                       0.02       0.33 r
  core/U105/X (SAEDRVT14_NR2_MM_4)                        0.01       0.34 f
  core/U367/X (SAEDRVT14_EN2_4)                           0.03       0.37 r
  core/U213/X (SAEDRVT14_AO21_1)                          0.03       0.40 r
  core/U232/X (SAEDRVT14_AN2_8)                           0.02       0.42 r
  core/U230/X (SAEDRVT14_ND2_5)                           0.01       0.43 f
  core/U228/X (SAEDRVT14_NR2_MM_16)                       0.01       0.44 r
  core/U304/X (SAEDRVT14_INV_S_20)                        0.01       0.45 f
  core/U86/X (SAEDRVT14_INV_S_10)                         0.01       0.46 r
  core/U126/X (SAEDRVT14_INV_12)                          0.00       0.46 f
  core/U125/X (SAEDRVT14_INV_12)                          0.00       0.47 r
  core/U457/X (SAEDRVT14_AO21_4)                          0.01       0.48 r
  core/U458/X (SAEDRVT14_AO21_1)                          0.02       0.50 r
  core/out_data[29] (fu_add_sub_minmax_dec_EN321_EN160_EN80)
                                                          0.00       0.50 r
  out_data[29] (out)                                      0.00       0.50 r
  data arrival time                                                  0.50

  max_delay                                               0.50       0.50
  output external delay                                   0.00       0.50
  data required time                                                 0.50
  --------------------------------------------------------------------------
  data required time                                                 0.50
  data arrival time                                                 -0.50
  --------------------------------------------------------------------------
  slack (MET)                                                        0.00


1
