 
****************************************
Report : timing
        -path full
        -delay max
        -max_paths 1
Design : fu_cmp_c8
Version: Y-2026.03-SP1
Date   : Wed Sep 30 12:15:41 2026
****************************************

Operating Conditions: tt0p8v25c   Library: saed14rvt_base_tt0p8v25c
Wire Load Model Mode: top

  Startpoint: in_data_0[13]
              (input port)
  Endpoint: out_data[16]
            (output port)
  Path Group: default
  Path Type: max

  Des/Clust/Port     Wire Load Model       Library
  ------------------------------------------------
  fu_cmp_c8          8000                  saed14rvt_base_tt0p8v25c

  Point                                    Incr       Path
  -----------------------------------------------------------
  input external delay                     0.00       0.00 f
  in_data_0[13] (in)                       0.00       0.00 f
  core/in_data_0[13] (fu_cmp_dec)          0.00       0.00 f
  core/U230/X (SAEDRVT14_INV_S_1)          0.02       0.02 r
  core/U80/X (SAEDRVT14_ND2_3)             0.02       0.04 f
  core/U228/X (SAEDRVT14_INV_S_0P5)        0.03       0.07 r
  core/U388/X (SAEDRVT14_AOI21_1P5)        0.03       0.10 f
  core/U389/X (SAEDRVT14_OAI21_V1_8)       0.02       0.12 r
  core/U429/X (SAEDRVT14_ND2_CDC_2)        0.02       0.14 f
  core/U431/X (SAEDRVT14_AOI21_1P5)        0.03       0.17 r
  core/U432/X (SAEDRVT14_OAI21_V1_8)       0.03       0.20 f
  core/U433/X (SAEDRVT14_ND2_4)            0.02       0.22 r
  core/U434/X (SAEDRVT14_ND2_6)            0.02       0.24 f
  core/U435/X (SAEDRVT14_INV_S_1)          0.04       0.28 r
  core/U439/X (SAEDRVT14_OAI22_2)          0.04       0.32 f
  core/U188/X (SAEDRVT14_AOI21_4)          0.02       0.34 r
  core/U328/X (SAEDRVT14_AOI21_0P5)        0.03       0.37 f
  core/U441/X (SAEDRVT14_OR2_MM_0P5)       0.04       0.41 f
  core/U469/X (SAEDRVT14_OR2_1)            0.03       0.44 f
  core/U584/X (SAEDRVT14_NR2_1P5)          0.03       0.47 r
  core/U585/X (SAEDRVT14_INV_S_7)          0.03       0.50 f
  core/out_data[16] (fu_cmp_dec)           0.00       0.50 f
  out_data[16] (out)                       0.00       0.50 f
  data arrival time                                   0.50

  max_delay                                0.50       0.50
  output external delay                    0.00       0.50
  data required time                                  0.50
  -----------------------------------------------------------
  data required time                                  0.50
  data arrival time                                  -0.50
  -----------------------------------------------------------
  slack (MET)                                         0.00


1
