 
****************************************
Report : timing
        -path full
        -delay max
        -max_paths 1
Design : fu_abs_a3
Version: Y-2026.03-SP1
Date   : Wed Sep 30 12:17:53 2026
****************************************

Operating Conditions: tt0p8v25c   Library: saed14rvt_base_tt0p8v25c
Wire Load Model Mode: top

  Startpoint: mode[1] (input port)
  Endpoint: out_data[59]
            (output port)
  Path Group: default
  Path Type: max

  Des/Clust/Port     Wire Load Model       Library
  ------------------------------------------------
  fu_abs_a3          8000                  saed14rvt_base_tt0p8v25c

  Point                                    Incr       Path
  -----------------------------------------------------------
  input external delay                     0.00       0.00 r
  mode[1] (in)                             0.00       0.00 r
  core/mode[1] (fu_abs_dec)                0.00       0.00 r
  core/U65/X (SAEDRVT14_INV_4)             0.01       0.01 f
  core/U66/X (SAEDRVT14_ND2_4)             0.01       0.02 r
  core/U67/X (SAEDRVT14_AN2_MM_12)         0.02       0.04 r
  core/U68/X (SAEDRVT14_ND2_16)            0.01       0.05 f
  core/U41/X (SAEDRVT14_ND2_CDC_2)         0.02       0.07 r
  core/U69/X (SAEDRVT14_AO21_4)            0.16       0.23 r
  core/U70/X (SAEDRVT14_EO2_3)             0.08       0.31 r
  core/U26/X (SAEDRVT14_ND2_MM_6)          0.01       0.32 f
  core/U71/X (SAEDRVT14_INV_4)             0.01       0.33 r
  core/U244/CO (SAEDRVT14_ADDH_1)          0.03       0.36 r
  core/U183/CO (SAEDRVT14_ADDH_1)          0.03       0.39 r
  core/U185/CO (SAEDRVT14_ADDH_1)          0.03       0.42 r
  core/U187/CO (SAEDRVT14_ADDH_1)          0.03       0.45 r
  core/U189/CO (SAEDRVT14_ADDH_1)          0.03       0.48 r
  core/U51/CO (SAEDRVT14_ADDH_0P5)         0.04       0.52 r
  core/U246/CO (SAEDRVT14_ADDH_1)          0.05       0.57 r
  core/U15/X (SAEDRVT14_ND2_6)             0.04       0.61 f
  core/U80/X (SAEDRVT14_NR2_MM_10)         0.02       0.63 r
  core/U13/X (SAEDRVT14_AN2_4)             0.02       0.64 r
  core/U83/X (SAEDRVT14_MUX2_MM_4)         0.02       0.67 r
  core/U12/X (SAEDRVT14_ND2_MM_10)         0.01       0.68 f
  core/U95/X (SAEDRVT14_NR2_MM_16)         0.01       0.70 r
  core/U10/X (SAEDRVT14_ND2_MM_12)         0.01       0.70 f
  core/U107/X (SAEDRVT14_NR2_MM_6)         0.01       0.71 r
  core/U110/X (SAEDRVT14_MUX2_MM_4)        0.03       0.74 r
  core/U8/X (SAEDRVT14_ND2_MM_12)          0.01       0.75 f
  core/U126/X (SAEDRVT14_NR2_MM_10)        0.01       0.77 r
  core/U7/X (SAEDRVT14_ND2_MM_10)          0.01       0.78 f
  core/U142/X (SAEDRVT14_NR2_MM_6)         0.01       0.79 r
  core/U143/X (SAEDRVT14_MUX2_MM_4)        0.03       0.82 r
  core/U145/X (SAEDRVT14_ND2_16)           0.03       0.84 f
  core/U159/X (SAEDRVT14_NR2_MM_8)         0.02       0.87 r
  core/U161/X (SAEDRVT14_ND2_16)           0.03       0.89 f
  core/U165/X (SAEDRVT14_NR2_1P5)          0.03       0.92 r
  core/U168/X (SAEDRVT14_EN2_1)            0.04       0.96 f
  core/U171/X (SAEDRVT14_MUX2_MM_0P5)      0.04       1.00 f
  core/out_data[59] (fu_abs_dec)           0.00       1.00 f
  out_data[59] (out)                       0.00       1.00 f
  data arrival time                                   1.00

  max_delay                                1.00       1.00
  output external delay                    0.00       1.00
  data required time                                  1.00
  -----------------------------------------------------------
  data required time                                  1.00
  data arrival time                                  -1.00
  -----------------------------------------------------------
  slack (MET)                                         0.00


1
