****************************************
Report : Averaged Power
Design : fu_add_sub_16x4
Version: Y-2026.03-SP1
Date   : Wed Sep 30 18:46:16 2026
****************************************



  Attributes
  ----------
      i  -  Including register clock pin internal power
      u  -  User defined power group

                        Internal  Switching  Leakage    Total
Power Group             Power     Power      Power      Power   (     %)  Attrs
--------------------------------------------------------------------------------
clock_network              0.0000    0.0000    0.0000    0.0000 ( 0.00%)  i
register                   0.0000    0.0000    0.0000    0.0000 ( 0.00%)  
combinational           2.449e-04 1.541e-03 6.580e-08 1.786e-03 (100.00%) 
sequential                 0.0000    0.0000    0.0000    0.0000 ( 0.00%)  
memory                     0.0000    0.0000    0.0000    0.0000 ( 0.00%)  
io_pad                     0.0000    0.0000    0.0000    0.0000 ( 0.00%)  
black_box                  0.0000    0.0000    0.0000    0.0000 ( 0.00%)  

  Net Switching Power  = 1.541e-03   (86.29%)
  Cell Internal Power  = 2.449e-04   (13.71%)
  Cell Leakage Power   = 6.580e-08   ( 0.00%)
                         ---------
Total Power            = 1.786e-03  (100.00%)

1
