 
****************************************
Report : timing
        -path full
        -delay max
        -max_paths 1
Design : fu_rounding_g2
Version: Y-2026.03-SP1
Date   : Wed Sep 16 01:02:06 2026
****************************************

Operating Conditions: tt0p8v25c   Library: saed14rvt_base_tt0p8v25c
Wire Load Model Mode: top

  Startpoint: in_data_0[53]
              (input port)
  Endpoint: out_data[41]
            (output port)
  Path Group: default
  Path Type: max

  Des/Clust/Port     Wire Load Model       Library
  ------------------------------------------------
  fu_rounding_g2     8000                  saed14rvt_base_tt0p8v25c

  Point                                                   Incr       Path
  --------------------------------------------------------------------------
  input external delay                                    0.00       0.00 r
  in_data_0[53] (in)                                      0.00       0.00 r
  core/in_data_0[53] (fu_rounding_dec_EN321_EN160)        0.00       0.00 r
  core/U2174/X (SAEDRVT14_ND2_MM_16)                      0.01       0.01 f
  core/U2165/X (SAEDRVT14_NR2_MM_16)                      0.01       0.02 r
  core/U1659/X (SAEDRVT14_EN2_4)                          0.03       0.05 f
  core/U1704/X (SAEDRVT14_EN2_4)                          0.03       0.08 r
  core/U1129/X (SAEDRVT14_BUF_20)                         0.02       0.10 r
  core/U955/X (SAEDRVT14_OR2_MM_6)                        0.02       0.12 r
  core/U1778/X (SAEDRVT14_NR2_MM_16)                      0.01       0.12 f
  core/U1779/X (SAEDRVT14_INV_S_20)                       0.01       0.13 r
  core/U802/X (SAEDRVT14_NR2_MM_3)                        0.03       0.16 f
  core/U1418/X (SAEDRVT14_ND2_8)                          0.01       0.17 r
  core/U1229/X (SAEDRVT14_ND2_CDC_1)                      0.04       0.21 f
  core/U1363/X (SAEDRVT14_OAI21_V1_8)                     0.02       0.23 r
  core/U1362/X (SAEDRVT14_ND2_8)                          0.01       0.24 f
  core/U1356/X (SAEDRVT14_NR2_MM_12)                      0.01       0.25 r
  core/U498/X (SAEDRVT14_INV_4)                           0.01       0.26 f
  core/U2375/X (SAEDRVT14_OAI21_V1_8)                     0.01       0.27 r
  core/U1887/X (SAEDRVT14_INV_S_8)                        0.01       0.28 f
  core/U491/X (SAEDRVT14_INV_12)                          0.01       0.29 r
  core/U415/X (SAEDRVT14_OR2_1)                           0.02       0.31 r
  core/U2020/X (SAEDRVT14_OR2_MM_3)                       0.02       0.34 r
  core/U1698/X (SAEDRVT14_OAI21_V1_8)                     0.02       0.35 f
  core/U308/X (SAEDRVT14_ND2_1P5)                         0.03       0.38 r
  core/U1724/X (SAEDRVT14_INV_6)                          0.01       0.40 f
  core/U1723/X (SAEDRVT14_AOI21_8)                        0.01       0.41 r
  core/U1617/X (SAEDRVT14_ND2_16)                         0.01       0.42 f
  core/U1400/X (SAEDRVT14_ND2_16)                         0.01       0.43 r
  core/U1406/X (SAEDRVT14_ND2_16)                         0.01       0.44 f
  core/U1405/X (SAEDRVT14_INV_S_20)                       0.01       0.44 r
  core/U1656/X (SAEDRVT14_ND2_16)                         0.01       0.45 f
  core/U1152/X (SAEDRVT14_NR2_MM_16)                      0.01       0.46 r
  core/U167/X (SAEDRVT14_INV_S_10)                        0.01       0.47 f
  core/U2013/X (SAEDRVT14_NR2_MM_16)                      0.01       0.48 r
  core/U1774/X (SAEDRVT14_OAI21_V1_8)                     0.02       0.50 f
  core/U1671/X (SAEDRVT14_INV_S_20)                       0.01       0.51 r
  core/U2741/X (SAEDRVT14_OAI21_V1_8)                     0.01       0.52 f
  core/U2089/X (SAEDRVT14_EN2_4)                          0.02       0.54 r
  core/U1673/X (SAEDRVT14_NR2_MM_6)                       0.01       0.55 f
  core/out_data[41] (fu_rounding_dec_EN321_EN160)         0.00       0.55 f
  out_data[41] (out)                                      0.00       0.55 f
  data arrival time                                                  0.55

  max_delay                                               0.50       0.50
  output external delay                                   0.00       0.50
  data required time                                                 0.50
  --------------------------------------------------------------------------
  data required time                                                 0.50
  data arrival time                                                 -0.55
  --------------------------------------------------------------------------
  slack (VIOLATED)                                                  -0.05


1
