****************************************
Report : Averaged Power
Design : fu_fp_min_max_m1
Version: Y-2026.03-SP1
Date   : Wed Sep 30 18:50:56 2026
****************************************



  Attributes
  ----------
      i  -  Including register clock pin internal power
      u  -  User defined power group

                        Internal  Switching  Leakage    Total
Power Group             Power     Power      Power      Power   (     %)  Attrs
--------------------------------------------------------------------------------
clock_network              0.0000    0.0000    0.0000    0.0000 ( 0.00%)  i
register                   0.0000    0.0000    0.0000    0.0000 ( 0.00%)  
combinational           1.056e-04 8.894e-04 5.083e-08 9.951e-04 (100.00%) 
sequential                 0.0000    0.0000    0.0000    0.0000 ( 0.00%)  
memory                     0.0000    0.0000    0.0000    0.0000 ( 0.00%)  
io_pad                     0.0000    0.0000    0.0000    0.0000 ( 0.00%)  
black_box                  0.0000    0.0000    0.0000    0.0000 ( 0.00%)  

  Net Switching Power  = 8.894e-04   (89.38%)
  Cell Internal Power  = 1.056e-04   (10.61%)
  Cell Leakage Power   = 5.083e-08   ( 0.01%)
                         ---------
Total Power            = 9.951e-04  (100.00%)

1
