 
****************************************
Report : timing
        -path full
        -delay max
        -max_paths 1
Design : fu_mult_32x2
Version: Y-2026.03-SP1
Date   : Tue Sep  8 23:06:03 2026
****************************************

Operating Conditions: tt0p8v25c   Library: saed14rvt_base_tt0p8v25c
Wire Load Model Mode: top

  Startpoint: in_data_0[38]
              (input port)
  Endpoint: out_data[63]
            (output port)
  Path Group: default
  Path Type: max

  Des/Clust/Port     Wire Load Model       Library
  ------------------------------------------------
  fu_mult_32x2       8000                  saed14rvt_base_tt0p8v25c

  Point                                                   Incr       Path
  --------------------------------------------------------------------------
  input external delay                                    0.00       0.00 f
  in_data_0[38] (in)                                      0.00       0.00 f
  U914/X (SAEDRVT14_INV_S_1)                              0.01       0.01 r
  U916/X (SAEDRVT14_AO21_4)                               0.03       0.04 r
  U159/X (SAEDRVT14_INV_S_16)                             0.01       0.05 f
  U162/CKOUTB (SAEDRVT14_CLKSPLT_1)                       0.10       0.15 r
  U1279/X (SAEDRVT14_OAI22_0P5)                           0.08       0.23 f
  lane[1].u_mult/U782/X (SAEDRVT14_MUXI2_U_0P5)           0.08       0.31 r
  U1118/S (SAEDRVT14_ADDF_V1_2)                           0.08       0.38 f
  U118/S (SAEDRVT14_ADDF_V1_1)                            0.05       0.44 r
  U1289/S (SAEDRVT14_ADDF_V2_1)                           0.04       0.48 f
  U1311/CO (SAEDRVT14_ADDF_V1_2)                          0.04       0.51 f
  U1312/CO (SAEDRVT14_ADDF_V1_2)                          0.03       0.55 f
  intadd_4/U20/CO (SAEDRVT14_ADDF_V1_2)                   0.03       0.58 f
  U1317/CO (SAEDRVT14_ADDF_V1_2)                          0.03       0.61 f
  U1325/CO (SAEDRVT14_ADDF_V1_2)                          0.03       0.65 f
  U1324/CO (SAEDRVT14_ADDF_V1_2)                          0.03       0.68 f
  intadd_4/U16/CO (SAEDRVT14_ADDF_V1_2)                   0.03       0.72 f
  U1326/CO (SAEDRVT14_ADDF_V1_2)                          0.03       0.75 f
  U1296/CO (SAEDRVT14_ADDF_V1_2)                          0.03       0.78 f
  intadd_4/U13/CO (SAEDRVT14_ADDF_V1_2)                   0.03       0.81 f
  U1305/CO (SAEDRVT14_ADDF_V1_2)                          0.03       0.85 f
  U1304/CO (SAEDRVT14_ADDF_V1_2)                          0.03       0.88 f
  intadd_4/U10/CO (SAEDRVT14_ADDF_V1_2)                   0.03       0.92 f
  U1303/CO (SAEDRVT14_ADDF_V1_2)                          0.03       0.95 f
  U1319/CO (SAEDRVT14_ADDF_V1_2)                          0.03       0.99 f
  intadd_4/U7/CO (SAEDRVT14_ADDF_V1_2)                    0.03       1.02 f
  U1316/CO (SAEDRVT14_ADDF_V1_2)                          0.03       1.05 f
  U1318/CO (SAEDRVT14_ADDF_V1_2)                          0.03       1.09 f
  U1328/CO (SAEDRVT14_ADDF_V1_2)                          0.03       1.12 f
  U1330/CO (SAEDRVT14_ADDF_V1_2)                          0.03       1.16 f
  intadd_4/U2/CO (SAEDRVT14_ADDF_V1_2)                    0.03       1.19 f
  U911/X (SAEDRVT14_EN2_4)                                0.02       1.21 r
  out_data[63] (out)                                      0.00       1.21 r
  data arrival time                                                  1.21

  max_delay                                               1.21       1.21
  output external delay                                   0.00       1.21
  data required time                                                 1.21
  --------------------------------------------------------------------------
  data required time                                                 1.21
  data arrival time                                                 -1.21
  --------------------------------------------------------------------------
  slack (MET)                                                        0.00


1
