 
****************************************
Report : area
Design : fu_mult_32x2
Version: Y-2026.03-SP1
Date   : Tue Sep  8 23:06:02 2026
****************************************

Library(s) Used:

    saed14rvt_base_tt0p8v25c (File: /mnt/nas0/eda.libs/saed14/EDK_03_2025/SAED14nm_EDK_STD_RVT/liberty/nldm/base/saed14rvt_base_tt0p8v25c.db)

Number of ports:                          200
Number of nets:                          2705
Number of cells:                         2098
Number of combinational cells:           2098
Number of sequential cells:                 0
Number of macros/black boxes:               0
Number of buf/inv:                        282
Number of references:                      88

Combinational area:               1096.768771
Buf/Inv area:                      113.885998
Noncombinational area:               0.000000
Macro/Black Box area:                0.000000
Net Interconnect area:            1585.960837

Total cell area:                  1096.768771
Total area:                       2682.729608
1
