 
****************************************
Report : timing
        -path full
        -delay max
        -max_paths 1
Design : fu_fp_min_max_m2
Version: Y-2026.03-SP1
Date   : Tue Sep 29 13:58:07 2026
****************************************

Operating Conditions: tt0p8v25c   Library: saed14rvt_base_tt0p8v25c
Wire Load Model Mode: top

  Startpoint: in_data_0[5]
              (input port)
  Endpoint: out_data[6]
            (output port)
  Path Group: default
  Path Type: max

  Des/Clust/Port     Wire Load Model       Library
  ------------------------------------------------
  fu_fp_min_max_m2   8000                  saed14rvt_base_tt0p8v25c

  Point                                                   Incr       Path
  --------------------------------------------------------------------------
  input external delay                                    0.00       0.00 f
  in_data_0[5] (in)                                       0.00       0.00 f
  core/in_data_0[5] (fu_fp_min_max_dec_W64_MIN_LANE_W32)
                                                          0.00       0.00 f
  core/U247/X (SAEDRVT14_INV_0P75)                        0.04       0.04 r
  core/U248/X (SAEDRVT14_OAI22_4)                         0.02       0.06 f
  core/U249/X (SAEDRVT14_AOI21_1)                         0.04       0.10 r
  core/U250/X (SAEDRVT14_OAI21_2)                         0.04       0.14 f
  core/U258/X (SAEDRVT14_AOI21_V1_6)                      0.02       0.15 r
  core/U263/X (SAEDRVT14_OAI21_V1_4)                      0.02       0.17 f
  core/U271/X (SAEDRVT14_AOI21_V1_6)                      0.02       0.19 r
  core/U276/X (SAEDRVT14_OAI21_V1_8)                      0.01       0.20 f
  core/U313/X (SAEDRVT14_AOI21_8)                         0.01       0.22 r
  core/U316/X (SAEDRVT14_OR2_MM_8)                        0.02       0.24 r
  core/U15/X (SAEDRVT14_AOI21_V1_4)                       0.01       0.25 f
  core/U368/X (SAEDRVT14_OAI21_1)                         0.05       0.31 r
  core/U14/X (SAEDRVT14_ND2_CDC_4)                        0.02       0.33 f
  core/U12/X (SAEDRVT14_AOI21_6)                          0.01       0.34 r
  core/U373/X (SAEDRVT14_EN2_4)                           0.03       0.37 f
  core/U10/X (SAEDRVT14_ND2_CDC_4)                        0.01       0.39 r
  core/U58/X (SAEDRVT14_BUF_16)                           0.04       0.43 r
  core/U440/X (SAEDRVT14_INV_S_10)                        0.02       0.45 f
  core/U449/X (SAEDRVT14_INV_S_10)                        0.02       0.47 r
  core/U451/X (SAEDRVT14_OAI22_0P75)                      0.03       0.50 f
  core/out_data[6] (fu_fp_min_max_dec_W64_MIN_LANE_W32)
                                                          0.00       0.50 f
  out_data[6] (out)                                       0.00       0.50 f
  data arrival time                                                  0.50

  max_delay                                               0.50       0.50
  output external delay                                   0.00       0.50
  data required time                                                 0.50
  --------------------------------------------------------------------------
  data required time                                                 0.50
  data arrival time                                                 -0.50
  --------------------------------------------------------------------------
  slack (MET)                                                        0.00


1
