 
****************************************
Report : timing
        -path full
        -delay max
        -max_paths 1
Design : fu_add_sub_16x4
Version: Y-2026.03-SP1
Date   : Tue Sep  8 22:02:37 2026
****************************************

Operating Conditions: tt0p8v25c   Library: saed14rvt_base_tt0p8v25c
Wire Load Model Mode: top

  Startpoint: op_sel[2] (input port)
  Endpoint: out_data[41]
            (output port)
  Path Group: default
  Path Type: max

  Des/Clust/Port     Wire Load Model       Library
  ------------------------------------------------
  fu_add_sub_16x4    8000                  saed14rvt_base_tt0p8v25c

  Point                                    Incr       Path
  -----------------------------------------------------------
  input external delay                     0.00       0.00 r
  op_sel[2] (in)                           0.00       0.00 r
  U71/X (SAEDRVT14_EO2_1)                  0.05       0.05 f
  U281/X (SAEDRVT14_NR2_MM_1)              0.09       0.14 r
  U15/X (SAEDRVT14_NR2_1P5)                0.04       0.18 f
  U284/X (SAEDRVT14_AOI21_1)               0.07       0.26 r
  U297/X (SAEDRVT14_OAI21_4)               0.05       0.30 f
  U403/X (SAEDRVT14_INV_S_0P5)             0.07       0.37 r
  U9/X (SAEDRVT14_BUF_1)                   0.04       0.42 r
  U433/X (SAEDRVT14_OAI21_0P5)             0.04       0.46 f
  U436/X (SAEDRVT14_EN2_1)                 0.04       0.50 r
  out_data[41] (out)                       0.00       0.50 r
  data arrival time                                   0.50

  max_delay                                0.50       0.50
  output external delay                    0.00       0.50
  data required time                                  0.50
  -----------------------------------------------------------
  data required time                                  0.50
  data arrival time                                  -0.50
  -----------------------------------------------------------
  slack (MET)                                         0.00


1
