 
****************************************
Report : area
Design : fu_add_sub_16x4
Version: Y-2026.03-SP1
Date   : Tue Sep  8 22:02:37 2026
****************************************

Library(s) Used:

    saed14rvt_base_tt0p8v25c (File: /mnt/nas0/eda.libs/saed14/EDK_03_2025/SAED14nm_EDK_STD_RVT/liberty/nldm/base/saed14rvt_base_tt0p8v25c.db)

Number of ports:                          204
Number of nets:                           630
Number of cells:                          491
Number of combinational cells:            491
Number of sequential cells:                 0
Number of macros/black boxes:               0
Number of buf/inv:                         77
Number of references:                      34

Combinational area:                168.231602
Buf/Inv area:                       13.852800
Noncombinational area:               0.000000
Macro/Black Box area:                0.000000
Net Interconnect area:             179.857726

Total cell area:                   168.231602
Total area:                        348.089328
1
