 
****************************************
Report : timing
        -path full
        -delay max
        -max_paths 1
Design : fu_fp_cmp_revised_shared64
Version: Y-2026.03-SP1
Date   : Tue Sep 29 15:15:40 2026
****************************************

Operating Conditions: tt0p8v25c   Library: saed14rvt_base_tt0p8v25c
Wire Load Model Mode: top

  Startpoint: in_data_1[60]
              (input port)
  Endpoint: out_data[1]
            (output port)
  Path Group: default
  Path Type: max

  Des/Clust/Port     Wire Load Model       Library
  ------------------------------------------------
  fu_fp_cmp_revised_shared64
                     8000                  saed14rvt_base_tt0p8v25c

  Point                                                   Incr       Path
  --------------------------------------------------------------------------
  input external delay                                    0.00       0.00 f
  in_data_1[60] (in)                                      0.00       0.00 f
  core_inst/in_data_1[60] (fu_fp_cmp_dec_W64_MIN_LANE_W64)
                                                          0.00       0.00 f
  core_inst/U69/X (SAEDRVT14_INV_S_0P5)                   0.08       0.08 r
  core_inst/U26/X (SAEDRVT14_OAI22_0P5)                   0.08       0.16 f
  core_inst/U30/X (SAEDRVT14_OR4_1)                       0.04       0.20 f
  core_inst/U36/X (SAEDRVT14_OR4_1)                       0.03       0.24 f
  core_inst/U96/X (SAEDRVT14_OR4_2)                       0.04       0.27 f
  core_inst/U143/X (SAEDRVT14_OR4_2)                      0.04       0.31 f
  core_inst/U180/X (SAEDRVT14_OR4_1)                      0.04       0.35 f
  core_inst/U306/X (SAEDRVT14_OAI21_1)                    0.11       0.46 r
  core_inst/U307/X (SAEDRVT14_AOI21_1P5)                  0.07       0.53 f
  core_inst/U308/X (SAEDRVT14_OAI21_4)                    0.04       0.57 r
  core_inst/U46/X (SAEDRVT14_INV_S_1)                     0.03       0.60 f
  core_inst/U317/X (SAEDRVT14_AOI21_1)                    0.04       0.64 r
  core_inst/U318/X (SAEDRVT14_OAI21_0P5)                  0.05       0.68 f
  core_inst/U319/X (SAEDRVT14_OAI22_1P5)                  0.03       0.72 r
  core_inst/U320/X (SAEDRVT14_AOI21_1P5)                  0.03       0.75 f
  core_inst/U53/X (SAEDRVT14_OAI21_3)                     0.11       0.86 r
  core_inst/U332/X (SAEDRVT14_BUF_1P5)                    0.14       1.00 r
  core_inst/out_data[1] (fu_fp_cmp_dec_W64_MIN_LANE_W64)
                                                          0.00       1.00 r
  out_data[1] (out)                                       0.00       1.00 r
  data arrival time                                                  1.00

  max_delay                                               1.00       1.00
  output external delay                                   0.00       1.00
  data required time                                                 1.00
  --------------------------------------------------------------------------
  data required time                                                 1.00
  data arrival time                                                 -1.00
  --------------------------------------------------------------------------
  slack (MET)                                                        0.00


1
