 
****************************************
Report : timing
        -path full
        -delay max
        -max_paths 1
Design : fu_cmp_16x4
Version: Y-2026.03-SP1
Date   : Tue Sep  8 22:20:44 2026
****************************************

Operating Conditions: tt0p8v25c   Library: saed14rvt_base_tt0p8v25c
Wire Load Model Mode: top

  Startpoint: in_data_0[49]
              (input port)
  Endpoint: out_data[48]
            (output port)
  Path Group: default
  Path Type: max

  Des/Clust/Port     Wire Load Model       Library
  ------------------------------------------------
  fu_cmp_16x4        8000                  saed14rvt_base_tt0p8v25c

  Point                                    Incr       Path
  -----------------------------------------------------------
  input external delay                     0.00       0.00 f
  in_data_0[49] (in)                       0.00       0.00 f
  U266/X (SAEDRVT14_INV_0P75)              0.08       0.08 r
  U91/X (SAEDRVT14_NR2_MM_1)               0.05       0.13 f
  U274/X (SAEDRVT14_AOI21_0P5)             0.05       0.18 r
  U275/X (SAEDRVT14_OAI22_1P5)             0.04       0.21 f
  U276/X (SAEDRVT14_AOI21_3)               0.03       0.24 r
  U277/X (SAEDRVT14_OAI22_3)               0.02       0.26 f
  U76/X (SAEDRVT14_AOI21_1P5)              0.03       0.28 r
  U278/X (SAEDRVT14_AOI21_1P5)             0.02       0.31 f
  U290/X (SAEDRVT14_OA31_4)                0.03       0.34 f
  U205/X (SAEDRVT14_INV_S_2)               0.02       0.36 r
  U84/X (SAEDRVT14_AO21_4)                 0.02       0.38 r
  U298/X (SAEDRVT14_OA22_2)                0.03       0.41 r
  U299/X (SAEDRVT14_ND2_4)                 0.01       0.43 f
  U82/X (SAEDRVT14_AOI21_4)                0.02       0.45 r
  U300/X (SAEDRVT14_OAI21_V1_8)            0.02       0.46 f
  U301/X (SAEDRVT14_BUF_20)                0.04       0.50 f
  out_data[48] (out)                       0.00       0.50 f
  data arrival time                                   0.50

  max_delay                                0.50       0.50
  output external delay                    0.00       0.50
  data required time                                  0.50
  -----------------------------------------------------------
  data required time                                  0.50
  data arrival time                                  -0.50
  -----------------------------------------------------------
  slack (MET)                                         0.00


1
