 
****************************************
Report : timing
        -path full
        -delay max
        -max_paths 1
Design : fu_fp_min_max_m2
Version: Y-2026.03-SP1
Date   : Tue Sep 29 16:58:15 2026
****************************************

Operating Conditions: tt0p8v25c   Library: saed14rvt_base_tt0p8v25c
Wire Load Model Mode: top

  Startpoint: in_data_1[4]
              (input port)
  Endpoint: out_data[22]
            (output port)
  Path Group: default
  Path Type: max

  Des/Clust/Port     Wire Load Model       Library
  ------------------------------------------------
  fu_fp_min_max_m2   8000                  saed14rvt_base_tt0p8v25c

  Point                                                   Incr       Path
  --------------------------------------------------------------------------
  input external delay                                    0.00       0.00 f
  in_data_1[4] (in)                                       0.00       0.00 f
  core/in_data_1[4] (fu_fp_min_max_dec_W64_MIN_LANE_W32)
                                                          0.00       0.00 f
  core/U171/X (SAEDRVT14_OR4_1)                           0.03       0.03 f
  core/U292/X (SAEDRVT14_OR4_1)                           0.03       0.06 f
  core/U293/X (SAEDRVT14_OR4_1)                           0.03       0.09 f
  core/U20/X (SAEDRVT14_NR2_MM_3)                         0.03       0.12 r
  core/U76/X (SAEDRVT14_OA22_0P75)                        0.03       0.16 r
  core/U109/X (SAEDRVT14_OR2_0P75)                        0.07       0.23 r
  core/U449/X (SAEDRVT14_INV_S_1P5)                       0.14       0.37 f
  core/U489/X (SAEDRVT14_AOI21_0P5)                       0.08       0.45 r
  core/U490/X (SAEDRVT14_OAI21_0P5)                       0.05       0.50 f
  core/out_data[22] (fu_fp_min_max_dec_W64_MIN_LANE_W32)
                                                          0.00       0.50 f
  out_data[22] (out)                                      0.00       0.50 f
  data arrival time                                                  0.50

  max_delay                                               0.50       0.50
  output external delay                                   0.00       0.50
  data required time                                                 0.50
  --------------------------------------------------------------------------
  data required time                                                 0.50
  data arrival time                                                 -0.50
  --------------------------------------------------------------------------
  slack (MET)                                                        0.00


1
