 
****************************************
Report : timing
        -path full
        -delay max
        -max_paths 1
Design : fu_add_sub_minmax_d2
Version: Y-2026.03-SP1
Date   : Thu Oct  1 18:27:56 2026
****************************************

Operating Conditions: tt0p8v25c   Library: saed14rvt_base_tt0p8v25c
Wire Load Model Mode: top

  Startpoint: mode[1] (input port)
  Endpoint: out_data[63]
            (output port)
  Path Group: default
  Path Type: max

  Des/Clust/Port     Wire Load Model       Library
  ------------------------------------------------
  fu_add_sub_minmax_d2
                     8000                  saed14rvt_base_tt0p8v25c

  Point                                                   Incr       Path
  --------------------------------------------------------------------------
  input external delay                                    0.00       0.00 r
  mode[1] (in)                                            0.00       0.00 r
  core/mode[1] (fu_add_sub_minmax_dec_EN321_EN160_EN80)
                                                          0.00       0.00 r
  core/segmented/mode[1] (fu_add_sub_segmented_1_0_0)     0.00       0.00 r
  core/segmented/U255/X (SAEDRVT14_INV_S_1)               0.01       0.01 f
  core/segmented/U256/X (SAEDRVT14_ND2_MM_1)              0.04       0.05 r
  core/segmented/U257/X (SAEDRVT14_MUX2_MM_1)             0.05       0.10 r
  core/segmented/U343/X (SAEDRVT14_OR2_MM_2)              0.04       0.13 r
  core/segmented/U121/X (SAEDRVT14_INV_12)                0.02       0.15 f
  core/segmented/U105/X (SAEDRVT14_INV_S_8)               0.03       0.18 r
  core/segmented/U372/X (SAEDRVT14_EO2_V1_1P5)            0.06       0.24 f
  core/segmented/U37/X (SAEDRVT14_NR2_MM_1)               0.12       0.36 r
  core/segmented/U30/X (SAEDRVT14_NR2_MM_4)               0.06       0.42 f
  core/segmented/U221/X (SAEDRVT14_ND2_CDC_1)             0.06       0.48 r
  core/segmented/U18/X (SAEDRVT14_NR2_MM_4)               0.03       0.51 f
  core/segmented/U193/X (SAEDRVT14_AN2_MM_0P5)            0.05       0.56 f
  core/segmented/U7/X (SAEDRVT14_AOI21_V1_8)              0.02       0.58 r
  core/segmented/U440/X (SAEDRVT14_INV_12)                0.02       0.61 f
  core/segmented/U472/X (SAEDRVT14_AOI21_0P5)             0.04       0.64 r
  core/segmented/U3/X (SAEDRVT14_EO2_1)                   0.06       0.71 r
  core/segmented/sum_out[59] (fu_add_sub_segmented_1_0_0)
                                                          0.00       0.71 r
  core/U99/X (SAEDRVT14_NR2_1P5)                          0.03       0.74 f
  core/U100/X (SAEDRVT14_ND2_CDC_2)                       0.03       0.76 r
  core/U102/X (SAEDRVT14_OAI21_V1_8)                      0.01       0.78 f
  core/U106/X (SAEDRVT14_NR2_MM_4)                        0.01       0.79 r
  core/U107/X (SAEDRVT14_EN2_4)                           0.03       0.82 f
  core/U45/X (SAEDRVT14_NR2_MM_1)                         0.04       0.86 r
  core/U44/CKOUTB (SAEDRVT14_CLKSPLT_8)                   0.04       0.90 f
  core/U21/X (SAEDRVT14_INV_S_10)                         0.03       0.93 r
  core/U344/X (SAEDRVT14_INV_S_0P5)                       0.04       0.96 f
  core/U347/X (SAEDRVT14_OAI21_0P5)                       0.03       1.00 r
  core/out_data[63] (fu_add_sub_minmax_dec_EN321_EN160_EN80)
                                                          0.00       1.00 r
  out_data[63] (out)                                      0.00       1.00 r
  data arrival time                                                  1.00

  max_delay                                               1.00       1.00
  output external delay                                   0.00       1.00
  data required time                                                 1.00
  --------------------------------------------------------------------------
  data required time                                                 1.00
  data arrival time                                                 -1.00
  --------------------------------------------------------------------------
  slack (MET)                                                        0.00


1
