****************************************
Report : Switching Activity
	
Design : fu_mult_64
Version: Y-2026.03-SP1
Date   : Wed Sep 30 18:56:26 2026
****************************************

 Switching Activity Overview Statistics for "fu_mult_64"
------------------------------------------------------------------------------------------------------------------------------------------------------------------------------------------------------------------
                  From Activity     From         From         From             From            From                                                            Not           From Annotated
Object Type       File (%)          SSA (%)      SSA Force (%) SSA Force (%)   SCA (%)         Clock (%)       Default (%)     Propagated(%)   Implied(%)      Annotated(%)  Waveform(%)         Total
                                                 Annotated    Implied                                                                                                        
------------------------------------------------------------------------------------------------------------------------------------------------------------------------------------------------------------------
 Nets             5524(100.00%)     0(0.00%)     0(0.00%)     0(0.00%)         0(0.00%)        0(0.00%)        0(0.00%)        0(0.00%)        0(0.00%)        0(0.00%)      0(0.00%)            5524
------------------------------------------------------------------------------------------------------------------------------------------------------------------------------------------------------------------
Nets Driven by
------------------------------------------------------------------------------------------------------------------------------------------------------------------------------------------------------------------
Primary Input     133(100.00%)      0(0.00%)     0(0.00%)     0(0.00%)         0(0.00%)        0(0.00%)        0(0.00%)        0(0.00%)        0(0.00%)        0(0.00%)      0(0.00%)            133
Tri-State         0(0%)             0(0%)        0(0%)        0(0%)            0(0%)           0(0%)           0(0%)           0(0%)           0(0%)           0(0%)         0(0%)               0
Black Box         0(0%)             0(0%)        0(0%)        0(0%)            0(0%)           0(0%)           0(0%)           0(0%)           0(0%)           0(0%)         0(0%)               0
Sequential        0(0%)             0(0%)        0(0%)        0(0%)            0(0%)           0(0%)           0(0%)           0(0%)           0(0%)           0(0%)         0(0%)               0
Combinational     5391(100.00%)     0(0.00%)     0(0.00%)     0(0.00%)         0(0.00%)        0(0.00%)        0(0.00%)        0(0.00%)        0(0.00%)        0(0.00%)      0(0.00%)            5391
Memory            0(0%)             0(0%)        0(0%)        0(0%)            0(0%)           0(0%)           0(0%)           0(0%)           0(0%)           0(0%)         0(0%)               0
Clock Gate        0(0%)             0(0%)        0(0%)        0(0%)            0(0%)           0(0%)           0(0%)           0(0%)           0(0%)           0(0%)         0(0%)               0
------------------------------------------------------------------------------------------------------------------------------------------------------------------------------------------------------------------
 Static Probability Overview Statistics for "fu_mult_64"
------------------------------------------------------------------------------------------------------------------------------------------------------------------------------------------------------------------
                  From Activity     From         From         From             From            From                                                            Not           From Annotated
Object Type       File (%)          SSA (%)      SSA Force (%) SSA Force (%)   SCA (%)         Clock (%)       Default (%)     Propagated(%)   Implied(%)      Annotated(%)  Waveform(%)         Total
                                                 Annotated    Implied                                                                                                        
------------------------------------------------------------------------------------------------------------------------------------------------------------------------------------------------------------------
 Nets             5524(100.00%)     0(0.00%)     0(0.00%)     0(0.00%)         0(0.00%)        0(0.00%)        0(0.00%)        0(0.00%)        0(0.00%)        0(0.00%)      0(0.00%)            5524
------------------------------------------------------------------------------------------------------------------------------------------------------------------------------------------------------------------
Nets Driven by
------------------------------------------------------------------------------------------------------------------------------------------------------------------------------------------------------------------
Primary Input     133(100.00%)      0(0.00%)     0(0.00%)     0(0.00%)         0(0.00%)        0(0.00%)        0(0.00%)        0(0.00%)        0(0.00%)        0(0.00%)      0(0.00%)            133
Tri-State         0(0%)             0(0%)        0(0%)        0(0%)            0(0%)           0(0%)           0(0%)           0(0%)           0(0%)           0(0%)         0(0%)               0
Black Box         0(0%)             0(0%)        0(0%)        0(0%)            0(0%)           0(0%)           0(0%)           0(0%)           0(0%)           0(0%)         0(0%)               0
Sequential        0(0%)             0(0%)        0(0%)        0(0%)            0(0%)           0(0%)           0(0%)           0(0%)           0(0%)           0(0%)         0(0%)               0
Combinational     5391(100.00%)     0(0.00%)     0(0.00%)     0(0.00%)         0(0.00%)        0(0.00%)        0(0.00%)        0(0.00%)        0(0.00%)        0(0.00%)      0(0.00%)            5391
Memory            0(0%)             0(0%)        0(0%)        0(0%)            0(0%)           0(0%)           0(0%)           0(0%)           0(0%)           0(0%)         0(0%)               0
Clock Gate        0(0%)             0(0%)        0(0%)        0(0%)            0(0%)           0(0%)           0(0%)           0(0%)           0(0%)           0(0%)         0(0%)               0
------------------------------------------------------------------------------------------------------------------------------------------------------------------------------------------------------------------
1
