****************************************
Report : Averaged Power
Design : fu_abs_a3
Version: Y-2026.03-SP1
Date   : Wed Sep 30 18:48:52 2026
****************************************



  Attributes
  ----------
      i  -  Including register clock pin internal power
      u  -  User defined power group

                        Internal  Switching  Leakage    Total
Power Group             Power     Power      Power      Power   (     %)  Attrs
--------------------------------------------------------------------------------
clock_network              0.0000    0.0000    0.0000    0.0000 ( 0.00%)  i
register                   0.0000    0.0000    0.0000    0.0000 ( 0.00%)  
combinational           3.258e-04 1.381e-03 1.070e-07 1.707e-03 (100.00%) 
sequential                 0.0000    0.0000    0.0000    0.0000 ( 0.00%)  
memory                     0.0000    0.0000    0.0000    0.0000 ( 0.00%)  
io_pad                     0.0000    0.0000    0.0000    0.0000 ( 0.00%)  
black_box                  0.0000    0.0000    0.0000    0.0000 ( 0.00%)  

  Net Switching Power  = 1.381e-03   (80.91%)
  Cell Internal Power  = 3.258e-04   (19.09%)
  Cell Leakage Power   = 1.070e-07   ( 0.01%)
                         ---------
Total Power            = 1.707e-03  (100.00%)

1
