****************************************
Report : Averaged Power
Design : fu_min_max_m2
Version: Y-2026.03-SP1
Date   : Wed Sep 30 18:46:42 2026
****************************************



  Attributes
  ----------
      i  -  Including register clock pin internal power
      u  -  User defined power group

                        Internal  Switching  Leakage    Total
Power Group             Power     Power      Power      Power   (     %)  Attrs
--------------------------------------------------------------------------------
clock_network              0.0000    0.0000    0.0000    0.0000 ( 0.00%)  i
register                   0.0000    0.0000    0.0000    0.0000 ( 0.00%)  
combinational           7.845e-05 9.235e-04 4.140e-08 1.002e-03 (100.00%) 
sequential                 0.0000    0.0000    0.0000    0.0000 ( 0.00%)  
memory                     0.0000    0.0000    0.0000    0.0000 ( 0.00%)  
io_pad                     0.0000    0.0000    0.0000    0.0000 ( 0.00%)  
black_box                  0.0000    0.0000    0.0000    0.0000 ( 0.00%)  

  Net Switching Power  = 9.235e-04   (92.17%)
  Cell Internal Power  = 7.845e-05   ( 7.83%)
  Cell Leakage Power   = 4.140e-08   ( 0.00%)
                         ---------
Total Power            = 1.002e-03  (100.00%)

1
