 
****************************************
Report : timing
        -path full
        -delay max
        -max_paths 1
Design : fu_rounding_16x4
Version: Y-2026.03-SP1
Date   : Tue Sep  8 23:51:27 2026
****************************************

Operating Conditions: tt0p8v25c   Library: saed14rvt_base_tt0p8v25c
Wire Load Model Mode: top

  Startpoint: in_data_0[28]
              (input port)
  Endpoint: out_data[28]
            (output port)
  Path Group: default
  Path Type: max

  Des/Clust/Port     Wire Load Model       Library
  ------------------------------------------------
  fu_rounding_16x4   8000                  saed14rvt_base_tt0p8v25c

  Point                                    Incr       Path
  -----------------------------------------------------------
  input external delay                     0.00       0.00 r
  in_data_0[28] (in)                       0.00       0.00 r
  U1559/X (SAEDRVT14_INV_S_16)             0.00       0.00 f
  U1561/X (SAEDRVT14_ND2_16)               0.01       0.01 r
  U1961/X (SAEDRVT14_INV_12)               0.01       0.02 f
  U1564/X (SAEDRVT14_NR2_MM_16)            0.01       0.03 r
  U1563/X (SAEDRVT14_BUF_20)               0.02       0.04 r
  U1479/X (SAEDRVT14_ND2_4)                0.01       0.05 f
  U1579/X (SAEDRVT14_OAI21_V1_8)           0.01       0.07 r
  U1478/X (SAEDRVT14_ND2_8)                0.01       0.08 f
  U976/X (SAEDRVT14_NR2_MM_8)              0.01       0.08 r
  U1841/X (SAEDRVT14_AOI21_V1_8)           0.01       0.10 f
  U1538/X (SAEDRVT14_AN2_MM_20)            0.02       0.12 f
  U1375/X (SAEDRVT14_INV_S_20)             0.01       0.13 r
  U1454/X (SAEDRVT14_NR2_MM_16)            0.01       0.14 f
  U1526/X (SAEDRVT14_NR2_MM_16)            0.01       0.15 r
  U1881/X (SAEDRVT14_OAI21_V1_8)           0.02       0.17 f
  U1805/X (SAEDRVT14_NR2_MM_16)            0.01       0.18 r
  U1787/X (SAEDRVT14_NR2_MM_16)            0.01       0.19 f
  U1323/X (SAEDRVT14_NR2_MM_16)            0.01       0.20 r
  U1611/X (SAEDRVT14_INV_S_20)             0.01       0.21 f
  U1332/X (SAEDRVT14_AOI21_V1_8)           0.01       0.22 r
  U1466/X (SAEDRVT14_EN2_4)                0.02       0.24 f
  U1465/X (SAEDRVT14_OAI21_V1_8)           0.01       0.25 r
  out_data[28] (out)                       0.00       0.25 r
  data arrival time                                   0.25

  max_delay                                0.01       0.01
  output external delay                    0.00       0.01
  data required time                                  0.01
  -----------------------------------------------------------
  data required time                                  0.01
  data arrival time                                  -0.25
  -----------------------------------------------------------
  slack (VIOLATED)                                   -0.24


1
