 
****************************************
Report : area
Design : fu_rounding_16x4
Version: Y-2026.03-SP1
Date   : Tue Sep  8 23:51:27 2026
****************************************

Library(s) Used:

    saed14rvt_base_tt0p8v25c (File: /mnt/nas0/eda.libs/saed14/EDK_03_2025/SAED14nm_EDK_STD_RVT/liberty/nldm/base/saed14rvt_base_tt0p8v25c.db)

Number of ports:                          137
Number of nets:                          1540
Number of cells:                         1469
Number of combinational cells:           1469
Number of sequential cells:                 0
Number of macros/black boxes:               0
Number of buf/inv:                        373
Number of references:                     117

Combinational area:               1181.084391
Buf/Inv area:                      195.182396
Noncombinational area:               0.000000
Macro/Black Box area:                0.000000
Net Interconnect area:             512.009427

Total cell area:                  1181.084391
Total area:                       1693.093818
1
