 
****************************************
Report : area
Design : fu_cmp_c4
Version: Y-2026.03-SP1
Date   : Tue Sep  8 21:30:46 2026
****************************************

Library(s) Used:

    saed14rvt_base_tt0p8v25c (File: /mnt/nas0/eda.libs/saed14/EDK_03_2025/SAED14nm_EDK_STD_RVT/liberty/nldm/base/saed14rvt_base_tt0p8v25c.db)

Number of ports:                          412
Number of nets:                           936
Number of cells:                          596
Number of combinational cells:            595
Number of sequential cells:                 0
Number of macros/black boxes:               0
Number of buf/inv:                        177
Number of references:                       2

Combinational area:                222.133198
Buf/Inv area:                       41.913599
Noncombinational area:               0.000000
Macro/Black Box area:                0.000000
Net Interconnect area:             209.977582

Total cell area:                   222.133198
Total area:                        432.110780
1
