 
****************************************
Report : timing
        -path full
        -delay max
        -max_paths 1
Design : fu_cmp_c4
Version: Y-2026.03-SP1
Date   : Tue Sep  8 21:30:46 2026
****************************************

Operating Conditions: tt0p8v25c   Library: saed14rvt_base_tt0p8v25c
Wire Load Model Mode: top

  Startpoint: in_data_1[14]
              (input port)
  Endpoint: out_data[32]
            (output port)
  Path Group: default
  Path Type: max

  Des/Clust/Port     Wire Load Model       Library
  ------------------------------------------------
  fu_cmp_c4          8000                  saed14rvt_base_tt0p8v25c

  Point                                    Incr       Path
  -----------------------------------------------------------
  input external delay                     0.00       0.00 r
  in_data_1[14] (in)                       0.00       0.00 r
  core/in_data_1[14] (fu_cmp_dec)          0.00       0.00 r
  core/U328/X (SAEDRVT14_INV_6)            0.01       0.01 f
  core/U213/X (SAEDRVT14_ND2_CDC_1)        0.02       0.03 r
  core/U212/X (SAEDRVT14_ND2_CDC_2)        0.05       0.07 f
  core/U304/X (SAEDRVT14_NR2_MM_1)         0.05       0.13 r
  core/U340/X (SAEDRVT14_ND3_8)            0.03       0.15 f
  core/U351/X (SAEDRVT14_AOI21_V1_4)       0.03       0.18 r
  core/U358/X (SAEDRVT14_AOI21_8)          0.03       0.21 f
  core/U528/X (SAEDRVT14_OAI21_V1_8)       0.04       0.25 r
  core/U529/X (SAEDRVT14_OA31_4)           0.03       0.28 r
  core/U530/X (SAEDRVT14_NR2_MM_6)         0.02       0.30 f
  core/U573/X (SAEDRVT14_INV_S_1)          0.02       0.33 r
  core/U574/X (SAEDRVT14_OAI22_1P5)        0.03       0.36 f
  core/U575/X (SAEDRVT14_NR2_MM_4)         0.02       0.37 r
  core/U282/X (SAEDRVT14_OAI21_2)          0.03       0.40 f
  core/U576/X (SAEDRVT14_AOI21_6)          0.02       0.43 r
  core/U581/X (SAEDRVT14_OAI21_2)          0.03       0.46 f
  core/U582/X (SAEDRVT14_AO21_4)           0.02       0.48 f
  core/U118/X (SAEDRVT14_BUF_16)           0.02       0.50 f
  core/out_data[32] (fu_cmp_dec)           0.00       0.50 f
  out_data[32] (out)                       0.00       0.50 f
  data arrival time                                   0.50

  max_delay                                0.50       0.50
  output external delay                    0.00       0.50
  data required time                                  0.50
  -----------------------------------------------------------
  data required time                                  0.50
  data arrival time                                  -0.50
  -----------------------------------------------------------
  slack (MET)                                         0.00


1
