 
****************************************
Report : timing
        -path full
        -delay max
        -max_paths 1
Design : fu_add_sub_8x8
Version: Y-2026.03-SP1
Date   : Wed Sep 30 18:16:45 2026
****************************************

Operating Conditions: tt0p8v25c   Library: saed14rvt_base_tt0p8v25c
Wire Load Model Mode: top

  Startpoint: op_sel[6] (input port)
  Endpoint: out_data[55]
            (output port)
  Path Group: default
  Path Type: max

  Des/Clust/Port     Wire Load Model       Library
  ------------------------------------------------
  fu_add_sub_8x8     8000                  saed14rvt_base_tt0p8v25c

  Point                                                   Incr       Path
  --------------------------------------------------------------------------
  input external delay                                    0.00       0.00 f
  op_sel[6] (in)                                          0.00       0.00 f
  U18/X (SAEDRVT14_INV_S_1)                               0.09       0.09 r
  U191/X (SAEDRVT14_MUXI2_U_0P5)                          0.09       0.18 f
  intadd_9/U7/CO (SAEDRVT14_ADDF_V1_1)                    0.06       0.24 f
  intadd_9/U6/CO (SAEDRVT14_ADDF_V1_1)                    0.04       0.28 f
  intadd_9/U5/CO (SAEDRVT14_ADDF_V1_1)                    0.04       0.32 f
  intadd_9/U4/CO (SAEDRVT14_ADDF_V1_2)                    0.04       0.36 f
  intadd_9/U3/CO (SAEDRVT14_ADDF_V1_1)                    0.04       0.40 f
  intadd_9/U2/CO (SAEDRVT14_ADDF_V1_1)                    0.04       0.44 f
  U185/X (SAEDRVT14_EN4_M_1)                              0.06       0.50 r
  out_data[55] (out)                                      0.00       0.50 r
  data arrival time                                                  0.50

  max_delay                                               0.50       0.50
  output external delay                                   0.00       0.50
  data required time                                                 0.50
  --------------------------------------------------------------------------
  data required time                                                 0.50
  data arrival time                                                 -0.50
  --------------------------------------------------------------------------
  slack (MET)                                                        0.00


1
