 
****************************************
Report : area
Design : fu_bshift_bs1
Version: Y-2026.03-SP1
Date   : Tue Sep  8 23:52:43 2026
****************************************

Library(s) Used:

    saed14rvt_base_tt0p8v25c (File: /mnt/nas0/eda.libs/saed14/EDK_03_2025/SAED14nm_EDK_STD_RVT/liberty/nldm/base/saed14rvt_base_tt0p8v25c.db)

Number of ports:                          406
Number of nets:                          1999
Number of cells:                         1740
Number of combinational cells:           1739
Number of sequential cells:                 0
Number of macros/black boxes:               0
Number of buf/inv:                        344
Number of references:                       1

Combinational area:               1457.696390
Buf/Inv area:                      255.743996
Noncombinational area:               0.000000
Macro/Black Box area:                0.000000
Net Interconnect area:             741.083581

Total cell area:                  1457.696390
Total area:                       2198.779972
1
