 
****************************************
Report : timing
        -path full
        -delay max
        -max_paths 1
Design : fu_abs_32x2
Version: Y-2026.03-SP1
Date   : Tue Sep  8 23:55:40 2026
****************************************

Operating Conditions: tt0p8v25c   Library: saed14rvt_base_tt0p8v25c
Wire Load Model Mode: top

  Startpoint: in_data_0[2]
              (input port)
  Endpoint: out_data[21]
            (output port)
  Path Group: default
  Path Type: max

  Des/Clust/Port     Wire Load Model       Library
  ------------------------------------------------
  fu_abs_32x2        8000                  saed14rvt_base_tt0p8v25c

  Point                                    Incr       Path
  -----------------------------------------------------------
  input external delay                     0.00       0.00 r
  in_data_0[2] (in)                        0.00       0.00 r
  U505/X (SAEDRVT14_EN2_4)                 0.03       0.03 f
  U504/X (SAEDRVT14_NR2_MM_16)             0.01       0.05 r
  U436/X (SAEDRVT14_ND2_MM_16)             0.01       0.05 f
  U435/X (SAEDRVT14_NR2_MM_16)             0.01       0.06 r
  U571/X (SAEDRVT14_INV_S_20)              0.01       0.08 f
  U534/X (SAEDRVT14_INV_S_20)              0.01       0.09 r
  U458/X (SAEDRVT14_ND2_5)                 0.01       0.10 f
  U784/X (SAEDRVT14_EN2_4)                 0.02       0.12 r
  U785/X (SAEDRVT14_OAI21_V1_8)            0.01       0.13 f
  out_data[21] (out)                       0.00       0.13 f
  data arrival time                                   0.13

  max_delay                                0.01       0.01
  output external delay                    0.00       0.01
  data required time                                  0.01
  -----------------------------------------------------------
  data required time                                  0.01
  data arrival time                                  -0.13
  -----------------------------------------------------------
  slack (VIOLATED)                                   -0.12


1
