 
****************************************
Report : area
Design : fu_abs_32x2
Version: Y-2026.03-SP1
Date   : Tue Sep  8 23:55:40 2026
****************************************

Library(s) Used:

    saed14rvt_base_tt0p8v25c (File: /mnt/nas0/eda.libs/saed14/EDK_03_2025/SAED14nm_EDK_STD_RVT/liberty/nldm/base/saed14rvt_base_tt0p8v25c.db)

Number of ports:                          135
Number of nets:                           732
Number of cells:                          665
Number of combinational cells:            665
Number of sequential cells:                 0
Number of macros/black boxes:               0
Number of buf/inv:                        165
Number of references:                      79

Combinational area:                518.813994
Buf/Inv area:                       98.345997
Noncombinational area:               0.000000
Macro/Black Box area:                0.000000
Net Interconnect area:             277.877912

Total cell area:                   518.813994
Total area:                        796.691907
1
