 
****************************************
Report : area
Design : fu_fp_minmax_revised_32_16
Version: Y-2026.03-SP1
Date   : Tue Sep 29 17:01:55 2026
****************************************

Library(s) Used:

    saed14rvt_base_tt0p8v25c (File: /mnt/nas0/eda.libs/saed14/EDK_03_2025/SAED14nm_EDK_STD_RVT/liberty/nldm/base/saed14rvt_base_tt0p8v25c.db)

Number of ports:                          311
Number of nets:                           428
Number of cells:                          254
Number of combinational cells:            253
Number of sequential cells:                 0
Number of macros/black boxes:               0
Number of buf/inv:                         82
Number of references:                       2

Combinational area:                 84.271199
Buf/Inv area:                       19.092000
Noncombinational area:               0.000000
Macro/Black Box area:                0.000000
Net Interconnect area:             129.825411

Total cell area:                    84.271199
Total area:                        214.096610
1
