 
****************************************
Report : area
Design : fu_fp_cmp_16x4
Version: Y-2026.03-SP1
Date   : Tue Sep  8 23:13:58 2026
****************************************

Library(s) Used:

    saed14rvt_base_tt0p8v25c (File: /mnt/nas0/eda.libs/saed14/EDK_03_2025/SAED14nm_EDK_STD_RVT/liberty/nldm/base/saed14rvt_base_tt0p8v25c.db)

Number of ports:                          204
Number of nets:                           499
Number of cells:                          364
Number of combinational cells:            364
Number of sequential cells:                 0
Number of macros/black boxes:               0
Number of buf/inv:                         97
Number of references:                      51

Combinational area:                129.426000
Buf/Inv area:                       20.779200
Noncombinational area:               0.000000
Macro/Black Box area:                0.000000
Net Interconnect area:             184.410383

Total cell area:                   129.426000
Total area:                        313.836382
1
