 
****************************************
Report : timing
        -path full
        -delay max
        -max_paths 1
Design : fu_fp_cmp_16x4
Version: Y-2026.03-SP1
Date   : Tue Sep  8 23:13:58 2026
****************************************

Operating Conditions: tt0p8v25c   Library: saed14rvt_base_tt0p8v25c
Wire Load Model Mode: top

  Startpoint: in_data_1[17]
              (input port)
  Endpoint: out_data[16]
            (output port)
  Path Group: default
  Path Type: max

  Des/Clust/Port     Wire Load Model       Library
  ------------------------------------------------
  fu_fp_cmp_16x4     8000                  saed14rvt_base_tt0p8v25c

  Point                                    Incr       Path
  -----------------------------------------------------------
  input external delay                     0.00       0.00 f
  in_data_1[17] (in)                       0.00       0.00 f
  U671/X (SAEDRVT14_INV_S_1P5)             0.03       0.03 r
  U673/X (SAEDRVT14_AO22_2)                0.05       0.08 r
  U677/X (SAEDRVT14_OAI21_V1_4)            0.02       0.10 f
  U678/X (SAEDRVT14_AOI21_1)               0.03       0.14 r
  U679/X (SAEDRVT14_OAI22_1P5)             0.04       0.17 f
  U393/X (SAEDRVT14_AOI21_V1_6)            0.02       0.19 r
  U680/X (SAEDRVT14_OAI22_1P5)             0.03       0.22 f
  U681/X (SAEDRVT14_AOI21_1P5)             0.03       0.25 r
  U682/X (SAEDRVT14_OAI22_1P5)             0.03       0.28 f
  U683/X (SAEDRVT14_OAI22_1P5)             0.03       0.31 r
  U684/X (SAEDRVT14_AOI21_V1_4)            0.02       0.33 f
  U685/X (SAEDRVT14_OAI21_2)               0.04       0.38 r
  U686/X (SAEDRVT14_OAI21_V1_4)            0.02       0.40 f
  U687/X (SAEDRVT14_OAI21_2)               0.04       0.44 r
  U412/X (SAEDRVT14_ND2_5)                 0.01       0.46 f
  U688/X (SAEDRVT14_OAI22_1P5)             0.03       0.49 r
  U689/X (SAEDRVT14_OAI21_V1_4)            0.03       0.51 f
  U690/X (SAEDRVT14_OAI21_1)               0.04       0.55 r
  U691/X (SAEDRVT14_BUF_10)                0.07       0.62 r
  out_data[16] (out)                       0.00       0.62 r
  data arrival time                                   0.62

  max_delay                                0.62       0.62
  output external delay                    0.00       0.62
  data required time                                  0.62
  -----------------------------------------------------------
  data required time                                  0.62
  data arrival time                                  -0.62
  -----------------------------------------------------------
  slack (MET)                                         0.00


1
