 
****************************************
Report : area
Design : fu_cmp_c1
Version: Y-2026.03-SP1
Date   : Wed Sep 30 12:14:02 2026
****************************************

Library(s) Used:

    saed14rvt_base_tt0p8v25c (File: /mnt/nas0/eda.libs/saed14/EDK_03_2025/SAED14nm_EDK_STD_RVT/liberty/nldm/base/saed14rvt_base_tt0p8v25c.db)

Number of ports:                          410
Number of nets:                           712
Number of cells:                          376
Number of combinational cells:            375
Number of sequential cells:                 0
Number of macros/black boxes:               0
Number of buf/inv:                        126
Number of references:                       1

Combinational area:                117.038399
Buf/Inv area:                       25.751999
Noncombinational area:               0.000000
Macro/Black Box area:                0.000000
Net Interconnect area:             140.341927

Total cell area:                   117.038399
Total area:                        257.380326
1
