 
****************************************
Report : area
Design : fu_fp_min_max_m1
Version: Y-2026.03-SP1
Date   : Wed Sep 16 01:16:14 2026
****************************************

Library(s) Used:

    saed14rvt_base_tt0p8v25c (File: /mnt/nas0/eda.libs/saed14/EDK_03_2025/SAED14nm_EDK_STD_RVT/liberty/nldm/base/saed14rvt_base_tt0p8v25c.db)

Number of ports:                          410
Number of nets:                           928
Number of cells:                          597
Number of combinational cells:            596
Number of sequential cells:                 0
Number of macros/black boxes:               0
Number of buf/inv:                        207
Number of references:                       1

Combinational area:                230.835597
Buf/Inv area:                       59.806799
Noncombinational area:               0.000000
Macro/Black Box area:                0.000000
Net Interconnect area:             350.776613

Total cell area:                   230.835597
Total area:                        581.612210
1
