 
****************************************
Report : timing
        -path full
        -delay max
        -max_paths 1
Design : fu_cmp_c2
Version: Y-2026.03-SP1
Date   : Tue Sep 15 23:10:40 2026
****************************************

Operating Conditions: tt0p8v25c   Library: saed14rvt_base_tt0p8v25c
Wire Load Model Mode: top

  Startpoint: in_data_0[49]
              (input port)
  Endpoint: out_data[27]
            (output port)
  Path Group: default
  Path Type: max

  Des/Clust/Port     Wire Load Model       Library
  ------------------------------------------------
  fu_cmp_c2          8000                  saed14rvt_base_tt0p8v25c

  Point                                    Incr       Path
  -----------------------------------------------------------
  input external delay                     0.00       0.00 f
  in_data_0[49] (in)                       0.00       0.00 f
  core/in_data_0[49] (fu_cmp_dec)          0.00       0.00 f
  core/U77/X (SAEDRVT14_INV_S_0P5)         0.08       0.08 r
  core/U108/X (SAEDRVT14_OAI22_1)          0.09       0.17 f
  core/U289/X (SAEDRVT14_AOI21_0P5)        0.06       0.23 r
  core/U290/X (SAEDRVT14_OAI21_1)          0.04       0.26 f
  core/U222/X (SAEDRVT14_AOI21_0P5)        0.05       0.31 r
  core/U167/X (SAEDRVT14_OAI22_1)          0.04       0.35 f
  core/U197/X (SAEDRVT14_AOI21_0P5)        0.05       0.40 r
  core/U195/X (SAEDRVT14_AOI21_0P5)        0.07       0.46 f
  core/U291/X (SAEDRVT14_AOI21_1)          0.05       0.52 r
  core/U292/X (SAEDRVT14_OAI21_0P5)        0.05       0.56 f
  core/U293/X (SAEDRVT14_AOI21_1)          0.07       0.63 r
  core/U297/X (SAEDRVT14_MUXI2_2)          0.05       0.68 f
  core/U298/X (SAEDRVT14_OAI21_0P5)        0.03       0.71 r
  core/U300/X (SAEDRVT14_OAI22_2)          0.07       0.79 f
  core/U11/X (SAEDRVT14_INV_4)             0.03       0.82 r
  core/U10/X (SAEDRVT14_OAI22_2)           0.08       0.90 f
  core/U304/X (SAEDRVT14_BUF_S_0P75)       0.10       1.00 f
  core/out_data[27] (fu_cmp_dec)           0.00       1.00 f
  out_data[27] (out)                       0.00       1.00 f
  data arrival time                                   1.00

  max_delay                                1.00       1.00
  output external delay                    0.00       1.00
  data required time                                  1.00
  -----------------------------------------------------------
  data required time                                  1.00
  data arrival time                                  -1.00
  -----------------------------------------------------------
  slack (MET)                                         0.00


1
