 
****************************************
Report : area
Design : fu_cmp_c2
Version: Y-2026.03-SP1
Date   : Tue Sep 15 23:10:40 2026
****************************************

Library(s) Used:

    saed14rvt_base_tt0p8v25c (File: /mnt/nas0/eda.libs/saed14/EDK_03_2025/SAED14nm_EDK_STD_RVT/liberty/nldm/base/saed14rvt_base_tt0p8v25c.db)

Number of ports:                          411
Number of nets:                           645
Number of cells:                          307
Number of combinational cells:            306
Number of sequential cells:                 0
Number of macros/black boxes:               0
Number of buf/inv:                        103
Number of references:                       1

Combinational area:                 88.222800
Buf/Inv area:                       19.136400
Noncombinational area:               0.000000
Macro/Black Box area:                0.000000
Net Interconnect area:             134.678886

Total cell area:                    88.222800
Total area:                        222.901685
1
