 
****************************************
Report : timing
        -path full
        -delay max
        -max_paths 1
Design : fu_bshift_bs2
Version: Y-2026.03-SP1
Date   : Wed Sep 30 12:19:46 2026
****************************************

Operating Conditions: tt0p8v25c   Library: saed14rvt_base_tt0p8v25c
Wire Load Model Mode: top

  Startpoint: shift_op[1]
              (input port)
  Endpoint: out_data[0]
            (output port)
  Path Group: default
  Path Type: max

  Des/Clust/Port     Wire Load Model       Library
  ------------------------------------------------
  fu_bshift_bs2      8000                  saed14rvt_base_tt0p8v25c

  Point                                                   Incr       Path
  --------------------------------------------------------------------------
  input external delay                                    0.00       0.00 f
  shift_op[1] (in)                                        0.00       0.00 f
  core/shift_op[1] (fu_barrel_shift_dec)                  0.00       0.00 f
  core/U172/X (SAEDRVT14_INV_S_16)                        0.00       0.00 r
  core/U173/X (SAEDRVT14_NR2_MM_16)                       0.01       0.01 f
  core/U174/X (SAEDRVT14_AOI21_6)                         0.04       0.05 r
  core/U181/X (SAEDRVT14_INV_S_20)                        0.03       0.08 f
  core/U269/X (SAEDRVT14_ND2_5)                           0.02       0.10 r
  core/U304/X (SAEDRVT14_BUF_10)                          0.04       0.14 r
  core/U110/X (SAEDRVT14_OAI22_1)                         0.04       0.18 f
  core/U543/X (SAEDRVT14_AOI21_0P5)                       0.11       0.30 r
  core/U118/X (SAEDRVT14_OAI22_1)                         0.06       0.35 f
  core/U544/X (SAEDRVT14_AOI21_1)                         0.11       0.46 r
  core/U133/X (SAEDRVT14_OAI21_0P5)                       0.13       0.59 f
  core/U140/X (SAEDRVT14_AOI21_0P5)                       0.15       0.74 r
  core/U14/X (SAEDRVT14_OAI22_1)                          0.06       0.80 f
  core/U1008/X (SAEDRVT14_AOI21_1)                        0.08       0.88 r
  core/U151/X (SAEDRVT14_OAI22_0P5)                       0.08       0.96 f
  core/U1017/X (SAEDRVT14_AO21_1)                         0.04       1.00 f
  core/out_data[0] (fu_barrel_shift_dec)                  0.00       1.00 f
  out_data[0] (out)                                       0.00       1.00 f
  data arrival time                                                  1.00

  max_delay                                               1.00       1.00
  output external delay                                   0.00       1.00
  data required time                                                 1.00
  --------------------------------------------------------------------------
  data required time                                                 1.00
  data arrival time                                                 -1.00
  --------------------------------------------------------------------------
  slack (MET)                                                        0.00


1
