 
****************************************
Report : area
Design : fu_cmp_64
Version: Y-2026.03-SP1
Date   : Tue Sep  8 22:58:09 2026
****************************************

Library(s) Used:

    saed14rvt_base_tt0p8v25c (File: /mnt/nas0/eda.libs/saed14/EDK_03_2025/SAED14nm_EDK_STD_RVT/liberty/nldm/base/saed14rvt_base_tt0p8v25c.db)

Number of ports:                          204
Number of nets:                           494
Number of cells:                          359
Number of combinational cells:            359
Number of sequential cells:                 0
Number of macros/black boxes:               0
Number of buf/inv:                         96
Number of references:                      68

Combinational area:                121.744800
Buf/Inv area:                       21.090000
Noncombinational area:               0.000000
Macro/Black Box area:                0.000000
Net Interconnect area:             147.047657

Total cell area:                   121.744800
Total area:                        268.792457
1
