****************************************
Report : Averaged Power
Design : fu_bshift_bs1
Version: Y-2026.03-SP1
Date   : Wed Sep 30 18:49:16 2026
****************************************



  Attributes
  ----------
      i  -  Including register clock pin internal power
      u  -  User defined power group

                        Internal  Switching  Leakage    Total
Power Group             Power     Power      Power      Power   (     %)  Attrs
--------------------------------------------------------------------------------
clock_network              0.0000    0.0000    0.0000    0.0000 ( 0.00%)  i
register                   0.0000    0.0000    0.0000    0.0000 ( 0.00%)  
combinational           2.245e-04 3.558e-03 1.289e-07 3.783e-03 (100.00%) 
sequential                 0.0000    0.0000    0.0000    0.0000 ( 0.00%)  
memory                     0.0000    0.0000    0.0000    0.0000 ( 0.00%)  
io_pad                     0.0000    0.0000    0.0000    0.0000 ( 0.00%)  
black_box                  0.0000    0.0000    0.0000    0.0000 ( 0.00%)  

  Net Switching Power  = 3.558e-03   (94.06%)
  Cell Internal Power  = 2.245e-04   ( 5.93%)
  Cell Leakage Power   = 1.289e-07   ( 0.00%)
                         ---------
Total Power            = 3.783e-03  (100.00%)

1
