 
****************************************
Report : area
Design : fu_rounding_32x2
Version: Y-2026.03-SP1
Date   : Tue Sep  8 23:50:21 2026
****************************************

Library(s) Used:

    saed14rvt_base_tt0p8v25c (File: /mnt/nas0/eda.libs/saed14/EDK_03_2025/SAED14nm_EDK_STD_RVT/liberty/nldm/base/saed14rvt_base_tt0p8v25c.db)

Number of ports:                          137
Number of nets:                          1718
Number of cells:                         1647
Number of combinational cells:           1647
Number of sequential cells:                 0
Number of macros/black boxes:               0
Number of buf/inv:                        412
Number of references:                     130

Combinational area:               1199.332788
Buf/Inv area:                      183.771597
Noncombinational area:               0.000000
Macro/Black Box area:                0.000000
Net Interconnect area:             583.834213

Total cell area:                  1199.332788
Total area:                       1783.167001
1
