 
****************************************
Report : area
Design : fu_fp_min_max_m3
Version: Y-2026.03-SP1
Date   : Tue Sep 29 13:59:47 2026
****************************************

Library(s) Used:

    saed14rvt_base_tt0p8v25c (File: /mnt/nas0/eda.libs/saed14/EDK_03_2025/SAED14nm_EDK_STD_RVT/liberty/nldm/base/saed14rvt_base_tt0p8v25c.db)

Number of ports:                          412
Number of nets:                           962
Number of cells:                          621
Number of combinational cells:            620
Number of sequential cells:                 0
Number of macros/black boxes:               0
Number of buf/inv:                        172
Number of references:                       1

Combinational area:                215.650798
Buf/Inv area:                       40.759199
Noncombinational area:               0.000000
Macro/Black Box area:                0.000000
Net Interconnect area:             256.414071

Total cell area:                   215.650798
Total area:                        472.064870
1
