 
****************************************
Report : area
Design : fu_fp_minmax_revised_shared64_32
Version: Y-2026.03-SP1
Date   : Tue Sep 29 13:26:10 2026
****************************************

Library(s) Used:

    saed14rvt_base_tt0p8v25c (File: /mnt/nas0/eda.libs/saed14/EDK_03_2025/SAED14nm_EDK_STD_RVT/liberty/nldm/base/saed14rvt_base_tt0p8v25c.db)

Number of ports:                          412
Number of nets:                           837
Number of cells:                          496
Number of combinational cells:            495
Number of sequential cells:                 0
Number of macros/black boxes:               0
Number of buf/inv:                        169
Number of references:                       1

Combinational area:                170.007598
Buf/Inv area:                       44.799599
Noncombinational area:               0.000000
Macro/Black Box area:                0.000000
Net Interconnect area:             212.539270

Total cell area:                   170.007598
Total area:                        382.546868
1
