 
****************************************
Report : timing
        -path full
        -delay max
        -max_paths 1
Design : fu_fp_minmax_revised_shared64_32
Version: Y-2026.03-SP1
Date   : Tue Sep 29 13:26:10 2026
****************************************

Operating Conditions: tt0p8v25c   Library: saed14rvt_base_tt0p8v25c
Wire Load Model Mode: top

  Startpoint: in_data_1[33]
              (input port)
  Endpoint: out_data[0]
            (output port)
  Path Group: default
  Path Type: max

  Des/Clust/Port     Wire Load Model       Library
  ------------------------------------------------
  fu_fp_minmax_revised_shared64_32
                     8000                  saed14rvt_base_tt0p8v25c

  Point                                                   Incr       Path
  --------------------------------------------------------------------------
  input external delay                                    0.00       0.00 r
  in_data_1[33] (in)                                      0.00       0.00 r
  core_inst/in_data_1[33] (fu_fp_min_max_dec_W64_MIN_LANE_W32)
                                                          0.00       0.00 r
  core_inst/U216/X (SAEDRVT14_INV_S_8)                    0.01       0.01 f
  core_inst/U326/X (SAEDRVT14_OAI21_0P5)                  0.03       0.03 r
  core_inst/U327/X (SAEDRVT14_OAI22_0P75)                 0.04       0.07 f
  core_inst/U329/X (SAEDRVT14_AOI21_0P5)                  0.05       0.12 r
  core_inst/U332/X (SAEDRVT14_OAI22_3)                    0.03       0.15 f
  core_inst/U334/X (SAEDRVT14_AOI21_3)                    0.02       0.17 r
  core_inst/U336/X (SAEDRVT14_OAI21_2)                    0.03       0.20 f
  core_inst/U338/X (SAEDRVT14_AO32_2)                     0.04       0.24 f
  core_inst/U344/X (SAEDRVT14_OA211_4)                    0.02       0.26 f
  core_inst/U356/X (SAEDRVT14_NR2_MM_6)                   0.03       0.29 r
  core_inst/U257/X (SAEDRVT14_ND2_3)                      0.02       0.30 f
  core_inst/U438/X (SAEDRVT14_MUX2_1P5)                   0.03       0.33 r
  core_inst/U19/X (SAEDRVT14_OAI21_V1_4)                  0.02       0.35 f
  core_inst/U87/X (SAEDRVT14_EN2_4)                       0.03       0.38 r
  core_inst/U111/X (SAEDRVT14_ND2_CDC_4)                  0.02       0.40 f
  core_inst/U17/X (SAEDRVT14_INV_S_10)                    0.02       0.42 r
  core_inst/U106/X (SAEDRVT14_INV_6)                      0.03       0.45 f
  core_inst/U104/X (SAEDRVT14_OAI22_0P5)                  0.05       0.50 r
  core_inst/out_data[0] (fu_fp_min_max_dec_W64_MIN_LANE_W32)
                                                          0.00       0.50 r
  out_data[0] (out)                                       0.00       0.50 r
  data arrival time                                                  0.50

  max_delay                                               0.50       0.50
  output external delay                                   0.00       0.50
  data required time                                                 0.50
  --------------------------------------------------------------------------
  data required time                                                 0.50
  data arrival time                                                 -0.50
  --------------------------------------------------------------------------
  slack (MET)                                                        0.00


1
