 
****************************************
Report : timing
        -path full
        -delay max
        -max_paths 1
Design : fu_fp_min_max_m1
Version: Y-2026.03-SP1
Date   : Tue Sep 29 13:56:22 2026
****************************************

Operating Conditions: tt0p8v25c   Library: saed14rvt_base_tt0p8v25c
Wire Load Model Mode: top

  Startpoint: in_data_1[34]
              (input port)
  Endpoint: out_data[53]
            (output port)
  Path Group: default
  Path Type: max

  Des/Clust/Port     Wire Load Model       Library
  ------------------------------------------------
  fu_fp_min_max_m1   8000                  saed14rvt_base_tt0p8v25c

  Point                                                   Incr       Path
  --------------------------------------------------------------------------
  input external delay                                    0.00       0.00 r
  in_data_1[34] (in)                                      0.00       0.00 r
  core/in_data_1[34] (fu_fp_min_max_dec_W64_MIN_LANE_W64)
                                                          0.00       0.00 r
  core/U341/X (SAEDRVT14_INV_S_2)                         0.01       0.01 f
  core/U222/X (SAEDRVT14_NR2_MM_1)                        0.03       0.04 r
  core/U26/X (SAEDRVT14_NR2_1P5)                          0.04       0.08 f
  core/U349/X (SAEDRVT14_AOI21_1P5)                       0.03       0.11 r
  core/U351/X (SAEDRVT14_OAI21_1)                         0.03       0.14 f
  core/U352/X (SAEDRVT14_AOI21_1P5)                       0.03       0.17 r
  core/U355/X (SAEDRVT14_OAI21_2)                         0.03       0.20 f
  core/U356/X (SAEDRVT14_AOI21_1P5)                       0.03       0.22 r
  core/U359/X (SAEDRVT14_OAI21_3)                         0.02       0.25 f
  core/U360/X (SAEDRVT14_AOI21_1P5)                       0.03       0.28 r
  core/U12/X (SAEDRVT14_AOI21_V1_6)                       0.02       0.29 f
  core/U379/X (SAEDRVT14_NR2_MM_4)                        0.01       0.31 r
  core/U11/X (SAEDRVT14_MUX2_MM_2)                        0.03       0.33 f
  core/U380/X (SAEDRVT14_EN2_4)                           0.04       0.37 r
  core/U384/CKOUT (SAEDRVT14_CLKSPLT_8)                   0.02       0.39 r
  core/U54/CKOUTB (SAEDRVT14_CLKSPLT_8)                   0.03       0.42 f
  core/U9/X (SAEDRVT14_INV_S_10)                          0.01       0.44 r
  core/U399/X (SAEDRVT14_MUXI2_1)                         0.04       0.47 r
  core/U400/X (SAEDRVT14_ND2_CDC_1)                       0.02       0.50 f
  core/out_data[53] (fu_fp_min_max_dec_W64_MIN_LANE_W64)
                                                          0.00       0.50 f
  out_data[53] (out)                                      0.00       0.50 f
  data arrival time                                                  0.50

  max_delay                                               0.50       0.50
  output external delay                                   0.00       0.50
  data required time                                                 0.50
  --------------------------------------------------------------------------
  data required time                                                 0.50
  data arrival time                                                 -0.50
  --------------------------------------------------------------------------
  slack (MET)                                                        0.00


1
