 
****************************************
Report : area
Design : fu_fp_min_max_32
Version: Y-2026.03-SP1
Date   : Tue Sep 29 17:02:30 2026
****************************************

Library(s) Used:

    saed14rvt_base_tt0p8v25c (File: /mnt/nas0/eda.libs/saed14/EDK_03_2025/SAED14nm_EDK_STD_RVT/liberty/nldm/base/saed14rvt_base_tt0p8v25c.db)

Number of ports:                          201
Number of nets:                           271
Number of cells:                          203
Number of combinational cells:            203
Number of sequential cells:                 0
Number of macros/black boxes:               0
Number of buf/inv:                         68
Number of references:                      38

Combinational area:                 62.603999
Buf/Inv area:                       14.652000
Noncombinational area:               0.000000
Macro/Black Box area:                0.000000
Net Interconnect area:             122.793424

Total cell area:                    62.603999
Total area:                        185.397423
1
