 
****************************************
Report : timing
        -path full
        -delay max
        -max_paths 1
Design : fu_fp_cmp_32x2
Version: Y-2026.03-SP1
Date   : Wed Sep 30 18:29:11 2026
****************************************

Operating Conditions: tt0p8v25c   Library: saed14rvt_base_tt0p8v25c
Wire Load Model Mode: top

  Startpoint: in_data_1[34]
              (input port)
  Endpoint: out_data[32]
            (output port)
  Path Group: default
  Path Type: max

  Des/Clust/Port     Wire Load Model       Library
  ------------------------------------------------
  fu_fp_cmp_32x2     8000                  saed14rvt_base_tt0p8v25c

  Point                                    Incr       Path
  -----------------------------------------------------------
  input external delay                     0.00       0.00 r
  in_data_1[34] (in)                       0.00       0.00 r
  U436/X (SAEDRVT14_INV_S_1)               0.02       0.02 f
  U310/X (SAEDRVT14_NR2_MM_1)              0.06       0.08 r
  U303/X (SAEDRVT14_INV_S_0P5)             0.05       0.13 f
  U481/X (SAEDRVT14_AOI21_1)               0.04       0.16 r
  U482/X (SAEDRVT14_OAI22_1P5)             0.03       0.20 f
  U302/X (SAEDRVT14_AOI21_0P5)             0.05       0.25 r
  U298/X (SAEDRVT14_OAI22_3)               0.03       0.27 f
  U485/X (SAEDRVT14_OAI22_1P5)             0.03       0.30 r
  U486/X (SAEDRVT14_AOI21_1P5)             0.03       0.33 f
  U314/X (SAEDRVT14_AOI21_1P5)             0.03       0.36 r
  U488/X (SAEDRVT14_OAI22_1)               0.04       0.39 f
  U489/X (SAEDRVT14_AOI21_1P5)             0.03       0.43 r
  U311/X (SAEDRVT14_OAI22_1P5)             0.03       0.46 f
  U490/X (SAEDRVT14_OAI21_V1_4)            0.02       0.48 r
  U491/X (SAEDRVT14_OAI22_1)               0.04       0.52 f
  U313/X (SAEDRVT14_NR2_MM_3)              0.02       0.54 r
  U493/X (SAEDRVT14_OAI22_1)               0.03       0.58 f
  U312/X (SAEDRVT14_OAI22_1P5)             0.04       0.61 r
  U494/X (SAEDRVT14_OAI22_4)               0.03       0.65 f
  U316/X (SAEDRVT14_OAI21_1)               0.04       0.68 r
  U496/X (SAEDRVT14_OAI21_V1_4)            0.05       0.73 f
  U512/X (SAEDRVT14_OAI21_2)               0.04       0.77 r
  U315/X (SAEDRVT14_OAI21_2)               0.03       0.80 f
  U513/X (SAEDRVT14_OAI21_2)               0.03       0.83 r
  U317/X (SAEDRVT14_OAI21_2)               0.04       0.87 f
  U514/X (SAEDRVT14_OAI21_V1_4)            0.04       0.91 r
  U518/X (SAEDRVT14_BUF_S_2)               0.09       1.00 r
  out_data[32] (out)                       0.00       1.00 r
  data arrival time                                   1.00

  max_delay                                1.00       1.00
  output external delay                    0.00       1.00
  data required time                                  1.00
  -----------------------------------------------------------
  data required time                                  1.00
  data arrival time                                  -1.00
  -----------------------------------------------------------
  slack (MET)                                         0.00


1
