 
****************************************
Report : timing
        -path full
        -delay max
        -max_paths 1
Design : fu_cmp_c8
Version: Y-2026.03-SP1
Date   : Wed Sep 30 12:15:10 2026
****************************************

Operating Conditions: tt0p8v25c   Library: saed14rvt_base_tt0p8v25c
Wire Load Model Mode: top

  Startpoint: in_data_0[9]
              (input port)
  Endpoint: out_data[32]
            (output port)
  Path Group: default
  Path Type: max

  Des/Clust/Port     Wire Load Model       Library
  ------------------------------------------------
  fu_cmp_c8          8000                  saed14rvt_base_tt0p8v25c

  Point                                    Incr       Path
  -----------------------------------------------------------
  input external delay                     0.00       0.00 f
  in_data_0[9] (in)                        0.00       0.00 f
  core/in_data_0[9] (fu_cmp_dec)           0.00       0.00 f
  core/U96/X (SAEDRVT14_INV_S_3)           0.01       0.01 r
  core/U224/X (SAEDRVT14_OAI22_4)          0.02       0.04 f
  core/U115/X (SAEDRVT14_AOI21_0P5)        0.04       0.08 r
  core/U232/X (SAEDRVT14_OAI22_1P5)        0.03       0.11 f
  core/U233/X (SAEDRVT14_AOI21_3)          0.02       0.13 r
  core/U234/X (SAEDRVT14_OA21_MM_1)        0.03       0.17 r
  core/U235/X (SAEDRVT14_OA21B_4)          0.04       0.20 r
  core/U315/X (SAEDRVT14_AO21B_0P5)        0.10       0.31 f
  core/U316/X (SAEDRVT14_INV_6)            0.03       0.33 r
  core/U317/X (SAEDRVT14_OA21B_2)          0.07       0.40 r
  core/U318/X (SAEDRVT14_INV_3)            0.03       0.43 f
  core/U319/X (SAEDRVT14_AO21B_0P5)        0.07       0.50 f
  core/U320/X (SAEDRVT14_AO21_4)           0.05       0.55 f
  core/U321/X (SAEDRVT14_AO21B_0P5)        0.07       0.62 f
  core/U381/X (SAEDRVT14_OAI22_0P75)       0.06       0.68 r
  core/U382/X (SAEDRVT14_NR2_MM_3)         0.04       0.72 f
  core/U383/X (SAEDRVT14_OAI22_0P75)       0.05       0.77 r
  core/U384/X (SAEDRVT14_NR2_MM_1)         0.04       0.81 f
  core/U387/X (SAEDRVT14_ND2_CDC_1)        0.03       0.84 r
  core/U390/X (SAEDRVT14_AOI21_1P5)        0.04       0.89 f
  core/U416/X (SAEDRVT14_OAI22_0P75)       0.05       0.94 r
  core/U417/X (SAEDRVT14_OR3_4)            0.06       1.00 r
  core/out_data[32] (fu_cmp_dec)           0.00       1.00 r
  out_data[32] (out)                       0.00       1.00 r
  data arrival time                                   1.00

  max_delay                                1.00       1.00
  output external delay                    0.00       1.00
  data required time                                  1.00
  -----------------------------------------------------------
  data required time                                  1.00
  data arrival time                                  -1.00
  -----------------------------------------------------------
  slack (MET)                                         0.00


1
