 
****************************************
Report : area
Design : fu_cmp_c2
Version: Y-2026.03-SP1
Date   : Wed Sep 30 18:19:12 2026
****************************************

Library(s) Used:

    saed14rvt_base_tt0p8v25c (File: /mnt/nas0/eda.libs/saed14/EDK_03_2025/SAED14nm_EDK_STD_RVT/liberty/nldm/base/saed14rvt_base_tt0p8v25c.db)

Number of ports:                          411
Number of nets:                           640
Number of cells:                          302
Number of combinational cells:            301
Number of sequential cells:                 0
Number of macros/black boxes:               0
Number of buf/inv:                        104
Number of references:                       1

Combinational area:                 90.797999
Buf/Inv area:                       19.802400
Noncombinational area:               0.000000
Macro/Black Box area:                0.000000
Net Interconnect area:             128.958175

Total cell area:                    90.797999
Total area:                        219.756174
1
