 
****************************************
Report : timing
        -path full
        -delay max
        -max_paths 1
Design : fu_cmp_c2
Version: Y-2026.03-SP1
Date   : Wed Sep 30 18:19:12 2026
****************************************

Operating Conditions: tt0p8v25c   Library: saed14rvt_base_tt0p8v25c
Wire Load Model Mode: top

  Startpoint: in_data_1[15]
              (input port)
  Endpoint: out_data[0]
            (output port)
  Path Group: default
  Path Type: max

  Des/Clust/Port     Wire Load Model       Library
  ------------------------------------------------
  fu_cmp_c2          8000                  saed14rvt_base_tt0p8v25c

  Point                                    Incr       Path
  -----------------------------------------------------------
  input external delay                     0.00       0.00 f
  in_data_1[15] (in)                       0.00       0.00 f
  core/in_data_1[15] (fu_cmp_dec)          0.00       0.00 f
  core/U179/X (SAEDRVT14_INV_S_1)          0.04       0.04 r
  core/U74/X (SAEDRVT14_OAI22_1)           0.07       0.12 f
  core/U120/X (SAEDRVT14_OR4_1)            0.04       0.16 f
  core/U58/X (SAEDRVT14_OR4_1)             0.03       0.19 f
  core/U207/X (SAEDRVT14_OR4_2)            0.04       0.23 f
  core/U211/X (SAEDRVT14_OAI22_1P5)        0.03       0.26 r
  core/U212/X (SAEDRVT14_AOI21_3)          0.02       0.28 f
  core/U228/X (SAEDRVT14_OAI22_1P5)        0.03       0.31 r
  core/U229/X (SAEDRVT14_AOI21_3)          0.02       0.33 f
  core/U251/X (SAEDRVT14_OAI22_1P5)        0.04       0.38 r
  core/U95/X (SAEDRVT14_INV_S_1)           0.06       0.43 f
  core/U275/X (SAEDRVT14_MUXI2_4)          0.05       0.48 r
  core/U276/X (SAEDRVT14_AOI21_1)          0.03       0.51 f
  core/U277/X (SAEDRVT14_ND2_CDC_2)        0.02       0.54 r
  core/U278/X (SAEDRVT14_NR2_1P5)          0.03       0.57 f
  core/U283/X (SAEDRVT14_MUXI2_1)          0.04       0.61 r
  core/U284/X (SAEDRVT14_OAI21_1)          0.03       0.64 f
  core/U286/X (SAEDRVT14_OAI22_1P5)        0.03       0.67 r
  core/U287/X (SAEDRVT14_AO21_2)           0.05       0.72 r
  core/U288/X (SAEDRVT14_BUF_8)            0.03       0.75 r
  core/U126/X (SAEDRVT14_NR2_1)            0.03       0.79 f
  core/U127/X (SAEDRVT14_AOI21_1P5)        0.08       0.86 r
  core/U302/X (SAEDRVT14_BUF_1P5)          0.13       1.00 r
  core/out_data[0] (fu_cmp_dec)            0.00       1.00 r
  out_data[0] (out)                        0.00       1.00 r
  data arrival time                                   1.00

  max_delay                                1.00       1.00
  output external delay                    0.00       1.00
  data required time                                  1.00
  -----------------------------------------------------------
  data required time                                  1.00
  data arrival time                                  -1.00
  -----------------------------------------------------------
  slack (MET)                                         0.00


1
