****************************************
Report : Averaged Power
Design : fu_fp_cmp_16x4
Version: Y-2026.03-SP1
Date   : Wed Sep 30 18:50:49 2026
****************************************



  Attributes
  ----------
      i  -  Including register clock pin internal power
      u  -  User defined power group

                        Internal  Switching  Leakage    Total
Power Group             Power     Power      Power      Power   (     %)  Attrs
--------------------------------------------------------------------------------
clock_network              0.0000    0.0000    0.0000    0.0000 ( 0.00%)  i
register                   0.0000    0.0000    0.0000    0.0000 ( 0.00%)  
combinational           4.235e-05 5.765e-04 3.081e-08 6.189e-04 (100.00%) 
sequential                 0.0000    0.0000    0.0000    0.0000 ( 0.00%)  
memory                     0.0000    0.0000    0.0000    0.0000 ( 0.00%)  
io_pad                     0.0000    0.0000    0.0000    0.0000 ( 0.00%)  
black_box                  0.0000    0.0000    0.0000    0.0000 ( 0.00%)  

  Net Switching Power  = 5.765e-04   (93.15%)
  Cell Internal Power  = 4.235e-05   ( 6.84%)
  Cell Leakage Power   = 3.081e-08   ( 0.00%)
                         ---------
Total Power            = 6.189e-04  (100.00%)

1
