 
****************************************
Report : timing
        -path full
        -delay max
        -max_paths 1
Design : fu_abs_a3
Version: Y-2026.03-SP1
Date   : Tue Sep  8 21:36:48 2026
****************************************

Operating Conditions: tt0p8v25c   Library: saed14rvt_base_tt0p8v25c
Wire Load Model Mode: top

  Startpoint: mode[1] (input port)
  Endpoint: out_data[54]
            (output port)
  Path Group: default
  Path Type: max

  Des/Clust/Port     Wire Load Model       Library
  ------------------------------------------------
  fu_abs_a3          8000                  saed14rvt_base_tt0p8v25c

  Point                                    Incr       Path
  -----------------------------------------------------------
  input external delay                     0.00       0.00 f
  mode[1] (in)                             0.00       0.00 f
  core/mode[1] (fu_abs_dec)                0.00       0.00 f
  core/U233/X (SAEDRVT14_EN2_4)            0.02       0.02 r
  core/U38/X (SAEDRVT14_BUF_16)            0.01       0.04 r
  core/U79/X (SAEDRVT14_BUF_8)             0.02       0.06 r
  core/U241/X (SAEDRVT14_OAI21_V1_8)       0.01       0.07 f
  core/U242/X (SAEDRVT14_INV_12)           0.01       0.08 r
  core/U41/X (SAEDRVT14_INV_S_10)          0.02       0.10 f
  core/U40/X (SAEDRVT14_EO2_1P5)           0.04       0.14 r
  core/U244/X (SAEDRVT14_ND2_4)            0.01       0.16 f
  core/U245/X (SAEDRVT14_INV_S_2)          0.01       0.17 r
  core/U250/X (SAEDRVT14_ND2_5)            0.02       0.19 f
  core/U251/X (SAEDRVT14_NR2_MM_12)        0.01       0.20 r
  core/U252/X (SAEDRVT14_ND2_3)            0.02       0.22 f
  core/U194/X (SAEDRVT14_OR2_1)            0.04       0.26 f
  core/U42/X (SAEDRVT14_NR2_MM_16)         0.02       0.28 r
  core/U35/X (SAEDRVT14_ND2_16)            0.01       0.29 f
  core/U33/X (SAEDRVT14_NR2_MM_12)         0.01       0.29 r
  core/U318/X (SAEDRVT14_MUX2_MM_4)        0.02       0.32 r
  core/U13/X (SAEDRVT14_ND2_MM_12)         0.01       0.33 f
  core/U48/X (SAEDRVT14_NR2_MM_16)         0.01       0.34 r
  core/U322/X (SAEDRVT14_AN2_MM_12)        0.02       0.36 r
  core/U338/X (SAEDRVT14_AN2_8)            0.01       0.38 r
  core/U339/X (SAEDRVT14_MUX2_MM_4)        0.02       0.40 r
  core/U340/X (SAEDRVT14_AN2_MM_12)        0.02       0.42 r
  core/U116/X (SAEDRVT14_INV_4)            0.02       0.44 f
  core/U380/X (SAEDRVT14_NR2_MM_4)         0.01       0.45 r
  core/U382/X (SAEDRVT14_EN2_4)            0.02       0.47 f
  core/U383/X (SAEDRVT14_MUX2_MM_1)        0.03       0.50 f
  core/out_data[54] (fu_abs_dec)           0.00       0.50 f
  out_data[54] (out)                       0.00       0.50 f
  data arrival time                                   0.50

  max_delay                                0.50       0.50
  output external delay                    0.00       0.50
  data required time                                  0.50
  -----------------------------------------------------------
  data required time                                  0.50
  data arrival time                                  -0.50
  -----------------------------------------------------------
  slack (MET)                                         0.00


1
