 
****************************************
Report : timing
        -path full
        -delay max
        -nworst 10
        -max_paths 10
Design : fu_mult_karatsuba_32x2
Version: Y-2026.03-SP1
Date   : Fri Sep 11 16:24:37 2026
****************************************

Operating Conditions: tt0p8v25c   Library: saed14rvt_base_tt0p8v25c
Wire Load Model Mode: top

  Startpoint: in_data_0[51]
              (input port)
  Endpoint: out_data[63]
            (output port)
  Path Group: default
  Path Type: max

  Des/Clust/Port     Wire Load Model       Library
  ------------------------------------------------
  fu_mult_karatsuba_32x2
                     8000                  saed14rvt_base_tt0p8v25c

  Point                                                   Incr       Path
  --------------------------------------------------------------------------
  input external delay                                    0.00       0.00 f
  in_data_0[51] (in)                                      0.00       0.00 f
  g_lane[1].u_lane/a[19] (fu_mult_karatsuba_fixed32_full_x2_0)
                                                          0.00       0.00 f
  g_lane[1].u_lane/U1247/X (SAEDRVT14_NR2_MM_16)          0.01       0.01 r
  g_lane[1].u_lane/U949/X (SAEDRVT14_NR2_MM_16)           0.01       0.02 f
  g_lane[1].u_lane/U1154/X (SAEDRVT14_INV_12)             0.01       0.03 r
  g_lane[1].u_lane/U1166/X (SAEDRVT14_NR2_MM_16)          0.01       0.03 f
  g_lane[1].u_lane/U1106/X (SAEDRVT14_NR2_MM_16)          0.01       0.04 r
  g_lane[1].u_lane/U1194/X (SAEDRVT14_OAI21_V1_8)         0.01       0.05 f
  g_lane[1].u_lane/U1112/X (SAEDRVT14_EN2_4)              0.03       0.08 r
  g_lane[1].u_lane/U1418/X (SAEDRVT14_INV_S_16)           0.01       0.09 f
  g_lane[1].u_lane/U1734/X (SAEDRVT14_INV_S_16)           0.02       0.11 r
  g_lane[1].u_lane/U1886/X (SAEDRVT14_EN2_4)              0.03       0.14 f
  g_lane[1].u_lane/U803/X (SAEDRVT14_INV_4)               0.01       0.15 r
  g_lane[1].u_lane/U1102/X (SAEDRVT14_ND2_16)             0.01       0.16 f
  g_lane[1].u_lane/U1624/X (SAEDRVT14_ND2_MM_8)           0.01       0.17 r
  g_lane[1].u_lane/U1878/S (SAEDRVT14_ADDF_V2_2)          0.06       0.22 f
  g_lane[1].u_lane/U1283/X (SAEDRVT14_EN2_4)              0.03       0.26 r
  g_lane[1].u_lane/U1217/X (SAEDRVT14_OR2_MM_12)          0.02       0.28 r
  g_lane[1].u_lane/U953/X (SAEDRVT14_ND2_MM_10)           0.01       0.28 f
  g_lane[1].u_lane/U1230/X (SAEDRVT14_EN2_4)              0.03       0.32 r
  g_lane[1].u_lane/U955/X (SAEDRVT14_NR2_MM_12)           0.01       0.33 f
  g_lane[1].u_lane/U1371/X (SAEDRVT14_INV_6)              0.01       0.34 r
  g_lane[1].u_lane/U954/X (SAEDRVT14_ND2_MM_6)            0.01       0.34 f
  g_lane[1].u_lane/U1234/X (SAEDRVT14_EN2_4)              0.04       0.38 r
  g_lane[1].u_lane/U1219/X (SAEDRVT14_AOI21_V1_8)         0.02       0.40 f
  g_lane[1].u_lane/U1233/X (SAEDRVT14_NR2_MM_16)          0.02       0.42 r
  g_lane[1].u_lane/U1325/X (SAEDRVT14_ND2_16)             0.01       0.42 f
  g_lane[1].u_lane/U966/X (SAEDRVT14_NR2_MM_12)           0.01       0.43 r
  g_lane[1].u_lane/U1213/X (SAEDRVT14_NR2_MM_16)          0.01       0.44 f
  g_lane[1].u_lane/U1212/X (SAEDRVT14_OAI21_V1_8)         0.02       0.46 r
  g_lane[1].u_lane/U1250/X (SAEDRVT14_ND2_8)              0.01       0.47 f
  g_lane[1].u_lane/U1249/X (SAEDRVT14_ND2_16)             0.01       0.48 r
  g_lane[1].u_lane/U1255/X (SAEDRVT14_INV_S_16)           0.01       0.49 f
  g_lane[1].u_lane/U1645/X (SAEDRVT14_NR2_MM_16)          0.01       0.50 r
  g_lane[1].u_lane/U1385/X (SAEDRVT14_OAI21_V1_8)         0.01       0.51 f
  g_lane[1].u_lane/U1384/X (SAEDRVT14_ND2_16)             0.01       0.52 r
  g_lane[1].u_lane/U1380/X (SAEDRVT14_ND2_MM_10)          0.01       0.53 f
  g_lane[1].u_lane/U1072/X (SAEDRVT14_OAI21_V1_8)         0.01       0.55 r
  g_lane[1].u_lane/U1144/X (SAEDRVT14_AOI21_V1_8)         0.01       0.56 f
  g_lane[1].u_lane/U1678/X (SAEDRVT14_EN2_4)              0.02       0.58 r
  g_lane[1].u_lane/product[31] (fu_mult_karatsuba_fixed32_full_x2_0)
                                                          0.00       0.58 r
  out_data[63] (out)                                      0.00       0.58 r
  data arrival time                                                  0.58

  max_delay                                               0.50       0.50
  output external delay                                   0.00       0.50
  data required time                                                 0.50
  --------------------------------------------------------------------------
  data required time                                                 0.50
  data arrival time                                                 -0.58
  --------------------------------------------------------------------------
  slack (VIOLATED)                                                  -0.08


  Startpoint: in_data_0[51]
              (input port)
  Endpoint: out_data[63]
            (output port)
  Path Group: default
  Path Type: max

  Des/Clust/Port     Wire Load Model       Library
  ------------------------------------------------
  fu_mult_karatsuba_32x2
                     8000                  saed14rvt_base_tt0p8v25c

  Point                                                   Incr       Path
  --------------------------------------------------------------------------
  input external delay                                    0.00       0.00 f
  in_data_0[51] (in)                                      0.00       0.00 f
  g_lane[1].u_lane/a[19] (fu_mult_karatsuba_fixed32_full_x2_0)
                                                          0.00       0.00 f
  g_lane[1].u_lane/U1247/X (SAEDRVT14_NR2_MM_16)          0.01       0.01 r
  g_lane[1].u_lane/U949/X (SAEDRVT14_NR2_MM_16)           0.01       0.02 f
  g_lane[1].u_lane/U1154/X (SAEDRVT14_INV_12)             0.01       0.03 r
  g_lane[1].u_lane/U1166/X (SAEDRVT14_NR2_MM_16)          0.01       0.03 f
  g_lane[1].u_lane/U1106/X (SAEDRVT14_NR2_MM_16)          0.01       0.04 r
  g_lane[1].u_lane/U1194/X (SAEDRVT14_OAI21_V1_8)         0.01       0.05 f
  g_lane[1].u_lane/U1112/X (SAEDRVT14_EN2_4)              0.03       0.08 r
  g_lane[1].u_lane/U1418/X (SAEDRVT14_INV_S_16)           0.01       0.09 f
  g_lane[1].u_lane/U1734/X (SAEDRVT14_INV_S_16)           0.02       0.11 r
  g_lane[1].u_lane/U1886/X (SAEDRVT14_EN2_4)              0.03       0.14 f
  g_lane[1].u_lane/U803/X (SAEDRVT14_INV_4)               0.01       0.15 r
  g_lane[1].u_lane/U1102/X (SAEDRVT14_ND2_16)             0.01       0.16 f
  g_lane[1].u_lane/U1624/X (SAEDRVT14_ND2_MM_8)           0.01       0.17 r
  g_lane[1].u_lane/U1878/S (SAEDRVT14_ADDF_V2_2)          0.06       0.22 f
  g_lane[1].u_lane/U1283/X (SAEDRVT14_EN2_4)              0.03       0.26 r
  g_lane[1].u_lane/U1217/X (SAEDRVT14_OR2_MM_12)          0.02       0.28 r
  g_lane[1].u_lane/U953/X (SAEDRVT14_ND2_MM_10)           0.01       0.28 f
  g_lane[1].u_lane/U1230/X (SAEDRVT14_EN2_4)              0.03       0.32 r
  g_lane[1].u_lane/U955/X (SAEDRVT14_NR2_MM_12)           0.01       0.33 f
  g_lane[1].u_lane/U1139/X (SAEDRVT14_NR2_MM_10)          0.01       0.34 r
  g_lane[1].u_lane/U1229/X (SAEDRVT14_NR2_MM_16)          0.01       0.35 f
  g_lane[1].u_lane/U952/X (SAEDRVT14_NR2_MM_16)           0.01       0.36 r
  g_lane[1].u_lane/U1343/X (SAEDRVT14_NR2_MM_16)          0.01       0.36 f
  g_lane[1].u_lane/U287/X (SAEDRVT14_NR2_MM_10)           0.01       0.37 r
  g_lane[1].u_lane/U1215/X (SAEDRVT14_NR2_MM_16)          0.01       0.38 f
  g_lane[1].u_lane/U1214/X (SAEDRVT14_INV_S_20)           0.01       0.39 r
  g_lane[1].u_lane/U1675/X (SAEDRVT14_EN2_4)              0.03       0.41 f
  g_lane[1].u_lane/U1440/X (SAEDRVT14_BUF_16)             0.02       0.43 f
  g_lane[1].u_lane/U1252/X (SAEDRVT14_NR2_MM_16)          0.01       0.44 r
  g_lane[1].u_lane/U1212/X (SAEDRVT14_OAI21_V1_8)         0.02       0.45 f
  g_lane[1].u_lane/U1250/X (SAEDRVT14_ND2_8)              0.01       0.47 r
  g_lane[1].u_lane/U1249/X (SAEDRVT14_ND2_16)             0.01       0.48 f
  g_lane[1].u_lane/U1202/X (SAEDRVT14_EN2_4)              0.03       0.50 f
  g_lane[1].u_lane/U1218/X (SAEDRVT14_INV_S_16)           0.01       0.51 r
  g_lane[1].u_lane/U1679/X (SAEDRVT14_NR2_MM_16)          0.01       0.52 f
  g_lane[1].u_lane/U1720/X (SAEDRVT14_NR2_MM_16)          0.01       0.53 r
  g_lane[1].u_lane/U1637/X (SAEDRVT14_ND2_MM_16)          0.01       0.54 f
  g_lane[1].u_lane/U1665/X (SAEDRVT14_ND2_MM_16)          0.01       0.55 r
  g_lane[1].u_lane/U1144/X (SAEDRVT14_AOI21_V1_8)         0.01       0.56 f
  g_lane[1].u_lane/U1678/X (SAEDRVT14_EN2_4)              0.02       0.58 r
  g_lane[1].u_lane/product[31] (fu_mult_karatsuba_fixed32_full_x2_0)
                                                          0.00       0.58 r
  out_data[63] (out)                                      0.00       0.58 r
  data arrival time                                                  0.58

  max_delay                                               0.50       0.50
  output external delay                                   0.00       0.50
  data required time                                                 0.50
  --------------------------------------------------------------------------
  data required time                                                 0.50
  data arrival time                                                 -0.58
  --------------------------------------------------------------------------
  slack (VIOLATED)                                                  -0.08


  Startpoint: in_data_0[51]
              (input port)
  Endpoint: out_data[62]
            (output port)
  Path Group: default
  Path Type: max

  Des/Clust/Port     Wire Load Model       Library
  ------------------------------------------------
  fu_mult_karatsuba_32x2
                     8000                  saed14rvt_base_tt0p8v25c

  Point                                                   Incr       Path
  --------------------------------------------------------------------------
  input external delay                                    0.00       0.00 f
  in_data_0[51] (in)                                      0.00       0.00 f
  g_lane[1].u_lane/a[19] (fu_mult_karatsuba_fixed32_full_x2_0)
                                                          0.00       0.00 f
  g_lane[1].u_lane/U1247/X (SAEDRVT14_NR2_MM_16)          0.01       0.01 r
  g_lane[1].u_lane/U949/X (SAEDRVT14_NR2_MM_16)           0.01       0.02 f
  g_lane[1].u_lane/U1154/X (SAEDRVT14_INV_12)             0.01       0.03 r
  g_lane[1].u_lane/U1166/X (SAEDRVT14_NR2_MM_16)          0.01       0.03 f
  g_lane[1].u_lane/U1106/X (SAEDRVT14_NR2_MM_16)          0.01       0.04 r
  g_lane[1].u_lane/U1194/X (SAEDRVT14_OAI21_V1_8)         0.01       0.05 f
  g_lane[1].u_lane/U1112/X (SAEDRVT14_EN2_4)              0.03       0.08 r
  g_lane[1].u_lane/U1418/X (SAEDRVT14_INV_S_16)           0.01       0.09 f
  g_lane[1].u_lane/U1734/X (SAEDRVT14_INV_S_16)           0.02       0.11 r
  g_lane[1].u_lane/U1886/X (SAEDRVT14_EN2_4)              0.03       0.14 f
  g_lane[1].u_lane/U803/X (SAEDRVT14_INV_4)               0.01       0.15 r
  g_lane[1].u_lane/U1102/X (SAEDRVT14_ND2_16)             0.01       0.16 f
  g_lane[1].u_lane/U1624/X (SAEDRVT14_ND2_MM_8)           0.01       0.17 r
  g_lane[1].u_lane/U1878/S (SAEDRVT14_ADDF_V2_2)          0.06       0.22 f
  g_lane[1].u_lane/U1283/X (SAEDRVT14_EN2_4)              0.03       0.26 r
  g_lane[1].u_lane/U1217/X (SAEDRVT14_OR2_MM_12)          0.02       0.28 r
  g_lane[1].u_lane/U953/X (SAEDRVT14_ND2_MM_10)           0.01       0.28 f
  g_lane[1].u_lane/U1230/X (SAEDRVT14_EN2_4)              0.03       0.32 r
  g_lane[1].u_lane/U955/X (SAEDRVT14_NR2_MM_12)           0.01       0.33 f
  g_lane[1].u_lane/U1139/X (SAEDRVT14_NR2_MM_10)          0.01       0.34 r
  g_lane[1].u_lane/U1229/X (SAEDRVT14_NR2_MM_16)          0.01       0.35 f
  g_lane[1].u_lane/U952/X (SAEDRVT14_NR2_MM_16)           0.01       0.36 r
  g_lane[1].u_lane/U1343/X (SAEDRVT14_NR2_MM_16)          0.01       0.36 f
  g_lane[1].u_lane/U287/X (SAEDRVT14_NR2_MM_10)           0.01       0.37 r
  g_lane[1].u_lane/U1215/X (SAEDRVT14_NR2_MM_16)          0.01       0.38 f
  g_lane[1].u_lane/U1214/X (SAEDRVT14_INV_S_20)           0.01       0.39 r
  g_lane[1].u_lane/U1675/X (SAEDRVT14_EN2_4)              0.03       0.41 f
  g_lane[1].u_lane/U1440/X (SAEDRVT14_BUF_16)             0.02       0.43 f
  g_lane[1].u_lane/U1252/X (SAEDRVT14_NR2_MM_16)          0.01       0.44 r
  g_lane[1].u_lane/U1212/X (SAEDRVT14_OAI21_V1_8)         0.02       0.45 f
  g_lane[1].u_lane/U1250/X (SAEDRVT14_ND2_8)              0.01       0.47 r
  g_lane[1].u_lane/U1249/X (SAEDRVT14_ND2_16)             0.01       0.48 f
  g_lane[1].u_lane/U1202/X (SAEDRVT14_EN2_4)              0.03       0.50 f
  g_lane[1].u_lane/U1218/X (SAEDRVT14_INV_S_16)           0.01       0.51 r
  g_lane[1].u_lane/U1679/X (SAEDRVT14_NR2_MM_16)          0.01       0.52 f
  g_lane[1].u_lane/U1720/X (SAEDRVT14_NR2_MM_16)          0.01       0.53 r
  g_lane[1].u_lane/U1637/X (SAEDRVT14_ND2_MM_16)          0.01       0.54 f
  g_lane[1].u_lane/U1665/X (SAEDRVT14_ND2_MM_16)          0.01       0.55 r
  g_lane[1].u_lane/U1672/X (SAEDRVT14_AOI21_V1_8)         0.01       0.56 f
  g_lane[1].u_lane/U1797/X (SAEDRVT14_EN2_4)              0.02       0.58 r
  g_lane[1].u_lane/product[30] (fu_mult_karatsuba_fixed32_full_x2_0)
                                                          0.00       0.58 r
  out_data[62] (out)                                      0.00       0.58 r
  data arrival time                                                  0.58

  max_delay                                               0.50       0.50
  output external delay                                   0.00       0.50
  data required time                                                 0.50
  --------------------------------------------------------------------------
  data required time                                                 0.50
  data arrival time                                                 -0.58
  --------------------------------------------------------------------------
  slack (VIOLATED)                                                  -0.08


  Startpoint: in_data_0[52]
              (input port)
  Endpoint: out_data[63]
            (output port)
  Path Group: default
  Path Type: max

  Des/Clust/Port     Wire Load Model       Library
  ------------------------------------------------
  fu_mult_karatsuba_32x2
                     8000                  saed14rvt_base_tt0p8v25c

  Point                                                   Incr       Path
  --------------------------------------------------------------------------
  input external delay                                    0.00       0.00 f
  in_data_0[52] (in)                                      0.00       0.00 f
  g_lane[1].u_lane/a[20] (fu_mult_karatsuba_fixed32_full_x2_0)
                                                          0.00       0.00 f
  g_lane[1].u_lane/U938/X (SAEDRVT14_NR2_MM_8)            0.02       0.02 r
  g_lane[1].u_lane/U920/X (SAEDRVT14_OR2_MM_8)            0.02       0.04 r
  g_lane[1].u_lane/U884/X (SAEDRVT14_INV_3)               0.01       0.05 f
  g_lane[1].u_lane/U982/X (SAEDRVT14_AOI21_8)             0.01       0.06 r
  g_lane[1].u_lane/U1751/X (SAEDRVT14_EN2_4)              0.03       0.09 f
  g_lane[1].u_lane/U1671/X (SAEDRVT14_EN2_4)              0.03       0.12 r
  g_lane[1].u_lane/U983/X (SAEDRVT14_BUF_16)              0.02       0.14 r
  g_lane[1].u_lane/U1667/X (SAEDRVT14_INV_S_20)           0.01       0.15 f
  g_lane[1].u_lane/U2030/X (SAEDRVT14_OAI22_4)            0.01       0.16 r
  g_lane[1].u_lane/U1878/CO (SAEDRVT14_ADDF_V2_2)         0.04       0.20 r
  g_lane[1].u_lane/U1873/S (SAEDRVT14_ADDF_V2_2)          0.06       0.27 f
  g_lane[1].u_lane/U1220/X (SAEDRVT14_OR2_MM_12)          0.03       0.29 f
  g_lane[1].u_lane/U1048/X (SAEDRVT14_ND2_8)              0.01       0.30 r
  g_lane[1].u_lane/U2036/X (SAEDRVT14_EN2_4)              0.03       0.33 f
  g_lane[1].u_lane/U350/X (SAEDRVT14_NR2_MM_10)           0.02       0.35 r
  g_lane[1].u_lane/U952/X (SAEDRVT14_NR2_MM_16)           0.01       0.36 f
  g_lane[1].u_lane/U1343/X (SAEDRVT14_NR2_MM_16)          0.01       0.37 r
  g_lane[1].u_lane/U287/X (SAEDRVT14_NR2_MM_10)           0.01       0.37 f
  g_lane[1].u_lane/U1215/X (SAEDRVT14_NR2_MM_16)          0.01       0.38 r
  g_lane[1].u_lane/U1214/X (SAEDRVT14_INV_S_20)           0.01       0.39 f
  g_lane[1].u_lane/U1675/X (SAEDRVT14_EN2_4)              0.03       0.42 r
  g_lane[1].u_lane/U1440/X (SAEDRVT14_BUF_16)             0.02       0.43 r
  g_lane[1].u_lane/U1252/X (SAEDRVT14_NR2_MM_16)          0.01       0.44 f
  g_lane[1].u_lane/U1212/X (SAEDRVT14_OAI21_V1_8)         0.02       0.46 r
  g_lane[1].u_lane/U1250/X (SAEDRVT14_ND2_8)              0.01       0.47 f
  g_lane[1].u_lane/U1249/X (SAEDRVT14_ND2_16)             0.01       0.48 r
  g_lane[1].u_lane/U1255/X (SAEDRVT14_INV_S_16)           0.01       0.49 f
  g_lane[1].u_lane/U1645/X (SAEDRVT14_NR2_MM_16)          0.01       0.50 r
  g_lane[1].u_lane/U1385/X (SAEDRVT14_OAI21_V1_8)         0.01       0.51 f
  g_lane[1].u_lane/U1384/X (SAEDRVT14_ND2_16)             0.01       0.52 r
  g_lane[1].u_lane/U1380/X (SAEDRVT14_ND2_MM_10)          0.01       0.53 f
  g_lane[1].u_lane/U1072/X (SAEDRVT14_OAI21_V1_8)         0.01       0.54 r
  g_lane[1].u_lane/U1144/X (SAEDRVT14_AOI21_V1_8)         0.01       0.56 f
  g_lane[1].u_lane/U1678/X (SAEDRVT14_EN2_4)              0.02       0.58 r
  g_lane[1].u_lane/product[31] (fu_mult_karatsuba_fixed32_full_x2_0)
                                                          0.00       0.58 r
  out_data[63] (out)                                      0.00       0.58 r
  data arrival time                                                  0.58

  max_delay                                               0.50       0.50
  output external delay                                   0.00       0.50
  data required time                                                 0.50
  --------------------------------------------------------------------------
  data required time                                                 0.50
  data arrival time                                                 -0.58
  --------------------------------------------------------------------------
  slack (VIOLATED)                                                  -0.08


  Startpoint: in_data_0[51]
              (input port)
  Endpoint: out_data[63]
            (output port)
  Path Group: default
  Path Type: max

  Des/Clust/Port     Wire Load Model       Library
  ------------------------------------------------
  fu_mult_karatsuba_32x2
                     8000                  saed14rvt_base_tt0p8v25c

  Point                                                   Incr       Path
  --------------------------------------------------------------------------
  input external delay                                    0.00       0.00 f
  in_data_0[51] (in)                                      0.00       0.00 f
  g_lane[1].u_lane/a[19] (fu_mult_karatsuba_fixed32_full_x2_0)
                                                          0.00       0.00 f
  g_lane[1].u_lane/U1247/X (SAEDRVT14_NR2_MM_16)          0.01       0.01 r
  g_lane[1].u_lane/U949/X (SAEDRVT14_NR2_MM_16)           0.01       0.02 f
  g_lane[1].u_lane/U1154/X (SAEDRVT14_INV_12)             0.01       0.03 r
  g_lane[1].u_lane/U1166/X (SAEDRVT14_NR2_MM_16)          0.01       0.03 f
  g_lane[1].u_lane/U1106/X (SAEDRVT14_NR2_MM_16)          0.01       0.04 r
  g_lane[1].u_lane/U1194/X (SAEDRVT14_OAI21_V1_8)         0.01       0.05 f
  g_lane[1].u_lane/U1112/X (SAEDRVT14_EN2_4)              0.03       0.08 r
  g_lane[1].u_lane/U1418/X (SAEDRVT14_INV_S_16)           0.01       0.09 f
  g_lane[1].u_lane/U837/X (SAEDRVT14_INV_S_10)            0.02       0.11 r
  g_lane[1].u_lane/U1438/X (SAEDRVT14_EN2_4)              0.03       0.14 f
  g_lane[1].u_lane/U766/X (SAEDRVT14_OR2_4)               0.02       0.16 f
  g_lane[1].u_lane/U1624/X (SAEDRVT14_ND2_MM_8)           0.01       0.17 r
  g_lane[1].u_lane/U1878/S (SAEDRVT14_ADDF_V2_2)          0.06       0.22 f
  g_lane[1].u_lane/U1283/X (SAEDRVT14_EN2_4)              0.03       0.26 r
  g_lane[1].u_lane/U1217/X (SAEDRVT14_OR2_MM_12)          0.02       0.28 r
  g_lane[1].u_lane/U953/X (SAEDRVT14_ND2_MM_10)           0.01       0.28 f
  g_lane[1].u_lane/U1230/X (SAEDRVT14_EN2_4)              0.03       0.32 r
  g_lane[1].u_lane/U955/X (SAEDRVT14_NR2_MM_12)           0.01       0.33 f
  g_lane[1].u_lane/U1371/X (SAEDRVT14_INV_6)              0.01       0.34 r
  g_lane[1].u_lane/U954/X (SAEDRVT14_ND2_MM_6)            0.01       0.34 f
  g_lane[1].u_lane/U1234/X (SAEDRVT14_EN2_4)              0.04       0.38 r
  g_lane[1].u_lane/U1219/X (SAEDRVT14_AOI21_V1_8)         0.02       0.40 f
  g_lane[1].u_lane/U1233/X (SAEDRVT14_NR2_MM_16)          0.02       0.42 r
  g_lane[1].u_lane/U1325/X (SAEDRVT14_ND2_16)             0.01       0.42 f
  g_lane[1].u_lane/U966/X (SAEDRVT14_NR2_MM_12)           0.01       0.43 r
  g_lane[1].u_lane/U1213/X (SAEDRVT14_NR2_MM_16)          0.01       0.44 f
  g_lane[1].u_lane/U1212/X (SAEDRVT14_OAI21_V1_8)         0.02       0.46 r
  g_lane[1].u_lane/U1250/X (SAEDRVT14_ND2_8)              0.01       0.47 f
  g_lane[1].u_lane/U1249/X (SAEDRVT14_ND2_16)             0.01       0.48 r
  g_lane[1].u_lane/U1255/X (SAEDRVT14_INV_S_16)           0.01       0.49 f
  g_lane[1].u_lane/U1645/X (SAEDRVT14_NR2_MM_16)          0.01       0.50 r
  g_lane[1].u_lane/U1385/X (SAEDRVT14_OAI21_V1_8)         0.01       0.51 f
  g_lane[1].u_lane/U1384/X (SAEDRVT14_ND2_16)             0.01       0.52 r
  g_lane[1].u_lane/U1380/X (SAEDRVT14_ND2_MM_10)          0.01       0.53 f
  g_lane[1].u_lane/U1072/X (SAEDRVT14_OAI21_V1_8)         0.01       0.54 r
  g_lane[1].u_lane/U1144/X (SAEDRVT14_AOI21_V1_8)         0.01       0.56 f
  g_lane[1].u_lane/U1678/X (SAEDRVT14_EN2_4)              0.02       0.58 r
  g_lane[1].u_lane/product[31] (fu_mult_karatsuba_fixed32_full_x2_0)
                                                          0.00       0.58 r
  out_data[63] (out)                                      0.00       0.58 r
  data arrival time                                                  0.58

  max_delay                                               0.50       0.50
  output external delay                                   0.00       0.50
  data required time                                                 0.50
  --------------------------------------------------------------------------
  data required time                                                 0.50
  data arrival time                                                 -0.58
  --------------------------------------------------------------------------
  slack (VIOLATED)                                                  -0.08


  Startpoint: in_data_0[51]
              (input port)
  Endpoint: out_data[63]
            (output port)
  Path Group: default
  Path Type: max

  Des/Clust/Port     Wire Load Model       Library
  ------------------------------------------------
  fu_mult_karatsuba_32x2
                     8000                  saed14rvt_base_tt0p8v25c

  Point                                                   Incr       Path
  --------------------------------------------------------------------------
  input external delay                                    0.00       0.00 f
  in_data_0[51] (in)                                      0.00       0.00 f
  g_lane[1].u_lane/a[19] (fu_mult_karatsuba_fixed32_full_x2_0)
                                                          0.00       0.00 f
  g_lane[1].u_lane/U1247/X (SAEDRVT14_NR2_MM_16)          0.01       0.01 r
  g_lane[1].u_lane/U949/X (SAEDRVT14_NR2_MM_16)           0.01       0.02 f
  g_lane[1].u_lane/U1154/X (SAEDRVT14_INV_12)             0.01       0.03 r
  g_lane[1].u_lane/U1166/X (SAEDRVT14_NR2_MM_16)          0.01       0.03 f
  g_lane[1].u_lane/U1106/X (SAEDRVT14_NR2_MM_16)          0.01       0.04 r
  g_lane[1].u_lane/U1194/X (SAEDRVT14_OAI21_V1_8)         0.01       0.05 f
  g_lane[1].u_lane/U1112/X (SAEDRVT14_EN2_4)              0.03       0.08 r
  g_lane[1].u_lane/U1418/X (SAEDRVT14_INV_S_16)           0.01       0.09 f
  g_lane[1].u_lane/U1734/X (SAEDRVT14_INV_S_16)           0.02       0.11 r
  g_lane[1].u_lane/U1886/X (SAEDRVT14_EN2_4)              0.03       0.14 f
  g_lane[1].u_lane/U803/X (SAEDRVT14_INV_4)               0.01       0.15 r
  g_lane[1].u_lane/U1102/X (SAEDRVT14_ND2_16)             0.01       0.16 f
  g_lane[1].u_lane/U1624/X (SAEDRVT14_ND2_MM_8)           0.01       0.17 r
  g_lane[1].u_lane/U1878/S (SAEDRVT14_ADDF_V2_2)          0.06       0.22 f
  g_lane[1].u_lane/U1283/X (SAEDRVT14_EN2_4)              0.03       0.26 r
  g_lane[1].u_lane/U1217/X (SAEDRVT14_OR2_MM_12)          0.02       0.28 r
  g_lane[1].u_lane/U953/X (SAEDRVT14_ND2_MM_10)           0.01       0.28 f
  g_lane[1].u_lane/U1230/X (SAEDRVT14_EN2_4)              0.03       0.32 r
  g_lane[1].u_lane/U955/X (SAEDRVT14_NR2_MM_12)           0.01       0.33 f
  g_lane[1].u_lane/U1139/X (SAEDRVT14_NR2_MM_10)          0.01       0.34 r
  g_lane[1].u_lane/U1229/X (SAEDRVT14_NR2_MM_16)          0.01       0.35 f
  g_lane[1].u_lane/U952/X (SAEDRVT14_NR2_MM_16)           0.01       0.36 r
  g_lane[1].u_lane/U1343/X (SAEDRVT14_NR2_MM_16)          0.01       0.36 f
  g_lane[1].u_lane/U287/X (SAEDRVT14_NR2_MM_10)           0.01       0.37 r
  g_lane[1].u_lane/U1215/X (SAEDRVT14_NR2_MM_16)          0.01       0.38 f
  g_lane[1].u_lane/U1214/X (SAEDRVT14_INV_S_20)           0.01       0.39 r
  g_lane[1].u_lane/U1675/X (SAEDRVT14_EN2_4)              0.03       0.41 f
  g_lane[1].u_lane/U1440/X (SAEDRVT14_BUF_16)             0.02       0.43 f
  g_lane[1].u_lane/U1000/X (SAEDRVT14_ND2_16)             0.01       0.44 r
  g_lane[1].u_lane/U1212/X (SAEDRVT14_OAI21_V1_8)         0.02       0.45 f
  g_lane[1].u_lane/U1250/X (SAEDRVT14_ND2_8)              0.01       0.47 r
  g_lane[1].u_lane/U1249/X (SAEDRVT14_ND2_16)             0.01       0.48 f
  g_lane[1].u_lane/U1202/X (SAEDRVT14_EN2_4)              0.03       0.50 f
  g_lane[1].u_lane/U1218/X (SAEDRVT14_INV_S_16)           0.01       0.51 r
  g_lane[1].u_lane/U1679/X (SAEDRVT14_NR2_MM_16)          0.01       0.52 f
  g_lane[1].u_lane/U1720/X (SAEDRVT14_NR2_MM_16)          0.01       0.53 r
  g_lane[1].u_lane/U1637/X (SAEDRVT14_ND2_MM_16)          0.01       0.54 f
  g_lane[1].u_lane/U1665/X (SAEDRVT14_ND2_MM_16)          0.01       0.55 r
  g_lane[1].u_lane/U1144/X (SAEDRVT14_AOI21_V1_8)         0.01       0.56 f
  g_lane[1].u_lane/U1678/X (SAEDRVT14_EN2_4)              0.02       0.58 r
  g_lane[1].u_lane/product[31] (fu_mult_karatsuba_fixed32_full_x2_0)
                                                          0.00       0.58 r
  out_data[63] (out)                                      0.00       0.58 r
  data arrival time                                                  0.58

  max_delay                                               0.50       0.50
  output external delay                                   0.00       0.50
  data required time                                                 0.50
  --------------------------------------------------------------------------
  data required time                                                 0.50
  data arrival time                                                 -0.58
  --------------------------------------------------------------------------
  slack (VIOLATED)                                                  -0.08


  Startpoint: in_data_0[51]
              (input port)
  Endpoint: out_data[62]
            (output port)
  Path Group: default
  Path Type: max

  Des/Clust/Port     Wire Load Model       Library
  ------------------------------------------------
  fu_mult_karatsuba_32x2
                     8000                  saed14rvt_base_tt0p8v25c

  Point                                                   Incr       Path
  --------------------------------------------------------------------------
  input external delay                                    0.00       0.00 f
  in_data_0[51] (in)                                      0.00       0.00 f
  g_lane[1].u_lane/a[19] (fu_mult_karatsuba_fixed32_full_x2_0)
                                                          0.00       0.00 f
  g_lane[1].u_lane/U1247/X (SAEDRVT14_NR2_MM_16)          0.01       0.01 r
  g_lane[1].u_lane/U949/X (SAEDRVT14_NR2_MM_16)           0.01       0.02 f
  g_lane[1].u_lane/U1154/X (SAEDRVT14_INV_12)             0.01       0.03 r
  g_lane[1].u_lane/U1166/X (SAEDRVT14_NR2_MM_16)          0.01       0.03 f
  g_lane[1].u_lane/U1106/X (SAEDRVT14_NR2_MM_16)          0.01       0.04 r
  g_lane[1].u_lane/U1194/X (SAEDRVT14_OAI21_V1_8)         0.01       0.05 f
  g_lane[1].u_lane/U1112/X (SAEDRVT14_EN2_4)              0.03       0.08 r
  g_lane[1].u_lane/U1418/X (SAEDRVT14_INV_S_16)           0.01       0.09 f
  g_lane[1].u_lane/U1734/X (SAEDRVT14_INV_S_16)           0.02       0.11 r
  g_lane[1].u_lane/U1886/X (SAEDRVT14_EN2_4)              0.03       0.14 f
  g_lane[1].u_lane/U803/X (SAEDRVT14_INV_4)               0.01       0.15 r
  g_lane[1].u_lane/U1102/X (SAEDRVT14_ND2_16)             0.01       0.16 f
  g_lane[1].u_lane/U1624/X (SAEDRVT14_ND2_MM_8)           0.01       0.17 r
  g_lane[1].u_lane/U1878/S (SAEDRVT14_ADDF_V2_2)          0.06       0.22 f
  g_lane[1].u_lane/U1283/X (SAEDRVT14_EN2_4)              0.03       0.26 r
  g_lane[1].u_lane/U1217/X (SAEDRVT14_OR2_MM_12)          0.02       0.28 r
  g_lane[1].u_lane/U953/X (SAEDRVT14_ND2_MM_10)           0.01       0.28 f
  g_lane[1].u_lane/U1230/X (SAEDRVT14_EN2_4)              0.03       0.32 r
  g_lane[1].u_lane/U955/X (SAEDRVT14_NR2_MM_12)           0.01       0.33 f
  g_lane[1].u_lane/U1139/X (SAEDRVT14_NR2_MM_10)          0.01       0.34 r
  g_lane[1].u_lane/U1229/X (SAEDRVT14_NR2_MM_16)          0.01       0.35 f
  g_lane[1].u_lane/U952/X (SAEDRVT14_NR2_MM_16)           0.01       0.36 r
  g_lane[1].u_lane/U1343/X (SAEDRVT14_NR2_MM_16)          0.01       0.36 f
  g_lane[1].u_lane/U287/X (SAEDRVT14_NR2_MM_10)           0.01       0.37 r
  g_lane[1].u_lane/U1215/X (SAEDRVT14_NR2_MM_16)          0.01       0.38 f
  g_lane[1].u_lane/U1214/X (SAEDRVT14_INV_S_20)           0.01       0.39 r
  g_lane[1].u_lane/U1675/X (SAEDRVT14_EN2_4)              0.03       0.41 f
  g_lane[1].u_lane/U1440/X (SAEDRVT14_BUF_16)             0.02       0.43 f
  g_lane[1].u_lane/U1000/X (SAEDRVT14_ND2_16)             0.01       0.44 r
  g_lane[1].u_lane/U1212/X (SAEDRVT14_OAI21_V1_8)         0.02       0.45 f
  g_lane[1].u_lane/U1250/X (SAEDRVT14_ND2_8)              0.01       0.47 r
  g_lane[1].u_lane/U1249/X (SAEDRVT14_ND2_16)             0.01       0.48 f
  g_lane[1].u_lane/U1202/X (SAEDRVT14_EN2_4)              0.03       0.50 f
  g_lane[1].u_lane/U1218/X (SAEDRVT14_INV_S_16)           0.01       0.51 r
  g_lane[1].u_lane/U1679/X (SAEDRVT14_NR2_MM_16)          0.01       0.52 f
  g_lane[1].u_lane/U1720/X (SAEDRVT14_NR2_MM_16)          0.01       0.53 r
  g_lane[1].u_lane/U1637/X (SAEDRVT14_ND2_MM_16)          0.01       0.54 f
  g_lane[1].u_lane/U1665/X (SAEDRVT14_ND2_MM_16)          0.01       0.55 r
  g_lane[1].u_lane/U1672/X (SAEDRVT14_AOI21_V1_8)         0.01       0.56 f
  g_lane[1].u_lane/U1797/X (SAEDRVT14_EN2_4)              0.02       0.58 r
  g_lane[1].u_lane/product[30] (fu_mult_karatsuba_fixed32_full_x2_0)
                                                          0.00       0.58 r
  out_data[62] (out)                                      0.00       0.58 r
  data arrival time                                                  0.58

  max_delay                                               0.50       0.50
  output external delay                                   0.00       0.50
  data required time                                                 0.50
  --------------------------------------------------------------------------
  data required time                                                 0.50
  data arrival time                                                 -0.58
  --------------------------------------------------------------------------
  slack (VIOLATED)                                                  -0.08


  Startpoint: in_data_0[51]
              (input port)
  Endpoint: out_data[63]
            (output port)
  Path Group: default
  Path Type: max

  Des/Clust/Port     Wire Load Model       Library
  ------------------------------------------------
  fu_mult_karatsuba_32x2
                     8000                  saed14rvt_base_tt0p8v25c

  Point                                                   Incr       Path
  --------------------------------------------------------------------------
  input external delay                                    0.00       0.00 f
  in_data_0[51] (in)                                      0.00       0.00 f
  g_lane[1].u_lane/a[19] (fu_mult_karatsuba_fixed32_full_x2_0)
                                                          0.00       0.00 f
  g_lane[1].u_lane/U1247/X (SAEDRVT14_NR2_MM_16)          0.01       0.01 r
  g_lane[1].u_lane/U949/X (SAEDRVT14_NR2_MM_16)           0.01       0.02 f
  g_lane[1].u_lane/U1154/X (SAEDRVT14_INV_12)             0.01       0.03 r
  g_lane[1].u_lane/U1166/X (SAEDRVT14_NR2_MM_16)          0.01       0.03 f
  g_lane[1].u_lane/U1106/X (SAEDRVT14_NR2_MM_16)          0.01       0.04 r
  g_lane[1].u_lane/U1194/X (SAEDRVT14_OAI21_V1_8)         0.01       0.05 f
  g_lane[1].u_lane/U1112/X (SAEDRVT14_EN2_4)              0.03       0.08 r
  g_lane[1].u_lane/U1418/X (SAEDRVT14_INV_S_16)           0.01       0.09 f
  g_lane[1].u_lane/U837/X (SAEDRVT14_INV_S_10)            0.02       0.11 r
  g_lane[1].u_lane/U1438/X (SAEDRVT14_EN2_4)              0.03       0.14 f
  g_lane[1].u_lane/U766/X (SAEDRVT14_OR2_4)               0.02       0.16 f
  g_lane[1].u_lane/U1624/X (SAEDRVT14_ND2_MM_8)           0.01       0.17 r
  g_lane[1].u_lane/U1878/S (SAEDRVT14_ADDF_V2_2)          0.06       0.22 f
  g_lane[1].u_lane/U1283/X (SAEDRVT14_EN2_4)              0.03       0.26 r
  g_lane[1].u_lane/U1217/X (SAEDRVT14_OR2_MM_12)          0.02       0.28 r
  g_lane[1].u_lane/U953/X (SAEDRVT14_ND2_MM_10)           0.01       0.28 f
  g_lane[1].u_lane/U1230/X (SAEDRVT14_EN2_4)              0.03       0.32 r
  g_lane[1].u_lane/U955/X (SAEDRVT14_NR2_MM_12)           0.01       0.33 f
  g_lane[1].u_lane/U1139/X (SAEDRVT14_NR2_MM_10)          0.01       0.34 r
  g_lane[1].u_lane/U1229/X (SAEDRVT14_NR2_MM_16)          0.01       0.35 f
  g_lane[1].u_lane/U952/X (SAEDRVT14_NR2_MM_16)           0.01       0.36 r
  g_lane[1].u_lane/U1343/X (SAEDRVT14_NR2_MM_16)          0.01       0.36 f
  g_lane[1].u_lane/U287/X (SAEDRVT14_NR2_MM_10)           0.01       0.37 r
  g_lane[1].u_lane/U1215/X (SAEDRVT14_NR2_MM_16)          0.01       0.38 f
  g_lane[1].u_lane/U1214/X (SAEDRVT14_INV_S_20)           0.01       0.39 r
  g_lane[1].u_lane/U1675/X (SAEDRVT14_EN2_4)              0.03       0.41 f
  g_lane[1].u_lane/U1440/X (SAEDRVT14_BUF_16)             0.02       0.43 f
  g_lane[1].u_lane/U1252/X (SAEDRVT14_NR2_MM_16)          0.01       0.44 r
  g_lane[1].u_lane/U1212/X (SAEDRVT14_OAI21_V1_8)         0.02       0.45 f
  g_lane[1].u_lane/U1250/X (SAEDRVT14_ND2_8)              0.01       0.47 r
  g_lane[1].u_lane/U1249/X (SAEDRVT14_ND2_16)             0.01       0.48 f
  g_lane[1].u_lane/U1202/X (SAEDRVT14_EN2_4)              0.03       0.50 f
  g_lane[1].u_lane/U1218/X (SAEDRVT14_INV_S_16)           0.01       0.51 r
  g_lane[1].u_lane/U1679/X (SAEDRVT14_NR2_MM_16)          0.01       0.52 f
  g_lane[1].u_lane/U1720/X (SAEDRVT14_NR2_MM_16)          0.01       0.53 r
  g_lane[1].u_lane/U1637/X (SAEDRVT14_ND2_MM_16)          0.01       0.54 f
  g_lane[1].u_lane/U1665/X (SAEDRVT14_ND2_MM_16)          0.01       0.55 r
  g_lane[1].u_lane/U1144/X (SAEDRVT14_AOI21_V1_8)         0.01       0.56 f
  g_lane[1].u_lane/U1678/X (SAEDRVT14_EN2_4)              0.02       0.58 r
  g_lane[1].u_lane/product[31] (fu_mult_karatsuba_fixed32_full_x2_0)
                                                          0.00       0.58 r
  out_data[63] (out)                                      0.00       0.58 r
  data arrival time                                                  0.58

  max_delay                                               0.50       0.50
  output external delay                                   0.00       0.50
  data required time                                                 0.50
  --------------------------------------------------------------------------
  data required time                                                 0.50
  data arrival time                                                 -0.58
  --------------------------------------------------------------------------
  slack (VIOLATED)                                                  -0.08


  Startpoint: in_data_0[51]
              (input port)
  Endpoint: out_data[62]
            (output port)
  Path Group: default
  Path Type: max

  Des/Clust/Port     Wire Load Model       Library
  ------------------------------------------------
  fu_mult_karatsuba_32x2
                     8000                  saed14rvt_base_tt0p8v25c

  Point                                                   Incr       Path
  --------------------------------------------------------------------------
  input external delay                                    0.00       0.00 f
  in_data_0[51] (in)                                      0.00       0.00 f
  g_lane[1].u_lane/a[19] (fu_mult_karatsuba_fixed32_full_x2_0)
                                                          0.00       0.00 f
  g_lane[1].u_lane/U1247/X (SAEDRVT14_NR2_MM_16)          0.01       0.01 r
  g_lane[1].u_lane/U949/X (SAEDRVT14_NR2_MM_16)           0.01       0.02 f
  g_lane[1].u_lane/U1154/X (SAEDRVT14_INV_12)             0.01       0.03 r
  g_lane[1].u_lane/U1166/X (SAEDRVT14_NR2_MM_16)          0.01       0.03 f
  g_lane[1].u_lane/U1106/X (SAEDRVT14_NR2_MM_16)          0.01       0.04 r
  g_lane[1].u_lane/U1194/X (SAEDRVT14_OAI21_V1_8)         0.01       0.05 f
  g_lane[1].u_lane/U1112/X (SAEDRVT14_EN2_4)              0.03       0.08 r
  g_lane[1].u_lane/U1418/X (SAEDRVT14_INV_S_16)           0.01       0.09 f
  g_lane[1].u_lane/U837/X (SAEDRVT14_INV_S_10)            0.02       0.11 r
  g_lane[1].u_lane/U1438/X (SAEDRVT14_EN2_4)              0.03       0.14 f
  g_lane[1].u_lane/U766/X (SAEDRVT14_OR2_4)               0.02       0.16 f
  g_lane[1].u_lane/U1624/X (SAEDRVT14_ND2_MM_8)           0.01       0.17 r
  g_lane[1].u_lane/U1878/S (SAEDRVT14_ADDF_V2_2)          0.06       0.22 f
  g_lane[1].u_lane/U1283/X (SAEDRVT14_EN2_4)              0.03       0.26 r
  g_lane[1].u_lane/U1217/X (SAEDRVT14_OR2_MM_12)          0.02       0.28 r
  g_lane[1].u_lane/U953/X (SAEDRVT14_ND2_MM_10)           0.01       0.28 f
  g_lane[1].u_lane/U1230/X (SAEDRVT14_EN2_4)              0.03       0.32 r
  g_lane[1].u_lane/U955/X (SAEDRVT14_NR2_MM_12)           0.01       0.33 f
  g_lane[1].u_lane/U1139/X (SAEDRVT14_NR2_MM_10)          0.01       0.34 r
  g_lane[1].u_lane/U1229/X (SAEDRVT14_NR2_MM_16)          0.01       0.35 f
  g_lane[1].u_lane/U952/X (SAEDRVT14_NR2_MM_16)           0.01       0.36 r
  g_lane[1].u_lane/U1343/X (SAEDRVT14_NR2_MM_16)          0.01       0.36 f
  g_lane[1].u_lane/U287/X (SAEDRVT14_NR2_MM_10)           0.01       0.37 r
  g_lane[1].u_lane/U1215/X (SAEDRVT14_NR2_MM_16)          0.01       0.38 f
  g_lane[1].u_lane/U1214/X (SAEDRVT14_INV_S_20)           0.01       0.39 r
  g_lane[1].u_lane/U1675/X (SAEDRVT14_EN2_4)              0.03       0.41 f
  g_lane[1].u_lane/U1440/X (SAEDRVT14_BUF_16)             0.02       0.43 f
  g_lane[1].u_lane/U1252/X (SAEDRVT14_NR2_MM_16)          0.01       0.44 r
  g_lane[1].u_lane/U1212/X (SAEDRVT14_OAI21_V1_8)         0.02       0.45 f
  g_lane[1].u_lane/U1250/X (SAEDRVT14_ND2_8)              0.01       0.47 r
  g_lane[1].u_lane/U1249/X (SAEDRVT14_ND2_16)             0.01       0.48 f
  g_lane[1].u_lane/U1202/X (SAEDRVT14_EN2_4)              0.03       0.50 f
  g_lane[1].u_lane/U1218/X (SAEDRVT14_INV_S_16)           0.01       0.51 r
  g_lane[1].u_lane/U1679/X (SAEDRVT14_NR2_MM_16)          0.01       0.52 f
  g_lane[1].u_lane/U1720/X (SAEDRVT14_NR2_MM_16)          0.01       0.53 r
  g_lane[1].u_lane/U1637/X (SAEDRVT14_ND2_MM_16)          0.01       0.54 f
  g_lane[1].u_lane/U1665/X (SAEDRVT14_ND2_MM_16)          0.01       0.55 r
  g_lane[1].u_lane/U1672/X (SAEDRVT14_AOI21_V1_8)         0.01       0.56 f
  g_lane[1].u_lane/U1797/X (SAEDRVT14_EN2_4)              0.02       0.58 r
  g_lane[1].u_lane/product[30] (fu_mult_karatsuba_fixed32_full_x2_0)
                                                          0.00       0.58 r
  out_data[62] (out)                                      0.00       0.58 r
  data arrival time                                                  0.58

  max_delay                                               0.50       0.50
  output external delay                                   0.00       0.50
  data required time                                                 0.50
  --------------------------------------------------------------------------
  data required time                                                 0.50
  data arrival time                                                 -0.58
  --------------------------------------------------------------------------
  slack (VIOLATED)                                                  -0.08


  Startpoint: in_data_0[51]
              (input port)
  Endpoint: out_data[63]
            (output port)
  Path Group: default
  Path Type: max

  Des/Clust/Port     Wire Load Model       Library
  ------------------------------------------------
  fu_mult_karatsuba_32x2
                     8000                  saed14rvt_base_tt0p8v25c

  Point                                                   Incr       Path
  --------------------------------------------------------------------------
  input external delay                                    0.00       0.00 f
  in_data_0[51] (in)                                      0.00       0.00 f
  g_lane[1].u_lane/a[19] (fu_mult_karatsuba_fixed32_full_x2_0)
                                                          0.00       0.00 f
  g_lane[1].u_lane/U1247/X (SAEDRVT14_NR2_MM_16)          0.01       0.01 r
  g_lane[1].u_lane/U949/X (SAEDRVT14_NR2_MM_16)           0.01       0.02 f
  g_lane[1].u_lane/U1154/X (SAEDRVT14_INV_12)             0.01       0.03 r
  g_lane[1].u_lane/U1166/X (SAEDRVT14_NR2_MM_16)          0.01       0.03 f
  g_lane[1].u_lane/U1106/X (SAEDRVT14_NR2_MM_16)          0.01       0.04 r
  g_lane[1].u_lane/U1194/X (SAEDRVT14_OAI21_V1_8)         0.01       0.05 f
  g_lane[1].u_lane/U1112/X (SAEDRVT14_EN2_4)              0.03       0.08 r
  g_lane[1].u_lane/U1418/X (SAEDRVT14_INV_S_16)           0.01       0.09 f
  g_lane[1].u_lane/U1734/X (SAEDRVT14_INV_S_16)           0.02       0.11 r
  g_lane[1].u_lane/U1886/X (SAEDRVT14_EN2_4)              0.03       0.14 f
  g_lane[1].u_lane/U803/X (SAEDRVT14_INV_4)               0.01       0.15 r
  g_lane[1].u_lane/U1102/X (SAEDRVT14_ND2_16)             0.01       0.16 f
  g_lane[1].u_lane/U1624/X (SAEDRVT14_ND2_MM_8)           0.01       0.17 r
  g_lane[1].u_lane/U1878/S (SAEDRVT14_ADDF_V2_2)          0.06       0.22 f
  g_lane[1].u_lane/U1283/X (SAEDRVT14_EN2_4)              0.03       0.26 r
  g_lane[1].u_lane/U1217/X (SAEDRVT14_OR2_MM_12)          0.02       0.28 r
  g_lane[1].u_lane/U953/X (SAEDRVT14_ND2_MM_10)           0.01       0.28 f
  g_lane[1].u_lane/U1230/X (SAEDRVT14_EN2_4)              0.03       0.32 r
  g_lane[1].u_lane/U955/X (SAEDRVT14_NR2_MM_12)           0.01       0.33 f
  g_lane[1].u_lane/U1139/X (SAEDRVT14_NR2_MM_10)          0.01       0.34 r
  g_lane[1].u_lane/U1229/X (SAEDRVT14_NR2_MM_16)          0.01       0.35 f
  g_lane[1].u_lane/U952/X (SAEDRVT14_NR2_MM_16)           0.01       0.36 r
  g_lane[1].u_lane/U1343/X (SAEDRVT14_NR2_MM_16)          0.01       0.36 f
  g_lane[1].u_lane/U287/X (SAEDRVT14_NR2_MM_10)           0.01       0.37 r
  g_lane[1].u_lane/U1215/X (SAEDRVT14_NR2_MM_16)          0.01       0.38 f
  g_lane[1].u_lane/U1214/X (SAEDRVT14_INV_S_20)           0.01       0.39 r
  g_lane[1].u_lane/U1675/X (SAEDRVT14_EN2_4)              0.03       0.41 f
  g_lane[1].u_lane/U1440/X (SAEDRVT14_BUF_16)             0.02       0.43 f
  g_lane[1].u_lane/U1252/X (SAEDRVT14_NR2_MM_16)          0.01       0.44 r
  g_lane[1].u_lane/U1212/X (SAEDRVT14_OAI21_V1_8)         0.02       0.45 f
  g_lane[1].u_lane/U968/X (SAEDRVT14_EN2_4)               0.04       0.49 r
  g_lane[1].u_lane/U1183/X (SAEDRVT14_ND2_MM_16)          0.01       0.51 f
  g_lane[1].u_lane/U1005/X (SAEDRVT14_NR2_MM_12)          0.01       0.52 r
  g_lane[1].u_lane/U1697/X (SAEDRVT14_OAI21_V1_8)         0.01       0.53 f
  g_lane[1].u_lane/U1665/X (SAEDRVT14_ND2_MM_16)          0.01       0.55 r
  g_lane[1].u_lane/U1144/X (SAEDRVT14_AOI21_V1_8)         0.01       0.56 f
  g_lane[1].u_lane/U1678/X (SAEDRVT14_EN2_4)              0.02       0.58 r
  g_lane[1].u_lane/product[31] (fu_mult_karatsuba_fixed32_full_x2_0)
                                                          0.00       0.58 r
  out_data[63] (out)                                      0.00       0.58 r
  data arrival time                                                  0.58

  max_delay                                               0.50       0.50
  output external delay                                   0.00       0.50
  data required time                                                 0.50
  --------------------------------------------------------------------------
  data required time                                                 0.50
  data arrival time                                                 -0.58
  --------------------------------------------------------------------------
  slack (VIOLATED)                                                  -0.08


1
