 
****************************************
Report : area
Design : fu_mult_karatsuba_64
Version: Y-2026.03-SP1
Date   : Wed Sep 30 12:03:16 2026
****************************************

Library(s) Used:

    saed14rvt_base_tt0p8v25c (File: /mnt/nas0/eda.libs/saed14/EDK_03_2025/SAED14nm_EDK_STD_RVT/liberty/nldm/base/saed14rvt_base_tt0p8v25c.db)

Number of ports:                          456
Number of nets:                          9397
Number of cells:                         8179
Number of combinational cells:           8177
Number of sequential cells:                 0
Number of macros/black boxes:               0
Number of buf/inv:                       1733
Number of references:                     142

Combinational area:               4847.858363
Buf/Inv area:                      651.392391
Noncombinational area:               0.000000
Macro/Black Box area:                0.000000
Net Interconnect area:            3551.917973

Total cell area:                  4847.858363
Total area:                       8399.776337
1
