 
****************************************
Report : timing
        -path full
        -delay max
        -max_paths 1
Design : fu_rounding_g1
Version: Y-2026.03-SP1
Date   : Wed Sep 30 18:39:26 2026
****************************************

Operating Conditions: tt0p8v25c   Library: saed14rvt_base_tt0p8v25c
Wire Load Model Mode: top

  Startpoint: in_data_0[52]
              (input port)
  Endpoint: out_data[57]
            (output port)
  Path Group: default
  Path Type: max

  Des/Clust/Port     Wire Load Model       Library
  ------------------------------------------------
  fu_rounding_g1     8000                  saed14rvt_base_tt0p8v25c

  Point                                                   Incr       Path
  --------------------------------------------------------------------------
  input external delay                                    0.00       0.00 r
  in_data_0[52] (in)                                      0.00       0.00 r
  core/in_data_0[52] (fu_rounding_dec_EN320_EN160)        0.00       0.00 r
  core/U1205/X (SAEDRVT14_ND2_MM_16)                      0.01       0.01 f
  core/U1080/X (SAEDRVT14_INV_S_20)                       0.01       0.02 r
  core/U1044/X (SAEDRVT14_AOI21_V1_8)                     0.01       0.03 f
  core/U1501/X (SAEDRVT14_OR2_MM_20)                      0.02       0.05 f
  core/U1106/X (SAEDRVT14_ND2_MM_16)                      0.01       0.07 r
  core/U930/X (SAEDRVT14_NR2_MM_8)                        0.01       0.07 f
  core/U1047/X (SAEDRVT14_OR2_MM_20)                      0.02       0.10 f
  core/U927/X (SAEDRVT14_INV_S_20)                        0.01       0.10 r
  core/U1060/X (SAEDRVT14_ND2_16)                         0.01       0.11 f
  core/U1164/X (SAEDRVT14_INV_S_20)                       0.01       0.12 r
  core/U940/X (SAEDRVT14_AN2_MM_20)                       0.02       0.14 r
  core/U939/X (SAEDRVT14_INV_S_20)                        0.01       0.15 f
  core/U1601/X (SAEDRVT14_NR2_MM_12)                      0.01       0.16 r
  core/U1024/X (SAEDRVT14_NR2_MM_12)                      0.01       0.17 f
  core/U1421/X (SAEDRVT14_ND2_16)                         0.01       0.18 r
  core/U1402/X (SAEDRVT14_NR2_MM_16)                      0.01       0.18 f
  core/U1062/X (SAEDRVT14_ND2_MM_16)                      0.01       0.20 r
  core/U639/X (SAEDRVT14_INV_12)                          0.01       0.21 f
  core/U1286/X (SAEDRVT14_INV_S_20)                       0.01       0.21 r
  core/U1081/X (SAEDRVT14_INV_S_20)                       0.01       0.22 f
  core/U949/X (SAEDRVT14_ND2_16)                          0.01       0.23 r
  core/U801/X (SAEDRVT14_EN2_4)                           0.02       0.25 f
  core/U800/X (SAEDRVT14_ND2_8)                           0.01       0.26 r
  core/U878/X (SAEDRVT14_ND2_8)                           0.01       0.26 f
  core/U761/X (SAEDRVT14_OR2_MM_12)                       0.01       0.28 f
  core/U431/X (SAEDRVT14_NR2_MM_10)                       0.01       0.29 r
  core/U422/X (SAEDRVT14_ND2_16)                          0.01       0.30 f
  core/U1076/X (SAEDRVT14_NR2_MM_16)                      0.01       0.30 r
  core/U1408/X (SAEDRVT14_NR2_MM_16)                      0.01       0.31 f
  core/U1463/X (SAEDRVT14_NR2_MM_16)                      0.01       0.32 r
  core/U945/X (SAEDRVT14_INV_S_16)                        0.01       0.33 f
  core/U1314/X (SAEDRVT14_BUF_20)                         0.02       0.35 f
  core/U959/X (SAEDRVT14_ND2_MM_16)                       0.01       0.35 r
  core/U942/X (SAEDRVT14_AN2_MM_20)                       0.02       0.38 r
  core/U951/X (SAEDRVT14_NR2_MM_16)                       0.01       0.38 f
  core/U950/X (SAEDRVT14_ND2_16)                          0.01       0.39 r
  core/U965/X (SAEDRVT14_NR2_MM_16)                       0.01       0.40 f
  core/U794/X (SAEDRVT14_AN2_MM_12)                       0.01       0.42 f
  core/U789/X (SAEDRVT14_NR2_MM_12)                       0.01       0.42 r
  core/U966/X (SAEDRVT14_ND2_16)                          0.01       0.43 f
  core/U795/X (SAEDRVT14_AOI21_8)                         0.01       0.45 r
  core/U972/X (SAEDRVT14_ND2_MM_12)                       0.01       0.46 f
  core/U1464/X (SAEDRVT14_AOI21_V1_8)                     0.01       0.47 r
  core/U1513/X (SAEDRVT14_AN2_MM_20)                      0.02       0.49 r
  core/U1505/X (SAEDRVT14_NR2_MM_16)                      0.01       0.50 f
  core/U1512/X (SAEDRVT14_NR2_MM_16)                      0.01       0.51 r
  core/U1519/X (SAEDRVT14_INV_S_20)                       0.02       0.53 f
  core/U977/X (SAEDRVT14_AOI21_V1_8)                      0.01       0.54 r
  core/U1876/X (SAEDRVT14_EN2_4)                          0.02       0.56 f
  core/U1877/X (SAEDRVT14_OAI21_V1_8)                     0.01       0.57 r
  core/out_data[57] (fu_rounding_dec_EN320_EN160)         0.00       0.57 r
  out_data[57] (out)                                      0.00       0.57 r
  data arrival time                                                  0.57

  max_delay                                               0.35       0.35
  output external delay                                   0.00       0.35
  data required time                                                 0.35
  --------------------------------------------------------------------------
  data required time                                                 0.35
  data arrival time                                                 -0.57
  --------------------------------------------------------------------------
  slack (VIOLATED)                                                  -0.22


1
