 
****************************************
Report : area
Design : fu_rounding_g1
Version: Y-2026.03-SP1
Date   : Wed Sep 30 18:39:26 2026
****************************************

Library(s) Used:

    saed14rvt_base_tt0p8v25c (File: /mnt/nas0/eda.libs/saed14/EDK_03_2025/SAED14nm_EDK_STD_RVT/liberty/nldm/base/saed14rvt_base_tt0p8v25c.db)

Number of ports:                          276
Number of nets:                          2199
Number of cells:                         1995
Number of combinational cells:           1994
Number of sequential cells:                 0
Number of macros/black boxes:               0
Number of buf/inv:                        479
Number of references:                       1

Combinational area:               1425.550793
Buf/Inv area:                      209.079598
Noncombinational area:               0.000000
Macro/Black Box area:                0.000000
Net Interconnect area:             682.791637

Total cell area:                  1425.550793
Total area:                       2108.342431
1
