 
****************************************
Report : timing
        -path full
        -delay max
        -max_paths 1
Design : fu_fp_min_max_m2
Version: Y-2026.03-SP1
Date   : Wed Sep 30 18:30:00 2026
****************************************

Operating Conditions: tt0p8v25c   Library: saed14rvt_base_tt0p8v25c
Wire Load Model Mode: top

  Startpoint: in_data_1[19]
              (input port)
  Endpoint: out_data[2]
            (output port)
  Path Group: default
  Path Type: max

  Des/Clust/Port     Wire Load Model       Library
  ------------------------------------------------
  fu_fp_min_max_m2   8000                  saed14rvt_base_tt0p8v25c

  Point                                                   Incr       Path
  --------------------------------------------------------------------------
  input external delay                                    0.00       0.00 f
  in_data_1[19] (in)                                      0.00       0.00 f
  core/in_data_1[19] (fu_fp_min_max_dec_W64_MIN_LANE_W32)
                                                          0.00       0.00 f
  core/U56/X (SAEDRVT14_OR4_1)                            0.03       0.03 f
  core/U313/X (SAEDRVT14_OR4_1)                           0.03       0.06 f
  core/U59/X (SAEDRVT14_OR4_1)                            0.03       0.09 f
  core/U61/X (SAEDRVT14_NR2_MM_1)                         0.05       0.14 r
  core/U315/X (SAEDRVT14_INV_S_1)                         0.03       0.18 f
  core/U323/X (SAEDRVT14_AO221_0P5)                       0.05       0.22 f
  core/U12/X (SAEDRVT14_OAI22_0P5)                        0.06       0.28 r
  core/U64/X (SAEDRVT14_OAI22_2)                          0.35       0.63 f
  core/U31/X (SAEDRVT14_AN2B_MM_4)                        0.09       0.72 f
  core/U352/X (SAEDRVT14_OR2_0P75)                        0.05       0.77 f
  core/U32/X (SAEDRVT14_INV_S_1)                          0.03       0.80 r
  core/U356/X (SAEDRVT14_ND2_CDC_2)                       0.03       0.83 f
  core/U357/X (SAEDRVT14_INV_S_2)                         0.03       0.86 r
  core/U66/X (SAEDRVT14_INV_S_1)                          0.08       0.94 f
  core/U390/X (SAEDRVT14_OAI22_0P75)                      0.06       1.00 r
  core/out_data[2] (fu_fp_min_max_dec_W64_MIN_LANE_W32)
                                                          0.00       1.00 r
  out_data[2] (out)                                       0.00       1.00 r
  data arrival time                                                  1.00

  max_delay                                               1.00       1.00
  output external delay                                   0.00       1.00
  data required time                                                 1.00
  --------------------------------------------------------------------------
  data required time                                                 1.00
  data arrival time                                                 -1.00
  --------------------------------------------------------------------------
  slack (MET)                                                        0.00


1
