****************************************
Report : Averaged Power
Design : fu_abs_16x4
Version: Y-2026.03-SP1
Date   : Wed Sep 30 18:48:59 2026
****************************************



  Attributes
  ----------
      i  -  Including register clock pin internal power
      u  -  User defined power group

                        Internal  Switching  Leakage    Total
Power Group             Power     Power      Power      Power   (     %)  Attrs
--------------------------------------------------------------------------------
clock_network              0.0000    0.0000    0.0000    0.0000 ( 0.00%)  i
register                   0.0000    0.0000    0.0000    0.0000 ( 0.00%)  
combinational           3.034e-05 2.657e-04 2.142e-08 2.960e-04 (100.00%) 
sequential                 0.0000    0.0000    0.0000    0.0000 ( 0.00%)  
memory                     0.0000    0.0000    0.0000    0.0000 ( 0.00%)  
io_pad                     0.0000    0.0000    0.0000    0.0000 ( 0.00%)  
black_box                  0.0000    0.0000    0.0000    0.0000 ( 0.00%)  

  Net Switching Power  = 2.657e-04   (89.74%)
  Cell Internal Power  = 3.034e-05   (10.25%)
  Cell Leakage Power   = 2.142e-08   ( 0.01%)
                         ---------
Total Power            = 2.960e-04  (100.00%)

1
