****************************************
Report : Averaged Power
Design : fu_cmp_c2
Version: Y-2026.03-SP1
Date   : Wed Sep 30 18:47:33 2026
****************************************



  Attributes
  ----------
      i  -  Including register clock pin internal power
      u  -  User defined power group

                        Internal  Switching  Leakage    Total
Power Group             Power     Power      Power      Power   (     %)  Attrs
--------------------------------------------------------------------------------
clock_network              0.0000    0.0000    0.0000    0.0000 ( 0.00%)  i
register                   0.0000    0.0000    0.0000    0.0000 ( 0.00%)  
combinational           4.232e-05 4.813e-04 3.222e-08 5.236e-04 (100.00%) 
sequential                 0.0000    0.0000    0.0000    0.0000 ( 0.00%)  
memory                     0.0000    0.0000    0.0000    0.0000 ( 0.00%)  
io_pad                     0.0000    0.0000    0.0000    0.0000 ( 0.00%)  
black_box                  0.0000    0.0000    0.0000    0.0000 ( 0.00%)  

  Net Switching Power  = 4.813e-04   (91.91%)
  Cell Internal Power  = 4.232e-05   ( 8.08%)
  Cell Leakage Power   = 3.222e-08   ( 0.01%)
                         ---------
Total Power            = 5.236e-04  (100.00%)

1
