 
****************************************
Report : area
Design : fu_rounding_g3
Version: Y-2026.03-SP1
Date   : Wed Sep 30 12:28:52 2026
****************************************

Library(s) Used:

    saed14rvt_base_tt0p8v25c (File: /mnt/nas0/eda.libs/saed14/EDK_03_2025/SAED14nm_EDK_STD_RVT/liberty/nldm/base/saed14rvt_base_tt0p8v25c.db)

Number of ports:                          278
Number of nets:                          2994
Number of cells:                         2779
Number of combinational cells:           2778
Number of sequential cells:                 0
Number of macros/black boxes:               0
Number of buf/inv:                        580
Number of references:                       1

Combinational area:               1136.995196
Buf/Inv area:                      153.046798
Noncombinational area:               0.000000
Macro/Black Box area:                0.000000
Net Interconnect area:            1073.464788

Total cell area:                  1136.995196
Total area:                       2210.459985
1
