 
****************************************
Report : area
Design : fu_cmp_16x4
Version: Y-2026.03-SP1
Date   : Tue Sep  8 23:47:21 2026
****************************************

Library(s) Used:

    saed14rvt_base_tt0p8v25c (File: /mnt/nas0/eda.libs/saed14/EDK_03_2025/SAED14nm_EDK_STD_RVT/liberty/nldm/base/saed14rvt_base_tt0p8v25c.db)

Number of ports:                          204
Number of nets:                           684
Number of cells:                          549
Number of combinational cells:            549
Number of sequential cells:                 0
Number of macros/black boxes:               0
Number of buf/inv:                        162
Number of references:                      70

Combinational area:                461.493597
Buf/Inv area:                       88.577999
Noncombinational area:               0.000000
Macro/Black Box area:                0.000000
Net Interconnect area:             177.493809

Total cell area:                   461.493597
Total area:                        638.987407
1
