 
****************************************
Report : timing
        -path full
        -delay max
        -max_paths 1
Design : fu_cmp_16x4
Version: Y-2026.03-SP1
Date   : Tue Sep  8 23:47:21 2026
****************************************

Operating Conditions: tt0p8v25c   Library: saed14rvt_base_tt0p8v25c
Wire Load Model Mode: top

  Startpoint: in_data_0[38]
              (input port)
  Endpoint: out_data[32]
            (output port)
  Path Group: default
  Path Type: max

  Des/Clust/Port     Wire Load Model       Library
  ------------------------------------------------
  fu_cmp_16x4        8000                  saed14rvt_base_tt0p8v25c

  Point                                    Incr       Path
  -----------------------------------------------------------
  input external delay                     0.00       0.00 f
  in_data_0[38] (in)                       0.00       0.00 f
  U291/X (SAEDRVT14_EN2_4)                 0.03       0.03 r
  U246/X (SAEDRVT14_ND2_8)                 0.01       0.04 f
  U220/X (SAEDRVT14_NR2_MM_16)             0.01       0.05 r
  U382/X (SAEDRVT14_ND2_16)                0.01       0.06 f
  U381/X (SAEDRVT14_NR2_MM_16)             0.01       0.07 r
  U247/X (SAEDRVT14_INV_S_20)              0.01       0.08 f
  U372/X (SAEDRVT14_AOI21_8)               0.01       0.09 r
  U192/X (SAEDRVT14_ND2_MM_10)             0.01       0.10 f
  U218/X (SAEDRVT14_NR2_MM_16)             0.01       0.11 r
  U371/X (SAEDRVT14_ND2_16)                0.01       0.12 f
  U586/X (SAEDRVT14_BUF_20)                0.02       0.13 f
  out_data[32] (out)                       0.00       0.13 f
  data arrival time                                   0.13

  max_delay                                0.01       0.01
  output external delay                    0.00       0.01
  data required time                                  0.01
  -----------------------------------------------------------
  data required time                                  0.01
  data arrival time                                  -0.13
  -----------------------------------------------------------
  slack (VIOLATED)                                   -0.12


1
