 
****************************************
Report : area
Design : fu_mult_karatsuba_64
Version: Y-2026.03-SP1
Date   : Fri Sep 11 12:35:59 2026
****************************************

Library(s) Used:

    saed14rvt_base_tt0p8v25c (File: /mnt/nas0/eda.libs/saed14/EDK_03_2025/SAED14nm_EDK_STD_RVT/liberty/nldm/base/saed14rvt_base_tt0p8v25c.db)

Number of ports:                          456
Number of nets:                          9170
Number of cells:                         7954
Number of combinational cells:           7952
Number of sequential cells:                 0
Number of macros/black boxes:               0
Number of buf/inv:                       1421
Number of references:                     138

Combinational area:               5034.560378
Buf/Inv area:                      532.133997
Noncombinational area:               0.000000
Macro/Black Box area:                0.000000
Net Interconnect area:            3700.277524

Total cell area:                  5034.560378
Total area:                       8734.837902
1
