****************************************
Report : Averaged Power
Design : fu_add_sub_minmax_d8
Version: Y-2026.03-SP1
Date   : Thu Oct  1 18:34:37 2026
****************************************



  Attributes
  ----------
      i  -  Including register clock pin internal power
      u  -  User defined power group

                        Internal  Switching  Leakage    Total
Power Group             Power     Power      Power      Power   (     %)  Attrs
--------------------------------------------------------------------------------
clock_network              0.0000    0.0000    0.0000    0.0000 ( 0.00%)  i
register                   0.0000    0.0000    0.0000    0.0000 ( 0.00%)  
combinational           3.709e-04 2.219e-03 2.189e-07 2.591e-03 (100.00%) 
sequential                 0.0000    0.0000    0.0000    0.0000 ( 0.00%)  
memory                     0.0000    0.0000    0.0000    0.0000 ( 0.00%)  
io_pad                     0.0000    0.0000    0.0000    0.0000 ( 0.00%)  
black_box                  0.0000    0.0000    0.0000    0.0000 ( 0.00%)  

  Net Switching Power  = 2.219e-03   (85.68%)
  Cell Internal Power  = 3.709e-04   (14.32%)
  Cell Leakage Power   = 2.189e-07   ( 0.01%)
                         ---------
Total Power            = 2.591e-03  (100.00%)

1
