 
****************************************
Report : timing
        -path full
        -delay max
        -max_paths 1
Design : fu_bshift_bs3
Version: Y-2026.03-SP1
Date   : Tue Sep  8 23:22:37 2026
****************************************

Operating Conditions: tt0p8v25c   Library: saed14rvt_base_tt0p8v25c
Wire Load Model Mode: top

  Startpoint: mode[0] (input port)
  Endpoint: out_data[60]
            (output port)
  Path Group: default
  Path Type: max

  Des/Clust/Port     Wire Load Model       Library
  ------------------------------------------------
  fu_bshift_bs3      8000                  saed14rvt_base_tt0p8v25c

  Point                                                   Incr       Path
  --------------------------------------------------------------------------
  input external delay                                    0.00       0.00 r
  mode[0] (in)                                            0.00       0.00 r
  core/mode[0] (fu_barrel_shift_dec)                      0.00       0.00 r
  core/U520/X (SAEDRVT14_INV_S_20)                        0.00       0.00 f
  core/U439/X (SAEDRVT14_OR2_MM_20)                       0.02       0.02 f
  core/U180/X (SAEDRVT14_ND2_16)                          0.01       0.04 r
  core/U536/X (SAEDRVT14_BUF_20)                          0.02       0.06 r
  core/U537/X (SAEDRVT14_OAI22_4)                         0.02       0.08 f
  core/U538/X (SAEDRVT14_BUF_16)                          0.03       0.11 f
  core/U540/X (SAEDRVT14_INV_S_2)                         0.02       0.13 r
  core/U541/X (SAEDRVT14_BUF_10)                          0.04       0.16 r
  core/U442/X (SAEDRVT14_OAI22_3)                         0.02       0.18 f
  core/U625/X (SAEDRVT14_AOI21_1P5)                       0.06       0.25 r
  core/U365/X (SAEDRVT14_OA22_0P75)                       0.04       0.29 r
  core/U364/X (SAEDRVT14_OAI21_2)                         0.07       0.36 f
  core/U60/X (SAEDRVT14_AOI21_V1_4)                       0.06       0.42 r
  core/U1022/X (SAEDRVT14_OAI21_0P5)                      0.05       0.47 f
  core/U1023/X (SAEDRVT14_NR2_MM_4)                       0.05       0.52 r
  core/U47/X (SAEDRVT14_OAI22_2)                          0.04       0.56 f
  core/U1120/X (SAEDRVT14_NR2_1P5)                        0.03       0.59 r
  core/U1121/X (SAEDRVT14_OAI21_0P5)                      0.04       0.62 f
  core/out_data[60] (fu_barrel_shift_dec)                 0.00       0.62 f
  out_data[60] (out)                                      0.00       0.62 f
  data arrival time                                                  0.62

  max_delay                                               0.62       0.62
  output external delay                                   0.00       0.62
  data required time                                                 0.62
  --------------------------------------------------------------------------
  data required time                                                 0.62
  data arrival time                                                 -0.62
  --------------------------------------------------------------------------
  slack (MET)                                                        0.00


1
