 
****************************************
Report : area
Design : fu_bshift_bs3
Version: Y-2026.03-SP1
Date   : Tue Sep  8 23:22:37 2026
****************************************

Library(s) Used:

    saed14rvt_base_tt0p8v25c (File: /mnt/nas0/eda.libs/saed14/EDK_03_2025/SAED14nm_EDK_STD_RVT/liberty/nldm/base/saed14rvt_base_tt0p8v25c.db)

Number of ports:                          408
Number of nets:                          1401
Number of cells:                         1155
Number of combinational cells:           1154
Number of sequential cells:                 0
Number of macros/black boxes:               0
Number of buf/inv:                        235
Number of references:                       1

Combinational area:                552.824397
Buf/Inv area:                       81.917999
Noncombinational area:               0.000000
Macro/Black Box area:                0.000000
Net Interconnect area:             700.380176

Total cell area:                   552.824397
Total area:                       1253.204573
1
