 
****************************************
Report : timing
        -path full
        -delay max
        -max_paths 1
Design : fu_add_sub_d1
Version: Y-2026.03-SP1
Date   : Wed Sep 30 12:08:36 2026
****************************************

Operating Conditions: tt0p8v25c   Library: saed14rvt_base_tt0p8v25c
Wire Load Model Mode: top

  Startpoint: in_data_1[40]
              (input port)
  Endpoint: out_data[55]
            (output port)
  Path Group: default
  Path Type: max

  Des/Clust/Port     Wire Load Model       Library
  ------------------------------------------------
  fu_add_sub_d1      8000                  saed14rvt_base_tt0p8v25c

  Point                                                   Incr       Path
  --------------------------------------------------------------------------
  input external delay                                    0.00       0.00 f
  in_data_1[40] (in)                                      0.00       0.00 f
  core/in_data_1[40] (fu_add_sub_dec_EN320_EN160_EN80)
                                                          0.00       0.00 f
  core/segmented/in_data_1[40] (fu_add_sub_segmented_0_0_0)
                                                          0.00       0.00 f
  core/segmented/U146/X (SAEDRVT14_EO2_1)                 0.05       0.05 r
  core/segmented/U19/X (SAEDRVT14_NR2_1P5)                0.04       0.09 f
  core/segmented/U331/X (SAEDRVT14_NR2_MM_3)              0.05       0.14 r
  core/segmented/U149/X (SAEDRVT14_ND2_CDC_1)             0.06       0.20 f
  core/segmented/U60/X (SAEDRVT14_NR2_5)                  0.03       0.23 r
  core/segmented/U151/X (SAEDRVT14_ND2_CDC_1)             0.04       0.28 f
  core/segmented/U173/X (SAEDRVT14_NR2_MM_1)              0.05       0.32 r
  core/segmented/U10/X (SAEDRVT14_BUF_4)                  0.03       0.35 r
  core/segmented/U337/X (SAEDRVT14_AN2_MM_1)              0.03       0.38 r
  core/segmented/U344/X (SAEDRVT14_AOI21_8)               0.02       0.40 f
  core/segmented/U345/X (SAEDRVT14_INV_S_10)              0.01       0.41 r
  core/segmented/U346/X (SAEDRVT14_INV_12)                0.01       0.42 f
  core/segmented/U347/X (SAEDRVT14_INV_S_20)              0.01       0.43 r
  core/segmented/U203/X (SAEDRVT14_AOI21_1P5)             0.02       0.45 f
  core/segmented/U36/X (SAEDRVT14_EO2_0P5)                0.05       0.50 r
  core/segmented/sum_out[55] (fu_add_sub_segmented_0_0_0)
                                                          0.00       0.50 r
  core/out_data[55] (fu_add_sub_dec_EN320_EN160_EN80)     0.00       0.50 r
  out_data[55] (out)                                      0.00       0.50 r
  data arrival time                                                  0.50

  max_delay                                               0.50       0.50
  output external delay                                   0.00       0.50
  data required time                                                 0.50
  --------------------------------------------------------------------------
  data required time                                                 0.50
  data arrival time                                                 -0.50
  --------------------------------------------------------------------------
  slack (MET)                                                        0.00


1
