 
****************************************
Report : area
Design : fu_fp_min_max_32
Version: Y-2026.03-SP1
Date   : Tue Sep 15 18:26:04 2026
****************************************

Library(s) Used:

    saed14rvt_base_tt0p8v25c (File: /mnt/nas0/eda.libs/saed14/EDK_03_2025/SAED14nm_EDK_STD_RVT/liberty/nldm/base/saed14rvt_base_tt0p8v25c.db)

Number of ports:                          201
Number of nets:                           454
Number of cells:                          385
Number of combinational cells:            385
Number of sequential cells:                 0
Number of macros/black boxes:               0
Number of buf/inv:                        100
Number of references:                      67

Combinational area:                350.404796
Buf/Inv area:                       81.207597
Noncombinational area:               0.000000
Macro/Black Box area:                0.000000
Net Interconnect area:             149.905056

Total cell area:                   350.404796
Total area:                        500.309852
1
