 
****************************************
Report : area
Design : fu_fp_min_max_16x4
Version: Y-2026.03-SP1
Date   : Tue Sep  8 23:11:49 2026
****************************************

Library(s) Used:

    saed14rvt_base_tt0p8v25c (File: /mnt/nas0/eda.libs/saed14/EDK_03_2025/SAED14nm_EDK_STD_RVT/liberty/nldm/base/saed14rvt_base_tt0p8v25c.db)

Number of ports:                          204
Number of nets:                           485
Number of cells:                          350
Number of combinational cells:            350
Number of sequential cells:                 0
Number of macros/black boxes:               0
Number of buf/inv:                        116
Number of references:                      50

Combinational area:                118.991999
Buf/Inv area:                       24.198000
Noncombinational area:               0.000000
Macro/Black Box area:                0.000000
Net Interconnect area:             184.868084

Total cell area:                   118.991999
Total area:                        303.860083
1
