 
****************************************
Report : timing
        -path full
        -delay max
        -max_paths 1
Design : fu_fp_min_max_16x4
Version: Y-2026.03-SP1
Date   : Tue Sep  8 23:11:49 2026
****************************************

Operating Conditions: tt0p8v25c   Library: saed14rvt_base_tt0p8v25c
Wire Load Model Mode: top

  Startpoint: in_data_0[3]
              (input port)
  Endpoint: out_data[0]
            (output port)
  Path Group: default
  Path Type: max

  Des/Clust/Port     Wire Load Model       Library
  ------------------------------------------------
  fu_fp_min_max_16x4 8000                  saed14rvt_base_tt0p8v25c

  Point                                    Incr       Path
  -----------------------------------------------------------
  input external delay                     0.00       0.00 f
  in_data_0[3] (in)                        0.00       0.00 f
  U653/X (SAEDRVT14_INV_0P75)              0.05       0.05 r
  U659/X (SAEDRVT14_OAI22_0P5)             0.07       0.13 f
  U660/X (SAEDRVT14_AOI21_0P5)             0.05       0.18 r
  U460/X (SAEDRVT14_OAI22_1)               0.05       0.23 f
  U662/X (SAEDRVT14_AOI21_4)               0.03       0.25 r
  U663/X (SAEDRVT14_OAI22_4)               0.02       0.28 f
  U385/X (SAEDRVT14_AOI21_V1_6)            0.02       0.29 r
  U664/X (SAEDRVT14_OAI21_V1_8)            0.02       0.32 f
  U666/X (SAEDRVT14_OAI21_V1_4)            0.02       0.34 r
  U667/X (SAEDRVT14_EO2_4)                 0.08       0.41 f
  U384/X (SAEDRVT14_INV_S_8)               0.05       0.46 r
  U668/X (SAEDRVT14_ND2_CDC_4)             0.08       0.54 f
  U723/X (SAEDRVT14_OAI22_0P5)             0.08       0.62 r
  out_data[0] (out)                        0.00       0.62 r
  data arrival time                                   0.62

  max_delay                                0.62       0.62
  output external delay                    0.00       0.62
  data required time                                  0.62
  -----------------------------------------------------------
  data required time                                  0.62
  data arrival time                                  -0.62
  -----------------------------------------------------------
  slack (MET)                                         0.00


1
