****************************************
Report : Averaged Power
Design : fu_fp_cmp_g1
Version: Y-2026.03-SP1
Date   : Wed Sep 30 18:50:04 2026
****************************************



  Attributes
  ----------
      i  -  Including register clock pin internal power
      u  -  User defined power group

                        Internal  Switching  Leakage    Total
Power Group             Power     Power      Power      Power   (     %)  Attrs
--------------------------------------------------------------------------------
clock_network              0.0000    0.0000    0.0000    0.0000 ( 0.00%)  i
register                   0.0000    0.0000    0.0000    0.0000 ( 0.00%)  
combinational           4.095e-05 5.019e-04 3.118e-08 5.429e-04 (100.00%) 
sequential                 0.0000    0.0000    0.0000    0.0000 ( 0.00%)  
memory                     0.0000    0.0000    0.0000    0.0000 ( 0.00%)  
io_pad                     0.0000    0.0000    0.0000    0.0000 ( 0.00%)  
black_box                  0.0000    0.0000    0.0000    0.0000 ( 0.00%)  

  Net Switching Power  = 5.019e-04   (92.45%)
  Cell Internal Power  = 4.095e-05   ( 7.54%)
  Cell Leakage Power   = 3.118e-08   ( 0.01%)
                         ---------
Total Power            = 5.429e-04  (100.00%)

1
