 
****************************************
Report : area
Design : fu_cmp_c4
Version: Y-2026.03-SP1
Date   : Wed Sep 30 18:20:24 2026
****************************************

Library(s) Used:

    saed14rvt_base_tt0p8v25c (File: /mnt/nas0/eda.libs/saed14/EDK_03_2025/SAED14nm_EDK_STD_RVT/liberty/nldm/base/saed14rvt_base_tt0p8v25c.db)

Number of ports:                          412
Number of nets:                           751
Number of cells:                          418
Number of combinational cells:            417
Number of sequential cells:                 0
Number of macros/black boxes:               0
Number of buf/inv:                        110
Number of references:                       3

Combinational area:                139.948799
Buf/Inv area:                       22.066800
Noncombinational area:               0.000000
Macro/Black Box area:                0.000000
Net Interconnect area:             185.789977

Total cell area:                   139.948799
Total area:                        325.738776
1
