 
****************************************
Report : timing
        -path full
        -delay max
        -max_paths 1
Design : fu_cmp_c4
Version: Y-2026.03-SP1
Date   : Wed Sep 30 18:20:24 2026
****************************************

Operating Conditions: tt0p8v25c   Library: saed14rvt_base_tt0p8v25c
Wire Load Model Mode: top

  Startpoint: in_data_0[12]
              (input port)
  Endpoint: out_data[48]
            (output port)
  Path Group: default
  Path Type: max

  Des/Clust/Port     Wire Load Model       Library
  ------------------------------------------------
  fu_cmp_c4          8000                  saed14rvt_base_tt0p8v25c

  Point                                    Incr       Path
  -----------------------------------------------------------
  input external delay                     0.00       0.00 f
  in_data_0[12] (in)                       0.00       0.00 f
  core/in_data_0[12] (fu_cmp_dec)          0.00       0.00 f
  core/U149/X (SAEDRVT14_INV_0P75)         0.03       0.03 r
  core/U20/X (SAEDRVT14_OAI22_1)           0.07       0.10 f
  core/U24/X (SAEDRVT14_OR4_1)             0.04       0.14 f
  core/U157/X (SAEDRVT14_OR4_2)            0.03       0.17 f
  core/U158/X (SAEDRVT14_OR4_2)            0.04       0.21 f
  core/U159/X (SAEDRVT14_NR2_MM_3)         0.04       0.25 r
  core/U300/X (SAEDRVT14_AOI21_8)          0.03       0.27 f
  core/U301/X (SAEDRVT14_OA21B_4)          0.05       0.32 f
  core/U302/X (SAEDRVT14_INV_6)            0.02       0.34 r
  core/U303/X (SAEDRVT14_AO21B_0P5)        0.10       0.44 r
  core/U304/X (SAEDRVT14_INV_S_5)          0.03       0.47 f
  core/U305/X (SAEDRVT14_OA21B_4)          0.05       0.52 f
  core/U306/X (SAEDRVT14_INV_6)            0.02       0.53 r
  core/U307/X (SAEDRVT14_AO21_4)           0.04       0.57 r
  core/U308/X (SAEDRVT14_AOI21_8)          0.02       0.59 f
  core/U309/X (SAEDRVT14_INV_S_8)          0.01       0.61 r
  core/U310/X (SAEDRVT14_AO21B_0P5)        0.11       0.72 r
  core/U314/X (SAEDRVT14_OAI21_V1_8)       0.03       0.74 f
  core/U315/X (SAEDRVT14_AOI21_4)          0.02       0.77 r
  core/U328/X (SAEDRVT14_OAI21_2)          0.03       0.80 f
  core/U341/X (SAEDRVT14_NR2_MM_4)         0.02       0.81 r
  core/U346/X (SAEDRVT14_OA22_2)           0.03       0.84 r
  core/U347/X (SAEDRVT14_BUF_16)           0.02       0.86 r
  core/U414/X (SAEDRVT14_OAI22_3)          0.02       0.88 f
  core/U415/X (SAEDRVT14_AOI21_1P5)        0.03       0.92 r
  core/U416/X (SAEDRVT14_OAI21_V1_4)       0.08       1.00 f
  core/out_data[48] (fu_cmp_dec)           0.00       1.00 f
  out_data[48] (out)                       0.00       1.00 f
  data arrival time                                   1.00

  max_delay                                1.00       1.00
  output external delay                    0.00       1.00
  data required time                                  1.00
  -----------------------------------------------------------
  data required time                                  1.00
  data arrival time                                  -1.00
  -----------------------------------------------------------
  slack (MET)                                         0.00


1
