 
****************************************
Report : timing
        -path full
        -delay max
        -max_paths 1
Design : fu_abs_a2
Version: Y-2026.03-SP1
Date   : Tue Sep 15 23:05:24 2026
****************************************

Operating Conditions: tt0p8v25c   Library: saed14rvt_base_tt0p8v25c
Wire Load Model Mode: top

  Startpoint: mode (input port)
  Endpoint: out_data[58]
            (output port)
  Path Group: default
  Path Type: max

  Des/Clust/Port     Wire Load Model       Library
  ------------------------------------------------
  fu_abs_a2          8000                  saed14rvt_base_tt0p8v25c

  Point                                                   Incr       Path
  --------------------------------------------------------------------------
  input external delay                                    0.00       0.00 f
  mode (in)                                               0.00       0.00 f
  core/mode[0] (fu_abs_dec)                               0.00       0.00 f
  core/U36/X (SAEDRVT14_INV_4)                            0.01       0.01 r
  core/U14/X (SAEDRVT14_ND2_CDC_2)                        0.03       0.05 f
  core/U232/X (SAEDRVT14_OAI21_V1_8)                      0.07       0.12 r
  core/U235/CKOUT (SAEDRVT14_CLKSPLT_8)                   0.07       0.19 r
  core/U233/X (SAEDRVT14_EO2_V1_1P5)                      0.04       0.23 r
  core/U218/CO (SAEDRVT14_ADDH_0P5)                       0.04       0.27 r
  core/U258/CO (SAEDRVT14_ADDH_1)                         0.03       0.30 r
  core/U260/CO (SAEDRVT14_ADDH_1)                         0.03       0.33 r
  core/U262/CO (SAEDRVT14_ADDH_1)                         0.03       0.36 r
  core/U219/CO (SAEDRVT14_ADDH_0P5)                       0.04       0.40 r
  core/U264/CO (SAEDRVT14_ADDH_1)                         0.03       0.44 r
  core/U266/CO (SAEDRVT14_ADDH_1)                         0.05       0.49 r
  core/U4/X (SAEDRVT14_ND2_MM_8)                          0.04       0.52 f
  core/U237/X (SAEDRVT14_NR2_MM_6)                        0.02       0.54 r
  core/U6/X (SAEDRVT14_AN2_MM_8)                          0.02       0.57 r
  core/U5/X (SAEDRVT14_ND2_MM_6)                          0.03       0.59 f
  core/U240/X (SAEDRVT14_NR2_MM_8)                        0.02       0.62 r
  core/U241/X (SAEDRVT14_ND2_16)                          0.03       0.65 f
  core/U243/X (SAEDRVT14_NR2_MM_4)                        0.02       0.66 r
  core/U244/X (SAEDRVT14_MUX2_MM_4)                       0.03       0.69 r
  core/U245/X (SAEDRVT14_ND2_16)                          0.03       0.72 f
  core/U247/X (SAEDRVT14_NR2_MM_8)                        0.02       0.74 r
  core/U248/X (SAEDRVT14_ND2_16)                          0.03       0.77 f
  core/U250/X (SAEDRVT14_NR2_MM_10)                       0.02       0.79 r
  core/U251/X (SAEDRVT14_ND2_16)                          0.03       0.82 f
  core/U253/X (SAEDRVT14_NR2_MM_4)                        0.03       0.85 r
  core/U254/X (SAEDRVT14_ND2_8)                           0.04       0.89 f
  core/U329/X (SAEDRVT14_NR2_1P5)                         0.04       0.93 r
  core/U331/X (SAEDRVT14_EN2_2)                           0.04       0.96 f
  core/U332/X (SAEDRVT14_MUX2_MM_0P5)                     0.04       1.00 f
  core/out_data[58] (fu_abs_dec)                          0.00       1.00 f
  out_data[58] (out)                                      0.00       1.00 f
  data arrival time                                                  1.00

  max_delay                                               1.00       1.00
  output external delay                                   0.00       1.00
  data required time                                                 1.00
  --------------------------------------------------------------------------
  data required time                                                 1.00
  data arrival time                                                 -1.00
  --------------------------------------------------------------------------
  slack (MET)                                                        0.00


1
