 
****************************************
Report : timing
        -path full
        -delay max
        -max_paths 1
Design : fu_fp_min_max_16x4
Version: Y-2026.03-SP1
Date   : Tue Sep  8 23:43:13 2026
****************************************

Operating Conditions: tt0p8v25c   Library: saed14rvt_base_tt0p8v25c
Wire Load Model Mode: top

  Startpoint: in_data_1[12]
              (input port)
  Endpoint: out_data[14]
            (output port)
  Path Group: default
  Path Type: max

  Des/Clust/Port     Wire Load Model       Library
  ------------------------------------------------
  fu_fp_min_max_16x4 8000                  saed14rvt_base_tt0p8v25c

  Point                                    Incr       Path
  -----------------------------------------------------------
  input external delay                     0.00       0.00 r
  in_data_1[12] (in)                       0.00       0.00 r
  U1048/X (SAEDRVT14_INV_S_20)             0.00       0.00 f
  U1049/X (SAEDRVT14_NR2_MM_16)            0.01       0.01 r
  U844/X (SAEDRVT14_NR2_MM_16)             0.01       0.02 f
  U630/X (SAEDRVT14_ND2_16)                0.01       0.03 r
  U582/X (SAEDRVT14_ND2_MM_16)             0.01       0.04 f
  U629/X (SAEDRVT14_INV_12)                0.01       0.04 r
  U900/X (SAEDRVT14_OAI21_V1_8)            0.01       0.05 f
  U795/X (SAEDRVT14_AOI21_8)               0.01       0.06 r
  U794/X (SAEDRVT14_OAI21_V1_8)            0.02       0.08 f
  U793/X (SAEDRVT14_ND2_MM_16)             0.01       0.09 r
  U713/X (SAEDRVT14_INV_S_20)              0.01       0.10 f
  U961/X (SAEDRVT14_INV_S_20)              0.01       0.11 r
  U1123/X (SAEDRVT14_MUX2_MM_4)            0.03       0.13 f
  U686/X (SAEDRVT14_ND2_CDC_4)             0.01       0.14 r
  out_data[14] (out)                       0.00       0.14 r
  data arrival time                                   0.14

  max_delay                                0.01       0.01
  output external delay                    0.00       0.01
  data required time                                  0.01
  -----------------------------------------------------------
  data required time                                  0.01
  data arrival time                                  -0.14
  -----------------------------------------------------------
  slack (VIOLATED)                                   -0.13


1
