****************************************
Report : Averaged Power
Design : fu_cmp_c4
Version: Y-2026.03-SP1
Date   : Wed Sep 30 18:47:45 2026
****************************************



  Attributes
  ----------
      i  -  Including register clock pin internal power
      u  -  User defined power group

                        Internal  Switching  Leakage    Total
Power Group             Power     Power      Power      Power   (     %)  Attrs
--------------------------------------------------------------------------------
clock_network              0.0000    0.0000    0.0000    0.0000 ( 0.00%)  i
register                   0.0000    0.0000    0.0000    0.0000 ( 0.00%)  
combinational           6.906e-05 7.135e-04 4.905e-08 7.826e-04 (100.00%) 
sequential                 0.0000    0.0000    0.0000    0.0000 ( 0.00%)  
memory                     0.0000    0.0000    0.0000    0.0000 ( 0.00%)  
io_pad                     0.0000    0.0000    0.0000    0.0000 ( 0.00%)  
black_box                  0.0000    0.0000    0.0000    0.0000 ( 0.00%)  

  Net Switching Power  = 7.135e-04   (91.17%)
  Cell Internal Power  = 6.906e-05   ( 8.82%)
  Cell Leakage Power   = 4.905e-08   ( 0.01%)
                         ---------
Total Power            = 7.826e-04  (100.00%)

1
