****************************************
Report : Averaged Power
Design : fu_barrel_shift_16x4
Version: Y-2026.03-SP1
Date   : Wed Sep 30 18:50:01 2026
****************************************



  Attributes
  ----------
      i  -  Including register clock pin internal power
      u  -  User defined power group

                        Internal  Switching  Leakage    Total
Power Group             Power     Power      Power      Power   (     %)  Attrs
--------------------------------------------------------------------------------
clock_network              0.0000    0.0000    0.0000    0.0000 ( 0.00%)  i
register                   0.0000    0.0000    0.0000    0.0000 ( 0.00%)  
combinational           1.398e-04 1.982e-03 6.952e-08 2.122e-03 (100.00%) 
sequential                 0.0000    0.0000    0.0000    0.0000 ( 0.00%)  
memory                     0.0000    0.0000    0.0000    0.0000 ( 0.00%)  
io_pad                     0.0000    0.0000    0.0000    0.0000 ( 0.00%)  
black_box                  0.0000    0.0000    0.0000    0.0000 ( 0.00%)  

  Net Switching Power  = 1.982e-03   (93.41%)
  Cell Internal Power  = 1.398e-04   ( 6.59%)
  Cell Leakage Power   = 6.952e-08   ( 0.00%)
                         ---------
Total Power            = 2.122e-03  (100.00%)

1
