 
****************************************
Report : timing
        -path full
        -delay max
        -max_paths 1
Design : fu_mult_karatsuba_16x4
Version: Y-2026.03-SP1
Date   : Wed Sep 30 12:01:32 2026
****************************************

Operating Conditions: tt0p8v25c   Library: saed14rvt_base_tt0p8v25c
Wire Load Model Mode: top

  Startpoint: in_data_1[4]
              (input port)
  Endpoint: out_data[15]
            (output port)
  Path Group: default
  Path Type: max

  Des/Clust/Port     Wire Load Model       Library
  ------------------------------------------------
  fu_mult_karatsuba_16x4
                     8000                  saed14rvt_base_tt0p8v25c

  Point                                                   Incr       Path
  --------------------------------------------------------------------------
  input external delay                                    0.00       0.00 f
  in_data_1[4] (in)                                       0.00       0.00 f
  U521/X (SAEDRVT14_INV_S_1)                              0.23       0.23 r
  U762/X (SAEDRVT14_NR2_1P5)                              0.09       0.32 f
  intadd_38/U4/CO (SAEDRVT14_ADDF_V1_1)                   0.06       0.37 f
  intadd_38/U3/S (SAEDRVT14_ADDF_V1_1)                    0.05       0.43 r
  U834/S (SAEDRVT14_ADDF_V1_1)                            0.06       0.49 f
  intadd_3/U11/CO (SAEDRVT14_ADDF_V1_1)                   0.04       0.53 f
  intadd_3/U10/CO (SAEDRVT14_ADDF_V1_1)                   0.04       0.57 f
  intadd_3/U9/CO (SAEDRVT14_ADDF_V1_2)                    0.04       0.61 f
  intadd_3/U8/CO (SAEDRVT14_ADDF_V1_2)                    0.03       0.64 f
  intadd_3/U7/CO (SAEDRVT14_ADDF_V1_2)                    0.03       0.68 f
  intadd_3/U6/CO (SAEDRVT14_ADDF_V1_2)                    0.03       0.71 f
  intadd_3/U5/CO (SAEDRVT14_ADDF_V1_2)                    0.03       0.74 f
  intadd_3/U4/CO (SAEDRVT14_ADDF_V1_2)                    0.03       0.78 f
  intadd_3/U3/CO (SAEDRVT14_ADDF_V1_1)                    0.04       0.82 f
  intadd_3/U2/CO (SAEDRVT14_ADDF_V1_1)                    0.04       0.86 f
  U737/X (SAEDRVT14_EN4_2)                                0.04       0.90 f
  U499/X (SAEDRVT14_EN4_M_1)                              0.06       0.96 f
  U757/X (SAEDRVT14_EN4_2)                                0.04       1.00 r
  out_data[15] (out)                                      0.00       1.00 r
  data arrival time                                                  1.00

  max_delay                                               1.00       1.00
  output external delay                                   0.00       1.00
  data required time                                                 1.00
  --------------------------------------------------------------------------
  data required time                                                 1.00
  data arrival time                                                 -1.00
  --------------------------------------------------------------------------
  slack (MET)                                                        0.00


1
