****************************************
Report : Averaged Power
Design : fu_add_sub_64
Version: Y-2026.03-SP1
Date   : Wed Sep 30 18:45:51 2026
****************************************



  Attributes
  ----------
      i  -  Including register clock pin internal power
      u  -  User defined power group

                        Internal  Switching  Leakage    Total
Power Group             Power     Power      Power      Power   (     %)  Attrs
--------------------------------------------------------------------------------
clock_network              0.0000    0.0000    0.0000    0.0000 ( 0.00%)  i
register                   0.0000    0.0000    0.0000    0.0000 ( 0.00%)  
combinational           2.789e-04 2.024e-03 8.336e-08 2.303e-03 (100.00%) 
sequential                 0.0000    0.0000    0.0000    0.0000 ( 0.00%)  
memory                     0.0000    0.0000    0.0000    0.0000 ( 0.00%)  
io_pad                     0.0000    0.0000    0.0000    0.0000 ( 0.00%)  
black_box                  0.0000    0.0000    0.0000    0.0000 ( 0.00%)  

  Net Switching Power  = 2.024e-03   (87.89%)
  Cell Internal Power  = 2.789e-04   (12.11%)
  Cell Leakage Power   = 8.336e-08   ( 0.00%)
                         ---------
Total Power            = 2.303e-03  (100.00%)

1
