****************************************
Report : Averaged Power
Design : fu_rounding_g3
Version: Y-2026.03-SP1
Date   : Wed Sep 30 18:52:35 2026
****************************************



  Attributes
  ----------
      i  -  Including register clock pin internal power
      u  -  User defined power group

                        Internal  Switching  Leakage    Total
Power Group             Power     Power      Power      Power   (     %)  Attrs
--------------------------------------------------------------------------------
clock_network              0.0000    0.0000    0.0000    0.0000 ( 0.00%)  i
register                   0.0000    0.0000    0.0000    0.0000 ( 0.00%)  
combinational           1.788e-03 8.278e-03 1.454e-06    0.0101 (100.00%) 
sequential                 0.0000    0.0000    0.0000    0.0000 ( 0.00%)  
memory                     0.0000    0.0000    0.0000    0.0000 ( 0.00%)  
io_pad                     0.0000    0.0000    0.0000    0.0000 ( 0.00%)  
black_box                  0.0000    0.0000    0.0000    0.0000 ( 0.00%)  

  Net Switching Power  = 8.278e-03   (82.23%)
  Cell Internal Power  = 1.788e-03   (17.76%)
  Cell Leakage Power   = 1.454e-06   ( 0.01%)
                         ---------
Total Power            =    0.0101  (100.00%)

1
