****************************************
Report : Averaged Power
Design : fu_rounding_g3
Version: Y-2026.03-SP1
Date   : Wed Sep 30 18:52:35 2026
****************************************



  Attributes
  ----------
      i  -  Including register clock pin internal power
      u  -  User defined power group

                        Internal  Switching  Leakage    Total
Power Group             Power     Power      Power      Power   (     %)  Attrs
--------------------------------------------------------------------------------
clock_network              0.0000    0.0000    0.0000    0.0000 ( 0.00%)  i
register                   0.0000    0.0000    0.0000    0.0000 ( 0.00%)  
combinational           1.700e-03 7.834e-03 1.457e-06 9.535e-03 (100.00%) 
sequential                 0.0000    0.0000    0.0000    0.0000 ( 0.00%)  
memory                     0.0000    0.0000    0.0000    0.0000 ( 0.00%)  
io_pad                     0.0000    0.0000    0.0000    0.0000 ( 0.00%)  
black_box                  0.0000    0.0000    0.0000    0.0000 ( 0.00%)  

  Net Switching Power  = 7.834e-03   (82.16%)
  Cell Internal Power  = 1.700e-03   (17.82%)
  Cell Leakage Power   = 1.457e-06   ( 0.02%)
                         ---------
Total Power            = 9.535e-03  (100.00%)

1
