 
****************************************
Report : timing
        -path full
        -delay max
        -max_paths 1
Design : fu_fp_minmax_revised_32_16
Version: Y-2026.03-SP1
Date   : Tue Sep 29 16:45:16 2026
****************************************

Operating Conditions: tt0p8v25c   Library: saed14rvt_base_tt0p8v25c
Wire Load Model Mode: top

  Startpoint: in_data_0[1]
              (input port)
  Endpoint: out_data[22]
            (output port)
  Path Group: default
  Path Type: max

  Des/Clust/Port     Wire Load Model       Library
  ------------------------------------------------
  fu_fp_minmax_revised_32_16
                     8000                  saed14rvt_base_tt0p8v25c

  Point                                                   Incr       Path
  --------------------------------------------------------------------------
  input external delay                                    0.00       0.00 f
  in_data_0[1] (in)                                       0.00       0.00 f
  core/in_data_0[1] (fu_fp_min_max_dec_W32_MIN_LANE_W16)
                                                          0.00       0.00 f
  core/U57/X (SAEDRVT14_INV_S_0P5)                        0.05       0.05 r
  core/U59/X (SAEDRVT14_OA22_0P75)                        0.05       0.10 r
  core/U62/X (SAEDRVT14_OAI22_1)                          0.04       0.14 f
  core/U12/X (SAEDRVT14_OAI21_V1_4)                       0.02       0.16 r
  core/U11/X (SAEDRVT14_OAI21_V1_4)                       0.03       0.19 f
  core/U64/X (SAEDRVT14_OAI21_V1_4)                       0.02       0.20 r
  core/U65/X (SAEDRVT14_AO21B_0P5)                        0.03       0.24 f
  core/U66/X (SAEDRVT14_OAI21_0P5)                        0.05       0.28 r
  core/U67/X (SAEDRVT14_OAI21_4)                          0.04       0.32 f
  core/U10/X (SAEDRVT14_OAI21_3)                          0.02       0.34 r
  core/U69/X (SAEDRVT14_AO21B_0P5)                        0.07       0.41 f
  core/U70/X (SAEDRVT14_NR2_MM_1)                         0.05       0.46 r
  core/U73/X (SAEDRVT14_OAI21_0P5)                        0.04       0.50 f
  core/U77/X (SAEDRVT14_AO221_4)                          0.04       0.54 f
  core/U16/X (SAEDRVT14_OAI21_2)                          0.02       0.55 r
  core/U78/X (SAEDRVT14_AOI21_0P5)                        0.04       0.60 f
  core/U79/X (SAEDRVT14_OAI21_4)                          0.02       0.62 r
  core/U9/X (SAEDRVT14_AN2_4)                             0.02       0.64 r
  core/U88/X (SAEDRVT14_OR4_2)                            0.02       0.66 r
  core/U89/X (SAEDRVT14_OR4_2)                            0.03       0.69 r
  core/U90/X (SAEDRVT14_NR2_MM_4)                         0.01       0.70 f
  core/U118/X (SAEDRVT14_OAI21_V1_8)                      0.01       0.72 r
  core/U119/X (SAEDRVT14_ND2_8)                           0.02       0.73 f
  core/U120/X (SAEDRVT14_ND2_8)                           0.01       0.74 r
  core/U121/X (SAEDRVT14_OAI21_V1_8)                      0.01       0.76 f
  core/U165/X (SAEDRVT14_EO2_4)                           0.08       0.83 r
  core/U6/X (SAEDRVT14_INV_12)                            0.04       0.88 f
  core/U196/X (SAEDRVT14_ND2_MM_16)                       0.03       0.90 r
  core/U4/X (SAEDRVT14_INV_12)                            0.01       0.92 f
  core/U208/X (SAEDRVT14_AOI21_0P5)                       0.03       0.95 r
  core/U209/X (SAEDRVT14_OAI21_0P5)                       0.05       1.00 f
  core/out_data[22] (fu_fp_min_max_dec_W32_MIN_LANE_W16)
                                                          0.00       1.00 f
  out_data[22] (out)                                      0.00       1.00 f
  data arrival time                                                  1.00

  max_delay                                               1.00       1.00
  output external delay                                   0.00       1.00
  data required time                                                 1.00
  --------------------------------------------------------------------------
  data required time                                                 1.00
  data arrival time                                                 -1.00
  --------------------------------------------------------------------------
  slack (MET)                                                        0.00


1
