 
****************************************
Report : timing
        -path full
        -delay max
        -max_paths 1
Design : fu_abs_16x4
Version: Y-2026.03-SP1
Date   : Tue Sep  8 23:24:03 2026
****************************************

Operating Conditions: tt0p8v25c   Library: saed14rvt_base_tt0p8v25c
Wire Load Model Mode: top

  Startpoint: in_data_0[15]
              (input port)
  Endpoint: out_data[14]
            (output port)
  Path Group: default
  Path Type: max

  Des/Clust/Port     Wire Load Model       Library
  ------------------------------------------------
  fu_abs_16x4        8000                  saed14rvt_base_tt0p8v25c

  Point                                    Incr       Path
  -----------------------------------------------------------
  input external delay                     0.00       0.00 r
  in_data_0[15] (in)                       0.00       0.00 r
  U288/X (SAEDRVT14_INV_S_8)               0.00       0.00 f
  U299/X (SAEDRVT14_OR4_2)                 0.03       0.04 f
  U302/X (SAEDRVT14_NR2_MM_3)              0.03       0.07 r
  U453/X (SAEDRVT14_ND2B_1P5)              0.06       0.13 f
  U454/X (SAEDRVT14_NR2_MM_6)              0.02       0.15 r
  U455/X (SAEDRVT14_ND2B_1P5)              0.06       0.21 f
  U456/X (SAEDRVT14_NR2_MM_6)              0.02       0.24 r
  U457/X (SAEDRVT14_ND2B_1P5)              0.06       0.29 f
  U458/X (SAEDRVT14_NR2_MM_4)              0.03       0.33 r
  U293/X (SAEDRVT14_ND2B_4)                0.04       0.37 f
  U292/X (SAEDRVT14_NR2_MM_4)              0.02       0.39 r
  U459/X (SAEDRVT14_ND2B_1P5)              0.06       0.45 f
  U304/X (SAEDRVT14_NR2_MM_3)              0.05       0.49 r
  U341/X (SAEDRVT14_AOI21_0P5)             0.04       0.53 f
  U421/X (SAEDRVT14_OAI21_0P5)             0.05       0.58 r
  U340/X (SAEDRVT14_OAI21_0P5)             0.05       0.62 f
  out_data[14] (out)                       0.00       0.62 f
  data arrival time                                   0.62

  max_delay                                0.62       0.62
  output external delay                    0.00       0.62
  data required time                                  0.62
  -----------------------------------------------------------
  data required time                                  0.62
  data arrival time                                  -0.62
  -----------------------------------------------------------
  slack (MET)                                         0.00


1
