 
****************************************
Report : area
Design : fu_abs_16x4
Version: Y-2026.03-SP1
Date   : Tue Sep  8 23:24:03 2026
****************************************

Library(s) Used:

    saed14rvt_base_tt0p8v25c (File: /mnt/nas0/eda.libs/saed14/EDK_03_2025/SAED14nm_EDK_STD_RVT/liberty/nldm/base/saed14rvt_base_tt0p8v25c.db)

Number of ports:                          135
Number of nets:                           293
Number of cells:                          226
Number of combinational cells:            226
Number of sequential cells:                 0
Number of macros/black boxes:               0
Number of buf/inv:                         21
Number of references:                      27

Combinational area:                 83.916001
Buf/Inv area:                        4.928400
Noncombinational area:               0.000000
Macro/Black Box area:                0.000000
Net Interconnect area:              94.403877

Total cell area:                    83.916001
Total area:                        178.319878
1
