****************************************
Report : Averaged Power
Design : fu_abs_a1
Version: Y-2026.03-SP1
Date   : Wed Sep 30 18:48:30 2026
****************************************



  Attributes
  ----------
      i  -  Including register clock pin internal power
      u  -  User defined power group

                        Internal  Switching  Leakage    Total
Power Group             Power     Power      Power      Power   (     %)  Attrs
--------------------------------------------------------------------------------
clock_network              0.0000    0.0000    0.0000    0.0000 ( 0.00%)  i
register                   0.0000    0.0000    0.0000    0.0000 ( 0.00%)  
combinational           8.346e-05 3.642e-04 5.203e-08 4.477e-04 (100.00%) 
sequential                 0.0000    0.0000    0.0000    0.0000 ( 0.00%)  
memory                     0.0000    0.0000    0.0000    0.0000 ( 0.00%)  
io_pad                     0.0000    0.0000    0.0000    0.0000 ( 0.00%)  
black_box                  0.0000    0.0000    0.0000    0.0000 ( 0.00%)  

  Net Switching Power  = 3.642e-04   (81.35%)
  Cell Internal Power  = 8.346e-05   (18.64%)
  Cell Leakage Power   = 5.203e-08   ( 0.01%)
                         ---------
Total Power            = 4.477e-04  (100.00%)

1
