 
****************************************
Report : area
Design : fu_rounding_16x4
Version: Y-2026.03-SP1
Date   : Tue Sep  8 22:25:12 2026
****************************************

Library(s) Used:

    saed14rvt_base_tt0p8v25c (File: /mnt/nas0/eda.libs/saed14/EDK_03_2025/SAED14nm_EDK_STD_RVT/liberty/nldm/base/saed14rvt_base_tt0p8v25c.db)

Number of ports:                          137
Number of nets:                           886
Number of cells:                          789
Number of combinational cells:            789
Number of sequential cells:                 0
Number of macros/black boxes:               0
Number of buf/inv:                        170
Number of references:                      92

Combinational area:                269.596801
Buf/Inv area:                       35.031600
Noncombinational area:               0.000000
Macro/Black Box area:                0.000000
Net Interconnect area:             331.925411

Total cell area:                   269.596801
Total area:                        601.522213
1
