 
****************************************
Report : timing
        -path full
        -delay max
        -max_paths 1
Design : fu_fp_minmax_revised_32_16
Version: Y-2026.03-SP1
Date   : Tue Sep 15 18:24:49 2026
****************************************

Operating Conditions: tt0p8v25c   Library: saed14rvt_base_tt0p8v25c
Wire Load Model Mode: top

  Startpoint: in_data_1[31]
              (input port)
  Endpoint: out_data[24]
            (output port)
  Path Group: default
  Path Type: max

  Des/Clust/Port     Wire Load Model       Library
  ------------------------------------------------
  fu_fp_minmax_revised_32_16
                     8000                  saed14rvt_base_tt0p8v25c

  Point                                                   Incr       Path
  --------------------------------------------------------------------------
  input external delay                                    0.00       0.00 r
  in_data_1[31] (in)                                      0.00       0.00 r
  core/in_data_1[31] (revised_fp_minmax_32_16_core)       0.00       0.00 r
  core/U636/X (SAEDRVT14_EN2_4)                           0.04       0.04 f
  core/U190/X (SAEDRVT14_ND2_8)                           0.02       0.06 r
  core/U272/X (SAEDRVT14_AN2_8)                           0.02       0.07 r
  core/U596/X (SAEDRVT14_ND2_6)                           0.01       0.08 f
  core/U255/X (SAEDRVT14_NR2_MM_10)                       0.01       0.09 r
  core/U254/X (SAEDRVT14_OAI21_V1_8)                      0.01       0.10 f
  core/U390/X (SAEDRVT14_ND2_MM_10)                       0.01       0.12 r
  core/U334/X (SAEDRVT14_ND2_8)                           0.01       0.13 f
  core/U263/X (SAEDRVT14_NR2_MM_10)                       0.01       0.14 r
  core/U261/X (SAEDRVT14_NR2_MM_16)                       0.01       0.14 f
  core/U260/X (SAEDRVT14_ND2_MM_16)                       0.01       0.15 r
  core/U539/X (SAEDRVT14_OR2_MM_20)                       0.02       0.17 r
  core/U61/X (SAEDRVT14_OAI21_V1_4)                       0.02       0.19 f
  core/U290/X (SAEDRVT14_NR2_6)                           0.01       0.20 r
  core/U337/X (SAEDRVT14_OAI21_V1_8)                      0.01       0.21 f
  core/out_data[24] (revised_fp_minmax_32_16_core)        0.00       0.21 f
  out_data[24] (out)                                      0.00       0.21 f
  data arrival time                                                  0.21

  max_delay                                               0.01       0.01
  output external delay                                   0.00       0.01
  data required time                                                 0.01
  --------------------------------------------------------------------------
  data required time                                                 0.01
  data arrival time                                                 -0.21
  --------------------------------------------------------------------------
  slack (VIOLATED)                                                  -0.20


1
