 
****************************************
Report : area
Design : fu_fp_minmax_revised_32_16
Version: Y-2026.03-SP1
Date   : Tue Sep 29 13:33:41 2026
****************************************

Library(s) Used:

    saed14rvt_base_tt0p8v25c (File: /mnt/nas0/eda.libs/saed14/EDK_03_2025/SAED14nm_EDK_STD_RVT/liberty/nldm/base/saed14rvt_base_tt0p8v25c.db)

Number of ports:                          311
Number of nets:                           617
Number of cells:                          443
Number of combinational cells:            442
Number of sequential cells:                 0
Number of macros/black boxes:               0
Number of buf/inv:                        124
Number of references:                       2

Combinational area:                402.175196
Buf/Inv area:                       83.782798
Noncombinational area:               0.000000
Macro/Black Box area:                0.000000
Net Interconnect area:             169.959995

Total cell area:                   402.175196
Total area:                        572.135190
1
