 
****************************************
Report : timing
        -path full
        -delay max
        -max_paths 1
Design : fu_abs_a1
Version: Y-2026.03-SP1
Date   : Tue Sep 15 23:03:42 2026
****************************************

Operating Conditions: tt0p8v25c   Library: saed14rvt_base_tt0p8v25c
Wire Load Model Mode: top

  Startpoint: in_data_0[63]
              (input port)
  Endpoint: out_data[59]
            (output port)
  Path Group: default
  Path Type: max

  Des/Clust/Port     Wire Load Model       Library
  ------------------------------------------------
  fu_abs_a1          8000                  saed14rvt_base_tt0p8v25c

  Point                                    Incr       Path
  -----------------------------------------------------------
  input external delay                     0.00       0.00 r
  in_data_0[63] (in)                       0.00       0.00 r
  core/in_data_0[63] (fu_abs_dec)          0.00       0.00 r
  core/U28/X (SAEDRVT14_BUF_16)            0.05       0.05 r
  core/U24/X (SAEDRVT14_ND2_3)             0.03       0.09 f
  core/U56/X (SAEDRVT14_INV_S_2)           0.02       0.10 r
  core/U154/CO (SAEDRVT14_ADDH_2)          0.02       0.12 r
  core/U156/CO (SAEDRVT14_ADDH_1)          0.03       0.15 r
  core/U158/CO (SAEDRVT14_ADDH_1)          0.03       0.18 r
  core/U160/CO (SAEDRVT14_ADDH_1)          0.03       0.21 r
  core/U42/CO (SAEDRVT14_ADDH_0P5)         0.04       0.25 r
  core/U162/CO (SAEDRVT14_ADDH_1)          0.04       0.29 r
  core/U164/CO (SAEDRVT14_ADDH_4)          0.02       0.31 r
  core/U19/X (SAEDRVT14_ND2_4)             0.03       0.34 f
  core/U64/X (SAEDRVT14_NR2_MM_4)          0.02       0.36 r
  core/U43/CO (SAEDRVT14_ADDH_0P5)         0.04       0.40 r
  core/U180/CO (SAEDRVT14_ADDH_1)          0.03       0.43 r
  core/U182/CO (SAEDRVT14_ADDH_1)          0.03       0.46 r
  core/U184/CO (SAEDRVT14_ADDH_4)          0.03       0.49 r
  core/U69/X (SAEDRVT14_ND2_8)             0.03       0.52 f
  core/U14/X (SAEDRVT14_NR2_MM_6)          0.03       0.55 r
  core/U83/X (SAEDRVT14_ND2_8)             0.04       0.59 f
  core/U94/X (SAEDRVT14_NR2_MM_6)          0.03       0.61 r
  core/U96/X (SAEDRVT14_ND2_8)             0.04       0.66 f
  core/U108/X (SAEDRVT14_NR2_MM_6)         0.03       0.68 r
  core/U110/X (SAEDRVT14_ND2_8)            0.04       0.73 f
  core/U120/X (SAEDRVT14_NR2_MM_4)         0.04       0.76 r
  core/U122/X (SAEDRVT14_ND2_8)            0.04       0.81 f
  core/U131/X (SAEDRVT14_NR2_MM_6)         0.03       0.83 r
  core/U133/X (SAEDRVT14_ND2_MM_10)        0.03       0.87 f
  core/U322/X (SAEDRVT14_NR2_1)            0.05       0.91 r
  core/U323/X (SAEDRVT14_EN2_1)            0.04       0.96 f
  core/U324/X (SAEDRVT14_MUX2_MM_0P5)      0.04       1.00 f
  core/out_data[59] (fu_abs_dec)           0.00       1.00 f
  out_data[59] (out)                       0.00       1.00 f
  data arrival time                                   1.00

  max_delay                                1.00       1.00
  output external delay                    0.00       1.00
  data required time                                  1.00
  -----------------------------------------------------------
  data required time                                  1.00
  data arrival time                                  -1.00
  -----------------------------------------------------------
  slack (MET)                                         0.00


1
