 
****************************************
Report : area
Design : fu_fp_min_max_m2
Version: Y-2026.03-SP1
Date   : Tue Sep 29 13:57:35 2026
****************************************

Library(s) Used:

    saed14rvt_base_tt0p8v25c (File: /mnt/nas0/eda.libs/saed14/EDK_03_2025/SAED14nm_EDK_STD_RVT/liberty/nldm/base/saed14rvt_base_tt0p8v25c.db)

Number of ports:                          411
Number of nets:                           762
Number of cells:                          428
Number of combinational cells:            427
Number of sequential cells:                 0
Number of macros/black boxes:               0
Number of buf/inv:                        155
Number of references:                       1

Combinational area:                147.629999
Buf/Inv area:                       34.054800
Noncombinational area:               0.000000
Macro/Black Box area:                0.000000
Net Interconnect area:             209.046113

Total cell area:                   147.629999
Total area:                        356.676112
1
