 
****************************************
Report : timing
        -path full
        -delay max
        -max_paths 1
Design : fu_fp_cmp_revised_shared64_32_16
Version: Y-2026.03-SP1
Date   : Tue Sep 29 15:18:54 2026
****************************************

Operating Conditions: tt0p8v25c   Library: saed14rvt_base_tt0p8v25c
Wire Load Model Mode: top

  Startpoint: in_data_1[5]
              (input port)
  Endpoint: out_data[0]
            (output port)
  Path Group: default
  Path Type: max

  Des/Clust/Port     Wire Load Model       Library
  ------------------------------------------------
  fu_fp_cmp_revised_shared64_32_16
                     8000                  saed14rvt_base_tt0p8v25c

  Point                                                   Incr       Path
  --------------------------------------------------------------------------
  input external delay                                    0.00       0.00 r
  in_data_1[5] (in)                                       0.00       0.00 r
  core_inst/in_data_1[5] (fu_fp_cmp_dec_W64_MIN_LANE_W16)
                                                          0.00       0.00 r
  core_inst/U328/X (SAEDRVT14_INV_S_1)                    0.01       0.01 f
  core_inst/U276/X (SAEDRVT14_NR2_MM_1)                   0.05       0.06 r
  core_inst/U142/X (SAEDRVT14_AOI21_0P5)                  0.05       0.11 f
  core_inst/U329/X (SAEDRVT14_OAI21_1)                    0.05       0.16 r
  core_inst/U330/X (SAEDRVT14_AOI21_V1_4)                 0.02       0.19 f
  core_inst/U349/X (SAEDRVT14_NR2_MM_3)                   0.02       0.21 r
  core_inst/U355/X (SAEDRVT14_NR2_MM_6)                   0.02       0.23 f
  core_inst/U484/X (SAEDRVT14_OR3_0P5)                    0.04       0.27 f
  core_inst/U485/X (SAEDRVT14_OAI21_0P5)                  0.04       0.31 r
  core_inst/U290/X (SAEDRVT14_AOI21_0P5)                  0.04       0.35 f
  core_inst/U486/X (SAEDRVT14_MUXI2_1)                    0.04       0.39 r
  core_inst/U294/X (SAEDRVT14_OAI21_0P5)                  0.03       0.42 f
  core_inst/U489/X (SAEDRVT14_OA21_1)                     0.03       0.46 f
  core_inst/U490/X (SAEDRVT14_ND2_5)                      0.02       0.48 r
  core_inst/U491/X (SAEDRVT14_BUF_16)                     0.02       0.50 r
  core_inst/out_data[0] (fu_fp_cmp_dec_W64_MIN_LANE_W16)
                                                          0.00       0.50 r
  out_data[0] (out)                                       0.00       0.50 r
  data arrival time                                                  0.50

  max_delay                                               0.50       0.50
  output external delay                                   0.00       0.50
  data required time                                                 0.50
  --------------------------------------------------------------------------
  data required time                                                 0.50
  data arrival time                                                 -0.50
  --------------------------------------------------------------------------
  slack (MET)                                                        0.00


1
