 
****************************************
Report : area
Design : fu_fp_cmp_revised_shared64_32_16
Version: Y-2026.03-SP1
Date   : Mon Sep 14 22:49:45 2026
****************************************

Library(s) Used:

    saed14rvt_base_tt0p8v25c (File: /mnt/nas0/eda.libs/saed14/EDK_03_2025/SAED14nm_EDK_STD_RVT/liberty/nldm/base/saed14rvt_base_tt0p8v25c.db)

Number of ports:                          410
Number of nets:                          1336
Number of cells:                          996
Number of combinational cells:            995
Number of sequential cells:                 0
Number of macros/black boxes:               0
Number of buf/inv:                        267
Number of references:                       1

Combinational area:                459.406798
Buf/Inv area:                       79.875599
Noncombinational area:               0.000000
Macro/Black Box area:                0.000000
Net Interconnect area:             361.225113

Total cell area:                   459.406798
Total area:                        820.631911
1
