 
****************************************
Report : timing
        -path full
        -delay max
        -max_paths 1
Design : fu_cmp_c2
Version: Y-2026.03-SP1
Date   : Wed Sep 30 12:14:43 2026
****************************************

Operating Conditions: tt0p8v25c   Library: saed14rvt_base_tt0p8v25c
Wire Load Model Mode: top

  Startpoint: in_data_0[35]
              (input port)
  Endpoint: out_data[27]
            (output port)
  Path Group: default
  Path Type: max

  Des/Clust/Port     Wire Load Model       Library
  ------------------------------------------------
  fu_cmp_c2          8000                  saed14rvt_base_tt0p8v25c

  Point                                    Incr       Path
  -----------------------------------------------------------
  input external delay                     0.00       0.00 f
  in_data_0[35] (in)                       0.00       0.00 f
  core/in_data_0[35] (fu_cmp_dec)          0.00       0.00 f
  core/U117/X (SAEDRVT14_INV_S_0P5)        0.05       0.05 r
  core/U123/X (SAEDRVT14_OAI22_0P5)        0.12       0.16 f
  core/U255/X (SAEDRVT14_OAI21_1)          0.05       0.22 r
  core/U256/X (SAEDRVT14_AO32_2)           0.04       0.25 r
  core/U262/X (SAEDRVT14_OAI22_1P5)        0.02       0.28 f
  core/U263/X (SAEDRVT14_AOI21_1)          0.04       0.32 r
  core/U264/X (SAEDRVT14_AOI21_1)          0.06       0.38 f
  core/U265/X (SAEDRVT14_AOI21_1)          0.05       0.43 r
  core/U266/X (SAEDRVT14_OAI21_0P5)        0.05       0.48 f
  core/U267/X (SAEDRVT14_AOI21_0P5)        0.08       0.56 r
  core/U287/X (SAEDRVT14_MUXI2_2)          0.05       0.60 f
  core/U288/X (SAEDRVT14_OAI21_1)          0.03       0.64 r
  core/U295/X (SAEDRVT14_OAI22_2)          0.07       0.70 f
  core/U296/X (SAEDRVT14_INV_S_1)          0.06       0.76 r
  core/U49/X (SAEDRVT14_OAI22_1)           0.13       0.89 f
  core/U303/X (SAEDRVT14_BUF_S_0P75)       0.11       1.00 f
  core/out_data[27] (fu_cmp_dec)           0.00       1.00 f
  out_data[27] (out)                       0.00       1.00 f
  data arrival time                                   1.00

  max_delay                                1.00       1.00
  output external delay                    0.00       1.00
  data required time                                  1.00
  -----------------------------------------------------------
  data required time                                  1.00
  data arrival time                                  -1.00
  -----------------------------------------------------------
  slack (MET)                                         0.00


1
