****************************************
Report : Averaged Power
Design : fu_rounding_g1
Version: Y-2026.03-SP1
Date   : Wed Sep 30 18:51:50 2026
****************************************



  Attributes
  ----------
      i  -  Including register clock pin internal power
      u  -  User defined power group

                        Internal  Switching  Leakage    Total
Power Group             Power     Power      Power      Power   (     %)  Attrs
--------------------------------------------------------------------------------
clock_network              0.0000    0.0000    0.0000    0.0000 ( 0.00%)  i
register                   0.0000    0.0000    0.0000    0.0000 ( 0.00%)  
combinational           2.242e-04 1.503e-03 3.341e-07 1.727e-03 (100.00%) 
sequential                 0.0000    0.0000    0.0000    0.0000 ( 0.00%)  
memory                     0.0000    0.0000    0.0000    0.0000 ( 0.00%)  
io_pad                     0.0000    0.0000    0.0000    0.0000 ( 0.00%)  
black_box                  0.0000    0.0000    0.0000    0.0000 ( 0.00%)  

  Net Switching Power  = 1.503e-03   (87.00%)
  Cell Internal Power  = 2.242e-04   (12.98%)
  Cell Leakage Power   = 3.341e-07   ( 0.02%)
                         ---------
Total Power            = 1.727e-03  (100.00%)

1
