 
****************************************
Report : area
Design : fu_min_max_16x4
Version: Y-2026.03-SP1
Date   : Wed Sep 30 18:18:31 2026
****************************************

Library(s) Used:

    saed14rvt_base_tt0p8v25c (File: /mnt/nas0/eda.libs/saed14/EDK_03_2025/SAED14nm_EDK_STD_RVT/liberty/nldm/base/saed14rvt_base_tt0p8v25c.db)

Number of ports:                          205
Number of nets:                           421
Number of cells:                          285
Number of combinational cells:            285
Number of sequential cells:                 0
Number of macros/black boxes:               0
Number of buf/inv:                        119
Number of references:                      32

Combinational area:                 93.595199
Buf/Inv area:                       23.931600
Noncombinational area:               0.000000
Macro/Black Box area:                0.000000
Net Interconnect area:             142.044445

Total cell area:                    93.595199
Total area:                        235.639643
1
