****************************************
Report : Averaged Power
Design : fu_fp_min_max_16x4
Version: Y-2026.03-SP1
Date   : Wed Sep 30 18:51:43 2026
****************************************



  Attributes
  ----------
      i  -  Including register clock pin internal power
      u  -  User defined power group

                        Internal  Switching  Leakage    Total
Power Group             Power     Power      Power      Power   (     %)  Attrs
--------------------------------------------------------------------------------
clock_network              0.0000    0.0000    0.0000    0.0000 ( 0.00%)  i
register                   0.0000    0.0000    0.0000    0.0000 ( 0.00%)  
combinational           2.272e-04 1.643e-03 5.926e-08 1.871e-03 (100.00%) 
sequential                 0.0000    0.0000    0.0000    0.0000 ( 0.00%)  
memory                     0.0000    0.0000    0.0000    0.0000 ( 0.00%)  
io_pad                     0.0000    0.0000    0.0000    0.0000 ( 0.00%)  
black_box                  0.0000    0.0000    0.0000    0.0000 ( 0.00%)  

  Net Switching Power  = 1.643e-03   (87.85%)
  Cell Internal Power  = 2.272e-04   (12.14%)
  Cell Leakage Power   = 5.926e-08   ( 0.00%)
                         ---------
Total Power            = 1.871e-03  (100.00%)

1
