 
****************************************
Report : timing
        -path full
        -delay max
        -max_paths 1
Design : fu_barrel_shift_16x4
Version: Y-2026.03-SP1
Date   : Tue Sep  8 23:21:55 2026
****************************************

Operating Conditions: tt0p8v25c   Library: saed14rvt_base_tt0p8v25c
Wire Load Model Mode: top

  Startpoint: shift_op[0]
              (input port)
  Endpoint: out_data[6]
            (output port)
  Path Group: default
  Path Type: max

  Des/Clust/Port     Wire Load Model       Library
  ------------------------------------------------
  fu_barrel_shift_16x4
                     8000                  saed14rvt_base_tt0p8v25c

  Point                                    Incr       Path
  -----------------------------------------------------------
  input external delay                     0.00       0.00 f
  shift_op[0] (in)                         0.00       0.00 f
  U466/X (SAEDRVT14_INV_S_20)              0.00       0.00 r
  U467/X (SAEDRVT14_ND2_MM_16)             0.01       0.02 f
  U468/X (SAEDRVT14_OAI21_V1_8)            0.01       0.03 r
  U471/X (SAEDRVT14_BUF_20)                0.04       0.07 r
  U526/X (SAEDRVT14_ND2_CDC_2)             0.02       0.10 f
  U527/X (SAEDRVT14_EO2_2)                 0.04       0.14 r
  U528/X (SAEDRVT14_INV_4)                 0.03       0.17 f
  U534/X (SAEDRVT14_ND2_CDC_2)             0.03       0.19 r
  U535/X (SAEDRVT14_BUF_6)                 0.10       0.30 r
  U662/X (SAEDRVT14_OAI22_1P5)             0.05       0.35 f
  U663/X (SAEDRVT14_AO21_2)                0.03       0.38 f
  U664/X (SAEDRVT14_AOI21_1)               0.06       0.44 r
  U258/X (SAEDRVT14_OAI22_1)               0.08       0.52 f
  U387/X (SAEDRVT14_AOI21_0P5)             0.06       0.59 r
  U701/X (SAEDRVT14_ND2_CDC_1)             0.04       0.62 f
  out_data[6] (out)                        0.00       0.62 f
  data arrival time                                   0.62

  max_delay                                0.62       0.62
  output external delay                    0.00       0.62
  data required time                                  0.62
  -----------------------------------------------------------
  data required time                                  0.62
  data arrival time                                  -0.62
  -----------------------------------------------------------
  slack (MET)                                         0.00


1
