 
****************************************
Report : area
Design : fu_barrel_shift_16x4
Version: Y-2026.03-SP1
Date   : Tue Sep  8 23:21:55 2026
****************************************

Library(s) Used:

    saed14rvt_base_tt0p8v25c (File: /mnt/nas0/eda.libs/saed14/EDK_03_2025/SAED14nm_EDK_STD_RVT/liberty/nldm/base/saed14rvt_base_tt0p8v25c.db)

Number of ports:                          202
Number of nets:                           789
Number of cells:                          679
Number of combinational cells:            679
Number of sequential cells:                 0
Number of macros/black boxes:               0
Number of buf/inv:                        152
Number of references:                      78

Combinational area:                253.523997
Buf/Inv area:                       68.375999
Noncombinational area:               0.000000
Macro/Black Box area:                0.000000
Net Interconnect area:             390.554781

Total cell area:                   253.523997
Total area:                        644.078778
1
