 
****************************************
Report : area
Design : fu_cmp_64
Version: Y-2026.03-SP1
Date   : Tue Sep  8 23:46:00 2026
****************************************

Library(s) Used:

    saed14rvt_base_tt0p8v25c (File: /mnt/nas0/eda.libs/saed14/EDK_03_2025/SAED14nm_EDK_STD_RVT/liberty/nldm/base/saed14rvt_base_tt0p8v25c.db)

Number of ports:                          204
Number of nets:                           663
Number of cells:                          528
Number of combinational cells:            528
Number of sequential cells:                 0
Number of macros/black boxes:               0
Number of buf/inv:                        153
Number of references:                      72

Combinational area:                441.291595
Buf/Inv area:                       97.724397
Noncombinational area:               0.000000
Macro/Black Box area:                0.000000
Net Interconnect area:             168.045038

Total cell area:                   441.291595
Total area:                        609.336633
1
