****************************************
Report : Averaged Power
Design : fu_fp_min_max_64
Version: Y-2026.03-SP1
Date   : Wed Sep 30 18:51:20 2026
****************************************



  Attributes
  ----------
      i  -  Including register clock pin internal power
      u  -  User defined power group

                        Internal  Switching  Leakage    Total
Power Group             Power     Power      Power      Power   (     %)  Attrs
--------------------------------------------------------------------------------
clock_network              0.0000    0.0000    0.0000    0.0000 ( 0.00%)  i
register                   0.0000    0.0000    0.0000    0.0000 ( 0.00%)  
combinational           8.136e-05 8.060e-04 4.706e-08 8.874e-04 (100.00%) 
sequential                 0.0000    0.0000    0.0000    0.0000 ( 0.00%)  
memory                     0.0000    0.0000    0.0000    0.0000 ( 0.00%)  
io_pad                     0.0000    0.0000    0.0000    0.0000 ( 0.00%)  
black_box                  0.0000    0.0000    0.0000    0.0000 ( 0.00%)  

  Net Switching Power  = 8.060e-04   (90.83%)
  Cell Internal Power  = 8.136e-05   ( 9.17%)
  Cell Leakage Power   = 4.706e-08   ( 0.01%)
                         ---------
Total Power            = 8.874e-04  (100.00%)

1
