****************************************
Report : Averaged Power
Design : fu_mult_32x2
Version: Y-2026.03-SP1
Date   : Wed Sep 30 18:56:35 2026
****************************************



  Attributes
  ----------
      i  -  Including register clock pin internal power
      u  -  User defined power group

                        Internal  Switching  Leakage    Total
Power Group             Power     Power      Power      Power   (     %)  Attrs
--------------------------------------------------------------------------------
clock_network              0.0000    0.0000    0.0000    0.0000 ( 0.00%)  i
register                   0.0000    0.0000    0.0000    0.0000 ( 0.00%)  
combinational           2.412e-03    0.0110 4.955e-07    0.0134 (100.00%) 
sequential                 0.0000    0.0000    0.0000    0.0000 ( 0.00%)  
memory                     0.0000    0.0000    0.0000    0.0000 ( 0.00%)  
io_pad                     0.0000    0.0000    0.0000    0.0000 ( 0.00%)  
black_box                  0.0000    0.0000    0.0000    0.0000 ( 0.00%)  

  Net Switching Power  =    0.0110   (82.05%)
  Cell Internal Power  = 2.412e-03   (17.95%)
  Cell Leakage Power   = 4.955e-07   ( 0.00%)
                         ---------
Total Power            =    0.0134  (100.00%)

1
