 
****************************************
Report : area
Design : fu_fp_min_max_m3
Version: Y-2026.03-SP1
Date   : Tue Sep  8 21:28:32 2026
****************************************

Library(s) Used:

    saed14rvt_base_tt0p8v25c (File: /mnt/nas0/eda.libs/saed14/EDK_03_2025/SAED14nm_EDK_STD_RVT/liberty/nldm/base/saed14rvt_base_tt0p8v25c.db)

Number of ports:                          412
Number of nets:                          1299
Number of cells:                          959
Number of combinational cells:            958
Number of sequential cells:                 0
Number of macros/black boxes:               0
Number of buf/inv:                        273
Number of references:                       1

Combinational area:                461.404798
Buf/Inv area:                       80.985599
Noncombinational area:               0.000000
Macro/Black Box area:                0.000000
Net Interconnect area:             368.986192

Total cell area:                   461.404798
Total area:                        830.390990
1
