 
****************************************
Report : timing
        -path full
        -delay max
        -max_paths 1
Design : fu_fp_min_max_m3
Version: Y-2026.03-SP1
Date   : Tue Sep 29 13:59:21 2026
****************************************

Operating Conditions: tt0p8v25c   Library: saed14rvt_base_tt0p8v25c
Wire Load Model Mode: top

  Startpoint: in_data_0[0]
              (input port)
  Endpoint: out_data[41]
            (output port)
  Path Group: default
  Path Type: max

  Des/Clust/Port     Wire Load Model       Library
  ------------------------------------------------
  fu_fp_min_max_m3   8000                  saed14rvt_base_tt0p8v25c

  Point                                                   Incr       Path
  --------------------------------------------------------------------------
  input external delay                                    0.00       0.00 f
  in_data_0[0] (in)                                       0.00       0.00 f
  core/in_data_0[0] (fu_fp_min_max_dec_W64_MIN_LANE_W16)
                                                          0.00       0.00 f
  core/U180/X (SAEDRVT14_INV_S_1P5)                       0.02       0.02 r
  core/U35/X (SAEDRVT14_OA22_0P75)                        0.04       0.06 r
  core/U184/X (SAEDRVT14_OAI22_3)                         0.02       0.08 f
  core/U186/X (SAEDRVT14_OAI22_4)                         0.02       0.10 r
  core/U188/X (SAEDRVT14_OAI22_3)                         0.03       0.12 f
  core/U34/X (SAEDRVT14_OAI21_V1_4)                       0.02       0.14 r
  core/U189/X (SAEDRVT14_OAI21_V1_4)                      0.03       0.17 f
  core/U29/X (SAEDRVT14_OAI21_V1_4)                       0.02       0.19 r
  core/U191/X (SAEDRVT14_AO21B_0P5)                       0.07       0.25 f
  core/U192/X (SAEDRVT14_NR2_1P5)                         0.04       0.30 r
  core/U195/X (SAEDRVT14_OAI21_2)                         0.03       0.33 f
  core/U197/X (SAEDRVT14_AO221_4)                         0.03       0.36 f
  core/U54/X (SAEDRVT14_OAI21_0P5)                        0.03       0.39 r
  core/U198/X (SAEDRVT14_AOI21_1P5)                       0.03       0.42 f
  core/U200/X (SAEDRVT14_AO21_4)                          0.03       0.45 f
  core/U17/X (SAEDRVT14_AOI21_V1_4)                       0.02       0.47 r
  core/U225/X (SAEDRVT14_OR4_2)                           0.04       0.51 r
  core/U260/X (SAEDRVT14_ND2_8)                           0.01       0.52 f
  core/U41/X (SAEDRVT14_NR2_MM_6)                         0.01       0.53 r
  core/U309/X (SAEDRVT14_OR4_2)                           0.03       0.56 r
  core/U356/X (SAEDRVT14_OAI21_V1_8)                      0.02       0.58 f
  core/U357/X (SAEDRVT14_OAI21_V1_4)                      0.02       0.60 r
  core/U12/X (SAEDRVT14_INV_4)                            0.01       0.61 f
  core/U40/X (SAEDRVT14_OA21_4)                           0.02       0.63 f
  core/U11/X (SAEDRVT14_AOI21_6)                          0.02       0.66 r
  core/U421/X (SAEDRVT14_OAI21_V1_8)                      0.02       0.68 f
  core/U9/X (SAEDRVT14_ND2_8)                             0.01       0.70 r
  core/U422/X (SAEDRVT14_OAI21_V1_8)                      0.02       0.71 f
  core/U67/X (SAEDRVT14_ND2B_U_0P5)                       0.06       0.77 f
  core/U428/X (SAEDRVT14_BUF_10)                          0.05       0.82 f
  core/U46/X (SAEDRVT14_INV_S_2)                          0.07       0.89 r
  core/U443/X (SAEDRVT14_AOI21_0P5)                       0.05       0.94 f
  core/U444/X (SAEDRVT14_OAI21_0P5)                       0.06       1.00 r
  core/out_data[41] (fu_fp_min_max_dec_W64_MIN_LANE_W16)
                                                          0.00       1.00 r
  out_data[41] (out)                                      0.00       1.00 r
  data arrival time                                                  1.00

  max_delay                                               1.00       1.00
  output external delay                                   0.00       1.00
  data required time                                                 1.00
  --------------------------------------------------------------------------
  data required time                                                 1.00
  data arrival time                                                 -1.00
  --------------------------------------------------------------------------
  slack (MET)                                                        0.00


1
