 
****************************************
Report : area
Design : fu_fp_min_max_m3
Version: Y-2026.03-SP1
Date   : Tue Sep 29 16:51:20 2026
****************************************

Library(s) Used:

    saed14rvt_base_tt0p8v25c (File: /mnt/nas0/eda.libs/saed14/EDK_03_2025/SAED14nm_EDK_STD_RVT/liberty/nldm/base/saed14rvt_base_tt0p8v25c.db)

Number of ports:                          412
Number of nets:                           812
Number of cells:                          472
Number of combinational cells:            471
Number of sequential cells:                 0
Number of macros/black boxes:               0
Number of buf/inv:                        136
Number of references:                       1

Combinational area:                157.664399
Buf/Inv area:                       32.367599
Noncombinational area:               0.000000
Macro/Black Box area:                0.000000
Net Interconnect area:             239.774271

Total cell area:                   157.664399
Total area:                        397.438671
1
