 
****************************************
Report : area
Design : fu_barrel_shift_32x2
Version: Y-2026.03-SP1
Date   : Tue Sep  8 23:53:36 2026
****************************************

Library(s) Used:

    saed14rvt_base_tt0p8v25c (File: /mnt/nas0/eda.libs/saed14/EDK_03_2025/SAED14nm_EDK_STD_RVT/liberty/nldm/base/saed14rvt_base_tt0p8v25c.db)

Number of ports:                          202
Number of nets:                          1259
Number of cells:                         1157
Number of combinational cells:           1157
Number of sequential cells:                 0
Number of macros/black boxes:               0
Number of buf/inv:                        351
Number of references:                      97

Combinational area:                885.558000
Buf/Inv area:                      214.363200
Noncombinational area:               0.000000
Macro/Black Box area:                0.000000
Net Interconnect area:             471.683962

Total cell area:                   885.558000
Total area:                       1357.241962
1
