 
****************************************
Report : timing
        -path full
        -delay max
        -nworst 10
        -max_paths 10
Design : fu_mult_16x4
Version: Y-2026.03-SP1
Date   : Fri Sep 11 12:53:09 2026
****************************************

Operating Conditions: tt0p8v25c   Library: saed14rvt_base_tt0p8v25c
Wire Load Model Mode: top

  Startpoint: in_data_0[49]
              (input port)
  Endpoint: out_data[63]
            (output port)
  Path Group: default
  Path Type: max

  Des/Clust/Port     Wire Load Model       Library
  ------------------------------------------------
  fu_mult_16x4       8000                  saed14rvt_base_tt0p8v25c

  Point                                    Incr       Path
  -----------------------------------------------------------
  input external delay                     0.00       0.00 f
  in_data_0[49] (in)                       0.00       0.00 f
  U1443/X (SAEDRVT14_EN2_4)                0.04       0.04 r
  U1068/X (SAEDRVT14_BUF_4)                0.03       0.06 r
  U970/X (SAEDRVT14_AO2BB2_4)              0.03       0.09 f
  U1503/CO (SAEDRVT14_ADDF_V2_2)           0.04       0.13 f
  U1502/S (SAEDRVT14_ADDF_V2_2)            0.04       0.18 r
  U1006/X (SAEDRVT14_OR2_MM_12)            0.02       0.20 r
  U757/X (SAEDRVT14_INV_12)                0.01       0.21 f
  U756/X (SAEDRVT14_NR2_MM_12)             0.01       0.21 r
  U1042/X (SAEDRVT14_NR2_MM_12)            0.01       0.22 f
  U747/X (SAEDRVT14_NR2_MM_16)             0.01       0.23 r
  U745/X (SAEDRVT14_AOI21_8)               0.02       0.25 f
  U744/X (SAEDRVT14_OAI21_V1_8)            0.02       0.27 r
  U743/X (SAEDRVT14_BUF_16)                0.02       0.29 r
  U1048/X (SAEDRVT14_AOI21_V1_8)           0.01       0.30 f
  U1104/X (SAEDRVT14_EN2_4)                0.02       0.32 r
  out_data[63] (out)                       0.00       0.32 r
  data arrival time                                   0.32

  max_delay                                0.01       0.01
  output external delay                    0.00       0.01
  data required time                                  0.01
  -----------------------------------------------------------
  data required time                                  0.01
  data arrival time                                  -0.32
  -----------------------------------------------------------
  slack (VIOLATED)                                   -0.31


  Startpoint: in_data_0[49]
              (input port)
  Endpoint: out_data[63]
            (output port)
  Path Group: default
  Path Type: max

  Des/Clust/Port     Wire Load Model       Library
  ------------------------------------------------
  fu_mult_16x4       8000                  saed14rvt_base_tt0p8v25c

  Point                                    Incr       Path
  -----------------------------------------------------------
  input external delay                     0.00       0.00 f
  in_data_0[49] (in)                       0.00       0.00 f
  U1443/X (SAEDRVT14_EN2_4)                0.04       0.04 r
  U1068/X (SAEDRVT14_BUF_4)                0.03       0.06 r
  U970/X (SAEDRVT14_AO2BB2_4)              0.03       0.09 f
  U1503/CO (SAEDRVT14_ADDF_V2_2)           0.04       0.13 f
  U1502/S (SAEDRVT14_ADDF_V2_2)            0.04       0.18 r
  U1006/X (SAEDRVT14_OR2_MM_12)            0.02       0.20 r
  U757/X (SAEDRVT14_INV_12)                0.01       0.21 f
  U756/X (SAEDRVT14_NR2_MM_12)             0.01       0.21 r
  U1042/X (SAEDRVT14_NR2_MM_12)            0.01       0.22 f
  U747/X (SAEDRVT14_NR2_MM_16)             0.01       0.23 r
  U745/X (SAEDRVT14_AOI21_8)               0.02       0.25 f
  U744/X (SAEDRVT14_OAI21_V1_8)            0.02       0.27 r
  U743/X (SAEDRVT14_BUF_16)                0.02       0.29 r
  U1048/X (SAEDRVT14_AOI21_V1_8)           0.01       0.30 f
  U1104/X (SAEDRVT14_EN2_4)                0.02       0.32 r
  out_data[63] (out)                       0.00       0.32 r
  data arrival time                                   0.32

  max_delay                                0.01       0.01
  output external delay                    0.00       0.01
  data required time                                  0.01
  -----------------------------------------------------------
  data required time                                  0.01
  data arrival time                                  -0.32
  -----------------------------------------------------------
  slack (VIOLATED)                                   -0.31


  Startpoint: in_data_0[49]
              (input port)
  Endpoint: out_data[63]
            (output port)
  Path Group: default
  Path Type: max

  Des/Clust/Port     Wire Load Model       Library
  ------------------------------------------------
  fu_mult_16x4       8000                  saed14rvt_base_tt0p8v25c

  Point                                    Incr       Path
  -----------------------------------------------------------
  input external delay                     0.00       0.00 f
  in_data_0[49] (in)                       0.00       0.00 f
  U1443/X (SAEDRVT14_EN2_4)                0.04       0.04 r
  U1068/X (SAEDRVT14_BUF_4)                0.03       0.06 r
  U970/X (SAEDRVT14_AO2BB2_4)              0.03       0.09 f
  U1503/CO (SAEDRVT14_ADDF_V2_2)           0.04       0.13 f
  U1502/S (SAEDRVT14_ADDF_V2_2)            0.04       0.18 r
  U1006/X (SAEDRVT14_OR2_MM_12)            0.02       0.20 r
  U757/X (SAEDRVT14_INV_12)                0.01       0.21 f
  U756/X (SAEDRVT14_NR2_MM_12)             0.01       0.21 r
  U1042/X (SAEDRVT14_NR2_MM_12)            0.01       0.22 f
  U747/X (SAEDRVT14_NR2_MM_16)             0.01       0.23 r
  U745/X (SAEDRVT14_AOI21_8)               0.02       0.25 f
  U744/X (SAEDRVT14_OAI21_V1_8)            0.02       0.27 r
  U743/X (SAEDRVT14_BUF_16)                0.02       0.29 r
  U1048/X (SAEDRVT14_AOI21_V1_8)           0.01       0.30 f
  U1104/X (SAEDRVT14_EN2_4)                0.02       0.32 r
  out_data[63] (out)                       0.00       0.32 r
  data arrival time                                   0.32

  max_delay                                0.01       0.01
  output external delay                    0.00       0.01
  data required time                                  0.01
  -----------------------------------------------------------
  data required time                                  0.01
  data arrival time                                  -0.32
  -----------------------------------------------------------
  slack (VIOLATED)                                   -0.31


  Startpoint: in_data_0[49]
              (input port)
  Endpoint: out_data[63]
            (output port)
  Path Group: default
  Path Type: max

  Des/Clust/Port     Wire Load Model       Library
  ------------------------------------------------
  fu_mult_16x4       8000                  saed14rvt_base_tt0p8v25c

  Point                                    Incr       Path
  -----------------------------------------------------------
  input external delay                     0.00       0.00 f
  in_data_0[49] (in)                       0.00       0.00 f
  U1443/X (SAEDRVT14_EN2_4)                0.04       0.04 r
  U1068/X (SAEDRVT14_BUF_4)                0.03       0.06 r
  U970/X (SAEDRVT14_AO2BB2_4)              0.03       0.09 f
  U1503/CO (SAEDRVT14_ADDF_V2_2)           0.04       0.13 f
  U1502/S (SAEDRVT14_ADDF_V2_2)            0.04       0.18 r
  U1006/X (SAEDRVT14_OR2_MM_12)            0.02       0.20 r
  U757/X (SAEDRVT14_INV_12)                0.01       0.21 f
  U756/X (SAEDRVT14_NR2_MM_12)             0.01       0.21 r
  U1042/X (SAEDRVT14_NR2_MM_12)            0.01       0.22 f
  U747/X (SAEDRVT14_NR2_MM_16)             0.01       0.23 r
  U745/X (SAEDRVT14_AOI21_8)               0.02       0.25 f
  U744/X (SAEDRVT14_OAI21_V1_8)            0.02       0.27 r
  U743/X (SAEDRVT14_BUF_16)                0.02       0.29 r
  U1048/X (SAEDRVT14_AOI21_V1_8)           0.01       0.30 f
  U1104/X (SAEDRVT14_EN2_4)                0.02       0.32 r
  out_data[63] (out)                       0.00       0.32 r
  data arrival time                                   0.32

  max_delay                                0.01       0.01
  output external delay                    0.00       0.01
  data required time                                  0.01
  -----------------------------------------------------------
  data required time                                  0.01
  data arrival time                                  -0.32
  -----------------------------------------------------------
  slack (VIOLATED)                                   -0.31


  Startpoint: in_data_0[49]
              (input port)
  Endpoint: out_data[63]
            (output port)
  Path Group: default
  Path Type: max

  Des/Clust/Port     Wire Load Model       Library
  ------------------------------------------------
  fu_mult_16x4       8000                  saed14rvt_base_tt0p8v25c

  Point                                    Incr       Path
  -----------------------------------------------------------
  input external delay                     0.00       0.00 f
  in_data_0[49] (in)                       0.00       0.00 f
  U1443/X (SAEDRVT14_EN2_4)                0.04       0.04 r
  U1068/X (SAEDRVT14_BUF_4)                0.03       0.06 r
  U970/X (SAEDRVT14_AO2BB2_4)              0.03       0.09 f
  U1503/CO (SAEDRVT14_ADDF_V2_2)           0.04       0.13 f
  U1502/S (SAEDRVT14_ADDF_V2_2)            0.04       0.18 r
  U1006/X (SAEDRVT14_OR2_MM_12)            0.02       0.20 r
  U757/X (SAEDRVT14_INV_12)                0.01       0.21 f
  U756/X (SAEDRVT14_NR2_MM_12)             0.01       0.21 r
  U1042/X (SAEDRVT14_NR2_MM_12)            0.01       0.22 f
  U747/X (SAEDRVT14_NR2_MM_16)             0.01       0.23 r
  U745/X (SAEDRVT14_AOI21_8)               0.02       0.25 f
  U744/X (SAEDRVT14_OAI21_V1_8)            0.02       0.27 r
  U743/X (SAEDRVT14_BUF_16)                0.02       0.29 r
  U1048/X (SAEDRVT14_AOI21_V1_8)           0.01       0.30 f
  U1104/X (SAEDRVT14_EN2_4)                0.02       0.32 r
  out_data[63] (out)                       0.00       0.32 r
  data arrival time                                   0.32

  max_delay                                0.01       0.01
  output external delay                    0.00       0.01
  data required time                                  0.01
  -----------------------------------------------------------
  data required time                                  0.01
  data arrival time                                  -0.32
  -----------------------------------------------------------
  slack (VIOLATED)                                   -0.31


  Startpoint: in_data_0[49]
              (input port)
  Endpoint: out_data[63]
            (output port)
  Path Group: default
  Path Type: max

  Des/Clust/Port     Wire Load Model       Library
  ------------------------------------------------
  fu_mult_16x4       8000                  saed14rvt_base_tt0p8v25c

  Point                                    Incr       Path
  -----------------------------------------------------------
  input external delay                     0.00       0.00 f
  in_data_0[49] (in)                       0.00       0.00 f
  U1443/X (SAEDRVT14_EN2_4)                0.04       0.04 r
  U1068/X (SAEDRVT14_BUF_4)                0.03       0.06 r
  U970/X (SAEDRVT14_AO2BB2_4)              0.03       0.09 f
  U1503/CO (SAEDRVT14_ADDF_V2_2)           0.04       0.13 f
  U1502/S (SAEDRVT14_ADDF_V2_2)            0.04       0.18 r
  U1006/X (SAEDRVT14_OR2_MM_12)            0.02       0.20 r
  U757/X (SAEDRVT14_INV_12)                0.01       0.21 f
  U756/X (SAEDRVT14_NR2_MM_12)             0.01       0.21 r
  U1042/X (SAEDRVT14_NR2_MM_12)            0.01       0.22 f
  U747/X (SAEDRVT14_NR2_MM_16)             0.01       0.23 r
  U745/X (SAEDRVT14_AOI21_8)               0.02       0.25 f
  U744/X (SAEDRVT14_OAI21_V1_8)            0.02       0.27 r
  U743/X (SAEDRVT14_BUF_16)                0.02       0.29 r
  U1048/X (SAEDRVT14_AOI21_V1_8)           0.01       0.30 f
  U1104/X (SAEDRVT14_EN2_4)                0.02       0.32 r
  out_data[63] (out)                       0.00       0.32 r
  data arrival time                                   0.32

  max_delay                                0.01       0.01
  output external delay                    0.00       0.01
  data required time                                  0.01
  -----------------------------------------------------------
  data required time                                  0.01
  data arrival time                                  -0.32
  -----------------------------------------------------------
  slack (VIOLATED)                                   -0.31


  Startpoint: in_data_0[49]
              (input port)
  Endpoint: out_data[61]
            (output port)
  Path Group: default
  Path Type: max

  Des/Clust/Port     Wire Load Model       Library
  ------------------------------------------------
  fu_mult_16x4       8000                  saed14rvt_base_tt0p8v25c

  Point                                    Incr       Path
  -----------------------------------------------------------
  input external delay                     0.00       0.00 f
  in_data_0[49] (in)                       0.00       0.00 f
  U1443/X (SAEDRVT14_EN2_4)                0.04       0.04 r
  U1068/X (SAEDRVT14_BUF_4)                0.03       0.06 r
  U970/X (SAEDRVT14_AO2BB2_4)              0.03       0.09 f
  U1503/CO (SAEDRVT14_ADDF_V2_2)           0.04       0.13 f
  U1502/S (SAEDRVT14_ADDF_V2_2)            0.04       0.18 r
  U1006/X (SAEDRVT14_OR2_MM_12)            0.02       0.20 r
  U757/X (SAEDRVT14_INV_12)                0.01       0.21 f
  U756/X (SAEDRVT14_NR2_MM_12)             0.01       0.21 r
  U1042/X (SAEDRVT14_NR2_MM_12)            0.01       0.22 f
  U747/X (SAEDRVT14_NR2_MM_16)             0.01       0.23 r
  U745/X (SAEDRVT14_AOI21_8)               0.02       0.25 f
  U744/X (SAEDRVT14_OAI21_V1_8)            0.02       0.27 r
  U743/X (SAEDRVT14_BUF_16)                0.02       0.29 r
  U1047/X (SAEDRVT14_AOI21_V1_8)           0.01       0.30 f
  U1095/X (SAEDRVT14_EN2_4)                0.02       0.32 r
  out_data[61] (out)                       0.00       0.32 r
  data arrival time                                   0.32

  max_delay                                0.01       0.01
  output external delay                    0.00       0.01
  data required time                                  0.01
  -----------------------------------------------------------
  data required time                                  0.01
  data arrival time                                  -0.32
  -----------------------------------------------------------
  slack (VIOLATED)                                   -0.31


  Startpoint: in_data_0[49]
              (input port)
  Endpoint: out_data[61]
            (output port)
  Path Group: default
  Path Type: max

  Des/Clust/Port     Wire Load Model       Library
  ------------------------------------------------
  fu_mult_16x4       8000                  saed14rvt_base_tt0p8v25c

  Point                                    Incr       Path
  -----------------------------------------------------------
  input external delay                     0.00       0.00 f
  in_data_0[49] (in)                       0.00       0.00 f
  U1443/X (SAEDRVT14_EN2_4)                0.04       0.04 r
  U1068/X (SAEDRVT14_BUF_4)                0.03       0.06 r
  U970/X (SAEDRVT14_AO2BB2_4)              0.03       0.09 f
  U1503/CO (SAEDRVT14_ADDF_V2_2)           0.04       0.13 f
  U1502/S (SAEDRVT14_ADDF_V2_2)            0.04       0.18 r
  U1006/X (SAEDRVT14_OR2_MM_12)            0.02       0.20 r
  U757/X (SAEDRVT14_INV_12)                0.01       0.21 f
  U756/X (SAEDRVT14_NR2_MM_12)             0.01       0.21 r
  U1042/X (SAEDRVT14_NR2_MM_12)            0.01       0.22 f
  U747/X (SAEDRVT14_NR2_MM_16)             0.01       0.23 r
  U745/X (SAEDRVT14_AOI21_8)               0.02       0.25 f
  U744/X (SAEDRVT14_OAI21_V1_8)            0.02       0.27 r
  U743/X (SAEDRVT14_BUF_16)                0.02       0.29 r
  U1047/X (SAEDRVT14_AOI21_V1_8)           0.01       0.30 f
  U1095/X (SAEDRVT14_EN2_4)                0.02       0.32 r
  out_data[61] (out)                       0.00       0.32 r
  data arrival time                                   0.32

  max_delay                                0.01       0.01
  output external delay                    0.00       0.01
  data required time                                  0.01
  -----------------------------------------------------------
  data required time                                  0.01
  data arrival time                                  -0.32
  -----------------------------------------------------------
  slack (VIOLATED)                                   -0.31


  Startpoint: in_data_0[49]
              (input port)
  Endpoint: out_data[61]
            (output port)
  Path Group: default
  Path Type: max

  Des/Clust/Port     Wire Load Model       Library
  ------------------------------------------------
  fu_mult_16x4       8000                  saed14rvt_base_tt0p8v25c

  Point                                    Incr       Path
  -----------------------------------------------------------
  input external delay                     0.00       0.00 f
  in_data_0[49] (in)                       0.00       0.00 f
  U1443/X (SAEDRVT14_EN2_4)                0.04       0.04 r
  U1068/X (SAEDRVT14_BUF_4)                0.03       0.06 r
  U970/X (SAEDRVT14_AO2BB2_4)              0.03       0.09 f
  U1503/CO (SAEDRVT14_ADDF_V2_2)           0.04       0.13 f
  U1502/S (SAEDRVT14_ADDF_V2_2)            0.04       0.18 r
  U1006/X (SAEDRVT14_OR2_MM_12)            0.02       0.20 r
  U757/X (SAEDRVT14_INV_12)                0.01       0.21 f
  U756/X (SAEDRVT14_NR2_MM_12)             0.01       0.21 r
  U1042/X (SAEDRVT14_NR2_MM_12)            0.01       0.22 f
  U747/X (SAEDRVT14_NR2_MM_16)             0.01       0.23 r
  U745/X (SAEDRVT14_AOI21_8)               0.02       0.25 f
  U744/X (SAEDRVT14_OAI21_V1_8)            0.02       0.27 r
  U743/X (SAEDRVT14_BUF_16)                0.02       0.29 r
  U1047/X (SAEDRVT14_AOI21_V1_8)           0.01       0.30 f
  U1095/X (SAEDRVT14_EN2_4)                0.02       0.32 r
  out_data[61] (out)                       0.00       0.32 r
  data arrival time                                   0.32

  max_delay                                0.01       0.01
  output external delay                    0.00       0.01
  data required time                                  0.01
  -----------------------------------------------------------
  data required time                                  0.01
  data arrival time                                  -0.32
  -----------------------------------------------------------
  slack (VIOLATED)                                   -0.31


  Startpoint: in_data_0[49]
              (input port)
  Endpoint: out_data[61]
            (output port)
  Path Group: default
  Path Type: max

  Des/Clust/Port     Wire Load Model       Library
  ------------------------------------------------
  fu_mult_16x4       8000                  saed14rvt_base_tt0p8v25c

  Point                                    Incr       Path
  -----------------------------------------------------------
  input external delay                     0.00       0.00 f
  in_data_0[49] (in)                       0.00       0.00 f
  U1443/X (SAEDRVT14_EN2_4)                0.04       0.04 r
  U1068/X (SAEDRVT14_BUF_4)                0.03       0.06 r
  U970/X (SAEDRVT14_AO2BB2_4)              0.03       0.09 f
  U1503/CO (SAEDRVT14_ADDF_V2_2)           0.04       0.13 f
  U1502/S (SAEDRVT14_ADDF_V2_2)            0.04       0.18 r
  U1006/X (SAEDRVT14_OR2_MM_12)            0.02       0.20 r
  U757/X (SAEDRVT14_INV_12)                0.01       0.21 f
  U756/X (SAEDRVT14_NR2_MM_12)             0.01       0.21 r
  U1042/X (SAEDRVT14_NR2_MM_12)            0.01       0.22 f
  U747/X (SAEDRVT14_NR2_MM_16)             0.01       0.23 r
  U745/X (SAEDRVT14_AOI21_8)               0.02       0.25 f
  U744/X (SAEDRVT14_OAI21_V1_8)            0.02       0.27 r
  U743/X (SAEDRVT14_BUF_16)                0.02       0.29 r
  U1047/X (SAEDRVT14_AOI21_V1_8)           0.01       0.30 f
  U1095/X (SAEDRVT14_EN2_4)                0.02       0.32 r
  out_data[61] (out)                       0.00       0.32 r
  data arrival time                                   0.32

  max_delay                                0.01       0.01
  output external delay                    0.00       0.01
  data required time                                  0.01
  -----------------------------------------------------------
  data required time                                  0.01
  data arrival time                                  -0.32
  -----------------------------------------------------------
  slack (VIOLATED)                                   -0.31


1
