 
****************************************
Report : area
Design : fu_rounding_16x4
Version: Y-2026.03-SP1
Date   : Wed Sep 30 12:28:51 2026
****************************************

Library(s) Used:

    saed14rvt_base_tt0p8v25c (File: /mnt/nas0/eda.libs/saed14/EDK_03_2025/SAED14nm_EDK_STD_RVT/liberty/nldm/base/saed14rvt_base_tt0p8v25c.db)

Number of ports:                          137
Number of nets:                           895
Number of cells:                          797
Number of combinational cells:            797
Number of sequential cells:                 0
Number of macros/black boxes:               0
Number of buf/inv:                        178
Number of references:                      89

Combinational area:                274.969201
Buf/Inv area:                       37.384800
Noncombinational area:               0.000000
Macro/Black Box area:                0.000000
Net Interconnect area:             332.524265

Total cell area:                   274.969201
Total area:                        607.493466
1
