 
****************************************
Report : timing
        -path full
        -delay max
        -max_paths 1
Design : fu_fp_cmp_revised_shared64_32
Version: Y-2026.03-SP1
Date   : Tue Sep 29 15:17:37 2026
****************************************

Operating Conditions: tt0p8v25c   Library: saed14rvt_base_tt0p8v25c
Wire Load Model Mode: top

  Startpoint: in_data_0[33]
              (input port)
  Endpoint: out_data[32]
            (output port)
  Path Group: default
  Path Type: max

  Des/Clust/Port     Wire Load Model       Library
  ------------------------------------------------
  fu_fp_cmp_revised_shared64_32
                     8000                  saed14rvt_base_tt0p8v25c

  Point                                                   Incr       Path
  --------------------------------------------------------------------------
  input external delay                                    0.00       0.00 f
  in_data_0[33] (in)                                      0.00       0.00 f
  core_inst/in_data_0[33] (fu_fp_cmp_dec_W64_MIN_LANE_W32)
                                                          0.00       0.00 f
  core_inst/U366/X (SAEDRVT14_INV_S_2)                    0.01       0.01 r
  core_inst/U155/X (SAEDRVT14_ND2_CDC_1)                  0.05       0.06 f
  core_inst/U400/X (SAEDRVT14_OAI21_0P5)                  0.05       0.11 r
  core_inst/U404/X (SAEDRVT14_OAI21_0P5)                  0.04       0.16 f
  core_inst/U407/X (SAEDRVT14_AOI21_1P5)                  0.03       0.18 r
  core_inst/U408/X (SAEDRVT14_OAI21_1)                    0.04       0.22 f
  core_inst/U410/X (SAEDRVT14_AOI21_4)                    0.02       0.24 r
  core_inst/U414/X (SAEDRVT14_OAI21_V1_4)                 0.02       0.26 f
  core_inst/U416/CO (SAEDRVT14_ADDF_V1_2)                 0.03       0.30 f
  core_inst/U417/X (SAEDRVT14_ND2_CDC_2)                  0.01       0.31 r
  core_inst/U418/X (SAEDRVT14_OAI21_V1_4)                 0.02       0.33 f
  core_inst/U419/X (SAEDRVT14_AOI21_3)                    0.02       0.35 r
  core_inst/U420/X (SAEDRVT14_MUX2_1P5)                   0.03       0.38 f
  core_inst/U438/X (SAEDRVT14_MUX2_1P5)                   0.02       0.40 f
  core_inst/U450/X (SAEDRVT14_AO21_4)                     0.03       0.43 f
  core_inst/U21/X (SAEDRVT14_INV_S_10)                    0.01       0.44 r
  core_inst/U20/X (SAEDRVT14_BUF_4)                       0.06       0.50 r
  core_inst/out_data[32] (fu_fp_cmp_dec_W64_MIN_LANE_W32)
                                                          0.00       0.50 r
  out_data[32] (out)                                      0.00       0.50 r
  data arrival time                                                  0.50

  max_delay                                               0.50       0.50
  output external delay                                   0.00       0.50
  data required time                                                 0.50
  --------------------------------------------------------------------------
  data required time                                                 0.50
  data arrival time                                                 -0.50
  --------------------------------------------------------------------------
  slack (MET)                                                        0.00


1
