 
****************************************
Report : area
Design : fu_rounding_g3
Version: Y-2026.03-SP1
Date   : Tue Sep  8 21:34:32 2026
****************************************

Library(s) Used:

    saed14rvt_base_tt0p8v25c (File: /mnt/nas0/eda.libs/saed14/EDK_03_2025/SAED14nm_EDK_STD_RVT/liberty/nldm/base/saed14rvt_base_tt0p8v25c.db)

Number of ports:                          278
Number of nets:                          3555
Number of cells:                         3348
Number of combinational cells:           3347
Number of sequential cells:                 0
Number of macros/black boxes:               0
Number of buf/inv:                        701
Number of references:                       1

Combinational area:               2156.685591
Buf/Inv area:                      308.047196
Noncombinational area:               0.000000
Macro/Black Box area:                0.000000
Net Interconnect area:            1226.851673

Total cell area:                  2156.685591
Total area:                       3383.537264
1
