 
****************************************
Report : timing
        -path full
        -delay max
        -max_paths 1
Design : fu_fp_cmp_g1
Version: Y-2026.03-SP1
Date   : Tue Sep 29 15:18:12 2026
****************************************

Operating Conditions: tt0p8v25c   Library: saed14rvt_base_tt0p8v25c
Wire Load Model Mode: top

  Startpoint: in_data_1[24]
              (input port)
  Endpoint: out_data[0]
            (output port)
  Path Group: default
  Path Type: max

  Des/Clust/Port     Wire Load Model       Library
  ------------------------------------------------
  fu_fp_cmp_g1       8000                  saed14rvt_base_tt0p8v25c

  Point                                                   Incr       Path
  --------------------------------------------------------------------------
  input external delay                                    0.00       0.00 f
  in_data_1[24] (in)                                      0.00       0.00 f
  core/in_data_1[24] (fu_fp_cmp_dec_W64_MIN_LANE_W64)     0.00       0.00 f
  core/U290/X (SAEDRVT14_INV_0P75)                        0.03       0.03 r
  core/U261/X (SAEDRVT14_OAI22_1)                         0.07       0.10 f
  core/U307/X (SAEDRVT14_OAI21_0P5)                       0.06       0.16 r
  core/U67/X (SAEDRVT14_OAI22_0P75)                       0.05       0.20 f
  core/U308/X (SAEDRVT14_AOI21_0P5)                       0.05       0.25 r
  core/U311/X (SAEDRVT14_OAI21_0P5)                       0.04       0.29 f
  core/U312/X (SAEDRVT14_AOI21_0P5)                       0.05       0.34 r
  core/U316/X (SAEDRVT14_OAI22_0P5)                       0.07       0.41 f
  core/U317/X (SAEDRVT14_OAI22_2)                         0.04       0.45 r
  core/U318/X (SAEDRVT14_AOI21_1P5)                       0.03       0.48 f
  core/U319/X (SAEDRVT14_OAI21_1)                         0.07       0.55 r
  core/U321/X (SAEDRVT14_AOI21_1P5)                       0.04       0.59 f
  core/U322/X (SAEDRVT14_OAI21_2)                         0.07       0.66 r
  core/U326/X (SAEDRVT14_INV_3)                           0.02       0.68 f
  core/U327/X (SAEDRVT14_AOI21_1)                         0.03       0.71 r
  core/U328/X (SAEDRVT14_OAI21_0P5)                       0.05       0.76 f
  core/U329/X (SAEDRVT14_OAI22_2)                         0.03       0.79 r
  core/U330/X (SAEDRVT14_AOI21_1P5)                       0.04       0.83 f
  core/U277/X (SAEDRVT14_OAI21_2)                         0.03       0.86 r
  core/U3/X (SAEDRVT14_BUF_10)                            0.03       0.89 r
  core/U6/X (SAEDRVT14_BUF_3)                             0.11       1.00 r
  core/out_data[0] (fu_fp_cmp_dec_W64_MIN_LANE_W64)       0.00       1.00 r
  out_data[0] (out)                                       0.00       1.00 r
  data arrival time                                                  1.00

  max_delay                                               1.00       1.00
  output external delay                                   0.00       1.00
  data required time                                                 1.00
  --------------------------------------------------------------------------
  data required time                                                 1.00
  data arrival time                                                 -1.00
  --------------------------------------------------------------------------
  slack (MET)                                                        0.00


1
