 
****************************************
Report : area
Design : fu_fp_cmp_g1
Version: Y-2026.03-SP1
Date   : Tue Sep 29 15:18:11 2026
****************************************

Library(s) Used:

    saed14rvt_base_tt0p8v25c (File: /mnt/nas0/eda.libs/saed14/EDK_03_2025/SAED14nm_EDK_STD_RVT/liberty/nldm/base/saed14rvt_base_tt0p8v25c.db)

Number of ports:                          410
Number of nets:                           673
Number of cells:                          337
Number of combinational cells:            336
Number of sequential cells:                 0
Number of macros/black boxes:               0
Number of buf/inv:                         98
Number of references:                       1

Combinational area:                101.054400
Buf/Inv area:                       18.914400
Noncombinational area:               0.000000
Macro/Black Box area:                0.000000
Net Interconnect area:             168.179817

Total cell area:                   101.054400
Total area:                        269.234217
1
