****************************************
Report : Averaged Power
Design : fu_mult_karatsuba_32x2
Version: Y-2026.03-SP1
Date   : Wed Sep 30 18:55:14 2026
****************************************



  Attributes
  ----------
      i  -  Including register clock pin internal power
      u  -  User defined power group

                        Internal  Switching  Leakage    Total
Power Group             Power     Power      Power      Power   (     %)  Attrs
--------------------------------------------------------------------------------
clock_network              0.0000    0.0000    0.0000    0.0000 ( 0.00%)  i
register                   0.0000    0.0000    0.0000    0.0000 ( 0.00%)  
combinational           3.151e-03    0.0124 9.235e-07    0.0155 (100.00%) 
sequential                 0.0000    0.0000    0.0000    0.0000 ( 0.00%)  
memory                     0.0000    0.0000    0.0000    0.0000 ( 0.00%)  
io_pad                     0.0000    0.0000    0.0000    0.0000 ( 0.00%)  
black_box                  0.0000    0.0000    0.0000    0.0000 ( 0.00%)  

  Net Switching Power  =    0.0124   (79.69%)
  Cell Internal Power  = 3.151e-03   (20.30%)
  Cell Leakage Power   = 9.235e-07   ( 0.01%)
                         ---------
Total Power            =    0.0155  (100.00%)

1
