 
****************************************
Report : area
Design : fu_fp_cmp_g2
Version: Y-2026.03-SP1
Date   : Wed Sep 30 12:22:05 2026
****************************************

Library(s) Used:

    saed14rvt_base_tt0p8v25c (File: /mnt/nas0/eda.libs/saed14/EDK_03_2025/SAED14nm_EDK_STD_RVT/liberty/nldm/base/saed14rvt_base_tt0p8v25c.db)

Number of ports:                          411
Number of nets:                           702
Number of cells:                          364
Number of combinational cells:            363
Number of sequential cells:                 0
Number of macros/black boxes:               0
Number of buf/inv:                        111
Number of references:                       1

Combinational area:                109.889999
Buf/Inv area:                       20.468400
Noncombinational area:               0.000000
Macro/Black Box area:                0.000000
Net Interconnect area:             173.745718

Total cell area:                   109.889999
Total area:                        283.635717
1
