****************************************
Report : Averaged Power
Design : fu_mult_karatsuba_64_32
Version: Y-2026.03-SP1
Date   : Wed Sep 30 18:55:40 2026
****************************************



  Attributes
  ----------
      i  -  Including register clock pin internal power
      u  -  User defined power group

                        Internal  Switching  Leakage    Total
Power Group             Power     Power      Power      Power   (     %)  Attrs
--------------------------------------------------------------------------------
clock_network              0.0000    0.0000    0.0000    0.0000 ( 0.00%)  i
register                   0.0000    0.0000    0.0000    0.0000 ( 0.00%)  
combinational           5.728e-03    0.0267 1.892e-06    0.0325 (100.00%) 
sequential                 0.0000    0.0000    0.0000    0.0000 ( 0.00%)  
memory                     0.0000    0.0000    0.0000    0.0000 ( 0.00%)  
io_pad                     0.0000    0.0000    0.0000    0.0000 ( 0.00%)  
black_box                  0.0000    0.0000    0.0000    0.0000 ( 0.00%)  

  Net Switching Power  =    0.0267   (82.35%)
  Cell Internal Power  = 5.728e-03   (17.64%)
  Cell Leakage Power   = 1.892e-06   ( 0.01%)
                         ---------
Total Power            =    0.0325  (100.00%)

1
