****************************************
Report : Averaged Power
Design : fu_min_max_m4
Version: Y-2026.03-SP1
Date   : Wed Sep 30 18:46:55 2026
****************************************



  Attributes
  ----------
      i  -  Including register clock pin internal power
      u  -  User defined power group

                        Internal  Switching  Leakage    Total
Power Group             Power     Power      Power      Power   (     %)  Attrs
--------------------------------------------------------------------------------
clock_network              0.0000    0.0000    0.0000    0.0000 ( 0.00%)  i
register                   0.0000    0.0000    0.0000    0.0000 ( 0.00%)  
combinational           9.699e-05 1.179e-03 4.447e-08 1.276e-03 (100.00%) 
sequential                 0.0000    0.0000    0.0000    0.0000 ( 0.00%)  
memory                     0.0000    0.0000    0.0000    0.0000 ( 0.00%)  
io_pad                     0.0000    0.0000    0.0000    0.0000 ( 0.00%)  
black_box                  0.0000    0.0000    0.0000    0.0000 ( 0.00%)  

  Net Switching Power  = 1.179e-03   (92.39%)
  Cell Internal Power  = 9.699e-05   ( 7.60%)
  Cell Leakage Power   = 4.447e-08   ( 0.00%)
                         ---------
Total Power            = 1.276e-03  (100.00%)

1
