 
****************************************
Report : timing
        -path full
        -delay max
        -max_paths 1
Design : fu_cmp_16x4
Version: Y-2026.03-SP1
Date   : Tue Sep  8 22:20:15 2026
****************************************

Operating Conditions: tt0p8v25c   Library: saed14rvt_base_tt0p8v25c
Wire Load Model Mode: top

  Startpoint: in_data_1[63]
              (input port)
  Endpoint: out_data[58]
            (output port)
  Path Group: default
  Path Type: max

  Des/Clust/Port     Wire Load Model       Library
  ------------------------------------------------
  fu_cmp_16x4        8000                  saed14rvt_base_tt0p8v25c

  Point                                    Incr       Path
  -----------------------------------------------------------
  input external delay                     0.00       0.00 f
  in_data_1[63] (in)                       0.00       0.00 f
  U374/X (SAEDRVT14_INV_S_0P5)             0.19       0.19 r
  U323/X (SAEDRVT14_OAI22_0P5)             0.11       0.30 f
  U322/X (SAEDRVT14_AO221_0P5)             0.08       0.38 f
  U324/X (SAEDRVT14_OR4_1)                 0.06       0.44 f
  U103/X (SAEDRVT14_OR3_0P5)               0.07       0.50 f
  U226/X (SAEDRVT14_OR4_1)                 0.08       0.58 f
  U217/X (SAEDRVT14_OA31_1)                0.05       0.63 f
  U336/X (SAEDRVT14_INV_S_0P5)             0.07       0.70 r
  U224/X (SAEDRVT14_AO21_1)                0.04       0.74 r
  U222/X (SAEDRVT14_OA22_0P75)             0.04       0.78 r
  U221/X (SAEDRVT14_OAI21_0P5)             0.04       0.82 f
  U384/X (SAEDRVT14_AOI21_0P5)             0.05       0.87 r
  U74/X (SAEDRVT14_OAI21_3)                0.06       0.93 f
  U69/X (SAEDRVT14_BUF_S_2)                0.06       0.99 f
  out_data[58] (out)                       0.00       0.99 f
  data arrival time                                   0.99

  max_delay                                1.00       1.00
  output external delay                    0.00       1.00
  data required time                                  1.00
  -----------------------------------------------------------
  data required time                                  1.00
  data arrival time                                  -0.99
  -----------------------------------------------------------
  slack (MET)                                         0.01


1
