 
****************************************
Report : area
Design : fu_cmp_16x4
Version: Y-2026.03-SP1
Date   : Tue Sep  8 22:20:15 2026
****************************************

Library(s) Used:

    saed14rvt_base_tt0p8v25c (File: /mnt/nas0/eda.libs/saed14/EDK_03_2025/SAED14nm_EDK_STD_RVT/liberty/nldm/base/saed14rvt_base_tt0p8v25c.db)

Number of ports:                          204
Number of nets:                           480
Number of cells:                          345
Number of combinational cells:            345
Number of sequential cells:                 0
Number of macros/black boxes:               0
Number of buf/inv:                         86
Number of references:                      28

Combinational area:                 97.902000
Buf/Inv area:                       16.117200
Noncombinational area:               0.000000
Macro/Black Box area:                0.000000
Net Interconnect area:             161.198837

Total cell area:                    97.902000
Total area:                        259.100837
1
