 
****************************************
Report : timing
        -path full
        -delay max
        -max_paths 1
Design : fu_fp_cmp_16x4
Version: Y-2026.03-SP1
Date   : Tue Sep  8 22:17:47 2026
****************************************

Operating Conditions: tt0p8v25c   Library: saed14rvt_base_tt0p8v25c
Wire Load Model Mode: top

  Startpoint: in_data_0[59]
              (input port)
  Endpoint: out_data[48]
            (output port)
  Path Group: default
  Path Type: max

  Des/Clust/Port     Wire Load Model       Library
  ------------------------------------------------
  fu_fp_cmp_16x4     8000                  saed14rvt_base_tt0p8v25c

  Point                                    Incr       Path
  -----------------------------------------------------------
  input external delay                     0.00       0.00 f
  in_data_0[59] (in)                       0.00       0.00 f
  U651/X (SAEDRVT14_INV_0P75)              0.04       0.04 r
  U654/X (SAEDRVT14_OAI22_2)               0.05       0.09 f
  U554/X (SAEDRVT14_NR2_MM_1)              0.04       0.13 r
  U655/X (SAEDRVT14_AO21B_0P5)             0.04       0.16 f
  U552/X (SAEDRVT14_OR4_1)                 0.05       0.21 f
  U556/X (SAEDRVT14_OR4_1)                 0.05       0.26 f
  U607/X (SAEDRVT14_INV_S_0P5)             0.05       0.31 r
  U678/X (SAEDRVT14_OAI21_V1_4)            0.02       0.33 f
  U679/X (SAEDRVT14_OAI21_3)               0.03       0.36 r
  U392/X (SAEDRVT14_ND2_4)                 0.01       0.38 f
  U680/X (SAEDRVT14_OA22_2)                0.02       0.40 f
  U681/X (SAEDRVT14_AOI21_1P5)             0.03       0.43 r
  U682/X (SAEDRVT14_AOI21_6)               0.02       0.45 f
  U683/X (SAEDRVT14_INV_12)                0.05       0.50 r
  out_data[48] (out)                       0.00       0.50 r
  data arrival time                                   0.50

  max_delay                                0.50       0.50
  output external delay                    0.00       0.50
  data required time                                  0.50
  -----------------------------------------------------------
  data required time                                  0.50
  data arrival time                                  -0.50
  -----------------------------------------------------------
  slack (MET)                                         0.00


1
