 
****************************************
Report : area
Design : fu_min_max_32x2
Version: Y-2026.03-SP1
Date   : Wed Sep 30 18:18:24 2026
****************************************

Library(s) Used:

    saed14rvt_base_tt0p8v25c (File: /mnt/nas0/eda.libs/saed14/EDK_03_2025/SAED14nm_EDK_STD_RVT/liberty/nldm/base/saed14rvt_base_tt0p8v25c.db)

Number of ports:                          203
Number of nets:                           528
Number of cells:                          393
Number of combinational cells:            393
Number of sequential cells:                 0
Number of macros/black boxes:               0
Number of buf/inv:                        158
Number of references:                      49

Combinational area:                138.527999
Buf/Inv area:                       36.230400
Noncombinational area:               0.000000
Macro/Black Box area:                0.000000
Net Interconnect area:             167.677235

Total cell area:                   138.527999
Total area:                        306.205233
1
