 
****************************************
Report : timing
        -path full
        -delay max
        -max_paths 1
Design : fu_min_max_32x2
Version: Y-2026.03-SP1
Date   : Wed Sep 30 18:18:24 2026
****************************************

Operating Conditions: tt0p8v25c   Library: saed14rvt_base_tt0p8v25c
Wire Load Model Mode: top

  Startpoint: in_data_1[2]
              (input port)
  Endpoint: out_data[1]
            (output port)
  Path Group: default
  Path Type: max

  Des/Clust/Port     Wire Load Model       Library
  ------------------------------------------------
  fu_min_max_32x2    8000                  saed14rvt_base_tt0p8v25c

  Point                                    Incr       Path
  -----------------------------------------------------------
  input external delay                     0.00       0.00 f
  in_data_1[2] (in)                        0.00       0.00 f
  U128/X (SAEDRVT14_INV_S_1)               0.03       0.03 r
  U160/X (SAEDRVT14_OAI22_4)               0.02       0.05 f
  U274/X (SAEDRVT14_OA2BB2_V1_2)           0.02       0.07 r
  U121/X (SAEDRVT14_OA22_2)                0.03       0.10 r
  U276/X (SAEDRVT14_OA22_2)                0.03       0.13 r
  U163/X (SAEDRVT14_OA22_4)                0.03       0.16 r
  U278/X (SAEDRVT14_OA22_2)                0.03       0.18 r
  U164/X (SAEDRVT14_OA22_4)                0.03       0.21 r
  U280/X (SAEDRVT14_OA22_2)                0.03       0.24 r
  U165/X (SAEDRVT14_OA22_4)                0.03       0.26 r
  U282/X (SAEDRVT14_OA22_2)                0.03       0.29 r
  U166/X (SAEDRVT14_OA22_4)                0.03       0.32 r
  U284/X (SAEDRVT14_OA22_2)                0.03       0.34 r
  U167/X (SAEDRVT14_OA22_4)                0.03       0.37 r
  U286/X (SAEDRVT14_OA22_2)                0.03       0.40 r
  U168/X (SAEDRVT14_OA22_4)                0.03       0.43 r
  U288/X (SAEDRVT14_OA22_2)                0.03       0.45 r
  U289/X (SAEDRVT14_OA22_2)                0.03       0.48 r
  U162/X (SAEDRVT14_OA22_4)                0.03       0.51 r
  U291/X (SAEDRVT14_OAI22_3)               0.02       0.53 f
  U157/X (SAEDRVT14_OA2BB2_V1_4)           0.02       0.55 r
  U292/X (SAEDRVT14_OAI22_3)               0.02       0.57 f
  U158/X (SAEDRVT14_OA2BB2_V1_4)           0.02       0.59 r
  U293/X (SAEDRVT14_OA22_2)                0.03       0.62 r
  U169/X (SAEDRVT14_OA22_4)                0.03       0.65 r
  U295/X (SAEDRVT14_OA22_2)                0.03       0.67 r
  U170/X (SAEDRVT14_OA22_4)                0.03       0.70 r
  U297/X (SAEDRVT14_OAI22_3)               0.02       0.72 f
  U159/X (SAEDRVT14_OA2BB2_V1_4)           0.02       0.74 r
  U298/X (SAEDRVT14_OAI22_3)               0.02       0.77 f
  U299/X (SAEDRVT14_OAI21_V1_4)            0.02       0.79 r
  U156/X (SAEDRVT14_OA21_4)                0.03       0.81 r
  U155/X (SAEDRVT14_INV_12)                0.01       0.82 f
  U300/X (SAEDRVT14_ND2_CDC_4)             0.01       0.83 r
  U301/X (SAEDRVT14_OAI21_V1_8)            0.02       0.85 f
  U302/X (SAEDRVT14_INV_S_2)               0.03       0.88 r
  U303/X (SAEDRVT14_BUF_6)                 0.03       0.91 r
  U182/X (SAEDRVT14_INV_4)                 0.05       0.96 f
  U425/X (SAEDRVT14_OAI22_1)               0.04       1.00 r
  out_data[1] (out)                        0.00       1.00 r
  data arrival time                                   1.00

  max_delay                                1.00       1.00
  output external delay                    0.00       1.00
  data required time                                  1.00
  -----------------------------------------------------------
  data required time                                  1.00
  data arrival time                                  -1.00
  -----------------------------------------------------------
  slack (MET)                                         0.00


1
