****************************************
Report : Averaged Power
Design : fu_rounding_g2
Version: Y-2026.03-SP1
Date   : Wed Sep 30 18:52:09 2026
****************************************



  Attributes
  ----------
      i  -  Including register clock pin internal power
      u  -  User defined power group

                        Internal  Switching  Leakage    Total
Power Group             Power     Power      Power      Power   (     %)  Attrs
--------------------------------------------------------------------------------
clock_network              0.0000    0.0000    0.0000    0.0000 ( 0.00%)  i
register                   0.0000    0.0000    0.0000    0.0000 ( 0.00%)  
combinational           3.890e-04 2.494e-03 5.642e-07 2.883e-03 (100.00%) 
sequential                 0.0000    0.0000    0.0000    0.0000 ( 0.00%)  
memory                     0.0000    0.0000    0.0000    0.0000 ( 0.00%)  
io_pad                     0.0000    0.0000    0.0000    0.0000 ( 0.00%)  
black_box                  0.0000    0.0000    0.0000    0.0000 ( 0.00%)  

  Net Switching Power  = 2.494e-03   (86.49%)
  Cell Internal Power  = 3.890e-04   (13.49%)
  Cell Leakage Power   = 5.642e-07   ( 0.02%)
                         ---------
Total Power            = 2.883e-03  (100.00%)

1
