 
****************************************
Report : area
Design : fu_add_sub_32x2
Version: Y-2026.03-SP1
Date   : Tue Sep  8 22:01:07 2026
****************************************

Library(s) Used:

    saed14rvt_base_tt0p8v25c (File: /mnt/nas0/eda.libs/saed14/EDK_03_2025/SAED14nm_EDK_STD_RVT/liberty/nldm/base/saed14rvt_base_tt0p8v25c.db)

Number of ports:                          202
Number of nets:                           891
Number of cells:                          758
Number of combinational cells:            758
Number of sequential cells:                 0
Number of macros/black boxes:               0
Number of buf/inv:                        107
Number of references:                      30

Combinational area:                264.357603
Buf/Inv area:                       19.536000
Noncombinational area:               0.000000
Macro/Black Box area:                0.000000
Net Interconnect area:             345.252015

Total cell area:                   264.357603
Total area:                        609.609618
1
