 
****************************************
Report : timing
        -path full
        -delay max
        -max_paths 1
Design : fu_add_sub_32x2
Version: Y-2026.03-SP1
Date   : Tue Sep  8 22:01:07 2026
****************************************

Operating Conditions: tt0p8v25c   Library: saed14rvt_base_tt0p8v25c
Wire Load Model Mode: top

  Startpoint: op_sel[0] (input port)
  Endpoint: out_data[31]
            (output port)
  Path Group: default
  Path Type: max

  Des/Clust/Port     Wire Load Model       Library
  ------------------------------------------------
  fu_add_sub_32x2    8000                  saed14rvt_base_tt0p8v25c

  Point                                    Incr       Path
  -----------------------------------------------------------
  input external delay                     0.00       0.00 r
  op_sel[0] (in)                           0.00       0.00 r
  U103/X (SAEDRVT14_EO2_0P5)               0.06       0.06 f
  U532/X (SAEDRVT14_INV_S_0P5)             0.06       0.12 r
  U533/X (SAEDRVT14_ND2_CDC_1)             0.08       0.20 f
  U534/X (SAEDRVT14_INV_S_0P5)             0.09       0.30 r
  U542/X (SAEDRVT14_OAI21_0P5)             0.05       0.35 f
  U197/X (SAEDRVT14_AOI21_0P5)             0.08       0.43 r
  U570/X (SAEDRVT14_OAI21_0P5)             0.10       0.52 f
  U571/X (SAEDRVT14_AOI21_4)               0.06       0.59 r
  U578/X (SAEDRVT14_OAI21_0P5)             0.08       0.66 f
  U268/X (SAEDRVT14_AOI21_0P5)             0.09       0.75 r
  U698/X (SAEDRVT14_OAI21_0P5)             0.09       0.84 f
  U87/X (SAEDRVT14_AOI21_V1_4)             0.03       0.88 r
  U699/X (SAEDRVT14_OAI21_4)               0.03       0.91 f
  U702/X (SAEDRVT14_AOI21_0P5)             0.04       0.95 r
  U234/X (SAEDRVT14_EO2_0P5)               0.05       1.00 f
  out_data[31] (out)                       0.00       1.00 f
  data arrival time                                   1.00

  max_delay                                1.00       1.00
  output external delay                    0.00       1.00
  data required time                                  1.00
  -----------------------------------------------------------
  data required time                                  1.00
  data arrival time                                  -1.00
  -----------------------------------------------------------
  slack (MET)                                         0.00


1
