 
****************************************
Report : area
Design : fu_fp_cmp_16x4
Version: Y-2026.03-SP1
Date   : Tue Sep  8 22:17:17 2026
****************************************

Library(s) Used:

    saed14rvt_base_tt0p8v25c (File: /mnt/nas0/eda.libs/saed14/EDK_03_2025/SAED14nm_EDK_STD_RVT/liberty/nldm/base/saed14rvt_base_tt0p8v25c.db)

Number of ports:                          204
Number of nets:                           503
Number of cells:                          368
Number of combinational cells:            368
Number of sequential cells:                 0
Number of macros/black boxes:               0
Number of buf/inv:                        101
Number of references:                      26

Combinational area:                109.312800
Buf/Inv area:                       21.578399
Noncombinational area:               0.000000
Macro/Black Box area:                0.000000
Net Interconnect area:             176.367595

Total cell area:                   109.312800
Total area:                        285.680395
1
