 
****************************************
Report : area
Design : fu_cmp_c4
Version: Y-2026.03-SP1
Date   : Tue Sep  8 22:42:31 2026
****************************************

Library(s) Used:

    saed14rvt_base_tt0p8v25c (File: /mnt/nas0/eda.libs/saed14/EDK_03_2025/SAED14nm_EDK_STD_RVT/liberty/nldm/base/saed14rvt_base_tt0p8v25c.db)

Number of ports:                          412
Number of nets:                          1202
Number of cells:                          862
Number of combinational cells:            861
Number of sequential cells:                 0
Number of macros/black boxes:               0
Number of buf/inv:                        245
Number of references:                       3

Combinational area:                771.538793
Buf/Inv area:                      155.621996
Noncombinational area:               0.000000
Macro/Black Box area:                0.000000
Net Interconnect area:             265.938106

Total cell area:                   771.538793
Total area:                       1037.476900
1
