 
****************************************
Report : timing
        -path full
        -delay max
        -max_paths 1
Design : fu_cmp_c4
Version: Y-2026.03-SP1
Date   : Tue Sep  8 22:42:32 2026
****************************************

Operating Conditions: tt0p8v25c   Library: saed14rvt_base_tt0p8v25c
Wire Load Model Mode: top

  Startpoint: in_data_0[6]
              (input port)
  Endpoint: out_data[0]
            (output port)
  Path Group: default
  Path Type: max

  Des/Clust/Port     Wire Load Model       Library
  ------------------------------------------------
  fu_cmp_c4          8000                  saed14rvt_base_tt0p8v25c

  Point                                    Incr       Path
  -----------------------------------------------------------
  input external delay                     0.00       0.00 f
  in_data_0[6] (in)                        0.00       0.00 f
  core/in_data_0[6] (fu_cmp_dec)           0.00       0.00 f
  core/U762/X (SAEDRVT14_INV_12)           0.00       0.00 r
  core/U763/X (SAEDRVT14_NR2_MM_16)        0.00       0.01 f
  core/U195/X (SAEDRVT14_NR2_MM_10)        0.01       0.02 r
  core/U614/X (SAEDRVT14_ND2_5)            0.01       0.03 f
  core/U613/X (SAEDRVT14_NR2_MM_12)        0.01       0.04 r
  core/U347/X (SAEDRVT14_ND2_16)           0.01       0.05 f
  core/U307/X (SAEDRVT14_ND2_16)           0.01       0.06 r
  core/U305/X (SAEDRVT14_NR2_MM_12)        0.01       0.07 f
  core/U112/X (SAEDRVT14_ND2_16)           0.01       0.08 r
  core/U58/X (SAEDRVT14_ND2_4)             0.02       0.10 f
  core/U471/X (SAEDRVT14_ND2_8)            0.01       0.11 r
  core/U470/X (SAEDRVT14_OAI21_V1_8)       0.01       0.12 f
  core/U605/X (SAEDRVT14_OAI21_V1_4)       0.02       0.14 r
  core/U683/X (SAEDRVT14_OAI21_V1_8)       0.02       0.15 f
  core/U379/X (SAEDRVT14_ND2_MM_10)        0.01       0.16 r
  core/U426/X (SAEDRVT14_AN2_8)            0.02       0.18 r
  core/U425/X (SAEDRVT14_NR2_MM_10)        0.01       0.19 f
  core/U396/X (SAEDRVT14_ND2_16)           0.02       0.21 r
  core/out_data[0] (fu_cmp_dec)            0.00       0.21 r
  out_data[0] (out)                        0.00       0.21 r
  data arrival time                                   0.21

  max_delay                                0.01       0.01
  output external delay                    0.00       0.01
  data required time                                  0.01
  -----------------------------------------------------------
  data required time                                  0.01
  data arrival time                                  -0.21
  -----------------------------------------------------------
  slack (VIOLATED)                                   -0.20


1
