 
****************************************
Report : timing
        -path full
        -delay max
        -max_paths 1
Design : fu_min_max_m1
Version: Y-2026.03-SP1
Date   : Wed Sep 30 18:16:51 2026
****************************************

Operating Conditions: tt0p8v25c   Library: saed14rvt_base_tt0p8v25c
Wire Load Model Mode: top

  Startpoint: in_data_0[3]
              (input port)
  Endpoint: out_data[3]
            (output port)
  Path Group: default
  Path Type: max

  Des/Clust/Port     Wire Load Model       Library
  ------------------------------------------------
  fu_min_max_m1      8000                  saed14rvt_base_tt0p8v25c

  Point                                                   Incr       Path
  --------------------------------------------------------------------------
  input external delay                                    0.00       0.00 r
  in_data_0[3] (in)                                       0.00       0.00 r
  core/in_data_0[3] (fu_min_max_dec_EN320_EN160)          0.00       0.00 r
  core/U97/X (SAEDRVT14_INV_S_0P5)                        0.04       0.04 f
  core/U258/X (SAEDRVT14_OAI22_0P5)                       0.07       0.11 r
  core/U259/X (SAEDRVT14_AOI21_1P5)                       0.04       0.15 f
  core/U262/X (SAEDRVT14_OAI21_2)                         0.03       0.18 r
  core/U263/X (SAEDRVT14_AOI21_1P5)                       0.03       0.20 f
  core/U266/X (SAEDRVT14_OAI21_2)                         0.03       0.23 r
  core/U15/X (SAEDRVT14_AOI21_3)                          0.02       0.26 f
  core/U271/X (SAEDRVT14_OAI21_3)                         0.02       0.28 r
  core/U280/X (SAEDRVT14_AOI21_3)                         0.02       0.31 f
  core/U281/X (SAEDRVT14_OAI21_V1_4)                      0.02       0.33 r
  core/U303/X (SAEDRVT14_AOI21_6)                         0.02       0.35 f
  core/U180/X (SAEDRVT14_OAI21_V1_8)                      0.01       0.36 r
  core/U178/X (SAEDRVT14_AOI21_V1_4)                      0.02       0.38 f
  core/U177/X (SAEDRVT14_EN2_4)                           0.03       0.41 r
  core/U11/X (SAEDRVT14_BUF_16)                           0.02       0.43 r
  core/U27/X (SAEDRVT14_BUF_12)                           0.02       0.45 r
  core/U144/X (SAEDRVT14_MUXI2_U_0P5)                     0.05       0.50 r
  core/out_data[3] (fu_min_max_dec_EN320_EN160)           0.00       0.50 r
  out_data[3] (out)                                       0.00       0.50 r
  data arrival time                                                  0.50

  max_delay                                               0.50       0.50
  output external delay                                   0.00       0.50
  data required time                                                 0.50
  --------------------------------------------------------------------------
  data required time                                                 0.50
  data arrival time                                                 -0.50
  --------------------------------------------------------------------------
  slack (MET)                                                        0.00


1
