 
****************************************
Report : timing
        -path full
        -delay max
        -max_paths 1
Design : fu_mult_decomp
Version: Y-2026.03-SP1
Date   : Tue Sep  8 23:08:12 2026
****************************************

Operating Conditions: tt0p8v25c   Library: saed14rvt_base_tt0p8v25c
Wire Load Model Mode: top

  Startpoint: in_data_0[47]
              (input port)
  Endpoint: out_data[62]
            (output port)
  Path Group: default
  Path Type: max

  Des/Clust/Port     Wire Load Model       Library
  ------------------------------------------------
  fu_mult_decomp     8000                  saed14rvt_base_tt0p8v25c

  Point                                                   Incr       Path
  --------------------------------------------------------------------------
  input external delay                                    0.00       0.00 f
  in_data_0[47] (in)                                      0.00       0.00 f
  u_kar_hi/a[15] (fu_mult_karatsuba_32_full_0)            0.00       0.00 f
  u_kar_hi/U1107/X (SAEDRVT14_INV_6)                      0.11       0.11 r
  u_kar_hi/U1453/X (SAEDRVT14_NR2_1P5)                    0.08       0.19 f
  u_kar_hi/U542/X (SAEDRVT14_INV_S_0P5)                   0.05       0.24 r
  u_kar_hi/U1506/CO (SAEDRVT14_ADDF_V1_1)                 0.05       0.29 r
  u_kar_hi/U1463/S (SAEDRVT14_ADDF_V1_1)                  0.06       0.35 f
  u_kar_hi/U1514/CO (SAEDRVT14_ADDF_V1_1)                 0.04       0.39 f
  u_kar_hi/U1519/S (SAEDRVT14_ADDF_V1_1)                  0.07       0.46 r
  u_kar_hi/U672/X (SAEDRVT14_ND2_CDC_1)                   0.05       0.51 f
  u_kar_hi/U653/X (SAEDRVT14_INV_S_0P5)                   0.08       0.60 r
  u_kar_hi/U34/X (SAEDRVT14_AOI21_1P5)                    0.04       0.64 f
  u_kar_hi/U1585/X (SAEDRVT14_OAI21_V1_4)                 0.05       0.69 r
  u_kar_hi/U683/X (SAEDRVT14_AOI21_0P5)                   0.06       0.75 f
  u_kar_hi/U682/X (SAEDRVT14_OAI21_0P5)                   0.04       0.79 r
  u_kar_hi/U753/X (SAEDRVT14_AOI21_0P5)                   0.04       0.83 f
  u_kar_hi/U751/X (SAEDRVT14_EO2_1)                       0.06       0.90 r
  u_kar_hi/U15/X (SAEDRVT14_OR2_MM_4)                     0.03       0.93 r
  u_kar_hi/U1786/X (SAEDRVT14_ND2_1)                      0.02       0.95 f
  u_kar_hi/U9/X (SAEDRVT14_EN2_2)                         0.06       1.00 r
  u_kar_hi/product[27] (fu_mult_karatsuba_32_full_0)      0.00       1.00 r
  U145/X (SAEDRVT14_INV_S_3)                              0.02       1.02 f
  U1770/S (SAEDRVT14_ADDF_V2_2)                           0.07       1.09 r
  U691/X (SAEDRVT14_NR2_MM_6)                             0.02       1.10 f
  U568/X (SAEDRVT14_AN2B_MM_8)                            0.03       1.13 r
  U120/X (SAEDRVT14_ND2_6)                                0.01       1.14 f
  U804/X (SAEDRVT14_INV_S_2)                              0.02       1.16 r
  U554/X (SAEDRVT14_AOI21_V1_6)                           0.01       1.17 f
  U1182/X (SAEDRVT14_EN2_4)                               0.02       1.20 r
  U1824/X (SAEDRVT14_AO21_4)                              0.02       1.21 r
  out_data[62] (out)                                      0.00       1.21 r
  data arrival time                                                  1.21

  max_delay                                               1.21       1.21
  output external delay                                   0.00       1.21
  data required time                                                 1.21
  --------------------------------------------------------------------------
  data required time                                                 1.21
  data arrival time                                                 -1.21
  --------------------------------------------------------------------------
  slack (MET)                                                        0.00


1
