 
****************************************
Report : area
Design : fu_mult_decomp
Version: Y-2026.03-SP1
Date   : Tue Sep  8 23:08:11 2026
****************************************

Library(s) Used:

    saed14rvt_base_tt0p8v25c (File: /mnt/nas0/eda.libs/saed14/EDK_03_2025/SAED14nm_EDK_STD_RVT/liberty/nldm/base/saed14rvt_base_tt0p8v25c.db)

Number of ports:                          522
Number of nets:                          9006
Number of cells:                         7498
Number of combinational cells:           7496
Number of sequential cells:                 0
Number of macros/black boxes:               0
Number of buf/inv:                       1341
Number of references:                     135

Combinational area:               4071.790764
Buf/Inv area:                      419.402394
Noncombinational area:               0.000000
Macro/Black Box area:                0.000000
Net Interconnect area:            3461.508841

Total cell area:                  4071.790764
Total area:                       7533.299605
1
