****************************************
Report : Averaged Power
Design : fu_cmp_c4
Version: Y-2026.03-SP1
Date   : Wed Sep 30 18:47:48 2026
****************************************



  Attributes
  ----------
      i  -  Including register clock pin internal power
      u  -  User defined power group

                        Internal  Switching  Leakage    Total
Power Group             Power     Power      Power      Power   (     %)  Attrs
--------------------------------------------------------------------------------
clock_network              0.0000    0.0000    0.0000    0.0000 ( 0.00%)  i
register                   0.0000    0.0000    0.0000    0.0000 ( 0.00%)  
combinational           2.240e-04 1.761e-03 1.125e-07 1.985e-03 (100.00%) 
sequential                 0.0000    0.0000    0.0000    0.0000 ( 0.00%)  
memory                     0.0000    0.0000    0.0000    0.0000 ( 0.00%)  
io_pad                     0.0000    0.0000    0.0000    0.0000 ( 0.00%)  
black_box                  0.0000    0.0000    0.0000    0.0000 ( 0.00%)  

  Net Switching Power  = 1.761e-03   (88.71%)
  Cell Internal Power  = 2.240e-04   (11.28%)
  Cell Leakage Power   = 1.125e-07   ( 0.01%)
                         ---------
Total Power            = 1.985e-03  (100.00%)

1
