****************************************
Report : Averaged Power
Design : fu_rounding_16x4
Version: Y-2026.03-SP1
Date   : Wed Sep 30 18:52:42 2026
****************************************



  Attributes
  ----------
      i  -  Including register clock pin internal power
      u  -  User defined power group

                        Internal  Switching  Leakage    Total
Power Group             Power     Power      Power      Power   (     %)  Attrs
--------------------------------------------------------------------------------
clock_network              0.0000    0.0000    0.0000    0.0000 ( 0.00%)  i
register                   0.0000    0.0000    0.0000    0.0000 ( 0.00%)  
combinational           4.719e-04 3.270e-03 2.624e-07 3.742e-03 (100.00%) 
sequential                 0.0000    0.0000    0.0000    0.0000 ( 0.00%)  
memory                     0.0000    0.0000    0.0000    0.0000 ( 0.00%)  
io_pad                     0.0000    0.0000    0.0000    0.0000 ( 0.00%)  
black_box                  0.0000    0.0000    0.0000    0.0000 ( 0.00%)  

  Net Switching Power  = 3.270e-03   (87.38%)
  Cell Internal Power  = 4.719e-04   (12.61%)
  Cell Leakage Power   = 2.624e-07   ( 0.01%)
                         ---------
Total Power            = 3.742e-03  (100.00%)

1
