 
****************************************
Report : area
Design : fu_fp_min_max_64
Version: Y-2026.03-SP1
Date   : Tue Sep  8 23:41:02 2026
****************************************

Library(s) Used:

    saed14rvt_base_tt0p8v25c (File: /mnt/nas0/eda.libs/saed14/EDK_03_2025/SAED14nm_EDK_STD_RVT/liberty/nldm/base/saed14rvt_base_tt0p8v25c.db)

Number of ports:                          201
Number of nets:                           864
Number of cells:                          731
Number of combinational cells:            731
Number of sequential cells:                 0
Number of macros/black boxes:               0
Number of buf/inv:                        236
Number of references:                      80

Combinational area:                634.165192
Buf/Inv area:                      157.841994
Noncombinational area:               0.000000
Macro/Black Box area:                0.000000
Net Interconnect area:             247.806192

Total cell area:                   634.165192
Total area:                        881.971384
1
