 
****************************************
Report : timing
        -path full
        -delay max
        -max_paths 1
Design : fu_fp_min_max_64
Version: Y-2026.03-SP1
Date   : Tue Sep  8 23:41:02 2026
****************************************

Operating Conditions: tt0p8v25c   Library: saed14rvt_base_tt0p8v25c
Wire Load Model Mode: top

  Startpoint: in_data_0[3]
              (input port)
  Endpoint: out_data[11]
            (output port)
  Path Group: default
  Path Type: max

  Des/Clust/Port     Wire Load Model       Library
  ------------------------------------------------
  fu_fp_min_max_64   8000                  saed14rvt_base_tt0p8v25c

  Point                                    Incr       Path
  -----------------------------------------------------------
  input external delay                     0.00       0.00 f
  in_data_0[3] (in)                        0.00       0.00 f
  U508/X (SAEDRVT14_INV_S_8)               0.00       0.00 r
  U616/X (SAEDRVT14_OAI22_4)               0.02       0.02 f
  U626/X (SAEDRVT14_NR2_MM_10)             0.01       0.03 r
  U665/X (SAEDRVT14_ND2_MM_10)             0.01       0.04 f
  U531/X (SAEDRVT14_NR2_MM_12)             0.01       0.05 r
  U569/X (SAEDRVT14_OAI21_V1_8)            0.01       0.06 f
  U786/X (SAEDRVT14_ND2_8)                 0.01       0.07 r
  U815/X (SAEDRVT14_ND2_16)                0.01       0.08 f
  U687/X (SAEDRVT14_ND2_16)                0.01       0.08 r
  U761/X (SAEDRVT14_AN3_8)                 0.02       0.10 r
  U802/X (SAEDRVT14_NR2_MM_16)             0.01       0.11 f
  U784/X (SAEDRVT14_ND2_16)                0.01       0.12 r
  U742/X (SAEDRVT14_INV_S_20)              0.01       0.13 f
  U1037/X (SAEDRVT14_ND2_16)               0.01       0.14 r
  U1038/X (SAEDRVT14_INV_S_20)             0.01       0.15 f
  U1039/X (SAEDRVT14_INV_S_20)             0.02       0.17 r
  U1040/X (SAEDRVT14_OAI22_4)              0.02       0.19 f
  out_data[11] (out)                       0.00       0.19 f
  data arrival time                                   0.19

  max_delay                                0.01       0.01
  output external delay                    0.00       0.01
  data required time                                  0.01
  -----------------------------------------------------------
  data required time                                  0.01
  data arrival time                                  -0.19
  -----------------------------------------------------------
  slack (VIOLATED)                                   -0.18


1
