 
****************************************
Report : timing
        -path full
        -delay max
        -max_paths 1
Design : fu_add_sub_d8
Version: Y-2026.03-SP1
Date   : Wed Sep 30 18:14:05 2026
****************************************

Operating Conditions: tt0p8v25c   Library: saed14rvt_base_tt0p8v25c
Wire Load Model Mode: top

  Startpoint: mode[0] (input port)
  Endpoint: out_data[63]
            (output port)
  Path Group: default
  Path Type: max

  Des/Clust/Port     Wire Load Model       Library
  ------------------------------------------------
  fu_add_sub_d8      8000                  saed14rvt_base_tt0p8v25c

  Point                                                   Incr       Path
  --------------------------------------------------------------------------
  input external delay                                    0.00       0.00 f
  mode[0] (in)                                            0.00       0.00 f
  core/mode[0] (fu_add_sub_dec_EN321_EN161_EN81)          0.00       0.00 f
  core/segmented/mode[0] (fu_add_sub_segmented_1_1_1)     0.00       0.00 f
  core/segmented/U171/X (SAEDRVT14_OR2_MM_2)              0.03       0.03 f
  core/segmented/U172/X (SAEDRVT14_MUXI2_U_0P5)           0.10       0.13 f
  core/segmented/U173/X (SAEDRVT14_INV_S_3)               0.07       0.20 r
  core/segmented/U174/X (SAEDRVT14_MUX2_MM_0P5)           0.11       0.31 r
  core/segmented/U175/X (SAEDRVT14_INV_S_1)               0.05       0.36 f
  core/segmented/U176/X (SAEDRVT14_INV_S_2)               0.09       0.45 r
  core/segmented/U183/X (SAEDRVT14_EO2_1)                 0.08       0.53 r
  core/segmented/U30/X (SAEDRVT14_ND2_CDC_1)              0.06       0.59 f
  core/segmented/U307/X (SAEDRVT14_OAI21_V1_4)            0.04       0.64 r
  core/segmented/U27/X (SAEDRVT14_AOI21_V1_4)             0.04       0.68 f
  core/segmented/U310/X (SAEDRVT14_OAI21_V1_8)            0.02       0.70 r
  core/segmented/U313/X (SAEDRVT14_AOI21_1P5)             0.04       0.74 f
  core/segmented/U315/X (SAEDRVT14_OAI21_V1_8)            0.02       0.76 r
  core/segmented/U316/X (SAEDRVT14_AOI21_8)               0.02       0.78 f
  core/segmented/U109/X (SAEDRVT14_OAI21_V1_8)            0.01       0.79 r
  core/segmented/U319/X (SAEDRVT14_MUX2_MM_4)             0.03       0.82 r
  core/segmented/U121/X (SAEDRVT14_OR2_MM_2)              0.03       0.85 r
  core/segmented/U13/X (SAEDRVT14_AOI21_V1_8)             0.02       0.87 f
  core/segmented/U110/X (SAEDRVT14_OAI21_3)               0.04       0.91 r
  core/segmented/U324/X (SAEDRVT14_AOI21_8)               0.04       0.95 f
  core/segmented/U336/X (SAEDRVT14_OAI21_V1_8)            0.02       0.97 r
  core/segmented/U340/X (SAEDRVT14_EN2_2)                 0.03       1.00 f
  core/segmented/sum_out[63] (fu_add_sub_segmented_1_1_1)
                                                          0.00       1.00 f
  core/out_data[63] (fu_add_sub_dec_EN321_EN161_EN81)     0.00       1.00 f
  out_data[63] (out)                                      0.00       1.00 f
  data arrival time                                                  1.00

  max_delay                                               1.00       1.00
  output external delay                                   0.00       1.00
  data required time                                                 1.00
  --------------------------------------------------------------------------
  data required time                                                 1.00
  data arrival time                                                 -1.00
  --------------------------------------------------------------------------
  slack (MET)                                                        0.00


1
