 
****************************************
Report : area
Design : fu_rounding_g1
Version: Y-2026.03-SP1
Date   : Tue Sep  8 22:21:28 2026
****************************************

Library(s) Used:

    saed14rvt_base_tt0p8v25c (File: /mnt/nas0/eda.libs/saed14/EDK_03_2025/SAED14nm_EDK_STD_RVT/liberty/nldm/base/saed14rvt_base_tt0p8v25c.db)

Number of ports:                          276
Number of nets:                          1757
Number of cells:                         1546
Number of combinational cells:           1545
Number of sequential cells:                 0
Number of macros/black boxes:               0
Number of buf/inv:                        351
Number of references:                       1

Combinational area:                613.252799
Buf/Inv area:                       97.901999
Noncombinational area:               0.000000
Macro/Black Box area:                0.000000
Net Interconnect area:             584.339334

Total cell area:                   613.252799
Total area:                       1197.592133
1
