 
****************************************
Report : timing
        -path full
        -delay max
        -max_paths 1
Design : fu_fp_cmp_g3
Version: Y-2026.03-SP1
Date   : Tue Sep 29 15:17:01 2026
****************************************

Operating Conditions: tt0p8v25c   Library: saed14rvt_base_tt0p8v25c
Wire Load Model Mode: top

  Startpoint: in_data_1[18]
              (input port)
  Endpoint: out_data[32]
            (output port)
  Path Group: default
  Path Type: max

  Des/Clust/Port     Wire Load Model       Library
  ------------------------------------------------
  fu_fp_cmp_g3       8000                  saed14rvt_base_tt0p8v25c

  Point                                                   Incr       Path
  --------------------------------------------------------------------------
  input external delay                                    0.00       0.00 f
  in_data_1[18] (in)                                      0.00       0.00 f
  core/in_data_1[18] (fu_fp_cmp_dec_W64_MIN_LANE_W16)     0.00       0.00 f
  core/U194/X (SAEDRVT14_INV_0P75)                        0.05       0.05 r
  core/U37/X (SAEDRVT14_AO22_0P75)                        0.09       0.14 r
  core/U200/X (SAEDRVT14_AOI21_1P5)                       0.04       0.18 f
  core/U202/X (SAEDRVT14_NR2_MM_1)                        0.03       0.22 r
  core/U22/X (SAEDRVT14_OAI22_0P75)                       0.04       0.26 f
  core/U206/X (SAEDRVT14_AOI21_1P5)                       0.03       0.29 r
  core/U14/X (SAEDRVT14_OAI21_1)                          0.04       0.33 f
  core/U280/X (SAEDRVT14_OA22_4)                          0.03       0.36 f
  core/U281/X (SAEDRVT14_OAI21_V1_8)                      0.02       0.38 r
  core/U48/X (SAEDRVT14_AOI21_V1_8)                       0.02       0.40 f
  core/U311/X (SAEDRVT14_OAI22_4)                         0.02       0.42 r
  core/U312/X (SAEDRVT14_MUXI2_ECO_2)                     0.04       0.45 r
  core/U43/X (SAEDRVT14_MUXI2_ECO_2)                      0.03       0.48 r
  core/U6/X (SAEDRVT14_MUXI2_2)                           0.03       0.51 f
  core/U382/X (SAEDRVT14_MUXI2_4)                         0.04       0.55 r
  core/U45/X (SAEDRVT14_INV_12)                           0.01       0.56 f
  core/U395/X (SAEDRVT14_OAI22_3)                         0.02       0.57 r
  core/U44/X (SAEDRVT14_BUF_16)                           0.05       0.62 r
  core/out_data[32] (fu_fp_cmp_dec_W64_MIN_LANE_W16)      0.00       0.62 r
  out_data[32] (out)                                      0.00       0.62 r
  data arrival time                                                  0.62

  max_delay                                               0.62       0.62
  output external delay                                   0.00       0.62
  data required time                                                 0.62
  --------------------------------------------------------------------------
  data required time                                                 0.62
  data arrival time                                                 -0.62
  --------------------------------------------------------------------------
  slack (MET)                                                        0.00


1
