 
****************************************
Report : area
Design : fu_fp_cmp_g3
Version: Y-2026.03-SP1
Date   : Tue Sep  8 23:14:34 2026
****************************************

Library(s) Used:

    saed14rvt_base_tt0p8v25c (File: /mnt/nas0/eda.libs/saed14/EDK_03_2025/SAED14nm_EDK_STD_RVT/liberty/nldm/base/saed14rvt_base_tt0p8v25c.db)

Number of ports:                          412
Number of nets:                          1250
Number of cells:                          909
Number of combinational cells:            908
Number of sequential cells:                 0
Number of macros/black boxes:               0
Number of buf/inv:                        237
Number of references:                       1

Combinational area:                354.533999
Buf/Inv area:                       64.912799
Noncombinational area:               0.000000
Macro/Black Box area:                0.000000
Net Interconnect area:             348.964636

Total cell area:                   354.533999
Total area:                        703.498635
1
