 
****************************************
Report : timing
        -path full
        -delay max
        -max_paths 1
Design : fu_add_sub_8x8
Version: Y-2026.03-SP1
Date   : Wed Sep 30 18:16:16 2026
****************************************

Operating Conditions: tt0p8v25c   Library: saed14rvt_base_tt0p8v25c
Wire Load Model Mode: top

  Startpoint: op_sel[0] (input port)
  Endpoint: out_data[7]
            (output port)
  Path Group: default
  Path Type: max

  Des/Clust/Port     Wire Load Model       Library
  ------------------------------------------------
  fu_add_sub_8x8     8000                  saed14rvt_base_tt0p8v25c

  Point                                                   Incr       Path
  --------------------------------------------------------------------------
  input external delay                                    0.00       0.00 f
  op_sel[0] (in)                                          0.00       0.00 f
  U155/X (SAEDRVT14_INV_S_0P5)                            0.19       0.19 r
  U161/X (SAEDRVT14_MUXI2_U_0P5)                          0.12       0.30 f
  intadd_7/U7/CO (SAEDRVT14_ADDF_V1_1)                    0.06       0.37 f
  intadd_7/U6/CO (SAEDRVT14_ADDF_V1_1)                    0.04       0.41 f
  intadd_7/U5/CO (SAEDRVT14_ADDF_V1_1)                    0.04       0.45 f
  intadd_7/U4/CO (SAEDRVT14_ADDF_V1_1)                    0.04       0.49 f
  intadd_7/U3/CO (SAEDRVT14_ADDF_V1_1)                    0.04       0.54 f
  intadd_7/U2/CO (SAEDRVT14_ADDF_V1_1)                    0.04       0.57 f
  U154/X (SAEDRVT14_EN4_M_1)                              0.06       0.63 r
  out_data[7] (out)                                       0.00       0.63 r
  data arrival time                                                  0.63

  max_delay                                               1.00       1.00
  output external delay                                   0.00       1.00
  data required time                                                 1.00
  --------------------------------------------------------------------------
  data required time                                                 1.00
  data arrival time                                                 -0.63
  --------------------------------------------------------------------------
  slack (MET)                                                        0.37


1
