****************************************
Report : Averaged Power
Design : fu_fp_min_max_16x4
Version: Y-2026.03-SP1
Date   : Wed Sep 30 18:51:42 2026
****************************************



  Attributes
  ----------
      i  -  Including register clock pin internal power
      u  -  User defined power group

                        Internal  Switching  Leakage    Total
Power Group             Power     Power      Power      Power   (     %)  Attrs
--------------------------------------------------------------------------------
clock_network              0.0000    0.0000    0.0000    0.0000 ( 0.00%)  i
register                   0.0000    0.0000    0.0000    0.0000 ( 0.00%)  
combinational           6.598e-05 7.211e-04 3.108e-08 7.871e-04 (100.00%) 
sequential                 0.0000    0.0000    0.0000    0.0000 ( 0.00%)  
memory                     0.0000    0.0000    0.0000    0.0000 ( 0.00%)  
io_pad                     0.0000    0.0000    0.0000    0.0000 ( 0.00%)  
black_box                  0.0000    0.0000    0.0000    0.0000 ( 0.00%)  

  Net Switching Power  = 7.211e-04   (91.61%)
  Cell Internal Power  = 6.598e-05   ( 8.38%)
  Cell Leakage Power   = 3.108e-08   ( 0.00%)
                         ---------
Total Power            = 7.871e-04  (100.00%)

1
