 
****************************************
Report : area
Design : fu_fp_min_max_32x2
Version: Y-2026.03-SP1
Date   : Tue Sep  8 22:13:46 2026
****************************************

Library(s) Used:

    saed14rvt_base_tt0p8v25c (File: /mnt/nas0/eda.libs/saed14/EDK_03_2025/SAED14nm_EDK_STD_RVT/liberty/nldm/base/saed14rvt_base_tt0p8v25c.db)

Number of ports:                          202
Number of nets:                           673
Number of cells:                          540
Number of combinational cells:            540
Number of sequential cells:                 0
Number of macros/black boxes:               0
Number of buf/inv:                        194
Number of references:                      60

Combinational area:                176.756399
Buf/Inv area:                       45.376799
Noncombinational area:               0.000000
Macro/Black Box area:                0.000000
Net Interconnect area:             212.200536

Total cell area:                   176.756399
Total area:                        388.956935
1
