 
****************************************
Report : timing
        -path full
        -delay max
        -max_paths 1
Design : fu_fp_min_max_32x2
Version: Y-2026.03-SP1
Date   : Tue Sep  8 22:13:46 2026
****************************************

Operating Conditions: tt0p8v25c   Library: saed14rvt_base_tt0p8v25c
Wire Load Model Mode: top

  Startpoint: in_data_0[4]
              (input port)
  Endpoint: out_data[30]
            (output port)
  Path Group: default
  Path Type: max

  Des/Clust/Port     Wire Load Model       Library
  ------------------------------------------------
  fu_fp_min_max_32x2 8000                  saed14rvt_base_tt0p8v25c

  Point                                    Incr       Path
  -----------------------------------------------------------
  input external delay                     0.00       0.00 f
  in_data_0[4] (in)                        0.00       0.00 f
  U485/X (SAEDRVT14_INV_S_2)               0.02       0.02 r
  U682/X (SAEDRVT14_ND2_CDC_2)             0.03       0.06 f
  U416/X (SAEDRVT14_ND2_1)                 0.03       0.09 r
  U491/X (SAEDRVT14_NR2_MM_1)              0.03       0.11 f
  U687/X (SAEDRVT14_OAI21_0P5)             0.04       0.15 r
  U691/X (SAEDRVT14_AOI21_3)               0.03       0.18 f
  U704/X (SAEDRVT14_OAI21_V1_4)            0.02       0.20 r
  U706/X (SAEDRVT14_AOI21_V1_4)            0.02       0.22 f
  U714/X (SAEDRVT14_OAI21_V1_4)            0.02       0.24 r
  U716/X (SAEDRVT14_AOI21_V1_4)            0.02       0.26 f
  U717/X (SAEDRVT14_AOI21_V1_4)            0.02       0.28 r
  U718/X (SAEDRVT14_OAI21_V1_4)            0.02       0.30 f
  U719/X (SAEDRVT14_AOI21_8)               0.02       0.32 r
  U720/X (SAEDRVT14_INV_S_5)               0.01       0.33 f
  U730/X (SAEDRVT14_OAI21_V1_4)            0.01       0.34 r
  U732/X (SAEDRVT14_ND2_CDC_4)             0.01       0.35 f
  U733/X (SAEDRVT14_EN2_4)                 0.04       0.39 r
  U734/X (SAEDRVT14_INV_12)                0.01       0.41 f
  U376/X (SAEDRVT14_BUF_10)                0.02       0.43 f
  U835/X (SAEDRVT14_AOI21_0P5)             0.03       0.46 r
  U372/X (SAEDRVT14_OAI21_1)               0.04       0.50 f
  out_data[30] (out)                       0.00       0.50 f
  data arrival time                                   0.50

  max_delay                                0.50       0.50
  output external delay                    0.00       0.50
  data required time                                  0.50
  -----------------------------------------------------------
  data required time                                  0.50
  data arrival time                                  -0.50
  -----------------------------------------------------------
  slack (MET)                                         0.00


1
