****************************************
Report : Averaged Power
Design : fu_cmp_c1
Version: Y-2026.03-SP1
Date   : Wed Sep 30 18:47:19 2026
****************************************



  Attributes
  ----------
      i  -  Including register clock pin internal power
      u  -  User defined power group

                        Internal  Switching  Leakage    Total
Power Group             Power     Power      Power      Power   (     %)  Attrs
--------------------------------------------------------------------------------
clock_network              0.0000    0.0000    0.0000    0.0000 ( 0.00%)  i
register                   0.0000    0.0000    0.0000    0.0000 ( 0.00%)  
combinational           1.118e-04 1.194e-03 4.553e-08 1.305e-03 (100.00%) 
sequential                 0.0000    0.0000    0.0000    0.0000 ( 0.00%)  
memory                     0.0000    0.0000    0.0000    0.0000 ( 0.00%)  
io_pad                     0.0000    0.0000    0.0000    0.0000 ( 0.00%)  
black_box                  0.0000    0.0000    0.0000    0.0000 ( 0.00%)  

  Net Switching Power  = 1.194e-03   (91.43%)
  Cell Internal Power  = 1.118e-04   ( 8.56%)
  Cell Leakage Power   = 4.553e-08   ( 0.00%)
                         ---------
Total Power            = 1.305e-03  (100.00%)

1
