 
****************************************
Report : timing
        -path full
        -delay max
        -max_paths 1
Design : fu_fp_min_max_m1
Version: Y-2026.03-SP1
Date   : Wed Sep 30 18:30:09 2026
****************************************

Operating Conditions: tt0p8v25c   Library: saed14rvt_base_tt0p8v25c
Wire Load Model Mode: top

  Startpoint: in_data_0[3]
              (input port)
  Endpoint: out_data[14]
            (output port)
  Path Group: default
  Path Type: max

  Des/Clust/Port     Wire Load Model       Library
  ------------------------------------------------
  fu_fp_min_max_m1   8000                  saed14rvt_base_tt0p8v25c

  Point                                                   Incr       Path
  --------------------------------------------------------------------------
  input external delay                                    0.00       0.00 f
  in_data_0[3] (in)                                       0.00       0.00 f
  core/in_data_0[3] (fu_fp_min_max_dec_W64_MIN_LANE_W64)
                                                          0.00       0.00 f
  core/U127/X (SAEDRVT14_INV_S_3)                         0.02       0.02 r
  core/U57/X (SAEDRVT14_ND2_CDC_1)                        0.05       0.07 f
  core/U173/X (SAEDRVT14_OAI21_0P5)                       0.05       0.11 r
  core/U244/X (SAEDRVT14_NR2_MM_1)                        0.04       0.15 f
  core/U34/X (SAEDRVT14_AOI21_4)                          0.02       0.17 r
  core/U248/X (SAEDRVT14_OAI21_V1_8)                      0.01       0.19 f
  core/U255/X (SAEDRVT14_AOI21_V1_4)                      0.02       0.20 r
  core/U263/X (SAEDRVT14_OAI21_V1_4)                      0.02       0.22 f
  core/U267/X (SAEDRVT14_AOI21_6)                         0.02       0.24 r
  core/U271/X (SAEDRVT14_OAI21_V1_8)                      0.02       0.26 f
  core/U303/X (SAEDRVT14_AOI21_8)                         0.01       0.27 r
  core/U306/X (SAEDRVT14_OAI21_V1_8)                      0.01       0.28 f
  core/U337/X (SAEDRVT14_AOI21_8)                         0.01       0.30 r
  core/U342/X (SAEDRVT14_OAI21_V1_8)                      0.01       0.31 f
  core/U343/X (SAEDRVT14_ND2_8)                           0.02       0.33 r
  core/U60/X (SAEDRVT14_OAI21_V1_8)                       0.02       0.34 f
  core/U384/X (SAEDRVT14_NR2_MM_16)                       0.03       0.37 r
  core/U88/X (SAEDRVT14_OR2_MM_8)                         0.03       0.40 r
  core/U85/X (SAEDRVT14_INV_S_10)                         0.01       0.41 f
  core/U87/X (SAEDRVT14_INV_S_3)                          0.03       0.45 r
  core/U420/X (SAEDRVT14_OAI22_0P5)                       0.05       0.50 f
  core/out_data[14] (fu_fp_min_max_dec_W64_MIN_LANE_W64)
                                                          0.00       0.50 f
  out_data[14] (out)                                      0.00       0.50 f
  data arrival time                                                  0.50

  max_delay                                               0.50       0.50
  output external delay                                   0.00       0.50
  data required time                                                 0.50
  --------------------------------------------------------------------------
  data required time                                                 0.50
  data arrival time                                                 -0.50
  --------------------------------------------------------------------------
  slack (MET)                                                        0.00


1
