 
****************************************
Report : timing
        -path full
        -delay max
        -max_paths 1
Design : fu_cmp_8x8
Version: Y-2026.03-SP1
Date   : Wed Sep 30 12:17:15 2026
****************************************

Operating Conditions: tt0p8v25c   Library: saed14rvt_base_tt0p8v25c
Wire Load Model Mode: top

  Startpoint: pred[1] (input port)
  Endpoint: out_data[0]
            (output port)
  Path Group: default
  Path Type: max

  Des/Clust/Port     Wire Load Model       Library
  ------------------------------------------------
  fu_cmp_8x8         8000                  saed14rvt_base_tt0p8v25c

  Point                                    Incr       Path
  -----------------------------------------------------------
  input external delay                     0.00       0.00 f
  pred[1] (in)                             0.00       0.00 f
  U417/X (SAEDRVT14_INV_S_0P5)             0.05       0.05 r
  U418/X (SAEDRVT14_ND2_CDC_1)             0.28       0.33 f
  U381/X (SAEDRVT14_INV_S_0P5)             0.12       0.45 r
  U419/X (SAEDRVT14_OAI22_0P75)            0.06       0.51 f
  U422/X (SAEDRVT14_OAI22_1)               0.27       0.78 r
  U437/X (SAEDRVT14_AOI21_0P5)             0.11       0.89 f
  U438/X (SAEDRVT14_OAI21_4)               0.11       1.00 r
  out_data[0] (out)                        0.00       1.00 r
  data arrival time                                   1.00

  max_delay                                1.00       1.00
  output external delay                    0.00       1.00
  data required time                                  1.00
  -----------------------------------------------------------
  data required time                                  1.00
  data arrival time                                  -1.00
  -----------------------------------------------------------
  slack (MET)                                         0.00


1
