 
****************************************
Report : area
Design : fu_fp_min_max_64
Version: Y-2026.03-SP1
Date   : Tue Sep  8 23:10:46 2026
****************************************

Library(s) Used:

    saed14rvt_base_tt0p8v25c (File: /mnt/nas0/eda.libs/saed14/EDK_03_2025/SAED14nm_EDK_STD_RVT/liberty/nldm/base/saed14rvt_base_tt0p8v25c.db)

Number of ports:                          201
Number of nets:                           641
Number of cells:                          509
Number of combinational cells:            509
Number of sequential cells:                 0
Number of macros/black boxes:               0
Number of buf/inv:                        169
Number of references:                      61

Combinational area:                151.403998
Buf/Inv area:                       36.585599
Noncombinational area:               0.000000
Macro/Black Box area:                0.000000
Net Interconnect area:             211.743526

Total cell area:                   151.403998
Total area:                        363.147525
1
