 
****************************************
Report : timing
        -path full
        -delay max
        -max_paths 1
Design : fu_fp_min_max_64
Version: Y-2026.03-SP1
Date   : Tue Sep  8 23:10:46 2026
****************************************

Operating Conditions: tt0p8v25c   Library: saed14rvt_base_tt0p8v25c
Wire Load Model Mode: top

  Startpoint: in_data_1[13]
              (input port)
  Endpoint: out_data[2]
            (output port)
  Path Group: default
  Path Type: max

  Des/Clust/Port     Wire Load Model       Library
  ------------------------------------------------
  fu_fp_min_max_64   8000                  saed14rvt_base_tt0p8v25c

  Point                                    Incr       Path
  -----------------------------------------------------------
  input external delay                     0.00       0.00 f
  in_data_1[13] (in)                       0.00       0.00 f
  U377/X (SAEDRVT14_INV_S_2)               0.02       0.02 r
  U717/X (SAEDRVT14_ND2_0P5)               0.04       0.06 f
  U363/X (SAEDRVT14_ND2_1)                 0.04       0.10 r
  U493/X (SAEDRVT14_INV_S_0P5)             0.04       0.14 f
  U492/X (SAEDRVT14_NR2_MM_1)              0.04       0.17 r
  U408/X (SAEDRVT14_ND2_1P5)               0.02       0.20 f
  U730/X (SAEDRVT14_OAI21_V1_4)            0.02       0.21 r
  U732/X (SAEDRVT14_AOI21_V1_4)            0.02       0.23 f
  U735/X (SAEDRVT14_OAI21_V1_4)            0.02       0.25 r
  U350/X (SAEDRVT14_AOI21_V1_6)            0.02       0.27 f
  U738/X (SAEDRVT14_OAI21_V1_4)            0.02       0.29 r
  U405/X (SAEDRVT14_AOI21_6)               0.02       0.31 f
  U742/X (SAEDRVT14_OAI21_V1_4)            0.02       0.33 r
  U406/X (SAEDRVT14_AOI21_V1_6)            0.01       0.34 f
  U749/X (SAEDRVT14_OAI31_4)               0.04       0.38 r
  U763/X (SAEDRVT14_OAI21_V1_8)            0.01       0.39 f
  U774/X (SAEDRVT14_AOI21_V1_6)            0.02       0.41 r
  U777/X (SAEDRVT14_OAI21_V1_8)            0.01       0.42 f
  U778/X (SAEDRVT14_ND2_5)                 0.02       0.44 r
  U404/X (SAEDRVT14_OA21_4)                0.02       0.46 r
  U794/X (SAEDRVT14_ND2_3)                 0.01       0.47 f
  U795/X (SAEDRVT14_BUF_16)                0.02       0.50 f
  U796/X (SAEDRVT14_ND2_MM_10)             0.01       0.51 r
  U800/X (SAEDRVT14_INV_4)                 0.03       0.54 f
  U805/X (SAEDRVT14_INV_4)                 0.04       0.59 r
  U637/X (SAEDRVT14_OAI22_1)               0.04       0.62 f
  out_data[2] (out)                        0.00       0.62 f
  data arrival time                                   0.62

  max_delay                                0.62       0.62
  output external delay                    0.00       0.62
  data required time                                  0.62
  -----------------------------------------------------------
  data required time                                  0.62
  data arrival time                                  -0.62
  -----------------------------------------------------------
  slack (MET)                                         0.00


1
