 
****************************************
Report : area
Design : fu_barrel_shift_32x2
Version: Y-2026.03-SP1
Date   : Tue Sep  8 22:27:44 2026
****************************************

Library(s) Used:

    saed14rvt_base_tt0p8v25c (File: /mnt/nas0/eda.libs/saed14/EDK_03_2025/SAED14nm_EDK_STD_RVT/liberty/nldm/base/saed14rvt_base_tt0p8v25c.db)

Number of ports:                          202
Number of nets:                           971
Number of cells:                          887
Number of combinational cells:            887
Number of sequential cells:                 0
Number of macros/black boxes:               0
Number of buf/inv:                        155
Number of references:                      54

Combinational area:                266.799596
Buf/Inv area:                       40.448400
Noncombinational area:               0.000000
Macro/Black Box area:                0.000000
Net Interconnect area:             576.484487

Total cell area:                   266.799596
Total area:                        843.284083
1
