 
****************************************
Report : timing
        -path full
        -delay max
        -max_paths 1
Design : fu_barrel_shift_32x2
Version: Y-2026.03-SP1
Date   : Tue Sep  8 22:27:44 2026
****************************************

Operating Conditions: tt0p8v25c   Library: saed14rvt_base_tt0p8v25c
Wire Load Model Mode: top

  Startpoint: shift_op[0]
              (input port)
  Endpoint: out_data[38]
            (output port)
  Path Group: default
  Path Type: max

  Des/Clust/Port     Wire Load Model       Library
  ------------------------------------------------
  fu_barrel_shift_32x2
                     8000                  saed14rvt_base_tt0p8v25c

  Point                                    Incr       Path
  -----------------------------------------------------------
  input external delay                     0.00       0.00 f
  shift_op[0] (in)                         0.00       0.00 f
  U249/X (SAEDRVT14_INV_S_8)               0.01       0.01 r
  U91/X (SAEDRVT14_ND2_MM_10)              0.01       0.02 f
  U614/X (SAEDRVT14_OAI21_V1_8)            0.01       0.03 r
  U615/X (SAEDRVT14_BUF_20)                0.03       0.06 r
  U620/X (SAEDRVT14_ND2_0P5)               0.02       0.08 f
  U621/X (SAEDRVT14_MUXI2_4)               0.04       0.12 f
  U89/X (SAEDRVT14_INV_S_9)                0.01       0.13 r
  U622/X (SAEDRVT14_NR2_MM_6)              0.01       0.14 f
  U625/X (SAEDRVT14_ND2_CDC_1)             0.07       0.21 r
  U396/X (SAEDRVT14_BUF_1)                 0.25       0.46 r
  U677/X (SAEDRVT14_OAI22_0P5)             0.14       0.60 f
  U679/X (SAEDRVT14_OR4_1)                 0.05       0.65 f
  U680/X (SAEDRVT14_AOI21_0P5)             0.14       0.79 r
  U906/X (SAEDRVT14_OAI22_0P5)             0.11       0.89 f
  U907/X (SAEDRVT14_NR2_1)                 0.06       0.95 r
  U908/X (SAEDRVT14_OAI21_0P5)             0.05       1.00 f
  out_data[38] (out)                       0.00       1.00 f
  data arrival time                                   1.00

  max_delay                                1.00       1.00
  output external delay                    0.00       1.00
  data required time                                  1.00
  -----------------------------------------------------------
  data required time                                  1.00
  data arrival time                                  -1.00
  -----------------------------------------------------------
  slack (MET)                                         0.00


1
