 
****************************************
Report : area
Design : fu_abs_a3
Version: Y-2026.03-SP1
Date   : Tue Sep  8 21:36:17 2026
****************************************

Library(s) Used:

    saed14rvt_base_tt0p8v25c (File: /mnt/nas0/eda.libs/saed14/EDK_03_2025/SAED14nm_EDK_STD_RVT/liberty/nldm/base/saed14rvt_base_tt0p8v25c.db)

Number of ports:                          274
Number of nets:                           579
Number of cells:                          368
Number of combinational cells:            367
Number of sequential cells:                 0
Number of macros/black boxes:               0
Number of buf/inv:                         52
Number of references:                       1

Combinational area:                155.133602
Buf/Inv area:                       12.831600
Noncombinational area:               0.000000
Macro/Black Box area:                0.000000
Net Interconnect area:             180.305348

Total cell area:                   155.133602
Total area:                        335.438949
1
