 
****************************************
Report : area
Design : fu_fp_min_max_16x2
Version: Y-2026.03-SP1
Date   : Thu Oct  1 18:32:02 2026
****************************************

Library(s) Used:

    saed14rvt_base_tt0p8v25c (File: /mnt/nas0/eda.libs/saed14/EDK_03_2025/SAED14nm_EDK_STD_RVT/liberty/nldm/base/saed14rvt_base_tt0p8v25c.db)

Number of ports:                          202
Number of nets:                           250
Number of cells:                          181
Number of combinational cells:            181
Number of sequential cells:                 0
Number of macros/black boxes:               0
Number of buf/inv:                         60
Number of references:                      47

Combinational area:                 66.866399
Buf/Inv area:                       13.586400
Noncombinational area:               0.000000
Macro/Black Box area:                0.000000
Net Interconnect area:             113.306038

Total cell area:                    66.866399
Total area:                        180.172437
1
