 
****************************************
Report : timing
        -path full
        -delay max
        -max_paths 1
Design : fu_bshift_bs3
Version: Y-2026.03-SP1
Date   : Wed Sep 30 18:26:10 2026
****************************************

Operating Conditions: tt0p8v25c   Library: saed14rvt_base_tt0p8v25c
Wire Load Model Mode: top

  Startpoint: shift_op[1]
              (input port)
  Endpoint: out_data[1]
            (output port)
  Path Group: default
  Path Type: max

  Des/Clust/Port     Wire Load Model       Library
  ------------------------------------------------
  fu_bshift_bs3      8000                  saed14rvt_base_tt0p8v25c

  Point                                                   Incr       Path
  --------------------------------------------------------------------------
  input external delay                                    0.00       0.00 r
  shift_op[1] (in)                                        0.00       0.00 r
  core/shift_op[1] (fu_barrel_shift_dec)                  0.00       0.00 r
  core/U563/X (SAEDRVT14_INV_S_5)                         0.00       0.00 f
  core/U549/X (SAEDRVT14_AN2_MM_4)                        0.02       0.02 f
  core/U548/X (SAEDRVT14_OR2_MM_20)                       0.03       0.05 f
  core/U909/X (SAEDRVT14_ND2_4)                           0.02       0.06 r
  core/U915/X (SAEDRVT14_BUF_6)                           0.04       0.10 r
  core/U918/X (SAEDRVT14_OR2_1)                           0.03       0.13 r
  core/U920/X (SAEDRVT14_AN2_MM_2)                        0.04       0.17 r
  core/U936/X (SAEDRVT14_INV_S_1)                         0.03       0.20 f
  core/U937/X (SAEDRVT14_ND2_CDC_2)                       0.02       0.21 r
  core/U938/X (SAEDRVT14_AN3_2)                           0.04       0.25 r
  core/U1234/X (SAEDRVT14_NR2_1P5)                        0.03       0.28 f
  core/U398/X (SAEDRVT14_AOI21_0P5)                       0.04       0.32 r
  core/U1235/X (SAEDRVT14_OAI21_V1_4)                     0.05       0.37 f
  core/U1322/X (SAEDRVT14_INV_S_1)                        0.03       0.40 r
  core/U293/X (SAEDRVT14_OAI22_3)                         0.02       0.43 f
  core/U292/X (SAEDRVT14_BUF_8)                           0.03       0.45 f
  core/U22/X (SAEDRVT14_AOI21_V1_4)                       0.01       0.47 r
  core/U540/X (SAEDRVT14_OAI21_0P5)                       0.03       0.50 f
  core/out_data[1] (fu_barrel_shift_dec)                  0.00       0.50 f
  out_data[1] (out)                                       0.00       0.50 f
  data arrival time                                                  0.50

  max_delay                                               0.50       0.50
  output external delay                                   0.00       0.50
  data required time                                                 0.50
  --------------------------------------------------------------------------
  data required time                                                 0.50
  data arrival time                                                 -0.50
  --------------------------------------------------------------------------
  slack (MET)                                                        0.00


1
