 
****************************************
Report : area
Design : fu_bshift_bs2
Version: Y-2026.03-SP1
Date   : Tue Sep 15 23:19:53 2026
****************************************

Library(s) Used:

    saed14rvt_base_tt0p8v25c (File: /mnt/nas0/eda.libs/saed14/EDK_03_2025/SAED14nm_EDK_STD_RVT/liberty/nldm/base/saed14rvt_base_tt0p8v25c.db)

Number of ports:                          407
Number of nets:                          1540
Number of cells:                         1306
Number of combinational cells:           1305
Number of sequential cells:                 0
Number of macros/black boxes:               0
Number of buf/inv:                        300
Number of references:                       1

Combinational area:                607.702795
Buf/Inv area:                      101.054399
Noncombinational area:               0.000000
Macro/Black Box area:                0.000000
Net Interconnect area:             664.159793

Total cell area:                   607.702795
Total area:                       1271.862588
1
