 
****************************************
Report : timing
        -path full
        -delay max
        -max_paths 1
Design : fu_abs_32x2
Version: Y-2026.03-SP1
Date   : Tue Sep  8 22:31:20 2026
****************************************

Operating Conditions: tt0p8v25c   Library: saed14rvt_base_tt0p8v25c
Wire Load Model Mode: top

  Startpoint: in_data_0[31]
              (input port)
  Endpoint: out_data[22]
            (output port)
  Path Group: default
  Path Type: max

  Des/Clust/Port     Wire Load Model       Library
  ------------------------------------------------
  fu_abs_32x2        8000                  saed14rvt_base_tt0p8v25c

  Point                                    Incr       Path
  -----------------------------------------------------------
  input external delay                     0.00       0.00 f
  in_data_0[31] (in)                       0.00       0.00 f
  U468/X (SAEDRVT14_EO2_1)                 0.07       0.07 r
  U434/X (SAEDRVT14_ND2_CDC_1)             0.04       0.11 f
  U475/X (SAEDRVT14_NR2_1P5)               0.03       0.14 r
  U476/X (SAEDRVT14_ND2_CDC_2)             0.03       0.17 f
  U499/X (SAEDRVT14_NR2_MM_3)              0.03       0.21 r
  U500/X (SAEDRVT14_INV_3)                 0.05       0.25 f
  U541/X (SAEDRVT14_NR2_1P5)               0.05       0.30 r
  U547/X (SAEDRVT14_INV_S_1)               0.04       0.35 f
  U549/X (SAEDRVT14_NR2_1P5)               0.05       0.40 r
  U556/X (SAEDRVT14_ND2_CDC_2)             0.02       0.42 f
  U207/X (SAEDRVT14_EO2_1)                 0.04       0.46 r
  U208/X (SAEDRVT14_MUX2_MM_0P5)           0.04       0.50 r
  out_data[22] (out)                       0.00       0.50 r
  data arrival time                                   0.50

  max_delay                                0.50       0.50
  output external delay                    0.00       0.50
  data required time                                  0.50
  -----------------------------------------------------------
  data required time                                  0.50
  data arrival time                                  -0.50
  -----------------------------------------------------------
  slack (MET)                                         0.00


1
