 
****************************************
Report : area
Design : fu_abs_32x2
Version: Y-2026.03-SP1
Date   : Tue Sep  8 22:31:20 2026
****************************************

Library(s) Used:

    saed14rvt_base_tt0p8v25c (File: /mnt/nas0/eda.libs/saed14/EDK_03_2025/SAED14nm_EDK_STD_RVT/liberty/nldm/base/saed14rvt_base_tt0p8v25c.db)

Number of ports:                          135
Number of nets:                           433
Number of cells:                          366
Number of combinational cells:            366
Number of sequential cells:                 0
Number of macros/black boxes:               0
Number of buf/inv:                         73
Number of references:                      27

Combinational area:                132.978001
Buf/Inv area:                       13.275600
Noncombinational area:               0.000000
Macro/Black Box area:                0.000000
Net Interconnect area:             189.889497

Total cell area:                   132.978001
Total area:                        322.867498
1
