****************************************
Report : Averaged Power
Design : fu_barrel_shift_16x4
Version: Y-2026.03-SP1
Date   : Wed Sep 30 18:50:03 2026
****************************************



  Attributes
  ----------
      i  -  Including register clock pin internal power
      u  -  User defined power group

                        Internal  Switching  Leakage    Total
Power Group             Power     Power      Power      Power   (     %)  Attrs
--------------------------------------------------------------------------------
clock_network              0.0000    0.0000    0.0000    0.0000 ( 0.00%)  i
register                   0.0000    0.0000    0.0000    0.0000 ( 0.00%)  
combinational           4.623e-04 4.448e-03 1.419e-07 4.911e-03 (100.00%) 
sequential                 0.0000    0.0000    0.0000    0.0000 ( 0.00%)  
memory                     0.0000    0.0000    0.0000    0.0000 ( 0.00%)  
io_pad                     0.0000    0.0000    0.0000    0.0000 ( 0.00%)  
black_box                  0.0000    0.0000    0.0000    0.0000 ( 0.00%)  

  Net Switching Power  = 4.448e-03   (90.58%)
  Cell Internal Power  = 4.623e-04   ( 9.41%)
  Cell Leakage Power   = 1.419e-07   ( 0.00%)
                         ---------
Total Power            = 4.911e-03  (100.00%)

1
