 
****************************************
Report : area
Design : fu_add_sub_32x2
Version: Y-2026.03-SP1
Date   : Tue Sep  8 22:01:40 2026
****************************************

Library(s) Used:

    saed14rvt_base_tt0p8v25c (File: /mnt/nas0/eda.libs/saed14/EDK_03_2025/SAED14nm_EDK_STD_RVT/liberty/nldm/base/saed14rvt_base_tt0p8v25c.db)

Number of ports:                          202
Number of nets:                           897
Number of cells:                          761
Number of combinational cells:            761
Number of sequential cells:                 0
Number of macros/black boxes:               0
Number of buf/inv:                        105
Number of references:                      62

Combinational area:                312.931203
Buf/Inv area:                       24.109200
Noncombinational area:               0.000000
Macro/Black Box area:                0.000000
Net Interconnect area:             345.816367

Total cell area:                   312.931203
Total area:                        658.747570
1
