 
****************************************
Report : area
Design : fu_min_max_32x2
Version: Y-2026.03-SP1
Date   : Tue Sep  8 23:09:11 2026
****************************************

Library(s) Used:

    saed14rvt_base_tt0p8v25c (File: /mnt/nas0/eda.libs/saed14/EDK_03_2025/SAED14nm_EDK_STD_RVT/liberty/nldm/base/saed14rvt_base_tt0p8v25c.db)

Number of ports:                          203
Number of nets:                           525
Number of cells:                          391
Number of combinational cells:            391
Number of sequential cells:                 0
Number of macros/black boxes:               0
Number of buf/inv:                         69
Number of references:                      17

Combinational area:                106.293601
Buf/Inv area:                       15.184800
Noncombinational area:               0.000000
Macro/Black Box area:                0.000000
Net Interconnect area:             148.615294

Total cell area:                   106.293601
Total area:                        254.908895
1
