 
****************************************
Report : timing
        -path full
        -delay max
        -max_paths 1
Design : fu_min_max_32x2
Version: Y-2026.03-SP1
Date   : Tue Sep  8 23:09:11 2026
****************************************

Operating Conditions: tt0p8v25c   Library: saed14rvt_base_tt0p8v25c
Wire Load Model Mode: top

  Startpoint: in_data_0[15]
              (input port)
  Endpoint: out_data[0]
            (output port)
  Path Group: default
  Path Type: max

  Des/Clust/Port     Wire Load Model       Library
  ------------------------------------------------
  fu_min_max_32x2    8000                  saed14rvt_base_tt0p8v25c

  Point                                    Incr       Path
  -----------------------------------------------------------
  input external delay                     0.00       0.00 f
  in_data_0[15] (in)                       0.00       0.00 f
  U431/X (SAEDRVT14_INV_S_0P5)             0.05       0.05 r
  U432/X (SAEDRVT14_NR2_MM_1)              0.06       0.11 f
  U433/X (SAEDRVT14_NR2_1)                 0.08       0.19 r
  U204/X (SAEDRVT14_ND2_CDC_1)             0.07       0.27 f
  U216/X (SAEDRVT14_NR2_1)                 0.09       0.35 r
  U252/X (SAEDRVT14_AOI21_0P5)             0.05       0.41 f
  U371/X (SAEDRVT14_OAI21_0P5)             0.04       0.44 r
  U372/X (SAEDRVT14_OR2_1)                 0.03       0.48 r
  U94/X (SAEDRVT14_EN2_1P5)                0.05       0.53 f
  U82/X (SAEDRVT14_BUF_8)                  0.05       0.58 f
  U306/X (SAEDRVT14_MUX2_MM_0P5)           0.05       0.62 r
  out_data[0] (out)                        0.00       0.62 r
  data arrival time                                   0.62

  max_delay                                0.62       0.62
  output external delay                    0.00       0.62
  data required time                                  0.62
  -----------------------------------------------------------
  data required time                                  0.62
  data arrival time                                  -0.62
  -----------------------------------------------------------
  slack (MET)                                         0.00


1
