 
****************************************
Report : timing
        -path full
        -delay max
        -max_paths 1
Design : fu_abs_16x4
Version: Y-2026.03-SP1
Date   : Wed Sep 30 12:19:25 2026
****************************************

Operating Conditions: tt0p8v25c   Library: saed14rvt_base_tt0p8v25c
Wire Load Model Mode: top

  Startpoint: in_data_0[47]
              (input port)
  Endpoint: out_data[46]
            (output port)
  Path Group: default
  Path Type: max

  Des/Clust/Port     Wire Load Model       Library
  ------------------------------------------------
  fu_abs_16x4        8000                  saed14rvt_base_tt0p8v25c

  Point                                    Incr       Path
  -----------------------------------------------------------
  input external delay                     0.00       0.00 r
  in_data_0[47] (in)                       0.00       0.00 r
  U317/X (SAEDRVT14_INV_S_1)               0.02       0.02 f
  U318/X (SAEDRVT14_OR4_1)                 0.05       0.07 f
  U319/X (SAEDRVT14_NR2_MM_3)              0.03       0.10 r
  U339/X (SAEDRVT14_ND2B_U_0P5)            0.09       0.20 f
  U284/X (SAEDRVT14_NR2_MM_3)              0.05       0.25 r
  U353/X (SAEDRVT14_ND2B_U_0P5)            0.10       0.34 f
  U291/X (SAEDRVT14_NR2_MM_1)              0.08       0.42 r
  U441/X (SAEDRVT14_ND2B_U_0P5)            0.12       0.54 f
  U442/X (SAEDRVT14_NR2_MM_4)              0.04       0.58 r
  U474/X (SAEDRVT14_ND2B_U_0P5)            0.10       0.68 f
  U475/X (SAEDRVT14_NR2_MM_4)              0.04       0.72 r
  U485/X (SAEDRVT14_ND2B_U_0P5)            0.10       0.82 f
  U486/X (SAEDRVT14_NR2_5)                 0.05       0.87 r
  U487/X (SAEDRVT14_AOI21_0P5)             0.03       0.89 f
  U488/X (SAEDRVT14_OAI21_0P5)             0.05       0.95 r
  U489/X (SAEDRVT14_OAI21_0P5)             0.05       1.00 f
  out_data[46] (out)                       0.00       1.00 f
  data arrival time                                   1.00

  max_delay                                1.00       1.00
  output external delay                    0.00       1.00
  data required time                                  1.00
  -----------------------------------------------------------
  data required time                                  1.00
  data arrival time                                  -1.00
  -----------------------------------------------------------
  slack (MET)                                         0.00


1
