 
****************************************
Report : area
Design : fu_fp_cmp_g1
Version: Y-2026.03-SP1
Date   : Tue Sep 29 15:19:35 2026
****************************************

Library(s) Used:

    saed14rvt_base_tt0p8v25c (File: /mnt/nas0/eda.libs/saed14/EDK_03_2025/SAED14nm_EDK_STD_RVT/liberty/nldm/base/saed14rvt_base_tt0p8v25c.db)

Number of ports:                          410
Number of nets:                           674
Number of cells:                          338
Number of combinational cells:            337
Number of sequential cells:                 0
Number of macros/black boxes:               0
Number of buf/inv:                         99
Number of references:                       1

Combinational area:                105.139199
Buf/Inv area:                       18.514800
Noncombinational area:               0.000000
Macro/Black Box area:                0.000000
Net Interconnect area:             164.754254

Total cell area:                   105.139199
Total area:                        269.893453
1
