****************************************
Report : Averaged Power
Design : fu_rounding_16x4
Version: Y-2026.03-SP1
Date   : Wed Sep 30 18:52:34 2026
****************************************



  Attributes
  ----------
      i  -  Including register clock pin internal power
      u  -  User defined power group

                        Internal  Switching  Leakage    Total
Power Group             Power     Power      Power      Power   (     %)  Attrs
--------------------------------------------------------------------------------
clock_network              0.0000    0.0000    0.0000    0.0000 ( 0.00%)  i
register                   0.0000    0.0000    0.0000    0.0000 ( 0.00%)  
combinational           1.312e-04 1.164e-03 1.064e-07 1.296e-03 (100.00%) 
sequential                 0.0000    0.0000    0.0000    0.0000 ( 0.00%)  
memory                     0.0000    0.0000    0.0000    0.0000 ( 0.00%)  
io_pad                     0.0000    0.0000    0.0000    0.0000 ( 0.00%)  
black_box                  0.0000    0.0000    0.0000    0.0000 ( 0.00%)  

  Net Switching Power  = 1.164e-03   (89.86%)
  Cell Internal Power  = 1.312e-04   (10.13%)
  Cell Leakage Power   = 1.064e-07   ( 0.01%)
                         ---------
Total Power            = 1.296e-03  (100.00%)

1
