 
****************************************
Report : timing
        -path full
        -delay max
        -max_paths 1
Design : fu_mult_decomp
Version: Y-2026.03-SP1
Date   : Tue Sep  8 21:22:51 2026
****************************************

Operating Conditions: tt0p8v25c   Library: saed14rvt_base_tt0p8v25c
Wire Load Model Mode: top

  Startpoint: in_data_1[2]
              (input port)
  Endpoint: out_data[51]
            (output port)
  Path Group: default
  Path Type: max

  Des/Clust/Port     Wire Load Model       Library
  ------------------------------------------------
  fu_mult_decomp     8000                  saed14rvt_base_tt0p8v25c

  Point                                                   Incr       Path
  --------------------------------------------------------------------------
  input external delay                                    0.00       0.00 r
  in_data_1[2] (in)                                       0.00       0.00 r
  u_kar_lo/b[2] (fu_mult_karatsuba_32_full_1)             0.00       0.00 r
  u_kar_lo/U2901/X (SAEDRVT14_INV_S_20)                   0.02       0.02 f
  u_kar_lo/U883/X (SAEDRVT14_NR2_1)                       0.05       0.07 r
  u_kar_lo/U819/S (SAEDRVT14_ADDF_V1_2)                   0.06       0.13 f
  u_kar_lo/U3163/CO (SAEDRVT14_ADDF_V2_2)                 0.02       0.16 f
  u_kar_lo/U3158/S (SAEDRVT14_ADDF_V2_2)                  0.05       0.21 r
  u_kar_lo/U687/X (SAEDRVT14_OR2_MM_8)                    0.03       0.23 r
  u_kar_lo/U589/X (SAEDRVT14_ND2_MM_6)                    0.01       0.24 f
  u_kar_lo/U2350/X (SAEDRVT14_EN2_2)                      0.09       0.33 r
  u_kar_lo/U2578/X (SAEDRVT14_INV_S_8)                    0.02       0.35 f
  u_kar_lo/U2576/X (SAEDRVT14_ND2_6)                      0.01       0.36 r
  u_kar_lo/U2575/X (SAEDRVT14_OAI21_V1_8)                 0.02       0.38 f
  u_kar_lo/U2479/X (SAEDRVT14_INV_4)                      0.01       0.40 r
  u_kar_lo/U2478/X (SAEDRVT14_NR2_MM_6)                   0.01       0.41 f
  u_kar_lo/U2477/X (SAEDRVT14_ND2_8)                      0.01       0.42 r
  u_kar_lo/U2476/X (SAEDRVT14_ND2_16)                     0.01       0.43 f
  u_kar_lo/U1312/X (SAEDRVT14_ND2_8)                      0.01       0.43 r
  u_kar_lo/U1311/X (SAEDRVT14_ND2_8)                      0.01       0.44 f
  u_kar_lo/U1310/X (SAEDRVT14_EN2_4)                      0.03       0.48 f
  u_kar_lo/U1361/X (SAEDRVT14_ND2_8)                      0.02       0.49 r
  u_kar_lo/U1162/X (SAEDRVT14_OAI21_V1_8)                 0.01       0.51 f
  u_kar_lo/U1161/X (SAEDRVT14_AOI21_8)                    0.02       0.53 r
  u_kar_lo/U1160/X (SAEDRVT14_OAI21_V1_8)                 0.02       0.55 f
  u_kar_lo/U1157/X (SAEDRVT14_AOI21_8)                    0.02       0.57 r
  u_kar_lo/U1223/X (SAEDRVT14_OAI21_V1_8)                 0.02       0.59 f
  u_kar_lo/U1155/X (SAEDRVT14_ND2_MM_10)                  0.01       0.60 r
  u_kar_lo/U1154/X (SAEDRVT14_ND2_16)                     0.01       0.61 f
  u_kar_lo/U1225/X (SAEDRVT14_ND2_16)                     0.01       0.62 r
  u_kar_lo/U1323/X (SAEDRVT14_ND2_16)                     0.01       0.63 f
  u_kar_lo/U1327/X (SAEDRVT14_ND2_16)                     0.01       0.64 r
  u_kar_lo/U138/X (SAEDRVT14_ND2_6)                       0.01       0.65 f
  u_kar_lo/U1329/X (SAEDRVT14_ND2_16)                     0.01       0.66 r
  u_kar_lo/U1141/X (SAEDRVT14_ND2_MM_16)                  0.01       0.67 f
  u_kar_lo/U1186/X (SAEDRVT14_ND2_8)                      0.01       0.68 r
  u_kar_lo/U110/X (SAEDRVT14_ND2_4)                       0.01       0.69 f
  u_kar_lo/U1190/X (SAEDRVT14_OR2_MM_8)                   0.02       0.71 f
  u_kar_lo/U1633/X (SAEDRVT14_ND2_5)                      0.01       0.72 r
  u_kar_lo/U1632/X (SAEDRVT14_OAI21_V1_8)                 0.02       0.74 f
  u_kar_lo/U77/X (SAEDRVT14_INV_S_8)                      0.01       0.75 r
  u_kar_lo/U1174/X (SAEDRVT14_ND2_MM_16)                  0.01       0.76 f
  u_kar_lo/U1437/X (SAEDRVT14_INV_S_8)                    0.01       0.77 r
  u_kar_lo/U1637/X (SAEDRVT14_OAI21_V1_8)                 0.01       0.78 f
  u_kar_lo/U55/X (SAEDRVT14_NR2_MM_6)                     0.01       0.79 r
  u_kar_lo/U1636/X (SAEDRVT14_EN2_4)                      0.03       0.82 f
  u_kar_lo/product[46] (fu_mult_karatsuba_32_full_1)      0.00       0.82 f
  U186/X (SAEDRVT14_ND2_5)                                0.02       0.83 r
  U173/X (SAEDRVT14_ND2_6)                                0.01       0.85 f
  U629/X (SAEDRVT14_ND2_8)                                0.01       0.86 r
  U575/X (SAEDRVT14_NR2_MM_10)                            0.01       0.87 f
  U165/X (SAEDRVT14_NR2_MM_8)                             0.01       0.88 r
  U462/X (SAEDRVT14_ND2_8)                                0.01       0.88 f
  U458/X (SAEDRVT14_NR2_MM_16)                            0.01       0.89 r
  U454/X (SAEDRVT14_NR2_MM_16)                            0.01       0.90 f
  U495/X (SAEDRVT14_NR2_MM_10)                            0.01       0.91 r
  U1635/X (SAEDRVT14_INV_S_10)                            0.01       0.92 f
  U122/X (SAEDRVT14_AOI21_V1_6)                           0.01       0.94 r
  U77/X (SAEDRVT14_EO2_2)                                 0.03       0.97 f
  U2234/X (SAEDRVT14_AO222_4)                             0.03       1.00 f
  out_data[51] (out)                                      0.00       1.00 f
  data arrival time                                                  1.00

  max_delay                                               1.00       1.00
  output external delay                                   0.00       1.00
  data required time                                                 1.00
  --------------------------------------------------------------------------
  data required time                                                 1.00
  data arrival time                                                 -1.00
  --------------------------------------------------------------------------
  slack (MET)                                                        0.00


1
