 
****************************************
Report : area
Design : fu_mult_decomp
Version: Y-2026.03-SP1
Date   : Tue Sep  8 21:22:50 2026
****************************************

Library(s) Used:

    saed14rvt_base_tt0p8v25c (File: /mnt/nas0/eda.libs/saed14/EDK_03_2025/SAED14nm_EDK_STD_RVT/liberty/nldm/base/saed14rvt_base_tt0p8v25c.db)

Number of ports:                          522
Number of nets:                          9615
Number of cells:                         8282
Number of combinational cells:           8280
Number of sequential cells:                 0
Number of macros/black boxes:               0
Number of buf/inv:                       1624
Number of references:                     151

Combinational area:               4982.701168
Buf/Inv area:                      600.998393
Noncombinational area:               0.000000
Macro/Black Box area:                0.000000
Net Interconnect area:            3630.937895

Total cell area:                  4982.701168
Total area:                       8613.639064
1
