 
****************************************
Report : timing
        -path full
        -delay max
        -max_paths 1
Design : fu_add_sub_d2
Version: Y-2026.03-SP1
Date   : Wed Sep 30 12:08:31 2026
****************************************

Operating Conditions: tt0p8v25c   Library: saed14rvt_base_tt0p8v25c
Wire Load Model Mode: top

  Startpoint: mode[1] (input port)
  Endpoint: out_data[58]
            (output port)
  Path Group: default
  Path Type: max

  Des/Clust/Port     Wire Load Model       Library
  ------------------------------------------------
  fu_add_sub_d2      8000                  saed14rvt_base_tt0p8v25c

  Point                                                   Incr       Path
  --------------------------------------------------------------------------
  input external delay                                    0.00       0.00 f
  mode[1] (in)                                            0.00       0.00 f
  core/mode[1] (fu_add_sub_dec_EN321_EN160_EN80)          0.00       0.00 f
  core/segmented/mode[1] (fu_add_sub_segmented_1_0_0)     0.00       0.00 f
  core/segmented/U45/X (SAEDRVT14_INV_S_2)                0.01       0.01 r
  core/segmented/U88/X (SAEDRVT14_ND2_CDC_2)              0.03       0.03 f
  core/segmented/U89/X (SAEDRVT14_MUX2_2)                 0.04       0.08 r
  core/segmented/U90/X (SAEDRVT14_INV_S_1)                0.03       0.11 f
  core/segmented/U91/X (SAEDRVT14_INV_S_2)                0.10       0.21 r
  core/segmented/U140/X (SAEDRVT14_EO2_1)                 0.07       0.28 f
  core/segmented/U141/X (SAEDRVT14_NR2_MM_1)              0.09       0.38 r
  core/segmented/U279/X (SAEDRVT14_OAI21_1)               0.11       0.48 f
  core/segmented/U22/X (SAEDRVT14_AOI21_3)                0.05       0.53 r
  core/segmented/U285/X (SAEDRVT14_OAI21_0P5)             0.07       0.60 f
  core/segmented/U288/X (SAEDRVT14_AOI21_0P5)             0.09       0.70 r
  core/segmented/U290/X (SAEDRVT14_OAI21_0P5)             0.09       0.78 f
  core/segmented/U62/X (SAEDRVT14_AO21_1)                 0.04       0.83 f
  core/segmented/U16/X (SAEDRVT14_INV_S_1)                0.02       0.85 r
  core/segmented/U50/X (SAEDRVT14_OA21_4)                 0.03       0.87 r
  core/segmented/U293/X (SAEDRVT14_INV_S_8)               0.03       0.90 f
  core/segmented/U14/X (SAEDRVT14_AOI21_V1_8)             0.02       0.92 r
  core/segmented/U52/X (SAEDRVT14_INV_S_8)                0.03       0.95 f
  core/segmented/U12/X (SAEDRVT14_AOI21_V1_4)             0.02       0.97 r
  core/segmented/U318/X (SAEDRVT14_EO2_V1_1P5)            0.03       1.00 f
  core/segmented/sum_out[58] (fu_add_sub_segmented_1_0_0)
                                                          0.00       1.00 f
  core/out_data[58] (fu_add_sub_dec_EN321_EN160_EN80)     0.00       1.00 f
  out_data[58] (out)                                      0.00       1.00 f
  data arrival time                                                  1.00

  max_delay                                               1.00       1.00
  output external delay                                   0.00       1.00
  data required time                                                 1.00
  --------------------------------------------------------------------------
  data required time                                                 1.00
  data arrival time                                                 -1.00
  --------------------------------------------------------------------------
  slack (MET)                                                        0.00


1
