****************************************
Report : Averaged Power
Design : fu_abs_a3
Version: Y-2026.03-SP1
Date   : Wed Sep 30 18:48:47 2026
****************************************



  Attributes
  ----------
      i  -  Including register clock pin internal power
      u  -  User defined power group

                        Internal  Switching  Leakage    Total
Power Group             Power     Power      Power      Power   (     %)  Attrs
--------------------------------------------------------------------------------
clock_network              0.0000    0.0000    0.0000    0.0000 ( 0.00%)  i
register                   0.0000    0.0000    0.0000    0.0000 ( 0.00%)  
combinational           1.416e-04 7.348e-04 6.205e-08 8.764e-04 (100.00%) 
sequential                 0.0000    0.0000    0.0000    0.0000 ( 0.00%)  
memory                     0.0000    0.0000    0.0000    0.0000 ( 0.00%)  
io_pad                     0.0000    0.0000    0.0000    0.0000 ( 0.00%)  
black_box                  0.0000    0.0000    0.0000    0.0000 ( 0.00%)  

  Net Switching Power  = 7.348e-04   (83.84%)
  Cell Internal Power  = 1.416e-04   (16.16%)
  Cell Leakage Power   = 6.205e-08   ( 0.01%)
                         ---------
Total Power            = 8.764e-04  (100.00%)

1
