 
****************************************
Report : timing
        -path full
        -delay max
        -max_paths 1
Design : fu_add_sub_d4
Version: Y-2026.03-SP1
Date   : Tue Sep  8 21:20:08 2026
****************************************

Operating Conditions: tt0p8v25c   Library: saed14rvt_base_tt0p8v25c
Wire Load Model Mode: top

  Startpoint: mode[0] (input port)
  Endpoint: out_data[60]
            (output port)
  Path Group: default
  Path Type: max

  Des/Clust/Port     Wire Load Model       Library
  ------------------------------------------------
  fu_add_sub_d4      8000                  saed14rvt_base_tt0p8v25c

  Point                                                   Incr       Path
  --------------------------------------------------------------------------
  input external delay                                    0.00       0.00 r
  mode[0] (in)                                            0.00       0.00 r
  core/mode[0] (fu_add_sub_dec_EN321_EN161_EN80)          0.00       0.00 r
  core/U396/X (SAEDRVT14_INV_S_16)                        0.00       0.00 f
  core/U397/X (SAEDRVT14_ND2_8)                           0.02       0.02 r
  core/U407/X (SAEDRVT14_MUX2_MM_4)                       0.03       0.05 f
  core/U408/X (SAEDRVT14_INV_S_20)                        0.01       0.06 r
  core/U410/X (SAEDRVT14_INV_S_20)                        0.01       0.07 f
  core/U429/X (SAEDRVT14_EO2_3)                           0.03       0.11 r
  core/U430/X (SAEDRVT14_NR2_1P5)                         0.05       0.16 f
  core/U431/X (SAEDRVT14_INV_6)                           0.02       0.18 r
  core/U224/X (SAEDRVT14_ND2_CDC_2)                       0.04       0.21 f
  core/U432/X (SAEDRVT14_NR2_MM_4)                        0.04       0.26 r
  core/U442/X (SAEDRVT14_AN2_2)                           0.03       0.29 r
  core/U474/X (SAEDRVT14_AOI21_8)                         0.02       0.30 f
  core/U475/X (SAEDRVT14_OR2_4)                           0.02       0.32 f
  core/U476/X (SAEDRVT14_AO31_4)                          0.02       0.35 f
  core/U480/X (SAEDRVT14_OAI21_V1_8)                      0.01       0.36 r
  core/U490/X (SAEDRVT14_AO21_4)                          0.02       0.38 r
  core/U491/X (SAEDRVT14_MUX2_MM_4)                       0.02       0.40 r
  core/U369/X (SAEDRVT14_INV_6)                           0.01       0.41 f
  core/U500/X (SAEDRVT14_OA21_4)                          0.03       0.44 f
  core/U501/X (SAEDRVT14_INV_S_20)                        0.02       0.45 r
  core/U80/X (SAEDRVT14_AOI21_3)                          0.02       0.47 f
  core/U517/X (SAEDRVT14_EN2_4)                           0.03       0.50 f
  core/out_data[60] (fu_add_sub_dec_EN321_EN161_EN80)     0.00       0.50 f
  out_data[60] (out)                                      0.00       0.50 f
  data arrival time                                                  0.50

  max_delay                                               0.50       0.50
  output external delay                                   0.00       0.50
  data required time                                                 0.50
  --------------------------------------------------------------------------
  data required time                                                 0.50
  data arrival time                                                 -0.50
  --------------------------------------------------------------------------
  slack (MET)                                                        0.00


1
