 
****************************************
Report : area
Design : fu_add_sub_d4
Version: Y-2026.03-SP1
Date   : Tue Sep  8 21:20:08 2026
****************************************

Library(s) Used:

    saed14rvt_base_tt0p8v25c (File: /mnt/nas0/eda.libs/saed14/EDK_03_2025/SAED14nm_EDK_STD_RVT/liberty/nldm/base/saed14rvt_base_tt0p8v25c.db)

Number of ports:                          420
Number of nets:                           976
Number of cells:                          628
Number of combinational cells:            627
Number of sequential cells:                 0
Number of macros/black boxes:               0
Number of buf/inv:                        146
Number of references:                       1

Combinational area:                281.984400
Buf/Inv area:                       42.002399
Noncombinational area:               0.000000
Macro/Black Box area:                0.000000
Net Interconnect area:             215.204286

Total cell area:                   281.984400
Total area:                        497.188686
1
