 
****************************************
Report : timing
        -path full
        -delay max
        -max_paths 1
Design : fu_bshift_bs1
Version: Y-2026.03-SP1
Date   : Tue Sep  8 22:26:28 2026
****************************************

Operating Conditions: tt0p8v25c   Library: saed14rvt_base_tt0p8v25c
Wire Load Model Mode: top

  Startpoint: shift_op[1]
              (input port)
  Endpoint: out_data[22]
            (output port)
  Path Group: default
  Path Type: max

  Des/Clust/Port     Wire Load Model       Library
  ------------------------------------------------
  fu_bshift_bs1      8000                  saed14rvt_base_tt0p8v25c

  Point                                                   Incr       Path
  --------------------------------------------------------------------------
  input external delay                                    0.00       0.00 f
  shift_op[1] (in)                                        0.00       0.00 f
  core/shift_op[1] (fu_barrel_shift_dec)                  0.00       0.00 f
  core/U532/X (SAEDRVT14_EN2_4)                           0.05       0.05 r
  core/U545/X (SAEDRVT14_NR2_MM_4)                        0.03       0.08 f
  core/U75/X (SAEDRVT14_INV_S_16)                         0.02       0.10 r
  core/U558/X (SAEDRVT14_BUF_12)                          0.04       0.14 r
  core/U61/X (SAEDRVT14_OAI22_0P75)                       0.04       0.18 f
  core/U582/X (SAEDRVT14_AOI21_0P5)                       0.11       0.29 r
  core/U358/X (SAEDRVT14_OAI22_1)                         0.06       0.35 f
  core/U755/X (SAEDRVT14_AOI21_0P5)                       0.12       0.47 r
  core/U81/X (SAEDRVT14_OAI22_1)                          0.06       0.53 f
  core/U100/X (SAEDRVT14_AOI21_1P5)                       0.07       0.60 r
  core/U99/X (SAEDRVT14_OAI22_1)                          0.05       0.66 f
  core/U787/X (SAEDRVT14_OA21B_2)                         0.08       0.74 r
  core/U788/X (SAEDRVT14_AOI21_0P5)                       0.06       0.80 f
  core/U789/X (SAEDRVT14_AOI21_6)                         0.04       0.84 r
  core/U420/X (SAEDRVT14_OAI22_0P75)                      0.05       0.89 f
  core/U419/X (SAEDRVT14_AOI21_0P5)                       0.06       0.94 r
  core/U790/X (SAEDRVT14_OAI21_0P5)                       0.06       1.00 f
  core/out_data[22] (fu_barrel_shift_dec)                 0.00       1.00 f
  out_data[22] (out)                                      0.00       1.00 f
  data arrival time                                                  1.00

  max_delay                                               1.00       1.00
  output external delay                                   0.00       1.00
  data required time                                                 1.00
  --------------------------------------------------------------------------
  data required time                                                 1.00
  data arrival time                                                 -1.00
  --------------------------------------------------------------------------
  slack (MET)                                                        0.00


1
