 
****************************************
Report : timing
        -path full
        -delay max
        -max_paths 1
Design : fu_abs_16x4
Version: Y-2026.03-SP1
Date   : Tue Sep  8 22:32:17 2026
****************************************

Operating Conditions: tt0p8v25c   Library: saed14rvt_base_tt0p8v25c
Wire Load Model Mode: top

  Startpoint: in_data_0[47]
              (input port)
  Endpoint: out_data[46]
            (output port)
  Path Group: default
  Path Type: max

  Des/Clust/Port     Wire Load Model       Library
  ------------------------------------------------
  fu_abs_16x4        8000                  saed14rvt_base_tt0p8v25c

  Point                                    Incr       Path
  -----------------------------------------------------------
  input external delay                     0.00       0.00 r
  in_data_0[47] (in)                       0.00       0.00 r
  U297/X (SAEDRVT14_INV_S_16)              0.00       0.00 f
  U296/X (SAEDRVT14_OR4_2)                 0.03       0.04 f
  U305/X (SAEDRVT14_NR2_MM_3)              0.03       0.07 r
  U432/X (SAEDRVT14_ND2B_1P5)              0.06       0.12 f
  U292/X (SAEDRVT14_NR2_MM_3)              0.04       0.16 r
  U291/X (SAEDRVT14_ND2B_4)                0.04       0.20 f
  U433/X (SAEDRVT14_NR2_MM_4)              0.02       0.23 r
  U434/X (SAEDRVT14_ND2B_4)                0.04       0.27 f
  U435/X (SAEDRVT14_NR2_MM_4)              0.02       0.29 r
  U436/X (SAEDRVT14_ND2B_4)                0.04       0.33 f
  U437/X (SAEDRVT14_NR2_MM_4)              0.02       0.36 r
  U438/X (SAEDRVT14_ND2B_4)                0.04       0.40 f
  U439/X (SAEDRVT14_NR2_MM_4)              0.02       0.42 r
  U441/X (SAEDRVT14_AOI21_1P5)             0.03       0.45 f
  U442/X (SAEDRVT14_OAI21_V1_4)            0.02       0.47 r
  U443/X (SAEDRVT14_OAI21_2)               0.03       0.50 f
  out_data[46] (out)                       0.00       0.50 f
  data arrival time                                   0.50

  max_delay                                0.50       0.50
  output external delay                    0.00       0.50
  data required time                                  0.50
  -----------------------------------------------------------
  data required time                                  0.50
  data arrival time                                  -0.50
  -----------------------------------------------------------
  slack (MET)                                         0.00


1
