 
****************************************
Report : area
Design : fu_abs_16x4
Version: Y-2026.03-SP1
Date   : Tue Sep  8 22:32:17 2026
****************************************

Library(s) Used:

    saed14rvt_base_tt0p8v25c (File: /mnt/nas0/eda.libs/saed14/EDK_03_2025/SAED14nm_EDK_STD_RVT/liberty/nldm/base/saed14rvt_base_tt0p8v25c.db)

Number of ports:                          135
Number of nets:                           299
Number of cells:                          232
Number of combinational cells:            232
Number of sequential cells:                 0
Number of macros/black boxes:               0
Number of buf/inv:                         27
Number of references:                      40

Combinational area:                 89.155200
Buf/Inv area:                        6.526800
Noncombinational area:               0.000000
Macro/Black Box area:                0.000000
Net Interconnect area:              95.472088

Total cell area:                    89.155200
Total area:                        184.627289
1
