 
****************************************
Report : timing
        -path full
        -delay max
        -max_paths 1
Design : fu_mult_16x4
Version: Y-2026.03-SP1
Date   : Tue Sep  8 22:08:37 2026
****************************************

Operating Conditions: tt0p8v25c   Library: saed14rvt_base_tt0p8v25c
Wire Load Model Mode: top

  Startpoint: in_data_1[18]
              (input port)
  Endpoint: out_data[31]
            (output port)
  Path Group: default
  Path Type: max

  Des/Clust/Port     Wire Load Model       Library
  ------------------------------------------------
  fu_mult_16x4       8000                  saed14rvt_base_tt0p8v25c

  Point                                    Incr       Path
  -----------------------------------------------------------
  input external delay                     0.00       0.00 r
  in_data_1[18] (in)                       0.00       0.00 r
  U247/X (SAEDRVT14_INV_S_8)               0.04       0.04 f
  U478/X (SAEDRVT14_NR2_1)                 0.06       0.10 r
  U946/CO (SAEDRVT14_ADDF_V1_1)            0.05       0.15 r
  U55/CO (SAEDRVT14_ADDF_V1_1)             0.04       0.19 r
  U1228/S (SAEDRVT14_ADDF_V1_2)            0.06       0.25 f
  U736/S (SAEDRVT14_ADDF_V1_2)             0.05       0.30 r
  U735/S (SAEDRVT14_ADDF_V1_2)             0.07       0.37 f
  U952/X (SAEDRVT14_ND2_1)                 0.05       0.41 r
  U772/X (SAEDRVT14_OAI21_1)               0.04       0.45 f
  U1247/X (SAEDRVT14_AOI21_6)              0.02       0.47 r
  U1248/X (SAEDRVT14_EO2_V1_1P5)           0.03       0.50 f
  out_data[31] (out)                       0.00       0.50 f
  data arrival time                                   0.50

  max_delay                                0.50       0.50
  output external delay                    0.00       0.50
  data required time                                  0.50
  -----------------------------------------------------------
  data required time                                  0.50
  data arrival time                                  -0.50
  -----------------------------------------------------------
  slack (MET)                                         0.00


1
