 
****************************************
Report : area
Design : fu_mult_16x4
Version: Y-2026.03-SP1
Date   : Tue Sep  8 22:08:37 2026
****************************************

Library(s) Used:

    saed14rvt_base_tt0p8v25c (File: /mnt/nas0/eda.libs/saed14/EDK_03_2025/SAED14nm_EDK_STD_RVT/liberty/nldm/base/saed14rvt_base_tt0p8v25c.db)

Number of ports:                          200
Number of nets:                          1965
Number of cells:                         1470
Number of combinational cells:           1470
Number of sequential cells:                 0
Number of macros/black boxes:               0
Number of buf/inv:                        192
Number of references:                      63

Combinational area:                765.544791
Buf/Inv area:                       62.692799
Noncombinational area:               0.000000
Macro/Black Box area:                0.000000
Net Interconnect area:             625.989274

Total cell area:                   765.544791
Total area:                       1391.534065
1
