****************************************
Report : Averaged Power
Design : fu_min_max
Version: Y-2026.03-SP1
Date   : Wed Sep 30 18:46:54 2026
****************************************



  Attributes
  ----------
      i  -  Including register clock pin internal power
      u  -  User defined power group

                        Internal  Switching  Leakage    Total
Power Group             Power     Power      Power      Power   (     %)  Attrs
--------------------------------------------------------------------------------
clock_network              0.0000    0.0000    0.0000    0.0000 ( 0.00%)  i
register                   0.0000    0.0000    0.0000    0.0000 ( 0.00%)  
combinational           7.898e-05 5.921e-04 3.598e-08 6.711e-04 (100.00%) 
sequential                 0.0000    0.0000    0.0000    0.0000 ( 0.00%)  
memory                     0.0000    0.0000    0.0000    0.0000 ( 0.00%)  
io_pad                     0.0000    0.0000    0.0000    0.0000 ( 0.00%)  
black_box                  0.0000    0.0000    0.0000    0.0000 ( 0.00%)  

  Net Switching Power  = 5.921e-04   (88.23%)
  Cell Internal Power  = 7.898e-05   (11.77%)
  Cell Leakage Power   = 3.598e-08   ( 0.01%)
                         ---------
Total Power            = 6.711e-04  (100.00%)

1
