****************************************
Report : Averaged Power
Design : fu_abs_16x4
Version: Y-2026.03-SP1
Date   : Wed Sep 30 18:49:02 2026
****************************************



  Attributes
  ----------
      i  -  Including register clock pin internal power
      u  -  User defined power group

                        Internal  Switching  Leakage    Total
Power Group             Power     Power      Power      Power   (     %)  Attrs
--------------------------------------------------------------------------------
clock_network              0.0000    0.0000    0.0000    0.0000 ( 0.00%)  i
register                   0.0000    0.0000    0.0000    0.0000 ( 0.00%)  
combinational           6.504e-05 5.215e-04 3.376e-08 5.865e-04 (100.00%) 
sequential                 0.0000    0.0000    0.0000    0.0000 ( 0.00%)  
memory                     0.0000    0.0000    0.0000    0.0000 ( 0.00%)  
io_pad                     0.0000    0.0000    0.0000    0.0000 ( 0.00%)  
black_box                  0.0000    0.0000    0.0000    0.0000 ( 0.00%)  

  Net Switching Power  = 5.215e-04   (88.91%)
  Cell Internal Power  = 6.504e-05   (11.09%)
  Cell Leakage Power   = 3.376e-08   ( 0.01%)
                         ---------
Total Power            = 5.865e-04  (100.00%)

1
