 
****************************************
Report : timing
        -path full
        -delay max
        -max_paths 1
Design : fu_mult_karatsuba_32x2
Version: Y-2026.03-SP1
Date   : Wed Sep 30 12:03:49 2026
****************************************

Operating Conditions: tt0p8v25c   Library: saed14rvt_base_tt0p8v25c
Wire Load Model Mode: top

  Startpoint: in_data_0[51]
              (input port)
  Endpoint: out_data[63]
            (output port)
  Path Group: default
  Path Type: max

  Des/Clust/Port     Wire Load Model       Library
  ------------------------------------------------
  fu_mult_karatsuba_32x2
                     8000                  saed14rvt_base_tt0p8v25c

  Point                                                   Incr       Path
  --------------------------------------------------------------------------
  input external delay                                    0.00       0.00 f
  in_data_0[51] (in)                                      0.00       0.00 f
  g_lane[1].u_lane/a[19] (fu_mult_karatsuba_fixed32_full_x2_0)
                                                          0.00       0.00 f
  g_lane[1].u_lane/U1247/X (SAEDRVT14_NR2_MM_16)          0.01       0.01 r
  g_lane[1].u_lane/U949/X (SAEDRVT14_NR2_MM_16)           0.01       0.02 f
  g_lane[1].u_lane/U1154/X (SAEDRVT14_INV_12)             0.01       0.03 r
  g_lane[1].u_lane/U1166/X (SAEDRVT14_NR2_MM_16)          0.01       0.03 f
  g_lane[1].u_lane/U1106/X (SAEDRVT14_NR2_MM_16)          0.01       0.04 r
  g_lane[1].u_lane/U1194/X (SAEDRVT14_OAI21_V1_8)         0.01       0.05 f
  g_lane[1].u_lane/U1112/X (SAEDRVT14_EN2_4)              0.03       0.08 r
  g_lane[1].u_lane/U1418/X (SAEDRVT14_INV_S_16)           0.01       0.09 f
  g_lane[1].u_lane/U1734/X (SAEDRVT14_INV_S_16)           0.02       0.11 r
  g_lane[1].u_lane/U1886/X (SAEDRVT14_EN2_4)              0.03       0.14 f
  g_lane[1].u_lane/U803/X (SAEDRVT14_INV_4)               0.01       0.15 r
  g_lane[1].u_lane/U1102/X (SAEDRVT14_ND2_16)             0.01       0.16 f
  g_lane[1].u_lane/U1624/X (SAEDRVT14_ND2_MM_8)           0.01       0.17 r
  g_lane[1].u_lane/U1878/S (SAEDRVT14_ADDF_V2_2)          0.06       0.22 f
  g_lane[1].u_lane/U1283/X (SAEDRVT14_EN2_4)              0.03       0.26 r
  g_lane[1].u_lane/U1217/X (SAEDRVT14_OR2_MM_12)          0.02       0.28 r
  g_lane[1].u_lane/U953/X (SAEDRVT14_ND2_MM_10)           0.01       0.28 f
  g_lane[1].u_lane/U1230/X (SAEDRVT14_EN2_4)              0.03       0.32 r
  g_lane[1].u_lane/U955/X (SAEDRVT14_NR2_MM_12)           0.01       0.33 f
  g_lane[1].u_lane/U1371/X (SAEDRVT14_INV_6)              0.01       0.34 r
  g_lane[1].u_lane/U954/X (SAEDRVT14_ND2_MM_6)            0.01       0.34 f
  g_lane[1].u_lane/U1234/X (SAEDRVT14_EN2_4)              0.04       0.38 r
  g_lane[1].u_lane/U1219/X (SAEDRVT14_AOI21_V1_8)         0.02       0.40 f
  g_lane[1].u_lane/U1233/X (SAEDRVT14_NR2_MM_16)          0.02       0.42 r
  g_lane[1].u_lane/U1325/X (SAEDRVT14_ND2_16)             0.01       0.42 f
  g_lane[1].u_lane/U966/X (SAEDRVT14_NR2_MM_12)           0.01       0.43 r
  g_lane[1].u_lane/U1213/X (SAEDRVT14_NR2_MM_16)          0.01       0.44 f
  g_lane[1].u_lane/U1212/X (SAEDRVT14_OAI21_V1_8)         0.02       0.46 r
  g_lane[1].u_lane/U1250/X (SAEDRVT14_ND2_8)              0.01       0.47 f
  g_lane[1].u_lane/U1249/X (SAEDRVT14_ND2_16)             0.01       0.48 r
  g_lane[1].u_lane/U1255/X (SAEDRVT14_INV_S_16)           0.01       0.49 f
  g_lane[1].u_lane/U1645/X (SAEDRVT14_NR2_MM_16)          0.01       0.50 r
  g_lane[1].u_lane/U1385/X (SAEDRVT14_OAI21_V1_8)         0.01       0.51 f
  g_lane[1].u_lane/U1384/X (SAEDRVT14_ND2_16)             0.01       0.52 r
  g_lane[1].u_lane/U1380/X (SAEDRVT14_ND2_MM_10)          0.01       0.53 f
  g_lane[1].u_lane/U1072/X (SAEDRVT14_OAI21_V1_8)         0.01       0.55 r
  g_lane[1].u_lane/U1144/X (SAEDRVT14_AOI21_V1_8)         0.01       0.56 f
  g_lane[1].u_lane/U1678/X (SAEDRVT14_EN2_4)              0.02       0.58 r
  g_lane[1].u_lane/product[31] (fu_mult_karatsuba_fixed32_full_x2_0)
                                                          0.00       0.58 r
  out_data[63] (out)                                      0.00       0.58 r
  data arrival time                                                  0.58

  max_delay                                               0.50       0.50
  output external delay                                   0.00       0.50
  data required time                                                 0.50
  --------------------------------------------------------------------------
  data required time                                                 0.50
  data arrival time                                                 -0.58
  --------------------------------------------------------------------------
  slack (VIOLATED)                                                  -0.08


1
