 
****************************************
Report : timing
        -path full
        -delay max
        -max_paths 1
Design : fu_cmp_c4
Version: Y-2026.03-SP1
Date   : Wed Sep 30 12:15:02 2026
****************************************

Operating Conditions: tt0p8v25c   Library: saed14rvt_base_tt0p8v25c
Wire Load Model Mode: top

  Startpoint: in_data_0[3]
              (input port)
  Endpoint: out_data[40]
            (output port)
  Path Group: default
  Path Type: max

  Des/Clust/Port     Wire Load Model       Library
  ------------------------------------------------
  fu_cmp_c4          8000                  saed14rvt_base_tt0p8v25c

  Point                                                   Incr       Path
  --------------------------------------------------------------------------
  input external delay                                    0.00       0.00 r
  in_data_0[3] (in)                                       0.00       0.00 r
  core/in_data_0[3] (fu_cmp_dec)                          0.00       0.00 r
  core/U241/X (SAEDRVT14_INV_S_1)                         0.04       0.04 f
  core/U242/X (SAEDRVT14_AO22_2)                          0.06       0.09 f
  core/U243/X (SAEDRVT14_OAI22_3)                         0.02       0.12 r
  core/U244/X (SAEDRVT14_AO22_2)                          0.03       0.15 r
  core/U245/X (SAEDRVT14_OAI22_4)                         0.02       0.17 f
  core/U246/X (SAEDRVT14_OAI22_4)                         0.04       0.21 r
  core/U328/X (SAEDRVT14_AO21B_0P5)                       0.11       0.32 r
  core/U329/X (SAEDRVT14_INV_6)                           0.02       0.35 f
  core/U330/X (SAEDRVT14_OA21B_4)                         0.05       0.40 f
  core/U331/X (SAEDRVT14_INV_6)                           0.01       0.42 r
  core/U332/X (SAEDRVT14_AO21B_0P5)                       0.07       0.49 r
  core/U366/CKOUTB (SAEDRVT14_CLKSPLT_1)                  0.06       0.55 f
  core/U333/X (SAEDRVT14_OA21B_4)                         0.05       0.60 f
  core/U335/X (SAEDRVT14_OA21_4)                          0.03       0.63 f
  core/U336/X (SAEDRVT14_INV_6)                           0.02       0.65 r
  core/U413/X (SAEDRVT14_OAI22_1P5)                       0.03       0.67 f
  core/U414/X (SAEDRVT14_NR2_1P5)                         0.03       0.71 r
  core/U415/X (SAEDRVT14_OAI22_2)                         0.04       0.74 f
  core/U416/X (SAEDRVT14_NR2_MM_1)                        0.03       0.78 r
  core/U418/X (SAEDRVT14_ND2_CDC_1)                       0.03       0.81 f
  core/U420/X (SAEDRVT14_AOI21_0P5)                       0.09       0.89 r
  core/U423/X (SAEDRVT14_OAI22_4)                         0.10       1.00 f
  core/out_data[40] (fu_cmp_dec)                          0.00       1.00 f
  out_data[40] (out)                                      0.00       1.00 f
  data arrival time                                                  1.00

  max_delay                                               1.00       1.00
  output external delay                                   0.00       1.00
  data required time                                                 1.00
  --------------------------------------------------------------------------
  data required time                                                 1.00
  data arrival time                                                 -1.00
  --------------------------------------------------------------------------
  slack (MET)                                                        0.00


1
