 
****************************************
Report : area
Design : fu_cmp_c4
Version: Y-2026.03-SP1
Date   : Wed Sep 30 12:15:02 2026
****************************************

Library(s) Used:

    saed14rvt_base_tt0p8v25c (File: /mnt/nas0/eda.libs/saed14/EDK_03_2025/SAED14nm_EDK_STD_RVT/liberty/nldm/base/saed14rvt_base_tt0p8v25c.db)

Number of ports:                          412
Number of nets:                           765
Number of cells:                          424
Number of combinational cells:            423
Number of sequential cells:                 0
Number of macros/black boxes:               0
Number of buf/inv:                        126
Number of references:                       2

Combinational area:                145.853998
Buf/Inv area:                       25.752000
Noncombinational area:               0.000000
Macro/Black Box area:                0.000000
Net Interconnect area:             185.195662

Total cell area:                   145.853998
Total area:                        331.049661
1
