 
****************************************
Report : area
Design : fu_cmp_16x4
Version: Y-2026.03-SP1
Date   : Tue Sep  8 23:16:03 2026
****************************************

Library(s) Used:

    saed14rvt_base_tt0p8v25c (File: /mnt/nas0/eda.libs/saed14/EDK_03_2025/SAED14nm_EDK_STD_RVT/liberty/nldm/base/saed14rvt_base_tt0p8v25c.db)

Number of ports:                          204
Number of nets:                           479
Number of cells:                          344
Number of combinational cells:            344
Number of sequential cells:                 0
Number of macros/black boxes:               0
Number of buf/inv:                         83
Number of references:                      51

Combinational area:                112.287599
Buf/Inv area:                       19.047600
Noncombinational area:               0.000000
Macro/Black Box area:                0.000000
Net Interconnect area:             166.387582

Total cell area:                   112.287599
Total area:                        278.675181
1
