 
****************************************
Report : timing
        -path full
        -delay max
        -max_paths 1
Design : fu_cmp_16x4
Version: Y-2026.03-SP1
Date   : Tue Sep  8 23:16:03 2026
****************************************

Operating Conditions: tt0p8v25c   Library: saed14rvt_base_tt0p8v25c
Wire Load Model Mode: top

  Startpoint: in_data_1[39]
              (input port)
  Endpoint: out_data[32]
            (output port)
  Path Group: default
  Path Type: max

  Des/Clust/Port     Wire Load Model       Library
  ------------------------------------------------
  fu_cmp_16x4        8000                  saed14rvt_base_tt0p8v25c

  Point                                    Incr       Path
  -----------------------------------------------------------
  input external delay                     0.00       0.00 f
  in_data_1[39] (in)                       0.00       0.00 f
  U350/X (SAEDRVT14_INV_S_1)               0.06       0.06 r
  U284/X (SAEDRVT14_OAI22_0P75)            0.06       0.12 f
  U354/X (SAEDRVT14_AO221_2)               0.06       0.18 f
  U361/X (SAEDRVT14_OR4_1)                 0.05       0.23 f
  U362/X (SAEDRVT14_OAI22_0P5)             0.06       0.29 r
  U237/X (SAEDRVT14_AOI21_1P5)             0.04       0.32 f
  U83/X (SAEDRVT14_AOI21_0P5)              0.04       0.36 r
  U84/X (SAEDRVT14_OA31_4)                 0.04       0.40 r
  U375/X (SAEDRVT14_AOI21_3)               0.02       0.42 f
  U376/X (SAEDRVT14_AOI21_0P5)             0.04       0.46 r
  U377/X (SAEDRVT14_OAI21_0P5)             0.06       0.52 f
  U378/X (SAEDRVT14_AOI21_4)               0.03       0.55 r
  U379/X (SAEDRVT14_OAI21_2)               0.03       0.58 f
  U380/X (SAEDRVT14_BUF_16)                0.05       0.62 f
  out_data[32] (out)                       0.00       0.62 f
  data arrival time                                   0.62

  max_delay                                0.62       0.62
  output external delay                    0.00       0.62
  data required time                                  0.62
  -----------------------------------------------------------
  data required time                                  0.62
  data arrival time                                  -0.62
  -----------------------------------------------------------
  slack (MET)                                         0.00


1
