 
****************************************
Report : area
Design : fu_fp_min_max_16x2
Version: Y-2026.03-SP1
Date   : Thu Oct  1 18:31:17 2026
****************************************

Library(s) Used:

    saed14rvt_base_tt0p8v25c (File: /mnt/nas0/eda.libs/saed14/EDK_03_2025/SAED14nm_EDK_STD_RVT/liberty/nldm/base/saed14rvt_base_tt0p8v25c.db)

Number of ports:                          202
Number of nets:                           243
Number of cells:                          174
Number of combinational cells:            174
Number of sequential cells:                 0
Number of macros/black boxes:               0
Number of buf/inv:                         55
Number of references:                      31

Combinational area:                 53.946000
Buf/Inv area:                       10.567200
Noncombinational area:               0.000000
Macro/Black Box area:                0.000000
Net Interconnect area:             112.671880

Total cell area:                    53.946000
Total area:                        166.617880
1
