 
****************************************
Report : timing
        -path full
        -delay max
        -max_paths 1
Design : fu_fp_min_max_16x2
Version: Y-2026.03-SP1
Date   : Thu Oct  1 18:31:17 2026
****************************************

Operating Conditions: tt0p8v25c   Library: saed14rvt_base_tt0p8v25c
Wire Load Model Mode: top

  Startpoint: in_data_0[0]
              (input port)
  Endpoint: out_data[0]
            (output port)
  Path Group: default
  Path Type: max

  Des/Clust/Port     Wire Load Model       Library
  ------------------------------------------------
  fu_fp_min_max_16x2 8000                  saed14rvt_base_tt0p8v25c

  Point                                    Incr       Path
  -----------------------------------------------------------
  input external delay                     0.00       0.00 f
  in_data_0[0] (in)                        0.00       0.00 f
  U219/X (SAEDRVT14_INV_S_0P5)             0.08       0.08 r
  U221/X (SAEDRVT14_OA22_0P75)             0.05       0.13 r
  U224/X (SAEDRVT14_OAI22_0P5)             0.05       0.18 f
  U227/X (SAEDRVT14_AOI21_0P5)             0.06       0.24 r
  U231/X (SAEDRVT14_OAI22_3)               0.03       0.27 f
  U234/X (SAEDRVT14_AOI21_0P5)             0.04       0.31 r
  U237/X (SAEDRVT14_OAI22_1)               0.04       0.35 f
  U238/X (SAEDRVT14_AOI21_0P5)             0.05       0.40 r
  U253/X (SAEDRVT14_OAI21_0P5)             0.07       0.47 f
  U260/X (SAEDRVT14_OAI21_0P5)             0.05       0.52 r
  U261/X (SAEDRVT14_OAI21_0P5)             0.05       0.57 f
  U199/X (SAEDRVT14_EO2_2)                 0.11       0.68 f
  U262/X (SAEDRVT14_INV_6)                 0.07       0.75 r
  U263/X (SAEDRVT14_ND2_CDC_2)             0.15       0.90 f
  U360/X (SAEDRVT14_OAI22_0P5)             0.10       1.00 r
  out_data[0] (out)                        0.00       1.00 r
  data arrival time                                   1.00

  max_delay                                1.00       1.00
  output external delay                    0.00       1.00
  data required time                                  1.00
  -----------------------------------------------------------
  data required time                                  1.00
  data arrival time                                  -1.00
  -----------------------------------------------------------
  slack (MET)                                         0.00


1
