 
****************************************
Report : timing
        -path full
        -delay max
        -max_paths 1
Design : fu_mult_karatsuba_32x2
Version: Y-2026.03-SP1
Date   : Wed Sep 30 18:06:03 2026
****************************************

Operating Conditions: tt0p8v25c   Library: saed14rvt_base_tt0p8v25c
Wire Load Model Mode: top

  Startpoint: in_data_0[58]
              (input port)
  Endpoint: out_data[63]
            (output port)
  Path Group: default
  Path Type: max

  Des/Clust/Port     Wire Load Model       Library
  ------------------------------------------------
  fu_mult_karatsuba_32x2
                     8000                  saed14rvt_base_tt0p8v25c

  Point                                                   Incr       Path
  --------------------------------------------------------------------------
  input external delay                                    0.00       0.00 r
  in_data_0[58] (in)                                      0.00       0.00 r
  g_lane[1].u_lane/a[26] (fu_mult_karatsuba_fixed32_full_x2_0)
                                                          0.00       0.00 r
  g_lane[1].u_lane/U995/X (SAEDRVT14_EO2_1)               0.05       0.05 f
  g_lane[1].u_lane/U399/X (SAEDRVT14_ND2_MM_12)           0.03       0.08 r
  g_lane[1].u_lane/U1824/X (SAEDRVT14_OAI22_1)            0.04       0.11 f
  g_lane[1].u_lane/U996/S (SAEDRVT14_ADDF_V1_2)           0.06       0.17 r
  g_lane[1].u_lane/U1871/S (SAEDRVT14_ADDF_V2_2)          0.05       0.23 f
  g_lane[1].u_lane/U1384/S (SAEDRVT14_ADDF_V2_2)          0.04       0.27 r
  g_lane[1].u_lane/U1872/X (SAEDRVT14_NR2_MM_4)           0.03       0.29 f
  g_lane[1].u_lane/U152/X (SAEDRVT14_INV_S_1)             0.02       0.32 r
  g_lane[1].u_lane/U1877/X (SAEDRVT14_ND2_CDC_2)          0.02       0.34 f
  g_lane[1].u_lane/U106/X (SAEDRVT14_EN2_3)               0.04       0.38 r
  g_lane[1].u_lane/U138/X (SAEDRVT14_AN2_MM_2)            0.03       0.41 r
  g_lane[1].u_lane/U955/X (SAEDRVT14_AOI21_8)             0.02       0.43 f
  g_lane[1].u_lane/U954/X (SAEDRVT14_EN3_3)               0.04       0.47 r
  g_lane[1].u_lane/U67/X (SAEDRVT14_OR2_MM_8)             0.02       0.48 r
  g_lane[1].u_lane/U46/X (SAEDRVT14_ND2_4)                0.01       0.49 f
  g_lane[1].u_lane/U1049/X (SAEDRVT14_EN2_4)              0.03       0.53 r
  g_lane[1].u_lane/U1048/X (SAEDRVT14_ND2_8)              0.02       0.54 f
  g_lane[1].u_lane/U818/X (SAEDRVT14_INV_S_8)             0.01       0.55 r
  g_lane[1].u_lane/U1115/X (SAEDRVT14_ND2_8)              0.01       0.56 f
  g_lane[1].u_lane/U1270/X (SAEDRVT14_ND2_MM_10)          0.01       0.56 r
  g_lane[1].u_lane/U1410/X (SAEDRVT14_AOI21_8)            0.01       0.57 f
  g_lane[1].u_lane/U1479/X (SAEDRVT14_EN2_4)              0.02       0.59 r
  g_lane[1].u_lane/product[31] (fu_mult_karatsuba_fixed32_full_x2_0)
                                                          0.00       0.59 r
  out_data[63] (out)                                      0.00       0.59 r
  data arrival time                                                  0.59

  max_delay                                               0.35       0.35
  output external delay                                   0.00       0.35
  data required time                                                 0.35
  --------------------------------------------------------------------------
  data required time                                                 0.35
  data arrival time                                                 -0.59
  --------------------------------------------------------------------------
  slack (VIOLATED)                                                  -0.24


1
