 
****************************************
Report : area
Design : fu_mult_karatsuba_32x2
Version: Y-2026.03-SP1
Date   : Wed Sep 30 18:06:02 2026
****************************************

Library(s) Used:

    saed14rvt_base_tt0p8v25c (File: /mnt/nas0/eda.libs/saed14/EDK_03_2025/SAED14nm_EDK_STD_RVT/liberty/nldm/base/saed14rvt_base_tt0p8v25c.db)

Number of ports:                          456
Number of nets:                          4959
Number of cells:                         4215
Number of combinational cells:           4213
Number of sequential cells:                 0
Number of macros/black boxes:               0
Number of buf/inv:                        751
Number of references:                       3

Combinational area:               2960.947190
Buf/Inv area:                      377.799601
Noncombinational area:               0.000000
Macro/Black Box area:                0.000000
Net Interconnect area:            1895.423229

Total cell area:                  2960.947190
Total area:                       4856.370419
1
