 
****************************************
Report : area
Design : fu_rounding_16x4
Version: Y-2026.03-SP1
Date   : Tue Sep  8 22:25:51 2026
****************************************

Library(s) Used:

    saed14rvt_base_tt0p8v25c (File: /mnt/nas0/eda.libs/saed14/EDK_03_2025/SAED14nm_EDK_STD_RVT/liberty/nldm/base/saed14rvt_base_tt0p8v25c.db)

Number of ports:                          137
Number of nets:                          1112
Number of cells:                         1043
Number of combinational cells:           1043
Number of sequential cells:                 0
Number of macros/black boxes:               0
Number of buf/inv:                        230
Number of references:                     128

Combinational area:                479.875198
Buf/Inv area:                       70.862399
Noncombinational area:               0.000000
Macro/Black Box area:                0.000000
Net Interconnect area:             397.037212

Total cell area:                   479.875198
Total area:                        876.912410
1
