 
****************************************
Report : area
Design : fu_fp_min_max_m3
Version: Y-2026.03-SP1
Date   : Tue Sep  8 21:27:56 2026
****************************************

Library(s) Used:

    saed14rvt_base_tt0p8v25c (File: /mnt/nas0/eda.libs/saed14/EDK_03_2025/SAED14nm_EDK_STD_RVT/liberty/nldm/base/saed14rvt_base_tt0p8v25c.db)

Number of ports:                          412
Number of nets:                          1236
Number of cells:                          896
Number of combinational cells:            895
Number of sequential cells:                 0
Number of macros/black boxes:               0
Number of buf/inv:                        251
Number of references:                       1

Combinational area:                304.450800
Buf/Inv area:                       57.142799
Noncombinational area:               0.000000
Macro/Black Box area:                0.000000
Net Interconnect area:             358.984535

Total cell area:                   304.450800
Total area:                        663.435335
1
