 
****************************************
Report : timing
        -path full
        -delay max
        -max_paths 1
Design : fu_fp_min_max_m3
Version: Y-2026.03-SP1
Date   : Tue Sep 29 16:48:57 2026
****************************************

Operating Conditions: tt0p8v25c   Library: saed14rvt_base_tt0p8v25c
Wire Load Model Mode: top

  Startpoint: in_data_1[19]
              (input port)
  Endpoint: out_data[24]
            (output port)
  Path Group: default
  Path Type: max

  Des/Clust/Port     Wire Load Model       Library
  ------------------------------------------------
  fu_fp_min_max_m3   8000                  saed14rvt_base_tt0p8v25c

  Point                                                   Incr       Path
  --------------------------------------------------------------------------
  input external delay                                    0.00       0.00 f
  in_data_1[19] (in)                                      0.00       0.00 f
  core/in_data_1[19] (fu_fp_min_max_dec_W64_MIN_LANE_W16)
                                                          0.00       0.00 f
  core/U17/X (SAEDRVT14_INV_S_1)                          0.04       0.04 r
  core/U29/X (SAEDRVT14_OAI22_0P75)                       0.08       0.12 f
  core/U141/X (SAEDRVT14_OAI22_1)                         0.05       0.17 r
  core/U142/X (SAEDRVT14_AOI21_0P5)                       0.04       0.21 f
  core/U147/X (SAEDRVT14_OAI22_2)                         0.03       0.25 r
  core/U148/X (SAEDRVT14_AOI21_1P5)                       0.03       0.28 f
  core/U151/X (SAEDRVT14_OAI22_0P75)                      0.04       0.32 r
  core/U152/X (SAEDRVT14_AOI21_1P5)                       0.04       0.36 f
  core/U159/X (SAEDRVT14_OAI21_2)                         0.03       0.39 r
  core/U160/X (SAEDRVT14_OAI21_2)                         0.03       0.42 f
  core/U162/X (SAEDRVT14_OAI22_2)                         0.03       0.45 r
  core/U163/X (SAEDRVT14_OAI21_2)                         0.03       0.48 f
  core/U166/X (SAEDRVT14_AOI21_0P5)                       0.04       0.52 r
  core/U170/X (SAEDRVT14_OAI22_2)                         0.06       0.58 f
  core/U33/X (SAEDRVT14_OAI21_0P5)                        0.06       0.64 r
  core/U356/X (SAEDRVT14_MUXI2_B_1)                       0.09       0.73 f
  core/U357/X (SAEDRVT14_OAI22_1P5)                       0.05       0.78 r
  core/U359/X (SAEDRVT14_EO2_3)                           0.04       0.83 f
  core/U373/X (SAEDRVT14_ND2_CDC_1)                       0.03       0.86 r
  core/U10/X (SAEDRVT14_BUF_16)                           0.05       0.90 r
  core/U4/X (SAEDRVT14_INV_S_16)                          0.01       0.91 f
  core/U468/X (SAEDRVT14_AOI21_0P5)                       0.03       0.95 r
  core/U469/X (SAEDRVT14_OAI21_0P5)                       0.05       1.00 f
  core/out_data[24] (fu_fp_min_max_dec_W64_MIN_LANE_W16)
                                                          0.00       1.00 f
  out_data[24] (out)                                      0.00       1.00 f
  data arrival time                                                  1.00

  max_delay                                               1.00       1.00
  output external delay                                   0.00       1.00
  data required time                                                 1.00
  --------------------------------------------------------------------------
  data required time                                                 1.00
  data arrival time                                                 -1.00
  --------------------------------------------------------------------------
  slack (MET)                                                        0.00


1
