****************************************
Report : Averaged Power
Design : fu_add_sub_8x8
Version: Y-2026.03-SP1
Date   : Wed Sep 30 18:46:23 2026
****************************************



  Attributes
  ----------
      i  -  Including register clock pin internal power
      u  -  User defined power group

                        Internal  Switching  Leakage    Total
Power Group             Power     Power      Power      Power   (     %)  Attrs
--------------------------------------------------------------------------------
clock_network              0.0000    0.0000    0.0000    0.0000 ( 0.00%)  i
register                   0.0000    0.0000    0.0000    0.0000 ( 0.00%)  
combinational           2.337e-04 9.126e-04 3.699e-08 1.146e-03 (100.00%) 
sequential                 0.0000    0.0000    0.0000    0.0000 ( 0.00%)  
memory                     0.0000    0.0000    0.0000    0.0000 ( 0.00%)  
io_pad                     0.0000    0.0000    0.0000    0.0000 ( 0.00%)  
black_box                  0.0000    0.0000    0.0000    0.0000 ( 0.00%)  

  Net Switching Power  = 9.126e-04   (79.61%)
  Cell Internal Power  = 2.337e-04   (20.38%)
  Cell Leakage Power   = 3.699e-08   ( 0.00%)
                         ---------
Total Power            = 1.146e-03  (100.00%)

1
