 
****************************************
Report : area
Design : fu_barrel_shift_16x4
Version: Y-2026.03-SP1
Date   : Tue Sep  8 22:28:52 2026
****************************************

Library(s) Used:

    saed14rvt_base_tt0p8v25c (File: /mnt/nas0/eda.libs/saed14/EDK_03_2025/SAED14nm_EDK_STD_RVT/liberty/nldm/base/saed14rvt_base_tt0p8v25c.db)

Number of ports:                          202
Number of nets:                           744
Number of cells:                          653
Number of combinational cells:            653
Number of sequential cells:                 0
Number of macros/black boxes:               0
Number of buf/inv:                        126
Number of references:                      57

Combinational area:                202.597197
Buf/Inv area:                       33.744000
Noncombinational area:               0.000000
Macro/Black Box area:                0.000000
Net Interconnect area:             412.478663

Total cell area:                   202.597197
Total area:                        615.075861
1
