 
****************************************
Report : timing
        -path full
        -delay max
        -max_paths 1
Design : fu_barrel_shift_16x4
Version: Y-2026.03-SP1
Date   : Tue Sep  8 22:28:52 2026
****************************************

Operating Conditions: tt0p8v25c   Library: saed14rvt_base_tt0p8v25c
Wire Load Model Mode: top

  Startpoint: shift_op[0]
              (input port)
  Endpoint: out_data[8]
            (output port)
  Path Group: default
  Path Type: max

  Des/Clust/Port     Wire Load Model       Library
  ------------------------------------------------
  fu_barrel_shift_16x4
                     8000                  saed14rvt_base_tt0p8v25c

  Point                                    Incr       Path
  -----------------------------------------------------------
  input external delay                     0.00       0.00 f
  shift_op[0] (in)                         0.00       0.00 f
  U462/X (SAEDRVT14_INV_4)                 0.01       0.01 r
  U463/X (SAEDRVT14_ND2_5)                 0.03       0.04 f
  U464/X (SAEDRVT14_OAI21_V1_4)            0.03       0.07 r
  U465/X (SAEDRVT14_BUF_16)                0.05       0.11 r
  U428/X (SAEDRVT14_ND2_CDC_1)             0.03       0.15 f
  U102/X (SAEDRVT14_EO2_1)                 0.05       0.20 f
  U538/X (SAEDRVT14_INV_S_1)               0.08       0.28 r
  U100/X (SAEDRVT14_NR2_MM_1)              0.05       0.33 f
  U544/X (SAEDRVT14_BUF_S_2)               0.09       0.42 f
  U95/X (SAEDRVT14_INV_S_2)                0.16       0.58 r
  U566/X (SAEDRVT14_OAI22_1)               0.07       0.65 f
  U567/X (SAEDRVT14_AOI21_1)               0.08       0.73 r
  U439/X (SAEDRVT14_OAI21_0P5)             0.06       0.80 f
  U446/X (SAEDRVT14_OAI22_1)               0.07       0.87 r
  U662/X (SAEDRVT14_OAI22_1)               0.06       0.93 f
  U663/X (SAEDRVT14_AOI21_1P5)             0.04       0.97 r
  U57/X (SAEDRVT14_ND2_CDC_1)              0.03       1.00 f
  out_data[8] (out)                        0.00       1.00 f
  data arrival time                                   1.00

  max_delay                                1.00       1.00
  output external delay                    0.00       1.00
  data required time                                  1.00
  -----------------------------------------------------------
  data required time                                  1.00
  data arrival time                                  -1.00
  -----------------------------------------------------------
  slack (MET)                                         0.00


1
