 
****************************************
Report : timing
        -path full
        -delay max
        -max_paths 1
Design : fu_fp_minmax_revised_shared64_32
Version: Y-2026.03-SP1
Date   : Tue Sep 29 16:46:24 2026
****************************************

Operating Conditions: tt0p8v25c   Library: saed14rvt_base_tt0p8v25c
Wire Load Model Mode: top

  Startpoint: in_data_0[1]
              (input port)
  Endpoint: out_data[22]
            (output port)
  Path Group: default
  Path Type: max

  Des/Clust/Port     Wire Load Model       Library
  ------------------------------------------------
  fu_fp_minmax_revised_shared64_32
                     8000                  saed14rvt_base_tt0p8v25c

  Point                                                   Incr       Path
  --------------------------------------------------------------------------
  input external delay                                    0.00       0.00 f
  in_data_0[1] (in)                                       0.00       0.00 f
  core_inst/in_data_0[1] (fu_fp_min_max_dec_W64_MIN_LANE_W32)
                                                          0.00       0.00 f
  core_inst/U20/X (SAEDRVT14_INV_S_1)                     0.03       0.03 r
  core_inst/U73/X (SAEDRVT14_NR2_1)                       0.04       0.06 f
  core_inst/U19/X (SAEDRVT14_AOI21_0P5)                   0.04       0.10 r
  core_inst/U74/X (SAEDRVT14_OAI21_0P5)                   0.04       0.15 f
  core_inst/U17/X (SAEDRVT14_AOI21_0P5)                   0.04       0.19 r
  core_inst/U78/X (SAEDRVT14_OAI21_0P5)                   0.04       0.23 f
  core_inst/U16/X (SAEDRVT14_AOI21_0P5)                   0.04       0.28 r
  core_inst/U87/X (SAEDRVT14_OAI21_0P5)                   0.04       0.32 f
  core_inst/U15/X (SAEDRVT14_AOI21_0P5)                   0.04       0.36 r
  core_inst/U99/X (SAEDRVT14_OAI21_0P5)                   0.05       0.41 f
  core_inst/U22/X (SAEDRVT14_OAI21_3)                     0.03       0.44 r
  core_inst/U41/X (SAEDRVT14_AOI21_0P5)                   0.03       0.47 f
  core_inst/U308/X (SAEDRVT14_OAI21_0P5)                  0.04       0.51 r
  core_inst/U13/X (SAEDRVT14_ND2_MM_1)                    0.02       0.53 f
  core_inst/U373/X (SAEDRVT14_AO21_2)                     0.03       0.56 f
  core_inst/U375/X (SAEDRVT14_ND2_CDC_4)                  0.01       0.58 r
  core_inst/U23/X (SAEDRVT14_AOI21_3)                     0.02       0.60 f
  core_inst/U378/X (SAEDRVT14_OAI21_2)                    0.03       0.62 r
  core_inst/U379/X (SAEDRVT14_AOI21_1P5)                  0.03       0.65 f
  core_inst/U24/X (SAEDRVT14_OAI21_3)                     0.03       0.67 r
  core_inst/U384/X (SAEDRVT14_AOI21_1P5)                  0.02       0.70 f
  core_inst/U385/X (SAEDRVT14_MUX2_2)                     0.04       0.74 r
  core_inst/U320/X (SAEDRVT14_MUX2_MM_0P5)                0.05       0.78 r
  core_inst/U25/X (SAEDRVT14_EO2_3)                       0.04       0.83 f
  core_inst/U387/X (SAEDRVT14_NR2_MM_3)                   0.03       0.86 r
  core_inst/U27/CKOUT (SAEDRVT14_CLKSPLT_8)               0.04       0.90 r
  core_inst/U266/X (SAEDRVT14_AOI21_0P5)                  0.03       0.93 f
  core_inst/U388/X (SAEDRVT14_OAI21_0P5)                  0.07       1.00 r
  core_inst/out_data[22] (fu_fp_min_max_dec_W64_MIN_LANE_W32)
                                                          0.00       1.00 r
  out_data[22] (out)                                      0.00       1.00 r
  data arrival time                                                  1.00

  max_delay                                               1.00       1.00
  output external delay                                   0.00       1.00
  data required time                                                 1.00
  --------------------------------------------------------------------------
  data required time                                                 1.00
  data arrival time                                                 -1.00
  --------------------------------------------------------------------------
  slack (MET)                                                        0.00


1
