 
****************************************
Report : area
Design : fu_fp_minmax_revised_shared64_32
Version: Y-2026.03-SP1
Date   : Mon Sep 14 22:52:49 2026
****************************************

Library(s) Used:

    saed14rvt_base_tt0p8v25c (File: /mnt/nas0/eda.libs/saed14/EDK_03_2025/SAED14nm_EDK_STD_RVT/liberty/nldm/base/saed14rvt_base_tt0p8v25c.db)

Number of ports:                          410
Number of nets:                          1016
Number of cells:                          674
Number of combinational cells:            673
Number of sequential cells:                 0
Number of macros/black boxes:               0
Number of buf/inv:                        207
Number of references:                       1

Combinational area:                268.220399
Buf/Inv area:                       55.855199
Noncombinational area:               0.000000
Macro/Black Box area:                0.000000
Net Interconnect area:             325.539945

Total cell area:                   268.220399
Total area:                        593.760344
1
