 
****************************************
Report : area
Design : fu_abs_a3
Version: Y-2026.03-SP1
Date   : Tue Sep  8 23:24:33 2026
****************************************

Library(s) Used:

    saed14rvt_base_tt0p8v25c (File: /mnt/nas0/eda.libs/saed14/EDK_03_2025/SAED14nm_EDK_STD_RVT/liberty/nldm/base/saed14rvt_base_tt0p8v25c.db)

Number of ports:                          274
Number of nets:                           610
Number of cells:                          407
Number of combinational cells:            406
Number of sequential cells:                 0
Number of macros/black boxes:               0
Number of buf/inv:                         80
Number of references:                       1

Combinational area:                196.958401
Buf/Inv area:                       27.572399
Noncombinational area:               0.000000
Macro/Black Box area:                0.000000
Net Interconnect area:             186.721251

Total cell area:                   196.958401
Total area:                        383.679652
1
