 
****************************************
Report : area
Design : fu_fp_cmp_g3
Version: Y-2026.03-SP1
Date   : Wed Sep 30 18:28:20 2026
****************************************

Library(s) Used:

    saed14rvt_base_tt0p8v25c (File: /mnt/nas0/eda.libs/saed14/EDK_03_2025/SAED14nm_EDK_STD_RVT/liberty/nldm/base/saed14rvt_base_tt0p8v25c.db)

Number of ports:                          412
Number of nets:                           851
Number of cells:                          511
Number of combinational cells:            510
Number of sequential cells:                 0
Number of macros/black boxes:               0
Number of buf/inv:                        146
Number of references:                       1

Combinational area:                167.121599
Buf/Inv area:                       33.743999
Noncombinational area:               0.000000
Macro/Black Box area:                0.000000
Net Interconnect area:             211.605817

Total cell area:                   167.121599
Total area:                        378.727416
1
