 
****************************************
Report : timing
        -path full
        -delay max
        -max_paths 1
Design : fu_fp_cmp_g3
Version: Y-2026.03-SP1
Date   : Wed Sep 30 18:28:20 2026
****************************************

Operating Conditions: tt0p8v25c   Library: saed14rvt_base_tt0p8v25c
Wire Load Model Mode: top

  Startpoint: in_data_1[13]
              (input port)
  Endpoint: out_data[16]
            (output port)
  Path Group: default
  Path Type: max

  Des/Clust/Port     Wire Load Model       Library
  ------------------------------------------------
  fu_fp_cmp_g3       8000                  saed14rvt_base_tt0p8v25c

  Point                                                   Incr       Path
  --------------------------------------------------------------------------
  input external delay                                    0.00       0.00 r
  in_data_1[13] (in)                                      0.00       0.00 r
  core/in_data_1[13] (fu_fp_cmp_dec_W64_MIN_LANE_W16)     0.00       0.00 r
  core/U44/X (SAEDRVT14_INV_S_5)                          0.01       0.01 f
  core/U153/X (SAEDRVT14_ND2_CDC_1)                       0.04       0.05 r
  core/U355/X (SAEDRVT14_ND2_CDC_2)                       0.04       0.09 f
  core/U64/X (SAEDRVT14_NR2_MM_4)                         0.02       0.11 r
  core/U365/X (SAEDRVT14_ND2_CDC_2)                       0.03       0.14 f
  core/U219/X (SAEDRVT14_NR2_MM_1)                        0.04       0.18 r
  core/U366/X (SAEDRVT14_OAI21_V1_4)                      0.02       0.20 f
  core/U367/X (SAEDRVT14_ND2_4)                           0.03       0.23 r
  core/U368/X (SAEDRVT14_ND2_5)                           0.02       0.24 f
  core/U369/X (SAEDRVT14_OA2BB2_V1_1)                     0.04       0.28 r
  core/U380/X (SAEDRVT14_OAI21_V1_4)                      0.03       0.31 f
  core/U406/X (SAEDRVT14_AOI21_1P5)                       0.03       0.34 r
  core/U430/X (SAEDRVT14_OAI22_4)                         0.02       0.36 f
  core/U431/X (SAEDRVT14_MUX2_MM_2)                       0.03       0.39 r
  core/U456/X (SAEDRVT14_MUX2_MM_4)                       0.02       0.41 r
  core/U467/X (SAEDRVT14_MUX2_MM_4)                       0.03       0.44 r
  core/U468/X (SAEDRVT14_INV_S_20)                        0.01       0.45 f
  core/U487/X (SAEDRVT14_AOI21_8)                         0.02       0.46 r
  core/U499/X (SAEDRVT14_AN2_MM_12)                       0.02       0.49 r
  core/U500/X (SAEDRVT14_INV_S_16)                        0.01       0.50 f
  core/out_data[16] (fu_fp_cmp_dec_W64_MIN_LANE_W16)      0.00       0.50 f
  out_data[16] (out)                                      0.00       0.50 f
  data arrival time                                                  0.50

  max_delay                                               0.50       0.50
  output external delay                                   0.00       0.50
  data required time                                                 0.50
  --------------------------------------------------------------------------
  data required time                                                 0.50
  data arrival time                                                 -0.50
  --------------------------------------------------------------------------
  slack (MET)                                                        0.00


1
