 
****************************************
Report : timing
        -path full
        -delay max
        -max_paths 1
Design : fu_bshift_bs1
Version: Y-2026.03-SP1
Date   : Wed Sep 30 18:25:02 2026
****************************************

Operating Conditions: tt0p8v25c   Library: saed14rvt_base_tt0p8v25c
Wire Load Model Mode: top

  Startpoint: shift_op[1]
              (input port)
  Endpoint: out_data[2]
            (output port)
  Path Group: default
  Path Type: max

  Des/Clust/Port     Wire Load Model       Library
  ------------------------------------------------
  fu_bshift_bs1      8000                  saed14rvt_base_tt0p8v25c

  Point                                                   Incr       Path
  --------------------------------------------------------------------------
  input external delay                                    0.00       0.00 r
  shift_op[1] (in)                                        0.00       0.00 r
  core/shift_op[1] (fu_barrel_shift_dec)                  0.00       0.00 r
  core/U192/X (SAEDRVT14_EO2_4)                           0.05       0.05 f
  core/U197/X (SAEDRVT14_INV_S_20)                        0.03       0.08 r
  core/U200/X (SAEDRVT14_NR2_MM_10)                       0.02       0.09 f
  core/U207/X (SAEDRVT14_INV_12)                          0.02       0.11 r
  core/U249/X (SAEDRVT14_BUF_6)                           0.05       0.16 r
  core/U141/X (SAEDRVT14_OAI22_1)                         0.04       0.20 f
  core/U357/X (SAEDRVT14_AOI21_1)                         0.11       0.31 r
  core/U358/X (SAEDRVT14_OAI22_2)                         0.06       0.36 f
  core/U359/X (SAEDRVT14_AOI21_0P5)                       0.12       0.48 r
  core/U667/X (SAEDRVT14_OAI22_1P5)                       0.06       0.54 f
  core/U668/X (SAEDRVT14_AOI21_1)                         0.11       0.65 r
  core/U788/X (SAEDRVT14_OAI22_1)                         0.07       0.72 f
  core/U30/X (SAEDRVT14_AOI21_1)                          0.08       0.79 r
  core/U789/X (SAEDRVT14_OAI22_0P75)                      0.09       0.88 f
  core/U792/X (SAEDRVT14_AOI21_0P5)                       0.07       0.95 r
  core/U793/X (SAEDRVT14_OAI21_0P5)                       0.05       1.00 f
  core/out_data[2] (fu_barrel_shift_dec)                  0.00       1.00 f
  out_data[2] (out)                                       0.00       1.00 f
  data arrival time                                                  1.00

  max_delay                                               1.00       1.00
  output external delay                                   0.00       1.00
  data required time                                                 1.00
  --------------------------------------------------------------------------
  data required time                                                 1.00
  data arrival time                                                 -1.00
  --------------------------------------------------------------------------
  slack (MET)                                                        0.00


1
