 
****************************************
Report : timing
        -path full
        -delay max
        -max_paths 1
Design : fu_fp_min_max_m2
Version: Y-2026.03-SP1
Date   : Tue Sep 29 13:57:14 2026
****************************************

Operating Conditions: tt0p8v25c   Library: saed14rvt_base_tt0p8v25c
Wire Load Model Mode: top

  Startpoint: in_data_0[0]
              (input port)
  Endpoint: out_data[0]
            (output port)
  Path Group: default
  Path Type: max

  Des/Clust/Port     Wire Load Model       Library
  ------------------------------------------------
  fu_fp_min_max_m2   8000                  saed14rvt_base_tt0p8v25c

  Point                                                   Incr       Path
  --------------------------------------------------------------------------
  input external delay                                    0.00       0.00 f
  in_data_0[0] (in)                                       0.00       0.00 f
  core/in_data_0[0] (fu_fp_min_max_dec_W64_MIN_LANE_W32)
                                                          0.00       0.00 f
  core/U261/X (SAEDRVT14_INV_S_1)                         0.03       0.03 r
  core/U263/X (SAEDRVT14_OA22_2)                          0.04       0.06 r
  core/U267/X (SAEDRVT14_OAI22_4)                         0.02       0.08 f
  core/U268/X (SAEDRVT14_OAI21_4)                         0.02       0.10 r
  core/U269/X (SAEDRVT14_OAI21_V1_4)                      0.02       0.12 f
  core/U271/X (SAEDRVT14_ND2_CDC_1)                       0.03       0.16 r
  core/U272/X (SAEDRVT14_AO21_4)                          0.02       0.18 r
  core/U273/X (SAEDRVT14_OAI21_V1_4)                      0.02       0.20 f
  core/U274/X (SAEDRVT14_INV_S_1P5)                       0.02       0.23 r
  core/U276/X (SAEDRVT14_OAI21_4)                         0.02       0.25 f
  core/U277/X (SAEDRVT14_OAI22_3)                         0.03       0.28 r
  core/U278/X (SAEDRVT14_OA21_4)                          0.03       0.31 r
  core/U279/X (SAEDRVT14_AOI21_4)                         0.01       0.32 f
  core/U280/X (SAEDRVT14_AOI21_1P5)                       0.03       0.35 r
  core/U281/X (SAEDRVT14_OAI22_4)                         0.02       0.37 f
  core/U282/X (SAEDRVT14_AOI21_V1_4)                      0.02       0.39 r
  core/U283/X (SAEDRVT14_OAI22_3)                         0.02       0.42 f
  core/U284/X (SAEDRVT14_AOI21_3)                         0.02       0.44 r
  core/U285/X (SAEDRVT14_AOI21_3)                         0.03       0.47 f
  core/U286/X (SAEDRVT14_AN2_4)                           0.02       0.49 f
  core/U287/X (SAEDRVT14_OAI22_3)                         0.02       0.51 r
  core/U6/X (SAEDRVT14_OAI21_V1_4)                        0.02       0.53 f
  core/U288/X (SAEDRVT14_OAI21_2)                         0.02       0.55 r
  core/U289/X (SAEDRVT14_OR4_2)                           0.03       0.58 r
  core/U291/X (SAEDRVT14_OAI22_2)                         0.03       0.61 f
  core/U292/X (SAEDRVT14_AOI21_4)                         0.03       0.64 r
  core/U5/X (SAEDRVT14_AOI21_V1_8)                        0.03       0.66 f
  core/U294/X (SAEDRVT14_OAI21_V1_4)                      0.02       0.69 r
  core/U298/X (SAEDRVT14_AOI21_8)                         0.02       0.71 f
  core/U299/X (SAEDRVT14_ND3_0P5)                         0.05       0.76 r
  core/U332/X (SAEDRVT14_OA221_1)                         0.04       0.80 r
  core/U19/X (SAEDRVT14_EO2_3)                            0.04       0.85 f
  core/U13/X (SAEDRVT14_NR2_MM_16)                        0.04       0.89 r
  core/U405/X (SAEDRVT14_INV_4)                           0.05       0.94 f
  core/U413/X (SAEDRVT14_OAI22_0P5)                       0.06       1.00 r
  core/out_data[0] (fu_fp_min_max_dec_W64_MIN_LANE_W32)
                                                          0.00       1.00 r
  out_data[0] (out)                                       0.00       1.00 r
  data arrival time                                                  1.00

  max_delay                                               1.00       1.00
  output external delay                                   0.00       1.00
  data required time                                                 1.00
  --------------------------------------------------------------------------
  data required time                                                 1.00
  data arrival time                                                 -1.00
  --------------------------------------------------------------------------
  slack (MET)                                                        0.00


1
