 
****************************************
Report : timing
        -path full
        -delay max
        -max_paths 1
Design : fu_fp_cmp_64
Version: Y-2026.03-SP1
Date   : Tue Sep  8 23:12:58 2026
****************************************

Operating Conditions: tt0p8v25c   Library: saed14rvt_base_tt0p8v25c
Wire Load Model Mode: top

  Startpoint: in_data_0[6]
              (input port)
  Endpoint: out_data[0]
            (output port)
  Path Group: default
  Path Type: max

  Des/Clust/Port     Wire Load Model       Library
  ------------------------------------------------
  fu_fp_cmp_64       8000                  saed14rvt_base_tt0p8v25c

  Point                                    Incr       Path
  -----------------------------------------------------------
  input external delay                     0.00       0.00 f
  in_data_0[6] (in)                        0.00       0.00 f
  U577/X (SAEDRVT14_INV_0P75)              0.03       0.03 r
  U578/X (SAEDRVT14_NR2_MM_1)              0.03       0.07 f
  U579/X (SAEDRVT14_NR2_1P5)               0.04       0.11 r
  U353/X (SAEDRVT14_OAI21_0P5)             0.05       0.16 f
  U386/X (SAEDRVT14_AOI21_0P5)             0.05       0.20 r
  U384/X (SAEDRVT14_OAI21_0P5)             0.05       0.25 f
  U265/X (SAEDRVT14_AOI21_4)               0.02       0.27 r
  U637/X (SAEDRVT14_AOI21_3)               0.02       0.30 f
  U639/X (SAEDRVT14_OAI21_V1_4)            0.02       0.32 r
  U640/X (SAEDRVT14_AOI21_V1_4)            0.02       0.33 f
  U643/X (SAEDRVT14_OAI21_1)               0.03       0.36 r
  U644/X (SAEDRVT14_AO21_2)                0.03       0.39 r
  U647/X (SAEDRVT14_AOI21_V1_4)            0.02       0.41 f
  U648/X (SAEDRVT14_ND2_CDC_4)             0.02       0.43 r
  U655/X (SAEDRVT14_OAI21_V1_8)            0.02       0.45 f
  U657/X (SAEDRVT14_OAI21_V1_4)            0.02       0.47 r
  U658/X (SAEDRVT14_ND2_8)                 0.01       0.48 f
  U528/X (SAEDRVT14_INV_S_2)               0.02       0.51 r
  U670/X (SAEDRVT14_ND2_CDC_4)             0.01       0.52 f
  U672/X (SAEDRVT14_AOI21_V1_4)            0.02       0.54 r
  U677/X (SAEDRVT14_OAI21_V1_4)            0.02       0.56 f
  U678/X (SAEDRVT14_OAI21_V1_8)            0.02       0.58 r
  U249/X (SAEDRVT14_INV_12)                0.01       0.59 f
  U271/X (SAEDRVT14_INV_12)                0.01       0.60 r
  U679/X (SAEDRVT14_BUF_10)                0.03       0.62 r
  out_data[0] (out)                        0.00       0.62 r
  data arrival time                                   0.62

  max_delay                                0.62       0.62
  output external delay                    0.00       0.62
  data required time                                  0.62
  -----------------------------------------------------------
  data required time                                  0.62
  data arrival time                                  -0.62
  -----------------------------------------------------------
  slack (MET)                                         0.00


1
