 
****************************************
Report : area
Design : fu_fp_cmp_64
Version: Y-2026.03-SP1
Date   : Tue Sep  8 23:12:58 2026
****************************************

Library(s) Used:

    saed14rvt_base_tt0p8v25c (File: /mnt/nas0/eda.libs/saed14/EDK_03_2025/SAED14nm_EDK_STD_RVT/liberty/nldm/base/saed14rvt_base_tt0p8v25c.db)

Number of ports:                          204
Number of nets:                           573
Number of cells:                          438
Number of combinational cells:            438
Number of sequential cells:                 0
Number of macros/black boxes:               0
Number of buf/inv:                        132
Number of references:                      56

Combinational area:                130.180799
Buf/Inv area:                       30.325200
Noncombinational area:               0.000000
Macro/Black Box area:                0.000000
Net Interconnect area:             173.447336

Total cell area:                   130.180799
Total area:                        303.628135
1
