 
****************************************
Report : timing
        -path full
        -delay max
        -max_paths 1
Design : fu_add_sub_d2
Version: Y-2026.03-SP1
Date   : Wed Sep 30 12:09:02 2026
****************************************

Operating Conditions: tt0p8v25c   Library: saed14rvt_base_tt0p8v25c
Wire Load Model Mode: top

  Startpoint: mode[1] (input port)
  Endpoint: out_data[41]
            (output port)
  Path Group: default
  Path Type: max

  Des/Clust/Port     Wire Load Model       Library
  ------------------------------------------------
  fu_add_sub_d2      8000                  saed14rvt_base_tt0p8v25c

  Point                                                   Incr       Path
  --------------------------------------------------------------------------
  input external delay                                    0.00       0.00 f
  mode[1] (in)                                            0.00       0.00 f
  core/mode[1] (fu_add_sub_dec_EN321_EN160_EN80)          0.00       0.00 f
  core/segmented/mode[1] (fu_add_sub_segmented_1_0_0)     0.00       0.00 f
  core/segmented/U406/X (SAEDRVT14_INV_S_20)              0.00       0.00 r
  core/segmented/U370/X (SAEDRVT14_ND2_5)                 0.02       0.02 f
  core/segmented/U408/X (SAEDRVT14_ND2_CDC_4)             0.02       0.04 r
  core/segmented/U409/X (SAEDRVT14_OAI21_V1_8)            0.02       0.06 f
  core/segmented/U410/X (SAEDRVT14_INV_S_20)              0.01       0.08 r
  core/segmented/U412/X (SAEDRVT14_INV_S_20)              0.02       0.10 f
  core/segmented/U81/X (SAEDRVT14_EO2_1P5)                0.05       0.14 r
  core/segmented/U164/X (SAEDRVT14_NR2_MM_3)              0.04       0.18 f
  core/segmented/U34/X (SAEDRVT14_INV_4)                  0.02       0.20 r
  core/segmented/U415/X (SAEDRVT14_ND2_3)                 0.03       0.23 f
  core/segmented/U97/X (SAEDRVT14_NR2_MM_12)              0.02       0.25 r
  core/segmented/U419/X (SAEDRVT14_ND2_1)                 0.03       0.28 f
  core/segmented/U420/X (SAEDRVT14_NR2_MM_3)              0.03       0.31 r
  core/segmented/U212/X (SAEDRVT14_AN2_MM_1)              0.04       0.35 r
  core/segmented/U372/X (SAEDRVT14_ND2_8)                 0.01       0.36 f
  core/segmented/U371/X (SAEDRVT14_ND2_8)                 0.01       0.37 r
  core/segmented/U65/X (SAEDRVT14_BUF_6)                  0.04       0.41 r
  core/segmented/U346/X (SAEDRVT14_AOI21_0P5)             0.04       0.45 f
  core/segmented/U467/X (SAEDRVT14_EO2_0P5)               0.05       0.50 r
  core/segmented/sum_out[41] (fu_add_sub_segmented_1_0_0)
                                                          0.00       0.50 r
  core/out_data[41] (fu_add_sub_dec_EN321_EN160_EN80)     0.00       0.50 r
  out_data[41] (out)                                      0.00       0.50 r
  data arrival time                                                  0.50

  max_delay                                               0.50       0.50
  output external delay                                   0.00       0.50
  data required time                                                 0.50
  --------------------------------------------------------------------------
  data required time                                                 0.50
  data arrival time                                                 -0.50
  --------------------------------------------------------------------------
  slack (MET)                                                        0.00


1
