 
****************************************
Report : area
Design : fu_fp_min_max_m2
Version: Y-2026.03-SP1
Date   : Tue Sep 29 13:12:30 2026
****************************************

Library(s) Used:

    saed14rvt_base_tt0p8v25c (File: /mnt/nas0/eda.libs/saed14/EDK_03_2025/SAED14nm_EDK_STD_RVT/liberty/nldm/base/saed14rvt_base_tt0p8v25c.db)

Number of ports:                          411
Number of nets:                           767
Number of cells:                          433
Number of combinational cells:            432
Number of sequential cells:                 0
Number of macros/black boxes:               0
Number of buf/inv:                        160
Number of references:                       1

Combinational area:                145.765198
Buf/Inv area:                       35.963999
Noncombinational area:               0.000000
Macro/Black Box area:                0.000000
Net Interconnect area:             209.513811

Total cell area:                   145.765198
Total area:                        355.279010
1
