 
****************************************
Report : area
Design : fu_fp_min_max_m2
Version: Y-2026.03-SP1
Date   : Wed Sep 16 01:18:15 2026
****************************************

Library(s) Used:

    saed14rvt_base_tt0p8v25c (File: /mnt/nas0/eda.libs/saed14/EDK_03_2025/SAED14nm_EDK_STD_RVT/liberty/nldm/base/saed14rvt_base_tt0p8v25c.db)

Number of ports:                          411
Number of nets:                          1093
Number of cells:                          759
Number of combinational cells:            758
Number of sequential cells:                 0
Number of macros/black boxes:               0
Number of buf/inv:                        242
Number of references:                       1

Combinational area:                253.568400
Buf/Inv area:                       51.637199
Noncombinational area:               0.000000
Macro/Black Box area:                0.000000
Net Interconnect area:             329.484400

Total cell area:                   253.568400
Total area:                        583.052800
1
