 
****************************************
Report : timing
        -path full
        -delay max
        -max_paths 1
Design : fu_fp_min_max_m2
Version: Y-2026.03-SP1
Date   : Wed Sep 16 01:18:15 2026
****************************************

Operating Conditions: tt0p8v25c   Library: saed14rvt_base_tt0p8v25c
Wire Load Model Mode: top

  Startpoint: in_data_0[63]
              (input port)
  Endpoint: out_data[38]
            (output port)
  Path Group: default
  Path Type: max

  Des/Clust/Port     Wire Load Model       Library
  ------------------------------------------------
  fu_fp_min_max_m2   8000                  saed14rvt_base_tt0p8v25c

  Point                                                   Incr       Path
  --------------------------------------------------------------------------
  input external delay                                    0.00       0.00 r
  in_data_0[63] (in)                                      0.00       0.00 r
  core/in_data_0[63] (fu_fp_min_max_dec)                  0.00       0.00 r
  core/U395/X (SAEDRVT14_INV_S_2)                         0.02       0.02 f
  core/U57/X (SAEDRVT14_OAI21_V1_4)                       0.03       0.04 r
  core/U52/X (SAEDRVT14_INV_12)                           0.02       0.06 f
  core/U55/X (SAEDRVT14_INV_S_10)                         0.02       0.08 r
  core/U412/X (SAEDRVT14_EN2_1)                           0.05       0.14 f
  core/U28/X (SAEDRVT14_NR2_MM_1)                         0.06       0.20 r
  core/U516/X (SAEDRVT14_INV_S_0P5)                       0.05       0.25 f
  core/U518/X (SAEDRVT14_AOI21_0P5)                       0.05       0.29 r
  core/U519/X (SAEDRVT14_OAI21_2)                         0.03       0.33 f
  core/U520/X (SAEDRVT14_AOI21_6)                         0.02       0.35 r
  core/U523/X (SAEDRVT14_NR2_MM_1)                        0.06       0.40 f
  core/U531/X (SAEDRVT14_OAI21_V1_8)                      0.02       0.42 r
  core/U19/X (SAEDRVT14_AOI21_V1_6)                       0.02       0.44 f
  core/U547/X (SAEDRVT14_OAI21_V1_8)                      0.01       0.46 r
  core/U16/X (SAEDRVT14_AOI21_V1_8)                       0.01       0.47 f
  core/U550/X (SAEDRVT14_OAI21_V1_8)                      0.02       0.49 r
  core/U14/X (SAEDRVT14_ND2_6)                            0.01       0.51 f
  core/U554/X (SAEDRVT14_AOI21_8)                         0.01       0.52 r
  core/U556/X (SAEDRVT14_OAI21_V1_8)                      0.01       0.53 f
  core/U13/X (SAEDRVT14_AOI21_V1_8)                       0.01       0.55 r
  core/U559/X (SAEDRVT14_OAI21_V1_8)                      0.01       0.56 f
  core/U561/X (SAEDRVT14_AOI21_V1_8)                      0.02       0.58 r
  core/U565/X (SAEDRVT14_OAI21_V1_8)                      0.01       0.59 f
  core/U12/X (SAEDRVT14_AOI21_V1_8)                       0.01       0.61 r
  core/U569/X (SAEDRVT14_OAI21_V1_8)                      0.02       0.63 f
  core/U570/X (SAEDRVT14_AOI21_V1_8)                      0.02       0.64 r
  core/U573/X (SAEDRVT14_OAI21_V1_8)                      0.02       0.66 f
  core/U576/X (SAEDRVT14_EN2_4)                           0.03       0.70 r
  core/U379/X (SAEDRVT14_NR2_MM_1)                        0.04       0.74 f
  core/U645/X (SAEDRVT14_NR2_4)                           0.15       0.89 r
  core/U3/X (SAEDRVT14_BUF_12)                            0.06       0.95 r
  core/U744/X (SAEDRVT14_OAI22_0P5)                       0.05       1.00 f
  core/out_data[38] (fu_fp_min_max_dec)                   0.00       1.00 f
  out_data[38] (out)                                      0.00       1.00 f
  data arrival time                                                  1.00

  max_delay                                               1.00       1.00
  output external delay                                   0.00       1.00
  data required time                                                 1.00
  --------------------------------------------------------------------------
  data required time                                                 1.00
  data arrival time                                                 -1.00
  --------------------------------------------------------------------------
  slack (MET)                                                        0.00


1
