 
****************************************
Report : timing
        -path full
        -delay max
        -max_paths 1
Design : fu_fp_min_max_m3
Version: Y-2026.03-SP1
Date   : Tue Sep 29 13:14:21 2026
****************************************

Operating Conditions: tt0p8v25c   Library: saed14rvt_base_tt0p8v25c
Wire Load Model Mode: top

  Startpoint: in_data_0[0]
              (input port)
  Endpoint: out_data[41]
            (output port)
  Path Group: default
  Path Type: max

  Des/Clust/Port     Wire Load Model       Library
  ------------------------------------------------
  fu_fp_min_max_m3   8000                  saed14rvt_base_tt0p8v25c

  Point                                                   Incr       Path
  --------------------------------------------------------------------------
  input external delay                                    0.00       0.00 f
  in_data_0[0] (in)                                       0.00       0.00 f
  core/in_data_0[0] (fu_fp_min_max_dec_W64_MIN_LANE_W16)
                                                          0.00       0.00 f
  core/U279/X (SAEDRVT14_INV_S_0P5)                       0.05       0.05 r
  core/U340/X (SAEDRVT14_OA22_2)                          0.04       0.09 r
  core/U341/X (SAEDRVT14_OAI22_3)                         0.02       0.12 f
  core/U342/X (SAEDRVT14_OAI22_4)                         0.02       0.13 r
  core/U343/X (SAEDRVT14_OAI22_3)                         0.02       0.16 f
  core/U344/X (SAEDRVT14_OAI21_4)                         0.02       0.18 r
  core/U345/X (SAEDRVT14_OAI21_3)                         0.04       0.21 f
  core/U28/X (SAEDRVT14_ND2_CDC_2)                        0.03       0.24 r
  core/U23/X (SAEDRVT14_ND2_4)                            0.02       0.26 f
  core/U346/X (SAEDRVT14_NR2_MM_1)                        0.03       0.29 r
  core/U348/X (SAEDRVT14_OAI21_2)                         0.03       0.32 f
  core/U349/X (SAEDRVT14_AO221_4)                         0.03       0.35 f
  core/U18/X (SAEDRVT14_OAI21_V1_4)                       0.01       0.37 r
  core/U350/X (SAEDRVT14_AOI21_1P5)                       0.03       0.39 f
  core/U272/X (SAEDRVT14_OAI21_2)                         0.03       0.42 r
  core/U351/X (SAEDRVT14_AO21B_0P5)                       0.04       0.46 f
  core/U37/X (SAEDRVT14_BUF_6)                            0.03       0.49 f
  core/U352/X (SAEDRVT14_AOI21_4)                         0.01       0.50 r
  core/U357/X (SAEDRVT14_OR4_2)                           0.04       0.54 r
  core/U358/X (SAEDRVT14_ND2_MM_2)                        0.01       0.55 f
  core/U359/X (SAEDRVT14_NR2_MM_3)                        0.03       0.58 r
  core/U361/X (SAEDRVT14_OR4_2)                           0.03       0.61 r
  core/U362/X (SAEDRVT14_OAI21_V1_8)                      0.02       0.63 f
  core/U14/X (SAEDRVT14_OAI21_V1_4)                       0.02       0.66 r
  core/U364/X (SAEDRVT14_AOI21_6)                         0.03       0.68 f
  core/U13/X (SAEDRVT14_AOI21_V1_8)                       0.02       0.70 r
  core/U11/X (SAEDRVT14_OAI21_V1_4)                       0.03       0.73 f
  core/U432/X (SAEDRVT14_ND2_CDC_4)                       0.01       0.75 r
  core/U10/X (SAEDRVT14_OAI21_3)                          0.03       0.78 f
  core/U278/X (SAEDRVT14_ND2B_U_0P5)                      0.06       0.84 f
  core/U436/X (SAEDRVT14_BUF_10)                          0.05       0.89 f
  core/U5/X (SAEDRVT14_INV_S_16)                          0.02       0.91 r
  core/U462/X (SAEDRVT14_AOI21_0P5)                       0.03       0.94 f
  core/U258/X (SAEDRVT14_OAI21_0P5)                       0.06       1.00 r
  core/out_data[41] (fu_fp_min_max_dec_W64_MIN_LANE_W16)
                                                          0.00       1.00 r
  out_data[41] (out)                                      0.00       1.00 r
  data arrival time                                                  1.00

  max_delay                                               1.00       1.00
  output external delay                                   0.00       1.00
  data required time                                                 1.00
  --------------------------------------------------------------------------
  data required time                                                 1.00
  data arrival time                                                 -1.00
  --------------------------------------------------------------------------
  slack (MET)                                                        0.00


1
