 
****************************************
Report : area
Design : fu_mult_16x4
Version: Y-2026.03-SP1
Date   : Tue Sep  8 23:37:43 2026
****************************************

Library(s) Used:

    saed14rvt_base_tt0p8v25c (File: /mnt/nas0/eda.libs/saed14/EDK_03_2025/SAED14nm_EDK_STD_RVT/liberty/nldm/base/saed14rvt_base_tt0p8v25c.db)

Number of ports:                          200
Number of nets:                          1927
Number of cells:                         1644
Number of combinational cells:           1644
Number of sequential cells:                 0
Number of macros/black boxes:               0
Number of buf/inv:                        263
Number of references:                     128

Combinational area:               1288.044002
Buf/Inv area:                      158.863199
Noncombinational area:               0.000000
Macro/Black Box area:                0.000000
Net Interconnect area:             768.243534

Total cell area:                  1288.044002
Total area:                       2056.287535
1
