 
****************************************
Report : area
Design : fu_bshift_bs3
Version: Y-2026.03-SP1
Date   : Tue Sep  8 22:46:32 2026
****************************************

Library(s) Used:

    saed14rvt_base_tt0p8v25c (File: /mnt/nas0/eda.libs/saed14/EDK_03_2025/SAED14nm_EDK_STD_RVT/liberty/nldm/base/saed14rvt_base_tt0p8v25c.db)

Number of ports:                          408
Number of nets:                          2370
Number of cells:                         2121
Number of combinational cells:           2120
Number of sequential cells:                 0
Number of macros/black boxes:               0
Number of buf/inv:                        400
Number of references:                       1

Combinational area:               1713.129588
Buf/Inv area:                      244.377597
Noncombinational area:               0.000000
Macro/Black Box area:                0.000000
Net Interconnect area:             820.402716

Total cell area:                  1713.129588
Total area:                       2533.532304
1
