 
****************************************
Report : timing
        -path full
        -delay max
        -max_paths 1
Design : fu_bshift_bs3
Version: Y-2026.03-SP1
Date   : Tue Sep  8 22:46:32 2026
****************************************

Operating Conditions: tt0p8v25c   Library: saed14rvt_base_tt0p8v25c
Wire Load Model Mode: top

  Startpoint: shift_op[1]
              (input port)
  Endpoint: out_data[11]
            (output port)
  Path Group: default
  Path Type: max

  Des/Clust/Port     Wire Load Model       Library
  ------------------------------------------------
  fu_bshift_bs3      8000                  saed14rvt_base_tt0p8v25c

  Point                                                   Incr       Path
  --------------------------------------------------------------------------
  input external delay                                    0.00       0.00 f
  shift_op[1] (in)                                        0.00       0.00 f
  core/shift_op[1] (fu_barrel_shift_dec)                  0.00       0.00 f
  core/U1595/X (SAEDRVT14_EN2_4)                          0.03       0.03 r
  core/U1515/X (SAEDRVT14_INV_12)                         0.01       0.04 f
  core/U1743/X (SAEDRVT14_BUF_20)                         0.02       0.05 f
  core/U952/X (SAEDRVT14_INV_S_20)                        0.01       0.06 r
  core/U1502/X (SAEDRVT14_INV_S_20)                       0.01       0.07 f
  core/U1503/X (SAEDRVT14_INV_S_20)                       0.01       0.07 r
  core/U1603/X (SAEDRVT14_NR2_MM_16)                      0.01       0.08 f
  core/U790/X (SAEDRVT14_INV_S_20)                        0.01       0.09 r
  core/U751/X (SAEDRVT14_INV_S_16)                        0.01       0.10 f
  core/U1127/X (SAEDRVT14_AOI21_8)                        0.02       0.12 r
  core/U1910/X (SAEDRVT14_OAI22_4)                        0.03       0.14 f
  core/U778/X (SAEDRVT14_NR2_MM_12)                       0.02       0.16 r
  core/U912/X (SAEDRVT14_NR2_MM_6)                        0.01       0.17 f
  core/U911/X (SAEDRVT14_AOI21_8)                         0.02       0.20 r
  core/U1793/X (SAEDRVT14_OAI21_V1_8)                     0.02       0.21 f
  core/U923/X (SAEDRVT14_NR2_MM_16)                       0.01       0.23 r
  core/U761/X (SAEDRVT14_ND2_MM_10)                       0.01       0.24 f
  core/U1306/X (SAEDRVT14_AOI21_8)                        0.01       0.25 r
  core/U1304/X (SAEDRVT14_ND2_8)                          0.01       0.26 f
  core/U1307/X (SAEDRVT14_NR2_MM_8)                       0.01       0.27 r
  core/U1431/X (SAEDRVT14_OAI21_V1_8)                     0.01       0.28 f
  core/out_data[11] (fu_barrel_shift_dec)                 0.00       0.28 f
  out_data[11] (out)                                      0.00       0.28 f
  data arrival time                                                  0.28

  max_delay                                               0.01       0.01
  output external delay                                   0.00       0.01
  data required time                                                 0.01
  --------------------------------------------------------------------------
  data required time                                                 0.01
  data arrival time                                                 -0.28
  --------------------------------------------------------------------------
  slack (VIOLATED)                                                  -0.27


1
