 
****************************************
Report : timing
        -path full
        -delay max
        -max_paths 1
Design : fu_mult_64
Version: Y-2026.03-SP1
Date   : Wed Sep 30 18:10:20 2026
****************************************

Operating Conditions: tt0p8v25c   Library: saed14rvt_base_tt0p8v25c
Wire Load Model Mode: top

  Startpoint: in_data_0[28]
              (input port)
  Endpoint: out_data[63]
            (output port)
  Path Group: default
  Path Type: max

  Des/Clust/Port     Wire Load Model       Library
  ------------------------------------------------
  fu_mult_64         8000                  saed14rvt_base_tt0p8v25c

  Point                                    Incr       Path
  -----------------------------------------------------------
  input external delay                     0.00       0.00 f
  in_data_0[28] (in)                       0.00       0.00 f
  U2579/X (SAEDRVT14_EN2_4)                0.03       0.03 r
  U2446/X (SAEDRVT14_AN2_MM_20)            0.03       0.06 r
  U2663/X (SAEDRVT14_INV_S_20)             0.02       0.08 f
  U1891/X (SAEDRVT14_OAI22_4)              0.02       0.10 r
  U4210/CO (SAEDRVT14_ADDF_V2_2)           0.04       0.14 r
  U2842/CO (SAEDRVT14_ADDF_V2_2)           0.04       0.19 r
  U3225/S (SAEDRVT14_ADDF_V2_2)            0.05       0.24 f
  U2874/CO (SAEDRVT14_ADDF_V2_2)           0.04       0.28 f
  U4335/S (SAEDRVT14_ADDF_V1_2)            0.05       0.34 r
  U4338/S (SAEDRVT14_ADDF_V1_2)            0.05       0.39 f
  U2237/X (SAEDRVT14_BUF_16)               0.02       0.40 f
  U1864/X (SAEDRVT14_NR2_MM_16)            0.01       0.41 r
  U3246/X (SAEDRVT14_OA21_4)               0.03       0.44 r
  U1448/X (SAEDRVT14_ND2_16)               0.01       0.45 f
  U1439/X (SAEDRVT14_INV_S_9)              0.01       0.46 r
  U1987/X (SAEDRVT14_ND2_16)               0.01       0.47 f
  U2340/X (SAEDRVT14_ND2_16)               0.01       0.48 r
  U3027/X (SAEDRVT14_ND2_MM_16)            0.01       0.49 f
  U3026/X (SAEDRVT14_AOI21_8)              0.02       0.51 r
  U3071/X (SAEDRVT14_OAI21_V1_8)           0.01       0.52 f
  U3090/X (SAEDRVT14_EN2_4)                0.02       0.54 r
  out_data[63] (out)                       0.00       0.54 r
  data arrival time                                   0.54

  max_delay                                0.35       0.35
  output external delay                    0.00       0.35
  data required time                                  0.35
  -----------------------------------------------------------
  data required time                                  0.35
  data arrival time                                  -0.54
  -----------------------------------------------------------
  slack (VIOLATED)                                   -0.19


1
