 
****************************************
Report : area
Design : fu_mult_64
Version: Y-2026.03-SP1
Date   : Wed Sep 30 18:10:20 2026
****************************************

Library(s) Used:

    saed14rvt_base_tt0p8v25c (File: /mnt/nas0/eda.libs/saed14/EDK_03_2025/SAED14nm_EDK_STD_RVT/liberty/nldm/base/saed14rvt_base_tt0p8v25c.db)

Number of ports:                          200
Number of nets:                          5522
Number of cells:                         4475
Number of combinational cells:           4475
Number of sequential cells:                 0
Number of macros/black boxes:               0
Number of buf/inv:                        643
Number of references:                     135

Combinational area:               3413.871601
Buf/Inv area:                      437.251192
Noncombinational area:               0.000000
Macro/Black Box area:                0.000000
Net Interconnect area:            2881.436242

Total cell area:                  3413.871601
Total area:                       6295.307842
1
