 
****************************************
Report : timing
        -path full
        -delay max
        -max_paths 1
Design : fu_add_sub_16x4
Version: Y-2026.03-SP1
Date   : Wed Sep 30 18:16:06 2026
****************************************

Operating Conditions: tt0p8v25c   Library: saed14rvt_base_tt0p8v25c
Wire Load Model Mode: top

  Startpoint: op_sel[1] (input port)
  Endpoint: out_data[31]
            (output port)
  Path Group: default
  Path Type: max

  Des/Clust/Port     Wire Load Model       Library
  ------------------------------------------------
  fu_add_sub_16x4    8000                  saed14rvt_base_tt0p8v25c

  Point                                                   Incr       Path
  --------------------------------------------------------------------------
  input external delay                                    0.00       0.00 f
  op_sel[1] (in)                                          0.00       0.00 f
  U87/X (SAEDRVT14_INV_S_1P5)                             0.23       0.23 r
  U98/X (SAEDRVT14_MUXI2_U_0P5)                           0.13       0.36 f
  intadd_2/U14/CO (SAEDRVT14_ADDF_V1_1)                   0.07       0.43 f
  intadd_2/U13/CO (SAEDRVT14_ADDF_V1_1)                   0.04       0.47 f
  intadd_2/U12/CO (SAEDRVT14_ADDF_V1_1)                   0.04       0.51 f
  intadd_2/U11/CO (SAEDRVT14_ADDF_V1_1)                   0.04       0.55 f
  intadd_2/U10/CO (SAEDRVT14_ADDF_V1_1)                   0.04       0.60 f
  intadd_2/U9/CO (SAEDRVT14_ADDF_V1_1)                    0.04       0.64 f
  intadd_2/U8/CO (SAEDRVT14_ADDF_V1_1)                    0.04       0.68 f
  intadd_2/U7/CO (SAEDRVT14_ADDF_V1_1)                    0.04       0.72 f
  intadd_2/U6/CO (SAEDRVT14_ADDF_V1_1)                    0.04       0.76 f
  intadd_2/U5/CO (SAEDRVT14_ADDF_V1_1)                    0.04       0.81 f
  intadd_2/U4/CO (SAEDRVT14_ADDF_V1_1)                    0.04       0.85 f
  intadd_2/U3/CO (SAEDRVT14_ADDF_V1_1)                    0.04       0.89 f
  intadd_2/U2/CO (SAEDRVT14_ADDF_V1_1)                    0.04       0.93 f
  U15/X (SAEDRVT14_EN4_M_1)                               0.06       0.99 r
  out_data[31] (out)                                      0.00       0.99 r
  data arrival time                                                  0.99

  max_delay                                               1.00       1.00
  output external delay                                   0.00       1.00
  data required time                                                 1.00
  --------------------------------------------------------------------------
  data required time                                                 1.00
  data arrival time                                                 -0.99
  --------------------------------------------------------------------------
  slack (MET)                                                        0.01


1
