 
****************************************
Report : area
Design : fu_fp_minmax_revised_32_16
Version: Y-2026.03-SP1
Date   : Thu Oct  1 18:30:36 2026
****************************************

Library(s) Used:

    saed14rvt_base_tt0p8v25c (File: /mnt/nas0/eda.libs/saed14/EDK_03_2025/SAED14nm_EDK_STD_RVT/liberty/nldm/base/saed14rvt_base_tt0p8v25c.db)

Number of ports:                          311
Number of nets:                           388
Number of cells:                          214
Number of combinational cells:            213
Number of sequential cells:                 0
Number of macros/black boxes:               0
Number of buf/inv:                         63
Number of references:                       2

Combinational area:                 72.549600
Buf/Inv area:                       14.252400
Noncombinational area:               0.000000
Macro/Black Box area:                0.000000
Net Interconnect area:             127.461380

Total cell area:                    72.549600
Total area:                        200.010979
1
