 
****************************************
Report : timing
        -path full
        -delay max
        -max_paths 1
Design : fu_fp_minmax_revised_32_16
Version: Y-2026.03-SP1
Date   : Thu Oct  1 18:30:36 2026
****************************************

Operating Conditions: tt0p8v25c   Library: saed14rvt_base_tt0p8v25c
Wire Load Model Mode: top

  Startpoint: in_data_0[0]
              (input port)
  Endpoint: out_data[23]
            (output port)
  Path Group: default
  Path Type: max

  Des/Clust/Port     Wire Load Model       Library
  ------------------------------------------------
  fu_fp_minmax_revised_32_16
                     8000                  saed14rvt_base_tt0p8v25c

  Point                                                   Incr       Path
  --------------------------------------------------------------------------
  input external delay                                    0.00       0.00 r
  in_data_0[0] (in)                                       0.00       0.00 r
  core/in_data_0[0] (fu_fp_min_max_dec_W32_MIN_LANE_W16)
                                                          0.00       0.00 r
  core/U116/X (SAEDRVT14_INV_S_1)                         0.02       0.02 f
  core/U117/X (SAEDRVT14_OA22_2)                          0.03       0.05 f
  core/U119/X (SAEDRVT14_OAI22_1P5)                       0.03       0.08 r
  core/U120/X (SAEDRVT14_OAI21_V1_4)                      0.02       0.10 f
  core/U121/X (SAEDRVT14_OAI21_V1_4)                      0.02       0.12 r
  core/U123/X (SAEDRVT14_OAI21_2)                         0.03       0.15 f
  core/U124/X (SAEDRVT14_AO21B_0P5)                       0.04       0.19 r
  core/U125/X (SAEDRVT14_OAI21_2)                         0.04       0.23 f
  core/U126/X (SAEDRVT14_OAI21_V1_4)                      0.03       0.25 r
  core/U4/X (SAEDRVT14_OAI21_V1_4)                        0.02       0.27 f
  core/U128/X (SAEDRVT14_AO21B_0P5)                       0.06       0.33 r
  core/U129/X (SAEDRVT14_NR2_1)                           0.05       0.39 f
  core/U132/X (SAEDRVT14_OAI21_2)                         0.03       0.41 r
  core/U13/X (SAEDRVT14_AO221_0P5)                        0.05       0.46 r
  core/U14/X (SAEDRVT14_OAI21_0P5)                        0.04       0.50 f
  core/U134/X (SAEDRVT14_AOI21_1P5)                       0.03       0.53 r
  core/U135/X (SAEDRVT14_OAI21_2)                         0.03       0.56 f
  core/U136/X (SAEDRVT14_AO21B_0P5)                       0.04       0.60 r
  core/U137/X (SAEDRVT14_AOI21_3)                         0.04       0.64 f
  core/U150/X (SAEDRVT14_OAI22_4)                         0.03       0.67 r
  core/U151/X (SAEDRVT14_AOI21_8)                         0.02       0.69 f
  core/U3/X (SAEDRVT14_ND2_3)                             0.02       0.71 r
  core/U152/X (SAEDRVT14_OAI21_V1_4)                      0.02       0.73 f
  core/U170/X (SAEDRVT14_EO2_4)                           0.07       0.80 r
  core/U171/X (SAEDRVT14_INV_S_16)                        0.03       0.83 f
  core/U181/X (SAEDRVT14_ND2_8)                           0.03       0.86 r
  core/U182/X (SAEDRVT14_INV_S_2)                         0.04       0.90 f
  core/U206/X (SAEDRVT14_AOI21_0P5)                       0.04       0.95 r
  core/U207/X (SAEDRVT14_OAI21_0P5)                       0.05       1.00 f
  core/out_data[23] (fu_fp_min_max_dec_W32_MIN_LANE_W16)
                                                          0.00       1.00 f
  out_data[23] (out)                                      0.00       1.00 f
  data arrival time                                                  1.00

  max_delay                                               1.00       1.00
  output external delay                                   0.00       1.00
  data required time                                                 1.00
  --------------------------------------------------------------------------
  data required time                                                 1.00
  data arrival time                                                 -1.00
  --------------------------------------------------------------------------
  slack (MET)                                                        0.00


1
