 
****************************************
Report : timing
        -path full
        -delay max
        -max_paths 1
Design : fu_fp_min_max_dec_W32_MIN_LANE_W32
Version: Y-2026.03-SP1
Date   : Tue Sep 29 17:05:55 2026
****************************************

Operating Conditions: tt0p8v25c   Library: saed14rvt_base_tt0p8v25c
Wire Load Model Mode: top

  Startpoint: in_data_1[2]
              (input port)
  Endpoint: out_data[2]
            (output port)
  Path Group: default
  Path Type: max

  Des/Clust/Port     Wire Load Model       Library
  ------------------------------------------------
  fu_fp_min_max_dec_W32_MIN_LANE_W32
                     8000                  saed14rvt_base_tt0p8v25c

  Point                                    Incr       Path
  -----------------------------------------------------------
  input external delay                     0.00       0.00 f
  in_data_1[2] (in)                        0.00       0.00 f
  U299/X (SAEDRVT14_INV_S_1)               0.03       0.03 r
  U301/X (SAEDRVT14_OAI22_1P5)             0.03       0.06 f
  U302/X (SAEDRVT14_OAI22_1P5)             0.03       0.09 r
  U303/X (SAEDRVT14_OAI21_V1_4)            0.02       0.11 f
  U304/X (SAEDRVT14_OAI21_V1_4)            0.02       0.14 r
  U305/X (SAEDRVT14_OAI21_2)               0.03       0.16 f
  U306/X (SAEDRVT14_AO21B_0P5)             0.04       0.20 r
  U203/X (SAEDRVT14_BUF_4)                 0.02       0.23 r
  U308/X (SAEDRVT14_OA21_4)                0.02       0.25 r
  U309/X (SAEDRVT14_AOI21_1P5)             0.02       0.27 f
  U310/X (SAEDRVT14_OAI21_2)               0.03       0.29 r
  U202/X (SAEDRVT14_OAI21_V1_4)            0.02       0.31 f
  U311/X (SAEDRVT14_OAI22_3)               0.03       0.34 r
  U312/X (SAEDRVT14_AN2_2)                 0.03       0.37 r
  U313/X (SAEDRVT14_OAI22_1P5)             0.03       0.40 f
  U314/X (SAEDRVT14_OAI21_V1_4)            0.02       0.42 r
  U315/X (SAEDRVT14_OAI21_V1_4)            0.02       0.44 f
  U316/X (SAEDRVT14_AN2_MM_2)              0.03       0.47 f
  U317/X (SAEDRVT14_OAI22_1P5)             0.03       0.50 r
  U201/X (SAEDRVT14_AOI21_V1_4)            0.02       0.52 f
  U318/X (SAEDRVT14_AOI21_1P5)             0.03       0.55 r
  U200/X (SAEDRVT14_OAI21_V1_4)            0.02       0.57 f
  U319/X (SAEDRVT14_OAI21_2)               0.03       0.59 r
  U320/X (SAEDRVT14_AOI21_4)               0.02       0.62 f
  U207/X (SAEDRVT14_AOI21_4)               0.03       0.64 r
  U321/X (SAEDRVT14_AN2_MM_2)              0.03       0.67 r
  U322/X (SAEDRVT14_OAI21_V1_8)            0.01       0.69 f
  U325/X (SAEDRVT14_AO21_4)                0.02       0.71 f
  U326/X (SAEDRVT14_NR2_MM_4)              0.01       0.72 r
  U288/X (SAEDRVT14_OAI21_3)               0.03       0.74 f
  U332/X (SAEDRVT14_OAI21_V1_8)            0.02       0.76 r
  U333/X (SAEDRVT14_ND2_CDC_4)             0.02       0.78 f
  U334/X (SAEDRVT14_OAI21_V1_4)            0.01       0.79 r
  U209/X (SAEDRVT14_EO2_4)                 0.05       0.84 f
  U275/X (SAEDRVT14_INV_6)                 0.05       0.89 r
  U350/X (SAEDRVT14_ND2_16)                0.03       0.92 f
  U355/X (SAEDRVT14_BUF_10)                0.03       0.95 f
  U380/X (SAEDRVT14_OAI22_0P5)             0.04       1.00 r
  out_data[2] (out)                        0.00       1.00 r
  data arrival time                                   1.00

  max_delay                                1.00       1.00
  output external delay                    0.00       1.00
  data required time                                  1.00
  -----------------------------------------------------------
  data required time                                  1.00
  data arrival time                                  -1.00
  -----------------------------------------------------------
  slack (MET)                                         0.00


1
