****************************************
Report : Averaged Power
Design : fu_mult_karatsuba_64_32
Version: Y-2026.03-SP1
Date   : Wed Sep 30 18:54:53 2026
****************************************



  Attributes
  ----------
      i  -  Including register clock pin internal power
      u  -  User defined power group

                        Internal  Switching  Leakage    Total
Power Group             Power     Power      Power      Power   (     %)  Attrs
--------------------------------------------------------------------------------
clock_network              0.0000    0.0000    0.0000    0.0000 ( 0.00%)  i
register                   0.0000    0.0000    0.0000    0.0000 ( 0.00%)  
combinational              0.0112    0.0426 2.999e-06    0.0538 (100.00%) 
sequential                 0.0000    0.0000    0.0000    0.0000 ( 0.00%)  
memory                     0.0000    0.0000    0.0000    0.0000 ( 0.00%)  
io_pad                     0.0000    0.0000    0.0000    0.0000 ( 0.00%)  
black_box                  0.0000    0.0000    0.0000    0.0000 ( 0.00%)  

  Net Switching Power  =    0.0426   (79.24%)
  Cell Internal Power  =    0.0112   (20.75%)
  Cell Leakage Power   = 2.999e-06   ( 0.01%)
                         ---------
Total Power            =    0.0538  (100.00%)

1
