 
****************************************
Report : area
Design : fu_add_sub_16x4
Version: Y-2026.03-SP1
Date   : Tue Sep  8 23:33:01 2026
****************************************

Library(s) Used:

    saed14rvt_base_tt0p8v25c (File: /mnt/nas0/eda.libs/saed14/EDK_03_2025/SAED14nm_EDK_STD_RVT/liberty/nldm/base/saed14rvt_base_tt0p8v25c.db)

Number of ports:                          204
Number of nets:                           909
Number of cells:                          772
Number of combinational cells:            772
Number of sequential cells:                 0
Number of macros/black boxes:               0
Number of buf/inv:                        202
Number of references:                      76

Combinational area:                633.143995
Buf/Inv area:                       99.944399
Noncombinational area:               0.000000
Macro/Black Box area:                0.000000
Net Interconnect area:             253.888797

Total cell area:                   633.143995
Total area:                        887.032792
1
