 
****************************************
Report : area
Design : fu_add_sub_d4
Version: Y-2026.03-SP1
Date   : Wed Sep 30 18:12:36 2026
****************************************

Library(s) Used:

    saed14rvt_base_tt0p8v25c (File: /mnt/nas0/eda.libs/saed14/EDK_03_2025/SAED14nm_EDK_STD_RVT/liberty/nldm/base/saed14rvt_base_tt0p8v25c.db)

Number of ports:                          647
Number of nets:                          1102
Number of cells:                          553
Number of combinational cells:            551
Number of sequential cells:                 0
Number of macros/black boxes:               0
Number of buf/inv:                        107
Number of references:                       1

Combinational area:                184.659601
Buf/Inv area:                       20.468400
Noncombinational area:               0.000000
Macro/Black Box area:                0.000000
Net Interconnect area:             199.531261

Total cell area:                   184.659601
Total area:                        384.190861
1
