****************************************
Report : Averaged Power
Design : fu_barrel_shift_32x2
Version: Y-2026.03-SP1
Date   : Wed Sep 30 18:49:48 2026
****************************************



  Attributes
  ----------
      i  -  Including register clock pin internal power
      u  -  User defined power group

                        Internal  Switching  Leakage    Total
Power Group             Power     Power      Power      Power   (     %)  Attrs
--------------------------------------------------------------------------------
clock_network              0.0000    0.0000    0.0000    0.0000 ( 0.00%)  i
register                   0.0000    0.0000    0.0000    0.0000 ( 0.00%)  
combinational           3.517e-04 4.528e-03 1.579e-07 4.880e-03 (100.00%) 
sequential                 0.0000    0.0000    0.0000    0.0000 ( 0.00%)  
memory                     0.0000    0.0000    0.0000    0.0000 ( 0.00%)  
io_pad                     0.0000    0.0000    0.0000    0.0000 ( 0.00%)  
black_box                  0.0000    0.0000    0.0000    0.0000 ( 0.00%)  

  Net Switching Power  = 4.528e-03   (92.79%)
  Cell Internal Power  = 3.517e-04   ( 7.21%)
  Cell Leakage Power   = 1.579e-07   ( 0.00%)
                         ---------
Total Power            = 4.880e-03  (100.00%)

1
