 
****************************************
Report : timing
        -path full
        -delay max
        -max_paths 1
Design : fu_rounding_g3
Version: Y-2026.03-SP1
Date   : Tue Sep  8 23:20:07 2026
****************************************

Operating Conditions: tt0p8v25c   Library: saed14rvt_base_tt0p8v25c
Wire Load Model Mode: top

  Startpoint: in_data_0[54]
              (input port)
  Endpoint: out_data[26]
            (output port)
  Path Group: default
  Path Type: max

  Des/Clust/Port     Wire Load Model       Library
  ------------------------------------------------
  fu_rounding_g3     8000                  saed14rvt_base_tt0p8v25c

  Point                                                   Incr       Path
  --------------------------------------------------------------------------
  input external delay                                    0.00       0.00 r
  in_data_0[54] (in)                                      0.00       0.00 r
  core/in_data_0[54] (fu_rounding_dec_EN321_EN161)        0.00       0.00 r
  core/U1547/X (SAEDRVT14_INV_S_20)                       0.01       0.01 f
  core/U1592/X (SAEDRVT14_ND2_8)                          0.01       0.02 r
  core/U545/X (SAEDRVT14_NR2_MM_12)                       0.01       0.03 f
  core/U1837/X (SAEDRVT14_ND2_16)                         0.01       0.04 r
  core/U541/X (SAEDRVT14_AN2_MM_12)                       0.02       0.06 r
  core/U1447/X (SAEDRVT14_OR2_MM_8)                       0.02       0.08 r
  core/U513/X (SAEDRVT14_INV_6)                           0.01       0.09 f
  core/U1876/X (SAEDRVT14_ND2_MM_16)                      0.05       0.14 r
  core/U410/X (SAEDRVT14_OAI22_1)                         0.05       0.19 f
  core/U1734/X (SAEDRVT14_NR2_MM_1)                       0.04       0.23 r
  core/U1737/X (SAEDRVT14_AOI21_0P5)                      0.04       0.27 f
  core/U707/X (SAEDRVT14_AOI21_3)                         0.02       0.29 r
  core/U2070/X (SAEDRVT14_AN4_1)                          0.03       0.33 r
  core/U2071/X (SAEDRVT14_AN2_MM_2)                       0.03       0.36 r
  core/U1648/X (SAEDRVT14_ND2_8)                          0.01       0.37 f
  core/U2154/X (SAEDRVT14_INV_6)                          0.01       0.38 r
  core/U1354/X (SAEDRVT14_AO21_2)                         0.03       0.41 r
  core/U1534/X (SAEDRVT14_OR2_MM_20)                      0.03       0.43 r
  core/U692/X (SAEDRVT14_INV_12)                          0.01       0.44 f
  core/U698/CKOUT (SAEDRVT14_CLKSPLT_8)                   0.02       0.47 f
  core/U1187/X (SAEDRVT14_AOI21_V1_4)                     0.02       0.49 r
  core/U1427/X (SAEDRVT14_ND2_8)                          0.02       0.51 f
  core/U159/X (SAEDRVT14_ND2_5)                           0.02       0.53 r
  core/U2471/X (SAEDRVT14_OAI21_V1_8)                     0.02       0.55 f
  core/U123/X (SAEDRVT14_AOI21_V1_8)                      0.01       0.57 r
  core/U2724/X (SAEDRVT14_OAI21_V1_8)                     0.03       0.59 f
  core/U2993/X (SAEDRVT14_INV_S_8)                        0.02       0.61 r
  core/U3001/X (SAEDRVT14_OAI21_V1_8)                     0.02       0.63 f
  core/U89/X (SAEDRVT14_INV_S_1)                          0.02       0.65 r
  core/U82/X (SAEDRVT14_OAI21_3)                          0.02       0.67 f
  core/U1698/X (SAEDRVT14_AOI21_1P5)                      0.02       0.70 r
  core/U627/X (SAEDRVT14_EN2_3)                           0.03       0.73 f
  core/U626/X (SAEDRVT14_OAI21_2)                         0.02       0.75 r
  core/out_data[26] (fu_rounding_dec_EN321_EN161)         0.00       0.75 r
  out_data[26] (out)                                      0.00       0.75 r
  data arrival time                                                  0.75

  max_delay                                               0.75       0.75
  output external delay                                   0.00       0.75
  data required time                                                 0.75
  --------------------------------------------------------------------------
  data required time                                                 0.75
  data arrival time                                                 -0.75
  --------------------------------------------------------------------------
  slack (MET)                                                        0.00


1
