 
****************************************
Report : area
Design : fu_bshift_bs3
Version: Y-2026.03-SP1
Date   : Tue Sep  8 21:35:10 2026
****************************************

Library(s) Used:

    saed14rvt_base_tt0p8v25c (File: /mnt/nas0/eda.libs/saed14/EDK_03_2025/SAED14nm_EDK_STD_RVT/liberty/nldm/base/saed14rvt_base_tt0p8v25c.db)

Number of ports:                          408
Number of nets:                          1373
Number of cells:                         1122
Number of combinational cells:           1121
Number of sequential cells:                 0
Number of macros/black boxes:               0
Number of buf/inv:                        206
Number of references:                       1

Combinational area:                404.350797
Buf/Inv area:                       60.561599
Noncombinational area:               0.000000
Macro/Black Box area:                0.000000
Net Interconnect area:             677.488969

Total cell area:                   404.350797
Total area:                       1081.839766
1
