****************************************
Report : Averaged Power
Design : fu_fp_min_max_32x2
Version: Y-2026.03-SP1
Date   : Wed Sep 30 18:51:31 2026
****************************************



  Attributes
  ----------
      i  -  Including register clock pin internal power
      u  -  User defined power group

                        Internal  Switching  Leakage    Total
Power Group             Power     Power      Power      Power   (     %)  Attrs
--------------------------------------------------------------------------------
clock_network              0.0000    0.0000    0.0000    0.0000 ( 0.00%)  i
register                   0.0000    0.0000    0.0000    0.0000 ( 0.00%)  
combinational           8.392e-05 8.734e-04 4.327e-08 9.573e-04 (100.00%) 
sequential                 0.0000    0.0000    0.0000    0.0000 ( 0.00%)  
memory                     0.0000    0.0000    0.0000    0.0000 ( 0.00%)  
io_pad                     0.0000    0.0000    0.0000    0.0000 ( 0.00%)  
black_box                  0.0000    0.0000    0.0000    0.0000 ( 0.00%)  

  Net Switching Power  = 8.734e-04   (91.23%)
  Cell Internal Power  = 8.392e-05   ( 8.77%)
  Cell Leakage Power   = 4.327e-08   ( 0.00%)
                         ---------
Total Power            = 9.573e-04  (100.00%)

1
