 
****************************************
Report : timing
        -path full
        -delay max
        -max_paths 1
Design : fu_fp_cmp_16x4
Version: Y-2026.03-SP1
Date   : Tue Sep  8 23:45:23 2026
****************************************

Operating Conditions: tt0p8v25c   Library: saed14rvt_base_tt0p8v25c
Wire Load Model Mode: top

  Startpoint: in_data_1[11]
              (input port)
  Endpoint: out_data[0]
            (output port)
  Path Group: default
  Path Type: max

  Des/Clust/Port     Wire Load Model       Library
  ------------------------------------------------
  fu_fp_cmp_16x4     8000                  saed14rvt_base_tt0p8v25c

  Point                                    Incr       Path
  -----------------------------------------------------------
  input external delay                     0.00       0.00 r
  in_data_1[11] (in)                       0.00       0.00 r
  U941/X (SAEDRVT14_EN2_4)                 0.02       0.02 f
  U1096/X (SAEDRVT14_OR3_4)                0.02       0.04 f
  U915/X (SAEDRVT14_NR2_MM_12)             0.01       0.05 r
  U914/X (SAEDRVT14_ND2_MM_16)             0.01       0.06 f
  U803/X (SAEDRVT14_ND3_8)                 0.02       0.09 r
  U719/X (SAEDRVT14_ND2_8)                 0.01       0.10 f
  U585/X (SAEDRVT14_NR2_MM_12)             0.01       0.10 r
  U586/X (SAEDRVT14_NR2_MM_12)             0.01       0.11 f
  U713/X (SAEDRVT14_AN2_MM_20)             0.02       0.13 f
  U1114/X (SAEDRVT14_INV_S_20)             0.01       0.14 r
  out_data[0] (out)                        0.00       0.14 r
  data arrival time                                   0.14

  max_delay                                0.01       0.01
  output external delay                    0.00       0.01
  data required time                                  0.01
  -----------------------------------------------------------
  data required time                                  0.01
  data arrival time                                  -0.14
  -----------------------------------------------------------
  slack (VIOLATED)                                   -0.13


1
