 
****************************************
Report : area
Design : fu_fp_cmp_16x4
Version: Y-2026.03-SP1
Date   : Tue Sep  8 23:45:23 2026
****************************************

Library(s) Used:

    saed14rvt_base_tt0p8v25c (File: /mnt/nas0/eda.libs/saed14/EDK_03_2025/SAED14nm_EDK_STD_RVT/liberty/nldm/base/saed14rvt_base_tt0p8v25c.db)

Number of ports:                          204
Number of nets:                           908
Number of cells:                          773
Number of combinational cells:            773
Number of sequential cells:                 0
Number of macros/black boxes:               0
Number of buf/inv:                        192
Number of references:                      78

Combinational area:                733.754392
Buf/Inv area:                      131.024397
Noncombinational area:               0.000000
Macro/Black Box area:                0.000000
Net Interconnect area:             252.262891

Total cell area:                   733.754392
Total area:                        986.017283
1
