****************************************
Report : Averaged Power
Design : fu_add_sub_minmax_d4
Version: Y-2026.03-SP1
Date   : Thu Oct  1 18:36:53 2026
****************************************



  Attributes
  ----------
      i  -  Including register clock pin internal power
      u  -  User defined power group

                        Internal  Switching  Leakage    Total
Power Group             Power     Power      Power      Power   (     %)  Attrs
--------------------------------------------------------------------------------
clock_network              0.0000    0.0000    0.0000    0.0000 ( 0.00%)  i
register                   0.0000    0.0000    0.0000    0.0000 ( 0.00%)  
combinational           3.832e-04 2.396e-03 2.289e-07 2.780e-03 (100.00%) 
sequential                 0.0000    0.0000    0.0000    0.0000 ( 0.00%)  
memory                     0.0000    0.0000    0.0000    0.0000 ( 0.00%)  
io_pad                     0.0000    0.0000    0.0000    0.0000 ( 0.00%)  
black_box                  0.0000    0.0000    0.0000    0.0000 ( 0.00%)  

  Net Switching Power  = 2.396e-03   (86.21%)
  Cell Internal Power  = 3.832e-04   (13.78%)
  Cell Leakage Power   = 2.289e-07   ( 0.01%)
                         ---------
Total Power            = 2.780e-03  (100.00%)

1
