 
****************************************
Report : area
Design : fu_fp_cmp_32x2
Version: Y-2026.03-SP1
Date   : Tue Sep  8 23:44:39 2026
****************************************

Library(s) Used:

    saed14rvt_base_tt0p8v25c (File: /mnt/nas0/eda.libs/saed14/EDK_03_2025/SAED14nm_EDK_STD_RVT/liberty/nldm/base/saed14rvt_base_tt0p8v25c.db)

Number of ports:                          204
Number of nets:                           878
Number of cells:                          743
Number of combinational cells:            743
Number of sequential cells:                 0
Number of macros/black boxes:               0
Number of buf/inv:                        195
Number of references:                      78

Combinational area:                648.062393
Buf/Inv area:                      123.609597
Noncombinational area:               0.000000
Macro/Black Box area:                0.000000
Net Interconnect area:             235.978548

Total cell area:                   648.062393
Total area:                        884.040940
1
