 
****************************************
Report : timing
        -path full
        -delay max
        -max_paths 1
Design : fu_fp_cmp_32x2
Version: Y-2026.03-SP1
Date   : Tue Sep  8 23:44:39 2026
****************************************

Operating Conditions: tt0p8v25c   Library: saed14rvt_base_tt0p8v25c
Wire Load Model Mode: top

  Startpoint: in_data_1[61]
              (input port)
  Endpoint: out_data[38]
            (output port)
  Path Group: default
  Path Type: max

  Des/Clust/Port     Wire Load Model       Library
  ------------------------------------------------
  fu_fp_cmp_32x2     8000                  saed14rvt_base_tt0p8v25c

  Point                                    Incr       Path
  -----------------------------------------------------------
  input external delay                     0.00       0.00 f
  in_data_1[61] (in)                       0.00       0.00 f
  U515/X (SAEDRVT14_EN2_4)                 0.02       0.02 r
  U508/X (SAEDRVT14_AN4_8)                 0.02       0.04 r
  U707/X (SAEDRVT14_ND2_16)                0.01       0.05 f
  U801/X (SAEDRVT14_INV_S_10)              0.01       0.06 r
  U521/X (SAEDRVT14_ND2_MM_12)             0.01       0.07 f
  U772/X (SAEDRVT14_AOI21_8)               0.01       0.08 r
  U730/X (SAEDRVT14_NR2_MM_16)             0.01       0.09 f
  U729/X (SAEDRVT14_ND2_16)                0.01       0.10 r
  U476/X (SAEDRVT14_ND2_MM_16)             0.01       0.11 f
  U732/X (SAEDRVT14_NR2_MM_16)             0.01       0.12 r
  U731/X (SAEDRVT14_NR2_MM_16)             0.01       0.12 f
  U781/X (SAEDRVT14_NR2_MM_16)             0.01       0.13 r
  U728/X (SAEDRVT14_ND2_MM_16)             0.01       0.14 f
  U681/X (SAEDRVT14_INV_S_20)              0.01       0.15 r
  U683/X (SAEDRVT14_INV_S_20)              0.01       0.16 f
  out_data[38] (out)                       0.00       0.16 f
  data arrival time                                   0.16

  max_delay                                0.01       0.01
  output external delay                    0.00       0.01
  data required time                                  0.01
  -----------------------------------------------------------
  data required time                                  0.01
  data arrival time                                  -0.16
  -----------------------------------------------------------
  slack (VIOLATED)                                   -0.15


1
