 
****************************************
Report : timing
        -path full
        -delay max
        -max_paths 1
Design : fu_fp_min_max_32
Version: Y-2026.03-SP1
Date   : Thu Oct  1 18:31:03 2026
****************************************

Operating Conditions: tt0p8v25c   Library: saed14rvt_base_tt0p8v25c
Wire Load Model Mode: top

  Startpoint: in_data_1[1]
              (input port)
  Endpoint: out_data[3]
            (output port)
  Path Group: default
  Path Type: max

  Des/Clust/Port     Wire Load Model       Library
  ------------------------------------------------
  fu_fp_min_max_32   8000                  saed14rvt_base_tt0p8v25c

  Point                                    Incr       Path
  -----------------------------------------------------------
  input external delay                     0.00       0.00 r
  in_data_1[1] (in)                        0.00       0.00 r
  U218/X (SAEDRVT14_INV_6)                 0.01       0.01 f
  U273/X (SAEDRVT14_OAI21_1)               0.03       0.03 r
  U275/X (SAEDRVT14_OAI22_1P5)             0.03       0.07 f
  U276/X (SAEDRVT14_OA2BB2_V1_1)           0.04       0.11 r
  U277/X (SAEDRVT14_OAI22_1P5)             0.03       0.14 f
  U279/X (SAEDRVT14_AOI21_1P5)             0.03       0.17 r
  U283/X (SAEDRVT14_OAI22_1P5)             0.03       0.20 f
  U284/X (SAEDRVT14_AOI21_1P5)             0.03       0.23 r
  U285/X (SAEDRVT14_OA22_2)                0.03       0.26 r
  U286/X (SAEDRVT14_OAI22_1P5)             0.03       0.29 f
  U288/X (SAEDRVT14_AOI21_1P5)             0.03       0.31 r
  U292/X (SAEDRVT14_OAI22_1P5)             0.03       0.34 f
  U293/X (SAEDRVT14_AOI21_1P5)             0.03       0.38 r
  U297/X (SAEDRVT14_OAI22_1P5)             0.03       0.41 f
  U298/X (SAEDRVT14_AOI21_1P5)             0.03       0.44 r
  U211/X (SAEDRVT14_OA31_1)                0.03       0.47 r
  U312/X (SAEDRVT14_OAI22_1P5)             0.03       0.50 f
  U313/X (SAEDRVT14_AOI21_1P5)             0.03       0.53 r
  U314/X (SAEDRVT14_OA31_1)                0.04       0.56 r
  U323/X (SAEDRVT14_OAI22_1P5)             0.03       0.59 f
  U324/X (SAEDRVT14_AO21_2)                0.04       0.63 f
  U203/X (SAEDRVT14_OAI21_0P5)             0.03       0.66 r
  U332/X (SAEDRVT14_OAI21_2)               0.03       0.69 f
  U333/X (SAEDRVT14_EO2_V1_1P5)            0.03       0.72 f
  U334/X (SAEDRVT14_BUF_10)                0.04       0.77 f
  U366/X (SAEDRVT14_ND2_CDC_2)             0.10       0.87 r
  U382/X (SAEDRVT14_BUF_S_2)               0.08       0.95 r
  U388/X (SAEDRVT14_OAI22_1)               0.05       1.00 f
  out_data[3] (out)                        0.00       1.00 f
  data arrival time                                   1.00

  max_delay                                1.00       1.00
  output external delay                    0.00       1.00
  data required time                                  1.00
  -----------------------------------------------------------
  data required time                                  1.00
  data arrival time                                  -1.00
  -----------------------------------------------------------
  slack (MET)                                         0.00


1
