 
****************************************
Report : area
Design : fu_min_max_32x2
Version: Y-2026.03-SP1
Date   : Tue Sep  8 22:10:06 2026
****************************************

Library(s) Used:

    saed14rvt_base_tt0p8v25c (File: /mnt/nas0/eda.libs/saed14/EDK_03_2025/SAED14nm_EDK_STD_RVT/liberty/nldm/base/saed14rvt_base_tt0p8v25c.db)

Number of ports:                          203
Number of nets:                           532
Number of cells:                          392
Number of combinational cells:            392
Number of sequential cells:                 0
Number of macros/black boxes:               0
Number of buf/inv:                        156
Number of references:                      56

Combinational area:                138.128398
Buf/Inv area:                       41.114399
Noncombinational area:               0.000000
Macro/Black Box area:                0.000000
Net Interconnect area:             163.641099

Total cell area:                   138.128398
Total area:                        301.769498
1
