 
****************************************
Report : area
Design : fu_min_max_m1
Version: Y-2026.03-SP1
Date   : Wed Sep 30 12:10:58 2026
****************************************

Library(s) Used:

    saed14rvt_base_tt0p8v25c (File: /mnt/nas0/eda.libs/saed14/EDK_03_2025/SAED14nm_EDK_STD_RVT/liberty/nldm/base/saed14rvt_base_tt0p8v25c.db)

Number of ports:                          414
Number of nets:                           682
Number of cells:                          350
Number of combinational cells:            349
Number of sequential cells:                 0
Number of macros/black boxes:               0
Number of buf/inv:                        155
Number of references:                       1

Combinational area:                118.769998
Buf/Inv area:                       43.334400
Noncombinational area:               0.000000
Macro/Black Box area:                0.000000
Net Interconnect area:             149.876312

Total cell area:                   118.769998
Total area:                        268.646310
1
