 
****************************************
Report : timing
        -path full
        -delay max
        -max_paths 1
Design : fu_min_max_m1
Version: Y-2026.03-SP1
Date   : Wed Sep 30 12:10:58 2026
****************************************

Operating Conditions: tt0p8v25c   Library: saed14rvt_base_tt0p8v25c
Wire Load Model Mode: top

  Startpoint: in_data_1[1]
              (input port)
  Endpoint: out_data[12]
            (output port)
  Path Group: default
  Path Type: max

  Des/Clust/Port     Wire Load Model       Library
  ------------------------------------------------
  fu_min_max_m1      8000                  saed14rvt_base_tt0p8v25c

  Point                                                   Incr       Path
  --------------------------------------------------------------------------
  input external delay                                    0.00       0.00 f
  in_data_1[1] (in)                                       0.00       0.00 f
  core/in_data_1[1] (fu_min_max_dec_EN320_EN160)          0.00       0.00 f
  core/U54/X (SAEDRVT14_INV_S_0P5)                        0.06       0.06 r
  core/U56/X (SAEDRVT14_OAI22_4)                          0.03       0.09 f
  core/U57/X (SAEDRVT14_OR2_4)                            0.02       0.11 f
  core/U14/X (SAEDRVT14_ND2_8)                            0.01       0.12 r
  core/U62/X (SAEDRVT14_ND2_8)                            0.01       0.13 f
  core/U64/X (SAEDRVT14_ND2_8)                            0.01       0.14 r
  core/U66/X (SAEDRVT14_OAI21_V1_8)                       0.01       0.15 f
  core/U67/X (SAEDRVT14_AO21B_0P5)                        0.03       0.18 r
  core/U17/X (SAEDRVT14_AO21_1)                           0.03       0.21 r
  core/U15/X (SAEDRVT14_OA21_4)                           0.03       0.24 r
  core/U69/X (SAEDRVT14_ND2_3)                            0.02       0.26 f
  core/U71/X (SAEDRVT14_ND2_8)                            0.02       0.28 r
  core/U18/X (SAEDRVT14_OR2_1)                            0.02       0.30 r
  core/U19/X (SAEDRVT14_ND2_CDC_1)                        0.03       0.33 f
  core/U73/X (SAEDRVT14_AO21B_0P5)                        0.07       0.40 r
  core/U75/X (SAEDRVT14_OAI21_3)                          0.03       0.43 f
  core/U76/X (SAEDRVT14_AO21B_0P5)                        0.04       0.47 r
  core/U77/X (SAEDRVT14_AOI21_3)                          0.02       0.49 f
  core/U20/X (SAEDRVT14_OA21_4)                           0.03       0.52 f
  core/U83/X (SAEDRVT14_OAI22_4)                          0.02       0.54 r
  core/U84/X (SAEDRVT14_OA21B_4)                          0.02       0.56 f
  core/U89/X (SAEDRVT14_OAI22_4)                          0.02       0.58 r
  core/U91/X (SAEDRVT14_OA21B_4)                          0.04       0.62 r
  core/U92/X (SAEDRVT14_NR2_MM_4)                         0.01       0.63 f
  core/U102/X (SAEDRVT14_OR4_2)                           0.03       0.65 f
  core/U130/X (SAEDRVT14_OA31_4)                          0.02       0.68 f
  core/U132/X (SAEDRVT14_OA2BB2_V1_4)                     0.02       0.70 f
  core/U151/X (SAEDRVT14_NR4_2)                           0.03       0.74 r
  core/U181/X (SAEDRVT14_AO32_2)                          0.03       0.77 r
  core/U12/X (SAEDRVT14_NR2_MM_6)                         0.01       0.78 f
  core/U184/X (SAEDRVT14_NR2_MM_10)                       0.01       0.79 r
  core/U185/X (SAEDRVT14_AOI21_8)                         0.01       0.80 f
  core/U214/X (SAEDRVT14_OR4_2)                           0.03       0.83 f
  core/U23/X (SAEDRVT14_AN2_MM_1)                         0.02       0.85 f
  core/U246/X (SAEDRVT14_EO2_3)                           0.05       0.90 r
  core/U10/X (SAEDRVT14_BUF_16)                           0.03       0.93 r
  core/U264/X (SAEDRVT14_INV_S_10)                        0.02       0.95 f
  core/U265/X (SAEDRVT14_INV_S_20)                        0.01       0.96 r
  core/U294/X (SAEDRVT14_OAI22_0P5)                       0.04       1.00 f
  core/out_data[12] (fu_min_max_dec_EN320_EN160)          0.00       1.00 f
  out_data[12] (out)                                      0.00       1.00 f
  data arrival time                                                  1.00

  max_delay                                               1.00       1.00
  output external delay                                   0.00       1.00
  data required time                                                 1.00
  --------------------------------------------------------------------------
  data required time                                                 1.00
  data arrival time                                                 -1.00
  --------------------------------------------------------------------------
  slack (MET)                                                        0.00


1
