****************************************
Report : Averaged Power
Design : fu_add_sub_minmax_d8
Version: Y-2026.03-SP1
Date   : Thu Oct  1 18:34:45 2026
****************************************



  Attributes
  ----------
      i  -  Including register clock pin internal power
      u  -  User defined power group

                        Internal  Switching  Leakage    Total
Power Group             Power     Power      Power      Power   (     %)  Attrs
--------------------------------------------------------------------------------
clock_network              0.0000    0.0000    0.0000    0.0000 ( 0.00%)  i
register                   0.0000    0.0000    0.0000    0.0000 ( 0.00%)  
combinational           1.975e-03 7.712e-03 7.719e-07 9.687e-03 (100.00%) 
sequential                 0.0000    0.0000    0.0000    0.0000 ( 0.00%)  
memory                     0.0000    0.0000    0.0000    0.0000 ( 0.00%)  
io_pad                     0.0000    0.0000    0.0000    0.0000 ( 0.00%)  
black_box                  0.0000    0.0000    0.0000    0.0000 ( 0.00%)  

  Net Switching Power  = 7.712e-03   (79.61%)
  Cell Internal Power  = 1.975e-03   (20.39%)
  Cell Leakage Power   = 7.719e-07   ( 0.01%)
                         ---------
Total Power            = 9.687e-03  (100.00%)

1
