 
****************************************
Report : area
Design : fu_fp_min_max_32x2
Version: Y-2026.03-SP1
Date   : Tue Sep  8 23:42:23 2026
****************************************

Library(s) Used:

    saed14rvt_base_tt0p8v25c (File: /mnt/nas0/eda.libs/saed14/EDK_03_2025/SAED14nm_EDK_STD_RVT/liberty/nldm/base/saed14rvt_base_tt0p8v25c.db)

Number of ports:                          202
Number of nets:                           870
Number of cells:                          736
Number of combinational cells:            736
Number of sequential cells:                 0
Number of macros/black boxes:               0
Number of buf/inv:                        235
Number of references:                      77

Combinational area:                630.746395
Buf/Inv area:                      157.087195
Noncombinational area:               0.000000
Macro/Black Box area:                0.000000
Net Interconnect area:             248.072027

Total cell area:                   630.746395
Total area:                        878.818421
1
