 
****************************************
Report : timing
        -path full
        -delay max
        -max_paths 1
Design : fu_fp_min_max_32x2
Version: Y-2026.03-SP1
Date   : Tue Sep  8 23:42:23 2026
****************************************

Operating Conditions: tt0p8v25c   Library: saed14rvt_base_tt0p8v25c
Wire Load Model Mode: top

  Startpoint: in_data_0[8]
              (input port)
  Endpoint: out_data[10]
            (output port)
  Path Group: default
  Path Type: max

  Des/Clust/Port     Wire Load Model       Library
  ------------------------------------------------
  fu_fp_min_max_32x2 8000                  saed14rvt_base_tt0p8v25c

  Point                                    Incr       Path
  -----------------------------------------------------------
  input external delay                     0.00       0.00 r
  in_data_0[8] (in)                        0.00       0.00 r
  U798/X (SAEDRVT14_INV_S_20)              0.00       0.00 f
  U566/X (SAEDRVT14_OAI22_4)               0.01       0.02 r
  U624/X (SAEDRVT14_AN4_8)                 0.02       0.04 r
  U622/X (SAEDRVT14_OAI21_V1_8)            0.01       0.05 f
  U847/X (SAEDRVT14_ND3_8)                 0.02       0.07 r
  U656/X (SAEDRVT14_OAI21_V1_8)            0.02       0.08 f
  U657/X (SAEDRVT14_INV_6)                 0.01       0.09 r
  U559/X (SAEDRVT14_NR2_MM_10)             0.01       0.10 f
  U741/X (SAEDRVT14_OR2_MM_20)             0.02       0.12 f
  U900/X (SAEDRVT14_NR2_MM_16)             0.01       0.13 r
  U821/X (SAEDRVT14_INV_S_20)              0.01       0.14 f
  U860/X (SAEDRVT14_BUF_20)                0.02       0.16 f
  U814/X (SAEDRVT14_OAI22_4)               0.01       0.17 r
  out_data[10] (out)                       0.00       0.17 r
  data arrival time                                   0.17

  max_delay                                0.01       0.01
  output external delay                    0.00       0.01
  data required time                                  0.01
  -----------------------------------------------------------
  data required time                                  0.01
  data arrival time                                  -0.17
  -----------------------------------------------------------
  slack (VIOLATED)                                   -0.16


1
