 
****************************************
Report : area
Design : fu_cmp_c8
Version: Y-2026.03-SP1
Date   : Wed Sep 30 18:20:35 2026
****************************************

Library(s) Used:

    saed14rvt_base_tt0p8v25c (File: /mnt/nas0/eda.libs/saed14/EDK_03_2025/SAED14nm_EDK_STD_RVT/liberty/nldm/base/saed14rvt_base_tt0p8v25c.db)

Number of ports:                          412
Number of nets:                           747
Number of cells:                          414
Number of combinational cells:            413
Number of sequential cells:                 0
Number of macros/black boxes:               0
Number of buf/inv:                        106
Number of references:                       2

Combinational area:                142.301999
Buf/Inv area:                       20.823600
Noncombinational area:               0.000000
Macro/Black Box area:                0.000000
Net Interconnect area:             184.464196

Total cell area:                   142.301999
Total area:                        326.766195
1
