 
****************************************
Report : timing
        -path full
        -delay max
        -max_paths 1
Design : fu_cmp_c8
Version: Y-2026.03-SP1
Date   : Wed Sep 30 18:20:35 2026
****************************************

Operating Conditions: tt0p8v25c   Library: saed14rvt_base_tt0p8v25c
Wire Load Model Mode: top

  Startpoint: pred[1] (input port)
  Endpoint: out_data[8]
            (output port)
  Path Group: default
  Path Type: max

  Des/Clust/Port     Wire Load Model       Library
  ------------------------------------------------
  fu_cmp_c8          8000                  saed14rvt_base_tt0p8v25c

  Point                                    Incr       Path
  -----------------------------------------------------------
  input external delay                     0.00       0.00 r
  pred[1] (in)                             0.00       0.00 r
  core/pred[1] (fu_cmp_dec)                0.00       0.00 r
  core/U9/X (SAEDRVT14_ND2_3)              0.07       0.07 f
  core/U334/X (SAEDRVT14_ND2B_U_0P5)       0.45       0.52 f
  core/U347/X (SAEDRVT14_OAI22_0P5)        0.17       0.69 r
  core/U351/X (SAEDRVT14_NR2_1)            0.08       0.77 f
  core/U353/X (SAEDRVT14_ND2_CDC_1)        0.04       0.81 r
  core/U356/X (SAEDRVT14_AOI21_0P5)        0.07       0.88 f
  core/U3/X (SAEDRVT14_OAI21_V1_4)         0.12       1.00 r
  core/out_data[8] (fu_cmp_dec)            0.00       1.00 r
  out_data[8] (out)                        0.00       1.00 r
  data arrival time                                   1.00

  max_delay                                1.00       1.00
  output external delay                    0.00       1.00
  data required time                                  1.00
  -----------------------------------------------------------
  data required time                                  1.00
  data arrival time                                  -1.00
  -----------------------------------------------------------
  slack (MET)                                         0.00


1
