 
****************************************
Report : timing
        -path full
        -delay max
        -max_paths 1
Design : fu_min_max_m2
Version: Y-2026.03-SP1
Date   : Wed Sep 30 12:11:52 2026
****************************************

Operating Conditions: tt0p8v25c   Library: saed14rvt_base_tt0p8v25c
Wire Load Model Mode: top

  Startpoint: in_data_0[35]
              (input port)
  Endpoint: out_data[35]
            (output port)
  Path Group: default
  Path Type: max

  Des/Clust/Port     Wire Load Model       Library
  ------------------------------------------------
  fu_min_max_m2      8000                  saed14rvt_base_tt0p8v25c

  Point                                                   Incr       Path
  --------------------------------------------------------------------------
  input external delay                                    0.00       0.00 f
  in_data_0[35] (in)                                      0.00       0.00 f
  core/in_data_0[35] (fu_min_max_dec_EN321_EN160)         0.00       0.00 f
  core/U50/X (SAEDRVT14_INV_0P75)                         0.04       0.04 r
  core/U49/X (SAEDRVT14_OAI22_4)                          0.03       0.06 f
  core/U66/X (SAEDRVT14_AOI21_0P5)                        0.04       0.11 r
  core/U44/X (SAEDRVT14_OAI21_4)                          0.02       0.13 f
  core/U73/X (SAEDRVT14_AOI21_0P5)                        0.03       0.16 r
  core/U72/X (SAEDRVT14_NR2_MM_1)                         0.03       0.20 f
  core/U98/X (SAEDRVT14_NR2_MM_1)                         0.04       0.23 r
  core/U21/X (SAEDRVT14_OAI21_2)                          0.03       0.27 f
  core/U32/X (SAEDRVT14_AOI21_4)                          0.02       0.29 r
  core/U31/X (SAEDRVT14_OAI21_V1_8)                       0.02       0.31 f
  core/U302/X (SAEDRVT14_AOI21_V1_4)                      0.02       0.33 r
  core/U331/X (SAEDRVT14_OAI21_V1_8)                      0.02       0.35 f
  core/U332/X (SAEDRVT14_EN2_4)                           0.03       0.37 r
  core/U333/X (SAEDRVT14_NR2_MM_8)                        0.01       0.39 f
  core/U61/X (SAEDRVT14_NR2_MM_8)                         0.02       0.40 r
  core/U53/X (SAEDRVT14_INV_S_8)                          0.01       0.42 f
  core/U57/X (SAEDRVT14_INV_4)                            0.03       0.45 r
  core/U48/X (SAEDRVT14_MUXI2_U_0P5)                      0.05       0.50 r
  core/out_data[35] (fu_min_max_dec_EN321_EN160)          0.00       0.50 r
  out_data[35] (out)                                      0.00       0.50 r
  data arrival time                                                  0.50

  max_delay                                               0.50       0.50
  output external delay                                   0.00       0.50
  data required time                                                 0.50
  --------------------------------------------------------------------------
  data required time                                                 0.50
  data arrival time                                                 -0.50
  --------------------------------------------------------------------------
  slack (MET)                                                        0.00


1
