 
****************************************
Report : timing
        -path full
        -delay max
        -max_paths 1
Design : fu_fp_cmp_32x2
Version: Y-2026.03-SP1
Date   : Tue Sep  8 22:16:48 2026
****************************************

Operating Conditions: tt0p8v25c   Library: saed14rvt_base_tt0p8v25c
Wire Load Model Mode: top

  Startpoint: in_data_0[45]
              (input port)
  Endpoint: out_data[32]
            (output port)
  Path Group: default
  Path Type: max

  Des/Clust/Port     Wire Load Model       Library
  ------------------------------------------------
  fu_fp_cmp_32x2     8000                  saed14rvt_base_tt0p8v25c

  Point                                    Incr       Path
  -----------------------------------------------------------
  input external delay                     0.00       0.00 f
  in_data_0[45] (in)                       0.00       0.00 f
  U645/X (SAEDRVT14_OR4_1)                 0.03       0.03 f
  U463/X (SAEDRVT14_OR4_1)                 0.03       0.06 f
  U537/X (SAEDRVT14_OR4_1)                 0.03       0.09 f
  U293/X (SAEDRVT14_NR2_MM_1)              0.05       0.15 r
  U588/X (SAEDRVT14_INV_S_0P5)             0.05       0.19 f
  U814/X (SAEDRVT14_ND2_CDC_1)             0.03       0.23 r
  U815/X (SAEDRVT14_ND2_CDC_2)             0.05       0.27 f
  U816/X (SAEDRVT14_INV_S_1)               0.05       0.32 r
  U614/X (SAEDRVT14_ND2_CDC_1)             0.03       0.36 f
  U819/X (SAEDRVT14_AOI21_0P5)             0.05       0.40 r
  U821/X (SAEDRVT14_AOI21_1P5)             0.03       0.44 f
  U316/X (SAEDRVT14_AN2_MM_12)             0.03       0.46 f
  U829/X (SAEDRVT14_INV_4)                 0.04       0.50 r
  out_data[32] (out)                       0.00       0.50 r
  data arrival time                                   0.50

  max_delay                                0.50       0.50
  output external delay                    0.00       0.50
  data required time                                  0.50
  -----------------------------------------------------------
  data required time                                  0.50
  data arrival time                                  -0.50
  -----------------------------------------------------------
  slack (MET)                                         0.00


1
