****************************************
Report : Averaged Power
Design : fu_fp_minmax_revised_32_16
Version: Y-2026.03-SP1
Date   : Thu Oct  1 18:36:28 2026
****************************************



  Attributes
  ----------
      i  -  Including register clock pin internal power
      u  -  User defined power group

                        Internal  Switching  Leakage    Total
Power Group             Power     Power      Power      Power   (     %)  Attrs
--------------------------------------------------------------------------------
clock_network              0.0000    0.0000    0.0000    0.0000 ( 0.00%)  i
register                   0.0000    0.0000    0.0000    0.0000 ( 0.00%)  
combinational           1.264e-04 9.570e-04 3.915e-08 1.083e-03 (100.00%) 
sequential                 0.0000    0.0000    0.0000    0.0000 ( 0.00%)  
memory                     0.0000    0.0000    0.0000    0.0000 ( 0.00%)  
io_pad                     0.0000    0.0000    0.0000    0.0000 ( 0.00%)  
black_box                  0.0000    0.0000    0.0000    0.0000 ( 0.00%)  

  Net Switching Power  = 9.570e-04   (88.33%)
  Cell Internal Power  = 1.264e-04   (11.66%)
  Cell Leakage Power   = 3.915e-08   ( 0.00%)
                         ---------
Total Power            = 1.083e-03  (100.00%)

1
