 
****************************************
Report : area
Design : fu_mult_decomp
Version: Y-2026.03-SP1
Date   : Wed Sep 30 18:15:00 2026
****************************************

Library(s) Used:

    saed14rvt_base_tt0p8v25c (File: /mnt/nas0/eda.libs/saed14/EDK_03_2025/SAED14nm_EDK_STD_RVT/liberty/nldm/base/saed14rvt_base_tt0p8v25c.db)

Number of ports:                          522
Number of nets:                          9518
Number of cells:                         8259
Number of combinational cells:           8257
Number of sequential cells:                 0
Number of macros/black boxes:               0
Number of buf/inv:                       1550
Number of references:                     146

Combinational area:               5338.833580
Buf/Inv area:                      652.546797
Noncombinational area:               0.000000
Macro/Black Box area:                0.000000
Net Interconnect area:            3727.197902

Total cell area:                  5338.833580
Total area:                       9066.031482
1
