 
****************************************
Report : area
Design : fu_fp_min_max_64
Version: Y-2026.03-SP1
Date   : Tue Sep  8 22:12:42 2026
****************************************

Library(s) Used:

    saed14rvt_base_tt0p8v25c (File: /mnt/nas0/eda.libs/saed14/EDK_03_2025/SAED14nm_EDK_STD_RVT/liberty/nldm/base/saed14rvt_base_tt0p8v25c.db)

Number of ports:                          201
Number of nets:                           639
Number of cells:                          507
Number of combinational cells:            507
Number of sequential cells:                 0
Number of macros/black boxes:               0
Number of buf/inv:                        166
Number of references:                      70

Combinational area:                159.928798
Buf/Inv area:                       39.915599
Noncombinational area:               0.000000
Macro/Black Box area:                0.000000
Net Interconnect area:             209.444276

Total cell area:                   159.928798
Total area:                        369.373074
1
