 
****************************************
Report : timing
        -path full
        -delay max
        -max_paths 1
Design : fu_fp_cmp_g1
Version: Y-2026.03-SP1
Date   : Wed Sep 30 12:22:00 2026
****************************************

Operating Conditions: tt0p8v25c   Library: saed14rvt_base_tt0p8v25c
Wire Load Model Mode: top

  Startpoint: in_data_1[60]
              (input port)
  Endpoint: out_data[1]
            (output port)
  Path Group: default
  Path Type: max

  Des/Clust/Port     Wire Load Model       Library
  ------------------------------------------------
  fu_fp_cmp_g1       8000                  saed14rvt_base_tt0p8v25c

  Point                                                   Incr       Path
  --------------------------------------------------------------------------
  input external delay                                    0.00       0.00 f
  in_data_1[60] (in)                                      0.00       0.00 f
  core/in_data_1[60] (fu_fp_cmp_dec_W64_MIN_LANE_W64)     0.00       0.00 f
  core/U69/X (SAEDRVT14_INV_S_0P5)                        0.08       0.08 r
  core/U26/X (SAEDRVT14_OAI22_0P5)                        0.08       0.16 f
  core/U30/X (SAEDRVT14_OR4_1)                            0.04       0.20 f
  core/U36/X (SAEDRVT14_OR4_1)                            0.03       0.24 f
  core/U96/X (SAEDRVT14_OR4_2)                            0.04       0.27 f
  core/U143/X (SAEDRVT14_OR4_2)                           0.04       0.31 f
  core/U180/X (SAEDRVT14_OR4_1)                           0.04       0.35 f
  core/U306/X (SAEDRVT14_OAI21_1)                         0.11       0.46 r
  core/U307/X (SAEDRVT14_AOI21_1P5)                       0.07       0.53 f
  core/U308/X (SAEDRVT14_OAI21_4)                         0.04       0.57 r
  core/U46/X (SAEDRVT14_INV_S_1)                          0.03       0.60 f
  core/U317/X (SAEDRVT14_AOI21_1)                         0.04       0.64 r
  core/U318/X (SAEDRVT14_OAI21_0P5)                       0.05       0.68 f
  core/U319/X (SAEDRVT14_OAI22_1P5)                       0.03       0.72 r
  core/U320/X (SAEDRVT14_AOI21_1P5)                       0.03       0.75 f
  core/U53/X (SAEDRVT14_OAI21_3)                          0.11       0.86 r
  core/U332/X (SAEDRVT14_BUF_1P5)                         0.14       1.00 r
  core/out_data[1] (fu_fp_cmp_dec_W64_MIN_LANE_W64)       0.00       1.00 r
  out_data[1] (out)                                       0.00       1.00 r
  data arrival time                                                  1.00

  max_delay                                               1.00       1.00
  output external delay                                   0.00       1.00
  data required time                                                 1.00
  --------------------------------------------------------------------------
  data required time                                                 1.00
  data arrival time                                                 -1.00
  --------------------------------------------------------------------------
  slack (MET)                                                        0.00


1
