 
****************************************
Report : area
Design : fu_fp_cmp_32x2
Version: Y-2026.03-SP1
Date   : Tue Sep  8 23:13:28 2026
****************************************

Library(s) Used:

    saed14rvt_base_tt0p8v25c (File: /mnt/nas0/eda.libs/saed14/EDK_03_2025/SAED14nm_EDK_STD_RVT/liberty/nldm/base/saed14rvt_base_tt0p8v25c.db)

Number of ports:                          204
Number of nets:                           538
Number of cells:                          403
Number of combinational cells:            403
Number of sequential cells:                 0
Number of macros/black boxes:               0
Number of buf/inv:                        118
Number of references:                      58

Combinational area:                148.207199
Buf/Inv area:                       28.327200
Noncombinational area:               0.000000
Macro/Black Box area:                0.000000
Net Interconnect area:             183.754925

Total cell area:                   148.207199
Total area:                        331.962124
1
