 
****************************************
Report : area
Design : fu_min_max
Version: Y-2026.03-SP1
Date   : Tue Sep  8 23:08:42 2026
****************************************

Library(s) Used:

    saed14rvt_base_tt0p8v25c (File: /mnt/nas0/eda.libs/saed14/EDK_03_2025/SAED14nm_EDK_STD_RVT/liberty/nldm/base/saed14rvt_base_tt0p8v25c.db)

Number of ports:                          202
Number of nets:                           511
Number of cells:                          378
Number of combinational cells:            378
Number of sequential cells:                 0
Number of macros/black boxes:               0
Number of buf/inv:                        126
Number of references:                      39

Combinational area:                127.117200
Buf/Inv area:                       32.323200
Noncombinational area:               0.000000
Macro/Black Box area:                0.000000
Net Interconnect area:             143.556694

Total cell area:                   127.117200
Total area:                        270.673894
1
