 
****************************************
Report : timing
        -path full
        -delay max
        -max_paths 1
Design : fu_add_sub_64
Version: Y-2026.03-SP1
Date   : Tue Sep  8 22:56:42 2026
****************************************

Operating Conditions: tt0p8v25c   Library: saed14rvt_base_tt0p8v25c
Wire Load Model Mode: top

  Startpoint: op_sel[0] (input port)
  Endpoint: out_data[63]
            (output port)
  Path Group: default
  Path Type: max

  Des/Clust/Port     Wire Load Model       Library
  ------------------------------------------------
  fu_add_sub_64      8000                  saed14rvt_base_tt0p8v25c

  Point                                    Incr       Path
  -----------------------------------------------------------
  input external delay                     0.00       0.00 r
  op_sel[0] (in)                           0.00       0.00 r
  U36/X (SAEDRVT14_EO2_1)                  0.05       0.05 f
  U230/X (SAEDRVT14_ND2_CDC_1)             0.08       0.13 r
  U232/X (SAEDRVT14_OAI21_0P5)             0.08       0.21 f
  U236/X (SAEDRVT14_AOI21_0P5)             0.09       0.30 r
  U244/X (SAEDRVT14_OAI21_0P5)             0.09       0.39 f
  U260/X (SAEDRVT14_AOI21_1P5)             0.06       0.45 r
  U262/X (SAEDRVT14_OAI21_4)               0.03       0.47 f
  U263/X (SAEDRVT14_AOI21_4)               0.03       0.50 r
  U266/X (SAEDRVT14_OAI21_V1_4)            0.03       0.53 f
  U10/X (SAEDRVT14_AOI21_3)                0.04       0.57 r
  U272/X (SAEDRVT14_OAI21_V1_8)            0.02       0.60 f
  U9/X (SAEDRVT14_AOI21_V1_4)              0.03       0.63 r
  U278/X (SAEDRVT14_OAI21_V1_8)            0.02       0.65 f
  U8/X (SAEDRVT14_AOI21_V1_4)              0.03       0.68 r
  U284/X (SAEDRVT14_OAI21_V1_4)            0.03       0.71 f
  U7/X (SAEDRVT14_AOI21_V1_4)              0.03       0.75 r
  U290/X (SAEDRVT14_OAI21_V1_4)            0.03       0.78 f
  U6/X (SAEDRVT14_AOI21_V1_4)              0.03       0.81 r
  U296/X (SAEDRVT14_OAI21_V1_4)            0.03       0.84 f
  U299/X (SAEDRVT14_AOI21_4)               0.03       0.87 r
  U303/X (SAEDRVT14_OAI21_V1_4)            0.03       0.90 f
  U306/X (SAEDRVT14_AOI21_4)               0.03       0.93 r
  U310/X (SAEDRVT14_OAI21_2)               0.03       0.96 f
  U315/X (SAEDRVT14_EN2_1P5)               0.04       1.00 r
  out_data[63] (out)                       0.00       1.00 r
  data arrival time                                   1.00

  max_delay                                1.00       1.00
  output external delay                    0.00       1.00
  data required time                                  1.00
  -----------------------------------------------------------
  data required time                                  1.00
  data arrival time                                  -1.00
  -----------------------------------------------------------
  slack (MET)                                         0.00


1
