 
****************************************
Report : timing
        -path full
        -delay max
        -max_paths 1
Design : fu_min_max_m4
Version: Y-2026.03-SP1
Date   : Tue Sep  8 22:39:33 2026
****************************************

Operating Conditions: tt0p8v25c   Library: saed14rvt_base_tt0p8v25c
Wire Load Model Mode: top

  Startpoint: in_data_0[63]
              (input port)
  Endpoint: out_data[0]
            (output port)
  Path Group: default
  Path Type: max

  Des/Clust/Port     Wire Load Model       Library
  ------------------------------------------------
  fu_min_max_m4      8000                  saed14rvt_base_tt0p8v25c

  Point                                                   Incr       Path
  --------------------------------------------------------------------------
  input external delay                                    0.00       0.00 r
  in_data_0[63] (in)                                      0.00       0.00 r
  core/in_data_0[63] (fu_min_max_dec_EN321_EN161)         0.00       0.00 r
  core/U250/X (SAEDRVT14_EN2_4)                           0.03       0.03 f
  core/U174/X (SAEDRVT14_INV_12)                          0.01       0.04 r
  core/U253/X (SAEDRVT14_AN2_MM_12)                       0.02       0.05 r
  core/U269/X (SAEDRVT14_ND2_MM_16)                       0.01       0.06 f
  core/U132/X (SAEDRVT14_INV_S_20)                        0.01       0.07 r
  core/U404/X (SAEDRVT14_ND2_16)                          0.01       0.07 f
  core/U408/X (SAEDRVT14_OR3_4)                           0.02       0.09 f
  core/U285/X (SAEDRVT14_ND3_8)                           0.02       0.12 r
  core/U298/X (SAEDRVT14_AOI21_8)                         0.01       0.13 f
  core/U464/X (SAEDRVT14_EN2_4)                           0.03       0.16 r
  core/U133/X (SAEDRVT14_INV_S_16)                        0.01       0.17 f
  core/U266/X (SAEDRVT14_INV_S_20)                        0.01       0.18 r
  core/U465/X (SAEDRVT14_MUX2_MM_2)                       0.02       0.20 f
  core/out_data[0] (fu_min_max_dec_EN321_EN161)           0.00       0.20 f
  out_data[0] (out)                                       0.00       0.20 f
  data arrival time                                                  0.20

  max_delay                                               0.01       0.01
  output external delay                                   0.00       0.01
  data required time                                                 0.01
  --------------------------------------------------------------------------
  data required time                                                 0.01
  data arrival time                                                 -0.20
  --------------------------------------------------------------------------
  slack (VIOLATED)                                                  -0.19


1
