 
****************************************
Report : area
Design : fu_min_max_m4
Version: Y-2026.03-SP1
Date   : Tue Sep  8 22:39:33 2026
****************************************

Library(s) Used:

    saed14rvt_base_tt0p8v25c (File: /mnt/nas0/eda.libs/saed14/EDK_03_2025/SAED14nm_EDK_STD_RVT/liberty/nldm/base/saed14rvt_base_tt0p8v25c.db)

Number of ports:                          414
Number of nets:                           875
Number of cells:                          533
Number of combinational cells:            532
Number of sequential cells:                 0
Number of macros/black boxes:               0
Number of buf/inv:                        155
Number of references:                       1

Combinational area:                450.881994
Buf/Inv area:                      107.225997
Noncombinational area:               0.000000
Macro/Black Box area:                0.000000
Net Interconnect area:             184.980934

Total cell area:                   450.881994
Total area:                        635.862928
1
