 
****************************************
Report : area
Design : fu_cmp_32x2
Version: Y-2026.03-SP1
Date   : Tue Sep  8 22:19:46 2026
****************************************

Library(s) Used:

    saed14rvt_base_tt0p8v25c (File: /mnt/nas0/eda.libs/saed14/EDK_03_2025/SAED14nm_EDK_STD_RVT/liberty/nldm/base/saed14rvt_base_tt0p8v25c.db)

Number of ports:                          204
Number of nets:                           509
Number of cells:                          374
Number of combinational cells:            374
Number of sequential cells:                 0
Number of macros/black boxes:               0
Number of buf/inv:                         84
Number of references:                      39

Combinational area:                102.475200
Buf/Inv area:                       18.159600
Noncombinational area:               0.000000
Macro/Black Box area:                0.000000
Net Interconnect area:             129.900897

Total cell area:                   102.475200
Total area:                        232.376097
1
