 
****************************************
Report : timing
        -path full
        -delay max
        -max_paths 1
Design : fu_cmp_32x2
Version: Y-2026.03-SP1
Date   : Tue Sep  8 22:19:46 2026
****************************************

Operating Conditions: tt0p8v25c   Library: saed14rvt_base_tt0p8v25c
Wire Load Model Mode: top

  Startpoint: in_data_0[17]
              (input port)
  Endpoint: out_data[0]
            (output port)
  Path Group: default
  Path Type: max

  Des/Clust/Port     Wire Load Model       Library
  ------------------------------------------------
  fu_cmp_32x2        8000                  saed14rvt_base_tt0p8v25c

  Point                                    Incr       Path
  -----------------------------------------------------------
  input external delay                     0.00       0.00 r
  in_data_0[17] (in)                       0.00       0.00 r
  U343/X (SAEDRVT14_INV_S_1)               0.02       0.02 f
  U344/X (SAEDRVT14_NR2_1P5)               0.04       0.07 r
  U114/X (SAEDRVT14_OAI21_0P5)             0.04       0.11 f
  U212/X (SAEDRVT14_AOI21_0P5)             0.04       0.15 r
  U211/X (SAEDRVT14_OAI21_0P5)             0.04       0.19 f
  U128/X (SAEDRVT14_AOI21_0P5)             0.05       0.25 r
  U387/X (SAEDRVT14_OAI21_V1_4)            0.03       0.28 f
  U388/X (SAEDRVT14_AN2B_MM_4)             0.04       0.32 r
  U34/X (SAEDRVT14_AOI21_1P5)              0.02       0.34 f
  U396/X (SAEDRVT14_AOI21_3)               0.04       0.38 r
  U398/X (SAEDRVT14_ND2_CDC_4)             0.02       0.39 f
  U399/X (SAEDRVT14_AOI21_1P5)             0.02       0.42 r
  U400/X (SAEDRVT14_OAI21_V1_4)            0.02       0.44 f
  U401/X (SAEDRVT14_AN2_MM_12)             0.03       0.46 f
  U406/X (SAEDRVT14_INV_4)                 0.04       0.50 r
  out_data[0] (out)                        0.00       0.50 r
  data arrival time                                   0.50

  max_delay                                0.50       0.50
  output external delay                    0.00       0.50
  data required time                                  0.50
  -----------------------------------------------------------
  data required time                                  0.50
  data arrival time                                  -0.50
  -----------------------------------------------------------
  slack (MET)                                         0.00


1
