 
****************************************
Report : area
Design : fu_min_max_m1
Version: Y-2026.03-SP1
Date   : Wed Sep 30 12:11:28 2026
****************************************

Library(s) Used:

    saed14rvt_base_tt0p8v25c (File: /mnt/nas0/eda.libs/saed14/EDK_03_2025/SAED14nm_EDK_STD_RVT/liberty/nldm/base/saed14rvt_base_tt0p8v25c.db)

Number of ports:                          414
Number of nets:                           692
Number of cells:                          360
Number of combinational cells:            359
Number of sequential cells:                 0
Number of macros/black boxes:               0
Number of buf/inv:                        130
Number of references:                       1

Combinational area:                116.150399
Buf/Inv area:                       32.678400
Noncombinational area:               0.000000
Macro/Black Box area:                0.000000
Net Interconnect area:             137.542703

Total cell area:                   116.150399
Total area:                        253.693102
1
