 
****************************************
Report : area
Design : fu_rounding_g1
Version: Y-2026.03-SP1
Date   : Tue Sep  8 23:49:02 2026
****************************************

Library(s) Used:

    saed14rvt_base_tt0p8v25c (File: /mnt/nas0/eda.libs/saed14/EDK_03_2025/SAED14nm_EDK_STD_RVT/liberty/nldm/base/saed14rvt_base_tt0p8v25c.db)

Number of ports:                          276
Number of nets:                          2179
Number of cells:                         1968
Number of combinational cells:           1967
Number of sequential cells:                 0
Number of macros/black boxes:               0
Number of buf/inv:                        489
Number of references:                       1

Combinational area:               1394.559593
Buf/Inv area:                      211.610398
Noncombinational area:               0.000000
Macro/Black Box area:                0.000000
Net Interconnect area:             659.909546

Total cell area:                  1394.559593
Total area:                       2054.469140
1
