 
****************************************
Report : area
Design : fu_rounding_g3
Version: Y-2026.03-SP1
Date   : Tue Sep  8 21:31:53 2026
****************************************

Library(s) Used:

    saed14rvt_base_tt0p8v25c (File: /mnt/nas0/eda.libs/saed14/EDK_03_2025/SAED14nm_EDK_STD_RVT/liberty/nldm/base/saed14rvt_base_tt0p8v25c.db)

Number of ports:                          278
Number of nets:                          3084
Number of cells:                         2856
Number of combinational cells:           2855
Number of sequential cells:                 0
Number of macros/black boxes:               0
Number of buf/inv:                        587
Number of references:                       1

Combinational area:               1256.786395
Buf/Inv area:                      177.733197
Noncombinational area:               0.000000
Macro/Black Box area:                0.000000
Net Interconnect area:            1145.193224

Total cell area:                  1256.786395
Total area:                       2401.979619
1
