 
****************************************
Report : timing
        -path full
        -delay max
        -max_paths 1
Design : fu_min_max
Version: Y-2026.03-SP1
Date   : Wed Sep 30 18:18:14 2026
****************************************

Operating Conditions: tt0p8v25c   Library: saed14rvt_base_tt0p8v25c
Wire Load Model Mode: top

  Startpoint: in_data_0[2]
              (input port)
  Endpoint: out_data[6]
            (output port)
  Path Group: default
  Path Type: max

  Des/Clust/Port     Wire Load Model       Library
  ------------------------------------------------
  fu_min_max         8000                  saed14rvt_base_tt0p8v25c

  Point                                    Incr       Path
  -----------------------------------------------------------
  input external delay                     0.00       0.00 f
  in_data_0[2] (in)                        0.00       0.00 f
  U125/X (SAEDRVT14_INV_0P75)              0.03       0.03 r
  U129/X (SAEDRVT14_NR2_1)                 0.04       0.08 f
  U104/X (SAEDRVT14_AOI21_0P5)             0.04       0.12 r
  U134/X (SAEDRVT14_OAI21_0P5)             0.04       0.16 f
  U101/X (SAEDRVT14_AOI21_1)               0.04       0.20 r
  U142/X (SAEDRVT14_OAI21_0P5)             0.05       0.25 f
  U156/X (SAEDRVT14_AOI21_4)               0.02       0.27 r
  U108/X (SAEDRVT14_OAI21_V1_4)            0.02       0.29 f
  U99/X (SAEDRVT14_AOI21_V1_4)             0.02       0.30 r
  U109/X (SAEDRVT14_OAI21_1)               0.03       0.33 f
  U186/X (SAEDRVT14_AOI21_1P5)             0.03       0.36 r
  U105/X (SAEDRVT14_OAI21_3)               0.03       0.39 f
  U98/X (SAEDRVT14_AOI21_V1_4)             0.02       0.41 r
  U198/X (SAEDRVT14_NR2_MM_4)              0.01       0.42 f
  U106/X (SAEDRVT14_OAI21_3)               0.02       0.44 r
  U207/X (SAEDRVT14_AOI21_1P5)             0.03       0.47 f
  U212/X (SAEDRVT14_OAI21_V1_4)            0.02       0.49 r
  U93/X (SAEDRVT14_AOI21_V1_4)             0.02       0.51 f
  U255/X (SAEDRVT14_OAI21_V1_4)            0.02       0.53 r
  U92/X (SAEDRVT14_AOI21_V1_6)             0.02       0.55 f
  U294/X (SAEDRVT14_OAI21_V1_8)            0.01       0.57 r
  U90/X (SAEDRVT14_AOI21_V1_8)             0.02       0.58 f
  U301/X (SAEDRVT14_OAI21_V1_8)            0.01       0.60 r
  U112/X (SAEDRVT14_AOI21_V1_8)            0.02       0.61 f
  U310/X (SAEDRVT14_OAI21_V1_8)            0.01       0.63 r
  U88/X (SAEDRVT14_AOI21_V1_6)             0.02       0.65 f
  U324/X (SAEDRVT14_OAI21_V1_8)            0.01       0.66 r
  U86/X (SAEDRVT14_AOI21_V1_6)             0.02       0.68 f
  U333/X (SAEDRVT14_OAI21_V1_4)            0.02       0.69 r
  U85/X (SAEDRVT14_AOI21_0P5)              0.04       0.73 f
  U339/X (SAEDRVT14_EN2_3)                 0.10       0.83 r
  U365/X (SAEDRVT14_BUF_1)                 0.05       0.88 r
  U83/X (SAEDRVT14_BUF_6)                  0.07       0.95 r
  U119/X (SAEDRVT14_MUX2_MM_0P5)           0.05       1.00 f
  out_data[6] (out)                        0.00       1.00 f
  data arrival time                                   1.00

  max_delay                                1.00       1.00
  output external delay                    0.00       1.00
  data required time                                  1.00
  -----------------------------------------------------------
  data required time                                  1.00
  data arrival time                                  -1.00
  -----------------------------------------------------------
  slack (MET)                                         0.00


1
