 
****************************************
Report : timing
        -path full
        -delay max
        -max_paths 1
Design : fu_rounding_32x2
Version: Y-2026.03-SP1
Date   : Tue Sep  8 22:24:39 2026
****************************************

Operating Conditions: tt0p8v25c   Library: saed14rvt_base_tt0p8v25c
Wire Load Model Mode: top

  Startpoint: in_data_0[25]
              (input port)
  Endpoint: out_data[23]
            (output port)
  Path Group: default
  Path Type: max

  Des/Clust/Port     Wire Load Model       Library
  ------------------------------------------------
  fu_rounding_32x2   8000                  saed14rvt_base_tt0p8v25c

  Point                                    Incr       Path
  -----------------------------------------------------------
  input external delay                     0.00       0.00 r
  in_data_0[25] (in)                       0.00       0.00 r
  U1634/X (SAEDRVT14_ND2_MM_16)            0.01       0.01 f
  U1640/X (SAEDRVT14_EN2_4)                0.04       0.06 r
  U1486/X (SAEDRVT14_INV_S_8)              0.02       0.07 f
  U1539/X (SAEDRVT14_ND2_MM_12)            0.02       0.10 r
  U876/X (SAEDRVT14_NR2_MM_10)             0.02       0.12 f
  U1483/X (SAEDRVT14_NR2_MM_16)            0.01       0.13 r
  U1684/X (SAEDRVT14_ND2_CDC_4)            0.01       0.14 f
  U1504/X (SAEDRVT14_NR2_MM_10)            0.02       0.16 r
  U1485/X (SAEDRVT14_INV_S_20)             0.01       0.17 f
  U1731/X (SAEDRVT14_NR2_MM_4)             0.01       0.18 r
  U1732/X (SAEDRVT14_AN2_MM_3)             0.02       0.20 r
  U821/X (SAEDRVT14_INV_4)                 0.01       0.21 f
  U1385/X (SAEDRVT14_ND2_3)                0.01       0.22 r
  U1384/X (SAEDRVT14_NR2_MM_10)            0.01       0.24 f
  U1380/X (SAEDRVT14_ND2_8)                0.01       0.24 r
  U1742/X (SAEDRVT14_NR2_MM_8)             0.01       0.25 f
  U1395/X (SAEDRVT14_ND2_MM_10)            0.01       0.26 r
  U1394/X (SAEDRVT14_ND2_16)               0.01       0.27 f
  U1393/X (SAEDRVT14_INV_S_20)             0.02       0.29 r
  U794/X (SAEDRVT14_INV_S_16)              0.01       0.30 f
  U2135/X (SAEDRVT14_NR2_MM_10)            0.01       0.31 r
  U2138/X (SAEDRVT14_NR2_MM_10)            0.01       0.32 f
  U2142/X (SAEDRVT14_NR2_MM_8)             0.02       0.34 r
  U1498/X (SAEDRVT14_INV_S_2)              0.01       0.36 f
  U1233/X (SAEDRVT14_NR2_1P5)              0.04       0.40 r
  U1232/X (SAEDRVT14_AOI21_0P5)            0.05       0.44 f
  U2153/X (SAEDRVT14_OAI21_V1_4)           0.02       0.46 r
  U1377/X (SAEDRVT14_EN2_4)                0.03       0.49 f
  U1376/X (SAEDRVT14_OAI21_V1_4)           0.01       0.50 r
  out_data[23] (out)                       0.00       0.50 r
  data arrival time                                   0.50

  max_delay                                0.50       0.50
  output external delay                    0.00       0.50
  data required time                                  0.50
  -----------------------------------------------------------
  data required time                                  0.50
  data arrival time                                  -0.50
  -----------------------------------------------------------
  slack (MET)                                         0.00


1
