 
****************************************
Report : area
Design : fu_rounding_32x2
Version: Y-2026.03-SP1
Date   : Tue Sep  8 22:24:39 2026
****************************************

Library(s) Used:

    saed14rvt_base_tt0p8v25c (File: /mnt/nas0/eda.libs/saed14/EDK_03_2025/SAED14nm_EDK_STD_RVT/liberty/nldm/base/saed14rvt_base_tt0p8v25c.db)

Number of ports:                          137
Number of nets:                          1556
Number of cells:                         1486
Number of combinational cells:           1486
Number of sequential cells:                 0
Number of macros/black boxes:               0
Number of buf/inv:                        331
Number of references:                     126

Combinational area:                774.779994
Buf/Inv area:                      107.803199
Noncombinational area:               0.000000
Macro/Black Box area:                0.000000
Net Interconnect area:             530.098262

Total cell area:                   774.779994
Total area:                       1304.878256
1
