 
****************************************
Report : timing
        -path full
        -delay max
        -max_paths 1
Design : fu_fp_min_max_16x4
Version: Y-2026.03-SP1
Date   : Wed Sep 30 18:31:49 2026
****************************************

Operating Conditions: tt0p8v25c   Library: saed14rvt_base_tt0p8v25c
Wire Load Model Mode: top

  Startpoint: in_data_0[32]
              (input port)
  Endpoint: out_data[32]
            (output port)
  Path Group: default
  Path Type: max

  Des/Clust/Port     Wire Load Model       Library
  ------------------------------------------------
  fu_fp_min_max_16x4 8000                  saed14rvt_base_tt0p8v25c

  Point                                    Incr       Path
  -----------------------------------------------------------
  input external delay                     0.00       0.00 f
  in_data_0[32] (in)                       0.00       0.00 f
  U410/X (SAEDRVT14_INV_S_0P5)             0.08       0.08 r
  U412/X (SAEDRVT14_OA22_0P75)             0.05       0.13 r
  U415/X (SAEDRVT14_OAI22_0P5)             0.05       0.18 f
  U418/X (SAEDRVT14_AOI21_0P5)             0.06       0.24 r
  U422/X (SAEDRVT14_OAI22_3)               0.03       0.27 f
  U425/X (SAEDRVT14_AOI21_0P5)             0.04       0.31 r
  U428/X (SAEDRVT14_OAI22_1)               0.04       0.35 f
  U429/X (SAEDRVT14_AOI21_0P5)             0.05       0.40 r
  U444/X (SAEDRVT14_OAI21_0P5)             0.07       0.47 f
  U451/X (SAEDRVT14_OAI21_0P5)             0.05       0.52 r
  U452/X (SAEDRVT14_OAI21_0P5)             0.05       0.57 f
  U390/X (SAEDRVT14_EO2_2)                 0.11       0.68 f
  U453/X (SAEDRVT14_INV_6)                 0.07       0.75 r
  U454/X (SAEDRVT14_ND2_CDC_2)             0.15       0.90 f
  U708/X (SAEDRVT14_OAI22_0P5)             0.10       1.00 r
  out_data[32] (out)                       0.00       1.00 r
  data arrival time                                   1.00

  max_delay                                1.00       1.00
  output external delay                    0.00       1.00
  data required time                                  1.00
  -----------------------------------------------------------
  data required time                                  1.00
  data arrival time                                  -1.00
  -----------------------------------------------------------
  slack (MET)                                         0.00


1
