 
****************************************
Report : area
Design : fu_fp_min_max_16x4
Version: Y-2026.03-SP1
Date   : Wed Sep 30 18:31:49 2026
****************************************

Library(s) Used:

    saed14rvt_base_tt0p8v25c (File: /mnt/nas0/eda.libs/saed14/EDK_03_2025/SAED14nm_EDK_STD_RVT/liberty/nldm/base/saed14rvt_base_tt0p8v25c.db)

Number of ports:                          204
Number of nets:                           479
Number of cells:                          344
Number of combinational cells:            344
Number of sequential cells:                 0
Number of macros/black boxes:               0
Number of buf/inv:                        110
Number of references:                      29

Combinational area:                105.938399
Buf/Inv area:                       21.134400
Noncombinational area:               0.000000
Macro/Black Box area:                0.000000
Net Interconnect area:             184.031663

Total cell area:                   105.938399
Total area:                        289.970062
1
