 
****************************************
Report : area
Design : fu_add_sub_8x8
Version: Y-2026.03-SP1
Date   : Wed Sep 30 12:10:47 2026
****************************************

Library(s) Used:

    saed14rvt_base_tt0p8v25c (File: /mnt/nas0/eda.libs/saed14/EDK_03_2025/SAED14nm_EDK_STD_RVT/liberty/nldm/base/saed14rvt_base_tt0p8v25c.db)

Number of ports:                          208
Number of nets:                           429
Number of cells:                          242
Number of combinational cells:            242
Number of sequential cells:                 0
Number of macros/black boxes:               0
Number of buf/inv:                        120
Number of references:                       7

Combinational area:                105.050396
Buf/Inv area:                       21.312000
Noncombinational area:               0.000000
Macro/Black Box area:                0.000000
Net Interconnect area:              93.410946

Total cell area:                   105.050396
Total area:                        198.461342
1
