 
****************************************
Report : timing
        -path full
        -delay max
        -max_paths 1
Design : fu_min_max_m4
Version: Y-2026.03-SP1
Date   : Tue Sep  8 23:10:12 2026
****************************************

Operating Conditions: tt0p8v25c   Library: saed14rvt_base_tt0p8v25c
Wire Load Model Mode: top

  Startpoint: in_data_1[2]
              (input port)
  Endpoint: out_data[0]
            (output port)
  Path Group: default
  Path Type: max

  Des/Clust/Port     Wire Load Model       Library
  ------------------------------------------------
  fu_min_max_m4      8000                  saed14rvt_base_tt0p8v25c

  Point                                                   Incr       Path
  --------------------------------------------------------------------------
  input external delay                                    0.00       0.00 r
  in_data_1[2] (in)                                       0.00       0.00 r
  core/in_data_1[2] (fu_min_max_dec_EN321_EN161)          0.00       0.00 r
  core/U87/X (SAEDRVT14_INV_S_1P5)                        0.02       0.02 f
  core/U86/X (SAEDRVT14_OAI22_1)                          0.03       0.05 r
  core/U125/X (SAEDRVT14_OAI21_0P5)                       0.04       0.09 f
  core/U135/X (SAEDRVT14_AOI21_0P5)                       0.04       0.13 r
  core/U132/X (SAEDRVT14_OAI21_0P5)                       0.04       0.17 f
  core/U157/X (SAEDRVT14_AOI21_0P5)                       0.04       0.21 r
  core/U155/X (SAEDRVT14_OAI21_0P5)                       0.05       0.26 f
  core/U68/X (SAEDRVT14_AOI21_3)                          0.03       0.29 r
  core/U67/X (SAEDRVT14_OAI21_3)                          0.04       0.32 f
  core/U20/X (SAEDRVT14_INV_0P75)                         0.03       0.36 r
  core/U221/X (SAEDRVT14_OAI21_0P5)                       0.04       0.39 f
  core/U220/X (SAEDRVT14_AN3_0P5)                         0.04       0.43 f
  core/U277/X (SAEDRVT14_AOI21_0P5)                       0.04       0.48 r
  core/U366/X (SAEDRVT14_ND2_0P5)                         0.03       0.51 f
  core/U66/X (SAEDRVT14_EN2_3)                            0.04       0.55 r
  core/U367/X (SAEDRVT14_INV_12)                          0.03       0.58 f
  core/U375/X (SAEDRVT14_MUX2_MM_0P5)                     0.04       0.62 r
  core/out_data[0] (fu_min_max_dec_EN321_EN161)           0.00       0.62 r
  out_data[0] (out)                                       0.00       0.62 r
  data arrival time                                                  0.62

  max_delay                                               0.62       0.62
  output external delay                                   0.00       0.62
  data required time                                                 0.62
  --------------------------------------------------------------------------
  data required time                                                 0.62
  data arrival time                                                 -0.62
  --------------------------------------------------------------------------
  slack (MET)                                                        0.00


1
