 
****************************************
Report : timing
        -path full
        -delay max
        -max_paths 1
Design : fu_fp_min_max_16x2
Version: Y-2026.03-SP1
Date   : Tue Sep 29 17:04:12 2026
****************************************

Operating Conditions: tt0p8v25c   Library: saed14rvt_base_tt0p8v25c
Wire Load Model Mode: top

  Startpoint: in_data_1[1]
              (input port)
  Endpoint: out_data[0]
            (output port)
  Path Group: default
  Path Type: max

  Des/Clust/Port     Wire Load Model       Library
  ------------------------------------------------
  fu_fp_min_max_16x2 8000                  saed14rvt_base_tt0p8v25c

  Point                                    Incr       Path
  -----------------------------------------------------------
  input external delay                     0.00       0.00 f
  in_data_1[1] (in)                        0.00       0.00 f
  U294/X (SAEDRVT14_INV_S_0P5)             0.05       0.05 r
  U216/X (SAEDRVT14_OAI22_1)               0.05       0.11 f
  U207/X (SAEDRVT14_BUF_4)                 0.02       0.13 f
  U296/X (SAEDRVT14_OAI22_1)               0.03       0.16 r
  U299/X (SAEDRVT14_AOI21_3)               0.03       0.19 f
  U225/X (SAEDRVT14_OAI22_1)               0.04       0.22 r
  U305/X (SAEDRVT14_AOI21_3)               0.03       0.25 f
  U312/X (SAEDRVT14_OA211_4)               0.02       0.28 f
  U323/X (SAEDRVT14_OAI21_V1_8)            0.02       0.30 r
  U329/X (SAEDRVT14_OAI21_V1_8)            0.01       0.31 f
  U330/X (SAEDRVT14_OAI21_V1_4)            0.01       0.33 r
  U331/X (SAEDRVT14_EO2_3)                 0.04       0.36 f
  U332/X (SAEDRVT14_BUF_20)                0.02       0.39 f
  U333/X (SAEDRVT14_INV_12)                0.02       0.41 r
  U364/X (SAEDRVT14_ND2_MM_12)             0.03       0.44 f
  U365/X (SAEDRVT14_OAI22_0P5)             0.06       0.50 r
  out_data[0] (out)                        0.00       0.50 r
  data arrival time                                   0.50

  max_delay                                0.50       0.50
  output external delay                    0.00       0.50
  data required time                                  0.50
  -----------------------------------------------------------
  data required time                                  0.50
  data arrival time                                  -0.50
  -----------------------------------------------------------
  slack (MET)                                         0.00


1
