 
****************************************
Report : area
Design : fu_add_sub_32x2
Version: Y-2026.03-SP1
Date   : Wed Sep 30 18:14:50 2026
****************************************

Library(s) Used:

    saed14rvt_base_tt0p8v25c (File: /mnt/nas0/eda.libs/saed14/EDK_03_2025/SAED14nm_EDK_STD_RVT/liberty/nldm/base/saed14rvt_base_tt0p8v25c.db)

Number of ports:                          202
Number of nets:                           890
Number of cells:                          757
Number of combinational cells:            757
Number of sequential cells:                 0
Number of macros/black boxes:               0
Number of buf/inv:                        106
Number of references:                      25

Combinational area:                263.469603
Buf/Inv area:                       19.092000
Noncombinational area:               0.000000
Macro/Black Box area:                0.000000
Net Interconnect area:             347.288329

Total cell area:                   263.469603
Total area:                        610.757932
1
