 
****************************************
Report : timing
        -path full
        -delay max
        -max_paths 1
Design : fu_add_sub_32x2
Version: Y-2026.03-SP1
Date   : Wed Sep 30 18:14:50 2026
****************************************

Operating Conditions: tt0p8v25c   Library: saed14rvt_base_tt0p8v25c
Wire Load Model Mode: top

  Startpoint: op_sel[0] (input port)
  Endpoint: out_data[31]
            (output port)
  Path Group: default
  Path Type: max

  Des/Clust/Port     Wire Load Model       Library
  ------------------------------------------------
  fu_add_sub_32x2    8000                  saed14rvt_base_tt0p8v25c

  Point                                    Incr       Path
  -----------------------------------------------------------
  input external delay                     0.00       0.00 r
  op_sel[0] (in)                           0.00       0.00 r
  U383/X (SAEDRVT14_EO2_0P5)               0.06       0.06 f
  U384/X (SAEDRVT14_INV_S_0P5)             0.06       0.12 r
  U385/X (SAEDRVT14_ND2_CDC_1)             0.11       0.23 f
  U489/X (SAEDRVT14_ND2_CDC_1)             0.09       0.31 r
  U490/X (SAEDRVT14_INV_S_0P5)             0.06       0.37 f
  U494/X (SAEDRVT14_AOI21_3)               0.04       0.41 r
  U527/X (SAEDRVT14_OAI21_0P5)             0.07       0.48 f
  U79/X (SAEDRVT14_AOI21_1P5)              0.09       0.57 r
  U538/X (SAEDRVT14_OAI21_0P5)             0.09       0.67 f
  U543/X (SAEDRVT14_AOI21_3)               0.05       0.71 r
  U685/X (SAEDRVT14_OAI21_0P5)             0.07       0.78 f
  U687/X (SAEDRVT14_AOI21_1P5)             0.04       0.82 r
  U105/X (SAEDRVT14_OAI21_0P5)             0.07       0.89 f
  U691/X (SAEDRVT14_AOI21_0P5)             0.06       0.95 r
  U696/X (SAEDRVT14_EO2_1)                 0.04       1.00 f
  out_data[31] (out)                       0.00       1.00 f
  data arrival time                                   1.00

  max_delay                                1.00       1.00
  output external delay                    0.00       1.00
  data required time                                  1.00
  -----------------------------------------------------------
  data required time                                  1.00
  data arrival time                                  -1.00
  -----------------------------------------------------------
  slack (MET)                                         0.00


1
