 
****************************************
Report : timing
        -path full
        -delay max
        -max_paths 1
Design : fu_fp_min_max_64
Version: Y-2026.03-SP1
Date   : Tue Sep  8 22:12:08 2026
****************************************

Operating Conditions: tt0p8v25c   Library: saed14rvt_base_tt0p8v25c
Wire Load Model Mode: top

  Startpoint: in_data_0[11]
              (input port)
  Endpoint: out_data[2]
            (output port)
  Path Group: default
  Path Type: max

  Des/Clust/Port     Wire Load Model       Library
  ------------------------------------------------
  fu_fp_min_max_64   8000                  saed14rvt_base_tt0p8v25c

  Point                                    Incr       Path
  -----------------------------------------------------------
  input external delay                     0.00       0.00 f
  in_data_0[11] (in)                       0.00       0.00 f
  U504/X (SAEDRVT14_INV_S_1)               0.03       0.03 r
  U674/X (SAEDRVT14_NR2_1P5)               0.04       0.07 f
  U344/X (SAEDRVT14_AOI21_1)               0.07       0.14 r
  U342/X (SAEDRVT14_AOI21_1P5)             0.04       0.18 f
  U680/X (SAEDRVT14_OAI22_1)               0.04       0.22 r
  U351/X (SAEDRVT14_AOI21_3)               0.03       0.25 f
  U681/X (SAEDRVT14_AOI21_3)               0.02       0.27 r
  U682/X (SAEDRVT14_OA22_2)                0.03       0.30 r
  U353/X (SAEDRVT14_OA22_4)                0.03       0.33 r
  U683/X (SAEDRVT14_OAI22_4)               0.02       0.35 f
  U684/X (SAEDRVT14_AOI21_4)               0.02       0.37 r
  U685/X (SAEDRVT14_OAI22_4)               0.02       0.39 f
  U340/X (SAEDRVT14_AOI21_V1_4)            0.02       0.41 r
  U686/X (SAEDRVT14_OAI22_4)               0.02       0.43 f
  U355/X (SAEDRVT14_AOI21_4)               0.02       0.45 r
  U687/X (SAEDRVT14_OA22_2)                0.03       0.49 r
  U688/X (SAEDRVT14_OA22_2)                0.03       0.52 r
  U354/X (SAEDRVT14_OA22_4)                0.03       0.54 r
  U689/X (SAEDRVT14_OAI22_4)               0.02       0.56 f
  U690/X (SAEDRVT14_AOI21_6)               0.02       0.58 r
  U692/X (SAEDRVT14_OAI21_V1_8)            0.02       0.60 f
  U352/X (SAEDRVT14_NR2_MM_8)              0.01       0.61 r
  U695/X (SAEDRVT14_OA31_4)                0.02       0.64 r
  U696/X (SAEDRVT14_OAI22_4)               0.02       0.65 f
  U350/X (SAEDRVT14_AOI21_6)               0.02       0.67 r
  U698/X (SAEDRVT14_OA2BB2_V1_2)           0.03       0.69 r
  U701/X (SAEDRVT14_OAI22_4)               0.02       0.71 f
  U702/X (SAEDRVT14_AO21_4)                0.03       0.74 f
  U349/X (SAEDRVT14_OAI21_V1_8)            0.01       0.76 r
  U706/X (SAEDRVT14_OAI21_V1_4)            0.01       0.77 f
  U356/X (SAEDRVT14_EO2_3)                 0.04       0.81 r
  U366/CKOUTB (SAEDRVT14_CLKSPLT_8)        0.04       0.85 f
  U369/X (SAEDRVT14_ND2_16)                0.02       0.87 r
  U728/X (SAEDRVT14_BUF_S_2)               0.08       0.95 r
  U571/X (SAEDRVT14_OAI22_1)               0.05       1.00 f
  out_data[2] (out)                        0.00       1.00 f
  data arrival time                                   1.00

  max_delay                                1.00       1.00
  output external delay                    0.00       1.00
  data required time                                  1.00
  -----------------------------------------------------------
  data required time                                  1.00
  data arrival time                                  -1.00
  -----------------------------------------------------------
  slack (MET)                                         0.00


1
