 
****************************************
Report : area
Design : fu_fp_min_max_64
Version: Y-2026.03-SP1
Date   : Tue Sep  8 22:12:08 2026
****************************************

Library(s) Used:

    saed14rvt_base_tt0p8v25c (File: /mnt/nas0/eda.libs/saed14/EDK_03_2025/SAED14nm_EDK_STD_RVT/liberty/nldm/base/saed14rvt_base_tt0p8v25c.db)

Number of ports:                          201
Number of nets:                           538
Number of cells:                          403
Number of combinational cells:            403
Number of sequential cells:                 0
Number of macros/black boxes:               0
Number of buf/inv:                        141
Number of references:                      52

Combinational area:                133.643998
Buf/Inv area:                       32.456399
Noncombinational area:               0.000000
Macro/Black Box area:                0.000000
Net Interconnect area:             198.611135

Total cell area:                   133.643998
Total area:                        332.255134
1
