 
****************************************
Report : timing
        -path full
        -delay max
        -max_paths 1
Design : fu_fp_cmp_g3
Version: Y-2026.03-SP1
Date   : Tue Sep 29 15:18:12 2026
****************************************

Operating Conditions: tt0p8v25c   Library: saed14rvt_base_tt0p8v25c
Wire Load Model Mode: top

  Startpoint: in_data_1[51]
              (input port)
  Endpoint: out_data[32]
            (output port)
  Path Group: default
  Path Type: max

  Des/Clust/Port     Wire Load Model       Library
  ------------------------------------------------
  fu_fp_cmp_g3       8000                  saed14rvt_base_tt0p8v25c

  Point                                                   Incr       Path
  --------------------------------------------------------------------------
  input external delay                                    0.00       0.00 f
  in_data_1[51] (in)                                      0.00       0.00 f
  core/in_data_1[51] (fu_fp_cmp_dec_W64_MIN_LANE_W16)     0.00       0.00 f
  core/U754/X (SAEDRVT14_NR2_MM_16)                       0.01       0.01 r
  core/U755/X (SAEDRVT14_AN2_MM_8)                        0.01       0.02 r
  core/U130/X (SAEDRVT14_INV_4)                           0.01       0.03 f
  core/U676/X (SAEDRVT14_OR2_MM_8)                        0.02       0.05 f
  core/U757/X (SAEDRVT14_AOI21_8)                         0.01       0.06 r
  core/U697/X (SAEDRVT14_ND2_8)                           0.01       0.07 f
  core/U288/X (SAEDRVT14_NR2_MM_10)                       0.01       0.08 r
  core/U622/X (SAEDRVT14_NR2_MM_10)                       0.01       0.09 f
  core/U677/X (SAEDRVT14_NR2_MM_16)                       0.01       0.10 r
  core/U445/X (SAEDRVT14_BUF_16)                          0.02       0.11 r
  core/U26/X (SAEDRVT14_INV_6)                            0.01       0.12 f
  core/U404/X (SAEDRVT14_ND2_5)                           0.01       0.13 r
  core/U737/X (SAEDRVT14_OAI21_V1_8)                      0.02       0.15 f
  core/U306/X (SAEDRVT14_NR2_MM_12)                       0.01       0.16 r
  core/U305/X (SAEDRVT14_INV_S_20)                        0.01       0.17 f
  core/U729/X (SAEDRVT14_INV_S_20)                        0.01       0.18 r
  core/out_data[32] (fu_fp_cmp_dec_W64_MIN_LANE_W16)      0.00       0.18 r
  out_data[32] (out)                                      0.00       0.18 r
  data arrival time                                                  0.18

  max_delay                                               0.01       0.01
  output external delay                                   0.00       0.01
  data required time                                                 0.01
  --------------------------------------------------------------------------
  data required time                                                 0.01
  data arrival time                                                 -0.18
  --------------------------------------------------------------------------
  slack (VIOLATED)                                                  -0.17


1
