 
****************************************
Report : area
Design : fu_fp_cmp_g3
Version: Y-2026.03-SP1
Date   : Tue Sep 29 15:18:12 2026
****************************************

Library(s) Used:

    saed14rvt_base_tt0p8v25c (File: /mnt/nas0/eda.libs/saed14/EDK_03_2025/SAED14nm_EDK_STD_RVT/liberty/nldm/base/saed14rvt_base_tt0p8v25c.db)

Number of ports:                          412
Number of nets:                          1267
Number of cells:                          928
Number of combinational cells:            927
Number of sequential cells:                 0
Number of macros/black boxes:               0
Number of buf/inv:                        225
Number of references:                       1

Combinational area:                783.526794
Buf/Inv area:                      132.267597
Noncombinational area:               0.000000
Macro/Black Box area:                0.000000
Net Interconnect area:             303.759320

Total cell area:                   783.526794
Total area:                       1087.286114
1
