 
****************************************
Report : timing
        -path full
        -delay max
        -max_paths 1
Design : fu_fp_min_max_32x2
Version: Y-2026.03-SP1
Date   : Tue Sep  8 22:13:14 2026
****************************************

Operating Conditions: tt0p8v25c   Library: saed14rvt_base_tt0p8v25c
Wire Load Model Mode: top

  Startpoint: in_data_0[2]
              (input port)
  Endpoint: out_data[3]
            (output port)
  Path Group: default
  Path Type: max

  Des/Clust/Port     Wire Load Model       Library
  ------------------------------------------------
  fu_fp_min_max_32x2 8000                  saed14rvt_base_tt0p8v25c

  Point                                    Incr       Path
  -----------------------------------------------------------
  input external delay                     0.00       0.00 f
  in_data_0[2] (in)                        0.00       0.00 f
  U508/X (SAEDRVT14_INV_S_0P5)             0.08       0.08 r
  U422/X (SAEDRVT14_ND2_CDC_1)             0.06       0.14 f
  U387/X (SAEDRVT14_OA2BB2_V1_1)           0.04       0.18 r
  U618/X (SAEDRVT14_OAI22_1)               0.04       0.21 f
  U619/X (SAEDRVT14_AOI21_0P5)             0.05       0.26 r
  U620/X (SAEDRVT14_OAI22_3)               0.03       0.29 f
  U621/X (SAEDRVT14_AOI21_1P5)             0.03       0.32 r
  U622/X (SAEDRVT14_OA22_2)                0.03       0.35 r
  U623/X (SAEDRVT14_OAI22_4)               0.02       0.37 f
  U624/X (SAEDRVT14_AOI21_V1_6)            0.02       0.39 r
  U625/X (SAEDRVT14_OAI22_4)               0.02       0.41 f
  U382/X (SAEDRVT14_AOI21_V1_6)            0.02       0.43 r
  U626/X (SAEDRVT14_OAI22_4)               0.02       0.45 f
  U381/X (SAEDRVT14_AOI21_V1_6)            0.02       0.47 r
  U629/X (SAEDRVT14_OA31_1)                0.03       0.50 r
  U630/X (SAEDRVT14_OAI22_4)               0.02       0.52 f
  U631/X (SAEDRVT14_AOI21_0P5)             0.04       0.56 r
  U632/X (SAEDRVT14_OA31_4)                0.03       0.59 r
  U633/X (SAEDRVT14_OAI22_4)               0.01       0.61 f
  U634/X (SAEDRVT14_AO21_1)                0.04       0.65 f
  U638/X (SAEDRVT14_OAI21_0P5)             0.03       0.68 r
  U639/X (SAEDRVT14_OAI21_0P5)             0.04       0.72 f
  U640/X (SAEDRVT14_EO2_2)                 0.04       0.76 f
  U641/X (SAEDRVT14_BUF_20)                0.03       0.79 f
  U593/X (SAEDRVT14_ND2_CDC_1)             0.03       0.82 r
  U714/X (SAEDRVT14_BUF_S_2)               0.05       0.87 r
  U718/X (SAEDRVT14_BUF_S_2)               0.07       0.93 r
  U764/X (SAEDRVT14_OAI22_0P5)             0.07       1.00 f
  out_data[3] (out)                        0.00       1.00 f
  data arrival time                                   1.00

  max_delay                                1.00       1.00
  output external delay                    0.00       1.00
  data required time                                  1.00
  -----------------------------------------------------------
  data required time                                  1.00
  data arrival time                                  -1.00
  -----------------------------------------------------------
  slack (MET)                                         0.00


1
