 
****************************************
Report : area
Design : fu_fp_min_max_32x2
Version: Y-2026.03-SP1
Date   : Tue Sep  8 22:13:14 2026
****************************************

Library(s) Used:

    saed14rvt_base_tt0p8v25c (File: /mnt/nas0/eda.libs/saed14/EDK_03_2025/SAED14nm_EDK_STD_RVT/liberty/nldm/base/saed14rvt_base_tt0p8v25c.db)

Number of ports:                          202
Number of nets:                           537
Number of cells:                          404
Number of combinational cells:            404
Number of sequential cells:                 0
Number of macros/black boxes:               0
Number of buf/inv:                        138
Number of references:                      45

Combinational area:                127.871999
Buf/Inv area:                       30.014399
Noncombinational area:               0.000000
Macro/Black Box area:                0.000000
Net Interconnect area:             202.963096

Total cell area:                   127.871999
Total area:                        330.835095
1
