 
****************************************
Report : timing
        -path full
        -delay max
        -max_paths 1
Design : fu_cmp_16x4
Version: Y-2026.03-SP1
Date   : Wed Sep 30 12:16:52 2026
****************************************

Operating Conditions: tt0p8v25c   Library: saed14rvt_base_tt0p8v25c
Wire Load Model Mode: top

  Startpoint: in_data_1[7]
              (input port)
  Endpoint: out_data[0]
            (output port)
  Path Group: default
  Path Type: max

  Des/Clust/Port     Wire Load Model       Library
  ------------------------------------------------
  fu_cmp_16x4        8000                  saed14rvt_base_tt0p8v25c

  Point                                    Incr       Path
  -----------------------------------------------------------
  input external delay                     0.00       0.00 f
  in_data_1[7] (in)                        0.00       0.00 f
  U339/X (SAEDRVT14_INV_S_0P5)             0.11       0.11 r
  U346/X (SAEDRVT14_OAI22_0P5)             0.10       0.21 f
  U347/X (SAEDRVT14_AO221_0P5)             0.08       0.29 f
  U361/X (SAEDRVT14_OR4_1)                 0.06       0.34 f
  U82/X (SAEDRVT14_OAI22_0P5)              0.06       0.40 r
  U362/X (SAEDRVT14_AOI21_0P5)             0.05       0.45 f
  U379/X (SAEDRVT14_AOI21_0P5)             0.04       0.49 r
  U399/X (SAEDRVT14_OA31_1)                0.06       0.56 r
  U89/X (SAEDRVT14_AOI21_0P5)              0.05       0.61 f
  U96/X (SAEDRVT14_AOI21_0P5)              0.05       0.65 r
  U99/X (SAEDRVT14_OAI21_0P5)              0.05       0.70 f
  U402/X (SAEDRVT14_AOI21_0P5)             0.06       0.76 r
  U403/X (SAEDRVT14_OAI21_V1_4)            0.23       1.00 f
  out_data[0] (out)                        0.00       1.00 f
  data arrival time                                   1.00

  max_delay                                1.00       1.00
  output external delay                    0.00       1.00
  data required time                                  1.00
  -----------------------------------------------------------
  data required time                                  1.00
  data arrival time                                  -1.00
  -----------------------------------------------------------
  slack (MET)                                         0.00


1
