 
****************************************
Report : area
Design : fu_fp_minmax_revised_shared64_32_16
Version: Y-2026.03-SP1
Date   : Mon Sep 14 22:56:07 2026
****************************************

Library(s) Used:

    saed14rvt_base_tt0p8v25c (File: /mnt/nas0/eda.libs/saed14/EDK_03_2025/SAED14nm_EDK_STD_RVT/liberty/nldm/base/saed14rvt_base_tt0p8v25c.db)

Number of ports:                          410
Number of nets:                          1275
Number of cells:                          935
Number of combinational cells:            934
Number of sequential cells:                 0
Number of macros/black boxes:               0
Number of buf/inv:                        253
Number of references:                       1

Combinational area:                434.986798
Buf/Inv area:                       76.367999
Noncombinational area:               0.000000
Macro/Black Box area:                0.000000
Net Interconnect area:             361.094883

Total cell area:                   434.986798
Total area:                        796.081681
1
