 
****************************************
Report : area
Design : fu_min_max
Version: Y-2026.03-SP1
Date   : Wed Sep 30 12:12:50 2026
****************************************

Library(s) Used:

    saed14rvt_base_tt0p8v25c (File: /mnt/nas0/eda.libs/saed14/EDK_03_2025/SAED14nm_EDK_STD_RVT/liberty/nldm/base/saed14rvt_base_tt0p8v25c.db)

Number of ports:                          202
Number of nets:                           451
Number of cells:                          318
Number of combinational cells:            318
Number of sequential cells:                 0
Number of macros/black boxes:               0
Number of buf/inv:                        106
Number of references:                      40

Combinational area:                105.228000
Buf/Inv area:                       20.557200
Noncombinational area:               0.000000
Macro/Black Box area:                0.000000
Net Interconnect area:             133.115603

Total cell area:                   105.228000
Total area:                        238.343603
1
