 
****************************************
Report : area
Design : fu_fp_cmp_16x4
Version: Y-2026.03-SP1
Date   : Wed Sep 30 18:29:35 2026
****************************************

Library(s) Used:

    saed14rvt_base_tt0p8v25c (File: /mnt/nas0/eda.libs/saed14/EDK_03_2025/SAED14nm_EDK_STD_RVT/liberty/nldm/base/saed14rvt_base_tt0p8v25c.db)

Number of ports:                          204
Number of nets:                           495
Number of cells:                          360
Number of combinational cells:            360
Number of sequential cells:                 0
Number of macros/black boxes:               0
Number of buf/inv:                         93
Number of references:                      32

Combinational area:                109.401599
Buf/Inv area:                       16.650000
Noncombinational area:               0.000000
Macro/Black Box area:                0.000000
Net Interconnect area:             183.955237

Total cell area:                   109.401599
Total area:                        293.356837
1
