 
****************************************
Report : timing
        -path full
        -delay max
        -max_paths 1
Design : fu_fp_cmp_16x4
Version: Y-2026.03-SP1
Date   : Wed Sep 30 18:29:35 2026
****************************************

Operating Conditions: tt0p8v25c   Library: saed14rvt_base_tt0p8v25c
Wire Load Model Mode: top

  Startpoint: in_data_1[20]
              (input port)
  Endpoint: out_data[16]
            (output port)
  Path Group: default
  Path Type: max

  Des/Clust/Port     Wire Load Model       Library
  ------------------------------------------------
  fu_fp_cmp_16x4     8000                  saed14rvt_base_tt0p8v25c

  Point                                    Incr       Path
  -----------------------------------------------------------
  input external delay                     0.00       0.00 f
  in_data_1[20] (in)                       0.00       0.00 f
  U551/X (SAEDRVT14_INV_S_0P5)             0.08       0.08 r
  U568/X (SAEDRVT14_AO22_0P75)             0.10       0.18 r
  U584/X (SAEDRVT14_OAI22_1P5)             0.04       0.22 f
  U398/X (SAEDRVT14_AOI21_0P5)             0.05       0.26 r
  U585/X (SAEDRVT14_OAI22_1)               0.04       0.31 f
  U586/X (SAEDRVT14_AOI21_1)               0.04       0.35 r
  U587/X (SAEDRVT14_OAI22_1)               0.04       0.39 f
  U588/X (SAEDRVT14_OAI22_1)               0.04       0.43 r
  U424/X (SAEDRVT14_AOI21_0P5)             0.04       0.47 f
  U589/X (SAEDRVT14_OAI21_1)               0.07       0.54 r
  U429/X (SAEDRVT14_OAI21_0P5)             0.05       0.59 f
  U591/X (SAEDRVT14_OAI21_1)               0.07       0.67 r
  U439/X (SAEDRVT14_OAI22_1)               0.05       0.72 f
  U593/X (SAEDRVT14_OAI21_1)               0.05       0.77 r
  U594/X (SAEDRVT14_OAI21_V1_4)            0.23       1.00 f
  out_data[16] (out)                       0.00       1.00 f
  data arrival time                                   1.00

  max_delay                                1.00       1.00
  output external delay                    0.00       1.00
  data required time                                  1.00
  -----------------------------------------------------------
  data required time                                  1.00
  data arrival time                                  -1.00
  -----------------------------------------------------------
  slack (MET)                                         0.00


1
