 
****************************************
Report : area
Design : fu_fp_cmp_64
Version: Y-2026.03-SP1
Date   : Tue Sep  8 22:15:48 2026
****************************************

Library(s) Used:

    saed14rvt_base_tt0p8v25c (File: /mnt/nas0/eda.libs/saed14/EDK_03_2025/SAED14nm_EDK_STD_RVT/liberty/nldm/base/saed14rvt_base_tt0p8v25c.db)

Number of ports:                          204
Number of nets:                           644
Number of cells:                          509
Number of combinational cells:            509
Number of sequential cells:                 0
Number of macros/black boxes:               0
Number of buf/inv:                        138
Number of references:                      61

Combinational area:                153.402000
Buf/Inv area:                       28.815599
Noncombinational area:               0.000000
Macro/Black Box area:                0.000000
Net Interconnect area:             210.509793

Total cell area:                   153.402000
Total area:                        363.911792
1
