****************************************
Report : Averaged Power
Design : fu_fp_cmp_g2
Version: Y-2026.03-SP1
Date   : Wed Sep 30 18:50:16 2026
****************************************



  Attributes
  ----------
      i  -  Including register clock pin internal power
      u  -  User defined power group

                        Internal  Switching  Leakage    Total
Power Group             Power     Power      Power      Power   (     %)  Attrs
--------------------------------------------------------------------------------
clock_network              0.0000    0.0000    0.0000    0.0000 ( 0.00%)  i
register                   0.0000    0.0000    0.0000    0.0000 ( 0.00%)  
combinational           4.077e-05 4.779e-04 3.626e-08 5.187e-04 (100.00%) 
sequential                 0.0000    0.0000    0.0000    0.0000 ( 0.00%)  
memory                     0.0000    0.0000    0.0000    0.0000 ( 0.00%)  
io_pad                     0.0000    0.0000    0.0000    0.0000 ( 0.00%)  
black_box                  0.0000    0.0000    0.0000    0.0000 ( 0.00%)  

  Net Switching Power  = 4.779e-04   (92.13%)
  Cell Internal Power  = 4.077e-05   ( 7.86%)
  Cell Leakage Power   = 3.626e-08   ( 0.01%)
                         ---------
Total Power            = 5.187e-04  (100.00%)

1
