 
****************************************
Report : timing
        -path full
        -delay max
        -max_paths 1
Design : fu_fp_min_max_dec_W32_MIN_LANE_W32
Version: Y-2026.03-SP1
Date   : Tue Sep 29 16:57:38 2026
****************************************

Operating Conditions: tt0p8v25c   Library: saed14rvt_base_tt0p8v25c
Wire Load Model Mode: top

  Startpoint: in_data_1[2]
              (input port)
  Endpoint: out_data[3]
            (output port)
  Path Group: default
  Path Type: max

  Des/Clust/Port     Wire Load Model       Library
  ------------------------------------------------
  fu_fp_min_max_dec_W32_MIN_LANE_W32
                     8000                  saed14rvt_base_tt0p8v25c

  Point                                    Incr       Path
  -----------------------------------------------------------
  input external delay                     0.00       0.00 r
  in_data_1[2] (in)                        0.00       0.00 r
  U255/X (SAEDRVT14_INV_S_1)               0.02       0.02 f
  U257/X (SAEDRVT14_OAI22_1P5)             0.03       0.05 r
  U259/X (SAEDRVT14_OAI22_3)               0.03       0.08 f
  U260/X (SAEDRVT14_OAI21_V1_4)            0.02       0.10 r
  U261/X (SAEDRVT14_OAI21_V1_4)            0.03       0.12 f
  U203/X (SAEDRVT14_OAI21_V1_4)            0.02       0.14 r
  U263/X (SAEDRVT14_AO21B_0P5)             0.06       0.21 f
  U202/X (SAEDRVT14_OA21_MM_2)             0.04       0.25 f
  U265/X (SAEDRVT14_AOI21_1P5)             0.03       0.27 r
  U268/X (SAEDRVT14_ND2_4)                 0.02       0.29 f
  U269/X (SAEDRVT14_OAI21_V1_4)            0.01       0.30 r
  U271/X (SAEDRVT14_OAI22_4)               0.03       0.33 f
  U272/X (SAEDRVT14_AN2_4)                 0.02       0.35 f
  U274/X (SAEDRVT14_OAI22_4)               0.01       0.37 r
  U275/X (SAEDRVT14_OAI21_V1_4)            0.02       0.39 f
  U276/X (SAEDRVT14_OAI21_V1_4)            0.02       0.41 r
  U200/X (SAEDRVT14_AN2_MM_4)              0.02       0.43 r
  U278/X (SAEDRVT14_OAI22_1P5)             0.02       0.45 f
  U279/X (SAEDRVT14_AOI21_1P5)             0.03       0.49 r
  U210/X (SAEDRVT14_AOI21_4)               0.02       0.51 f
  U280/X (SAEDRVT14_OAI21_V1_4)            0.02       0.52 r
  U281/X (SAEDRVT14_OAI21_V1_4)            0.02       0.54 f
  U282/X (SAEDRVT14_AOI21_3)               0.02       0.57 r
  U283/X (SAEDRVT14_AOI21_4)               0.03       0.59 f
  U284/X (SAEDRVT14_AN2_4)                 0.02       0.61 f
  U286/X (SAEDRVT14_OAI22_3)               0.03       0.64 r
  U300/X (SAEDRVT14_AO221_4)               0.03       0.67 r
  U311/X (SAEDRVT14_NR2_MM_4)              0.01       0.68 f
  U330/X (SAEDRVT14_OAI21_V1_4)            0.02       0.70 r
  U331/X (SAEDRVT14_OAI21_V1_8)            0.02       0.72 f
  U332/X (SAEDRVT14_ND2_CDC_4)             0.01       0.73 r
  U333/X (SAEDRVT14_OAI21_V1_4)            0.01       0.75 f
  U334/X (SAEDRVT14_EO2_4)                 0.06       0.81 r
  U199/X (SAEDRVT14_INV_S_16)              0.03       0.84 f
  U335/X (SAEDRVT14_ND2_MM_8)              0.03       0.86 r
  U349/X (SAEDRVT14_BUF_S_2)               0.07       0.93 r
  U373/X (SAEDRVT14_OAI22_0P5)             0.07       1.00 f
  out_data[3] (out)                        0.00       1.00 f
  data arrival time                                   1.00

  max_delay                                1.00       1.00
  output external delay                    0.00       1.00
  data required time                                  1.00
  -----------------------------------------------------------
  data required time                                  1.00
  data arrival time                                  -1.00
  -----------------------------------------------------------
  slack (MET)                                         0.00


1
