 
****************************************
Report : area
Design : fu_fp_min_max_dec_W32_MIN_LANE_W32
Version: Y-2026.03-SP1
Date   : Tue Sep 29 16:57:38 2026
****************************************

Library(s) Used:

    saed14rvt_base_tt0p8v25c (File: /mnt/nas0/eda.libs/saed14/EDK_03_2025/SAED14nm_EDK_STD_RVT/liberty/nldm/base/saed14rvt_base_tt0p8v25c.db)

Number of ports:                          108
Number of nets:                           249
Number of cells:                          181
Number of combinational cells:            181
Number of sequential cells:                 0
Number of macros/black boxes:               0
Number of buf/inv:                         62
Number of references:                      47

Combinational area:                 66.910799
Buf/Inv area:                       12.609600
Noncombinational area:               0.000000
Macro/Black Box area:                0.000000
Net Interconnect area:              97.404036

Total cell area:                    66.910799
Total area:                        164.314835
1
