 
****************************************
Report : timing
        -path full
        -delay max
        -max_paths 1
Design : fu_cmp_8x8
Version: Y-2026.03-SP1
Date   : Wed Sep 30 12:17:46 2026
****************************************

Operating Conditions: tt0p8v25c   Library: saed14rvt_base_tt0p8v25c
Wire Load Model Mode: top

  Startpoint: in_data_1[4]
              (input port)
  Endpoint: out_data[0]
            (output port)
  Path Group: default
  Path Type: max

  Des/Clust/Port     Wire Load Model       Library
  ------------------------------------------------
  fu_cmp_8x8         8000                  saed14rvt_base_tt0p8v25c

  Point                                    Incr       Path
  -----------------------------------------------------------
  input external delay                     0.00       0.00 f
  in_data_1[4] (in)                        0.00       0.00 f
  U464/X (SAEDRVT14_INV_S_0P5)             0.05       0.05 r
  U475/X (SAEDRVT14_AO22_0P75)             0.08       0.13 r
  U564/X (SAEDRVT14_OR4_2)                 0.05       0.18 r
  U567/X (SAEDRVT14_OR4_2)                 0.04       0.23 r
  U570/X (SAEDRVT14_ND2_CDC_4)             0.04       0.27 f
  U578/X (SAEDRVT14_OAI21_2)               0.05       0.31 r
  U405/X (SAEDRVT14_OAI22_1P5)             0.04       0.35 f
  U403/X (SAEDRVT14_OAI21_1)               0.04       0.39 r
  U404/X (SAEDRVT14_AOI21_3)               0.03       0.42 f
  U581/X (SAEDRVT14_AOI21_1P5)             0.03       0.45 r
  U535/X (SAEDRVT14_OAI21_V1_8)            0.02       0.47 f
  U383/X (SAEDRVT14_INV_S_10)              0.02       0.49 r
  U406/X (SAEDRVT14_INV_S_7)               0.01       0.50 f
  out_data[0] (out)                        0.00       0.50 f
  data arrival time                                   0.50

  max_delay                                0.50       0.50
  output external delay                    0.00       0.50
  data required time                                  0.50
  -----------------------------------------------------------
  data required time                                  0.50
  data arrival time                                  -0.50
  -----------------------------------------------------------
  slack (MET)                                         0.00


1
