 
****************************************
Report : timing
        -path full
        -delay max
        -max_paths 1
Design : fu_fp_minmax_revised_shared64
Version: Y-2026.03-SP1
Date   : Mon Sep 14 22:51:49 2026
****************************************

Operating Conditions: tt0p8v25c   Library: saed14rvt_base_tt0p8v25c
Wire Load Model Mode: top

  Startpoint: in_data_0[63]
              (input port)
  Endpoint: out_data[6]
            (output port)
  Path Group: default
  Path Type: max

  Des/Clust/Port     Wire Load Model       Library
  ------------------------------------------------
  fu_fp_minmax_revised_shared64
                     8000                  saed14rvt_base_tt0p8v25c

  Point                                                   Incr       Path
  --------------------------------------------------------------------------
  input external delay                                    0.00       0.00 r
  in_data_0[63] (in)                                      0.00       0.00 r
  core_inst/in_data_0[63] (revised_fp_minmax_shared_core_SUPPORT_320_SUPPORT_160)
                                                          0.00       0.00 r
  core_inst/U343/X (SAEDRVT14_INV_S_8)                    0.01       0.01 f
  core_inst/U344/X (SAEDRVT14_INV_S_16)                   0.02       0.03 r
  core_inst/U173/X (SAEDRVT14_EN2_1)                      0.06       0.08 f
  core_inst/U370/X (SAEDRVT14_INV_0P75)                   0.04       0.12 r
  core_inst/U372/X (SAEDRVT14_OAI22_2)                    0.05       0.17 f
  core_inst/U373/X (SAEDRVT14_AOI21_0P5)                  0.06       0.22 r
  core_inst/U374/X (SAEDRVT14_AOI21_V1_4)                 0.03       0.25 f
  core_inst/U39/X (SAEDRVT14_OAI21_2)                     0.03       0.28 r
  core_inst/U385/X (SAEDRVT14_AOI21_V1_6)                 0.02       0.30 f
  core_inst/U386/X (SAEDRVT14_NR2_MM_6)                   0.02       0.32 r
  core_inst/U558/X (SAEDRVT14_MUX2_2)                     0.04       0.36 f
  core_inst/U559/X (SAEDRVT14_NR2_MM_10)                  0.01       0.37 r
  core_inst/U45/X (SAEDRVT14_OR2_MM_6)                    0.02       0.39 r
  core_inst/U44/X (SAEDRVT14_BUF_20)                      0.06       0.45 r
  core_inst/U610/X (SAEDRVT14_INV_S_16)                   0.02       0.47 f
  core_inst/U632/X (SAEDRVT14_INV_S_16)                   0.02       0.48 r
  core_inst/U634/X (SAEDRVT14_OAI22_4)                    0.02       0.50 f
  core_inst/out_data[6] (revised_fp_minmax_shared_core_SUPPORT_320_SUPPORT_160)
                                                          0.00       0.50 f
  out_data[6] (out)                                       0.00       0.50 f
  data arrival time                                                  0.50

  max_delay                                               0.50       0.50
  output external delay                                   0.00       0.50
  data required time                                                 0.50
  --------------------------------------------------------------------------
  data required time                                                 0.50
  data arrival time                                                 -0.50
  --------------------------------------------------------------------------
  slack (MET)                                                        0.00


1
