 
****************************************
Report : area
Design : fu_fp_minmax_revised_shared64
Version: Y-2026.03-SP1
Date   : Mon Sep 14 22:51:48 2026
****************************************

Library(s) Used:

    saed14rvt_base_tt0p8v25c (File: /mnt/nas0/eda.libs/saed14/EDK_03_2025/SAED14nm_EDK_STD_RVT/liberty/nldm/base/saed14rvt_base_tt0p8v25c.db)

Number of ports:                          410
Number of nets:                          1019
Number of cells:                          687
Number of combinational cells:            686
Number of sequential cells:                 0
Number of macros/black boxes:               0
Number of buf/inv:                        224
Number of references:                       1

Combinational area:                262.315200
Buf/Inv area:                       53.679599
Noncombinational area:               0.000000
Macro/Black Box area:                0.000000
Net Interconnect area:             327.785161

Total cell area:                   262.315200
Total area:                        590.100361
1
