 
****************************************
Report : timing
        -path full
        -delay max
        -max_paths 1
Design : fu_add_sub_d4
Version: Y-2026.03-SP1
Date   : Tue Sep  8 23:04:26 2026
****************************************

Operating Conditions: tt0p8v25c   Library: saed14rvt_base_tt0p8v25c
Wire Load Model Mode: top

  Startpoint: mode[0] (input port)
  Endpoint: out_data[62]
            (output port)
  Path Group: default
  Path Type: max

  Des/Clust/Port     Wire Load Model       Library
  ------------------------------------------------
  fu_add_sub_d4      8000                  saed14rvt_base_tt0p8v25c

  Point                                                   Incr       Path
  --------------------------------------------------------------------------
  input external delay                                    0.00       0.00 r
  mode[0] (in)                                            0.00       0.00 r
  core/mode[0] (fu_add_sub_dec_EN321_EN161_EN80)          0.00       0.00 r
  core/U377/X (SAEDRVT14_INV_S_8)                         0.00       0.00 f
  core/U378/X (SAEDRVT14_ND2_8)                           0.01       0.02 r
  core/U379/X (SAEDRVT14_ND2_6)                           0.02       0.03 f
  core/U97/X (SAEDRVT14_MUX2_MM_4)                        0.03       0.06 r
  core/U96/X (SAEDRVT14_INV_12)                           0.01       0.07 f
  core/U166/X (SAEDRVT14_INV_S_10)                        0.02       0.09 r
  core/U336/X (SAEDRVT14_MUXI2_4)                         0.04       0.12 f
  core/U380/X (SAEDRVT14_INV_12)                          0.05       0.17 r
  core/U348/X (SAEDRVT14_EO2_1)                           0.07       0.24 r
  core/U334/X (SAEDRVT14_OR2_1)                           0.06       0.30 r
  core/U331/X (SAEDRVT14_AN2_MM_1)                        0.05       0.35 r
  core/U388/X (SAEDRVT14_ND2_0P5)                         0.05       0.40 f
  core/U390/X (SAEDRVT14_NR2_MM_3)                        0.04       0.44 r
  core/U24/X (SAEDRVT14_ND2_MM_6)                         0.02       0.46 f
  core/U393/X (SAEDRVT14_NR2_MM_3)                        0.03       0.49 r
  core/U394/X (SAEDRVT14_ND2_CDC_1)                       0.03       0.52 f
  core/U486/X (SAEDRVT14_OA21_4)                          0.04       0.56 f
  core/U487/X (SAEDRVT14_INV_S_20)                        0.02       0.58 r
  core/U20/X (SAEDRVT14_AOI21_V1_4)                       0.02       0.59 f
  core/U508/X (SAEDRVT14_EO2_V1_1P5)                      0.03       0.62 f
  core/out_data[62] (fu_add_sub_dec_EN321_EN161_EN80)     0.00       0.62 f
  out_data[62] (out)                                      0.00       0.62 f
  data arrival time                                                  0.62

  max_delay                                               0.62       0.62
  output external delay                                   0.00       0.62
  data required time                                                 0.62
  --------------------------------------------------------------------------
  data required time                                                 0.62
  data arrival time                                                 -0.62
  --------------------------------------------------------------------------
  slack (MET)                                                        0.00


1
