 
****************************************
Report : area
Design : fu_add_sub_d4
Version: Y-2026.03-SP1
Date   : Tue Sep  8 23:04:26 2026
****************************************

Library(s) Used:

    saed14rvt_base_tt0p8v25c (File: /mnt/nas0/eda.libs/saed14/EDK_03_2025/SAED14nm_EDK_STD_RVT/liberty/nldm/base/saed14rvt_base_tt0p8v25c.db)

Number of ports:                          420
Number of nets:                           937
Number of cells:                          589
Number of combinational cells:            588
Number of sequential cells:                 0
Number of macros/black boxes:               0
Number of buf/inv:                        120
Number of references:                       1

Combinational area:                228.216001
Buf/Inv area:                       28.016400
Noncombinational area:               0.000000
Macro/Black Box area:                0.000000
Net Interconnect area:             210.086541

Total cell area:                   228.216001
Total area:                        438.302542
1
