****************************************
Report : Averaged Power
Design : fu_min_max_16x4
Version: Y-2026.03-SP1
Date   : Wed Sep 30 18:47:16 2026
****************************************



  Attributes
  ----------
      i  -  Including register clock pin internal power
      u  -  User defined power group

                        Internal  Switching  Leakage    Total
Power Group             Power     Power      Power      Power   (     %)  Attrs
--------------------------------------------------------------------------------
clock_network              0.0000    0.0000    0.0000    0.0000 ( 0.00%)  i
register                   0.0000    0.0000    0.0000    0.0000 ( 0.00%)  
combinational           6.842e-05 8.287e-04 3.337e-08 8.972e-04 (100.00%) 
sequential                 0.0000    0.0000    0.0000    0.0000 ( 0.00%)  
memory                     0.0000    0.0000    0.0000    0.0000 ( 0.00%)  
io_pad                     0.0000    0.0000    0.0000    0.0000 ( 0.00%)  
black_box                  0.0000    0.0000    0.0000    0.0000 ( 0.00%)  

  Net Switching Power  = 8.287e-04   (92.37%)
  Cell Internal Power  = 6.842e-05   ( 7.63%)
  Cell Leakage Power   = 3.337e-08   ( 0.00%)
                         ---------
Total Power            = 8.972e-04  (100.00%)

1
