 
****************************************
Report : timing
        -path full
        -delay max
        -max_paths 1
Design : fu_mult_decomp
Version: Y-2026.03-SP1
Date   : Tue Sep  8 21:26:21 2026
****************************************

Operating Conditions: tt0p8v25c   Library: saed14rvt_base_tt0p8v25c
Wire Load Model Mode: top

  Startpoint: in_data_0[21]
              (input port)
  Endpoint: out_data[62]
            (output port)
  Path Group: default
  Path Type: max

  Des/Clust/Port     Wire Load Model       Library
  ------------------------------------------------
  fu_mult_decomp     8000                  saed14rvt_base_tt0p8v25c

  Point                                                   Incr       Path
  --------------------------------------------------------------------------
  input external delay                                    0.00       0.00 r
  in_data_0[21] (in)                                      0.00       0.00 r
  u_kar_lo/a[21] (fu_mult_karatsuba_32_full_1)            0.00       0.00 r
  u_kar_lo/U2267/X (SAEDRVT14_NR2_MM_16)                  0.01       0.01 f
  u_kar_lo/U2140/X (SAEDRVT14_OAI21_V1_8)                 0.02       0.02 r
  u_kar_lo/U1743/X (SAEDRVT14_AOI21_8)                    0.02       0.04 f
  u_kar_lo/U2787/X (SAEDRVT14_OAI21_V1_8)                 0.01       0.05 r
  u_kar_lo/U2937/X (SAEDRVT14_BUF_20)                     0.02       0.07 r
  u_kar_lo/U1971/X (SAEDRVT14_AOI21_V1_8)                 0.01       0.09 f
  u_kar_lo/U2541/X (SAEDRVT14_EN2_4)                      0.03       0.11 r
  u_kar_lo/U1886/X (SAEDRVT14_INV_S_16)                   0.01       0.12 f
  u_kar_lo/U1733/X (SAEDRVT14_EN2_4)                      0.04       0.16 r
  u_kar_lo/U1717/X (SAEDRVT14_ND2_MM_16)                  0.01       0.18 f
  u_kar_lo/U1276/X (SAEDRVT14_BUF_16)                     0.02       0.19 f
  u_kar_lo/U3401/X (SAEDRVT14_OAI22_4)                    0.02       0.21 r
  u_kar_lo/U3427/S (SAEDRVT14_ADDH_4)                     0.03       0.24 f
  u_kar_lo/U2836/S (SAEDRVT14_ADDF_V2_2)                  0.03       0.27 r
  u_kar_lo/U2901/CO (SAEDRVT14_ADDF_V2_2)                 0.02       0.29 r
  u_kar_lo/U2945/S (SAEDRVT14_ADDF_V2_2)                  0.07       0.36 f
  u_kar_lo/U1989/X (SAEDRVT14_NR2_MM_12)                  0.02       0.38 r
  u_kar_lo/U1988/X (SAEDRVT14_OAI21_V1_8)                 0.02       0.40 f
  u_kar_lo/U2263/X (SAEDRVT14_AOI21_8)                    0.02       0.42 r
  u_kar_lo/U1970/X (SAEDRVT14_ND2_16)                     0.01       0.43 f
  u_kar_lo/U2149/X (SAEDRVT14_ND2_16)                     0.01       0.44 r
  u_kar_lo/U2088/X (SAEDRVT14_ND2_MM_16)                  0.01       0.46 f
  u_kar_lo/U2187/X (SAEDRVT14_ND2_16)                     0.01       0.47 r
  u_kar_lo/U2034/X (SAEDRVT14_ND2_16)                     0.01       0.48 f
  u_kar_lo/U2041/X (SAEDRVT14_BUF_20)                     0.02       0.49 f
  u_kar_lo/U1882/X (SAEDRVT14_AOI21_V1_8)                 0.01       0.51 r
  u_kar_lo/U2183/X (SAEDRVT14_EN2_4)                      0.03       0.53 f
  u_kar_lo/U2008/X (SAEDRVT14_OAI21_V1_8)                 0.02       0.55 r
  u_kar_lo/U2007/X (SAEDRVT14_OAI21_V1_8)                 0.02       0.57 f
  u_kar_lo/U2227/X (SAEDRVT14_EN3_3)                      0.04       0.61 r
  u_kar_lo/U1746/X (SAEDRVT14_OR2_MM_12)                  0.02       0.63 r
  u_kar_lo/U1744/X (SAEDRVT14_AN2_8)                      0.02       0.64 r
  u_kar_lo/U1969/X (SAEDRVT14_ND2_16)                     0.01       0.65 f
  u_kar_lo/U2138/X (SAEDRVT14_ND2_MM_16)                  0.01       0.66 r
  u_kar_lo/U1990/X (SAEDRVT14_AOI21_V1_6)                 0.01       0.68 f
  u_kar_lo/U2249/X (SAEDRVT14_EN2_4)                      0.03       0.71 r
  u_kar_lo/U2215/X (SAEDRVT14_ND2_8)                      0.01       0.72 f
  u_kar_lo/U83/X (SAEDRVT14_INV_S_8)                      0.01       0.73 r
  u_kar_lo/U1865/X (SAEDRVT14_ND2_16)                     0.01       0.74 f
  u_kar_lo/U2214/X (SAEDRVT14_ND2_16)                     0.01       0.75 r
  u_kar_lo/U2213/X (SAEDRVT14_AOI21_V1_8)                 0.01       0.76 f
  u_kar_lo/U2212/X (SAEDRVT14_OAI21_V1_8)                 0.01       0.78 r
  u_kar_lo/U2259/X (SAEDRVT14_OR2_MM_20)                  0.03       0.81 r
  u_kar_lo/U1992/X (SAEDRVT14_INV_S_20)                   0.01       0.81 f
  u_kar_lo/U2918/X (SAEDRVT14_EN2_4)                      0.03       0.84 r
  u_kar_lo/product[50] (fu_mult_karatsuba_32_full_1)      0.00       0.84 r
  U207/X (SAEDRVT14_AN2_MM_12)                            0.02       0.86 r
  U183/X (SAEDRVT14_AOI21_V1_6)                           0.01       0.88 f
  U1027/X (SAEDRVT14_OAI21_V1_8)                          0.02       0.90 r
  U870/X (SAEDRVT14_ND2_MM_12)                            0.01       0.91 f
  U1128/X (SAEDRVT14_ND2_MM_16)                           0.01       0.92 r
  U151/X (SAEDRVT14_AOI21_V1_6)                           0.02       0.94 f
  U877/X (SAEDRVT14_NR2_MM_16)                            0.01       0.95 r
  U913/X (SAEDRVT14_ND2_8)                                0.01       0.96 f
  U912/X (SAEDRVT14_ND2_8)                                0.01       0.97 r
  U876/X (SAEDRVT14_NR2_MM_8)                             0.01       0.97 f
  out_data[62] (out)                                      0.00       0.97 f
  data arrival time                                                  0.97

  max_delay                                               0.50       0.50
  output external delay                                   0.00       0.50
  data required time                                                 0.50
  --------------------------------------------------------------------------
  data required time                                                 0.50
  data arrival time                                                 -0.97
  --------------------------------------------------------------------------
  slack (VIOLATED)                                                  -0.47


1
