 
****************************************
Report : area
Design : fu_mult_decomp
Version: Y-2026.03-SP1
Date   : Tue Sep  8 21:26:20 2026
****************************************

Library(s) Used:

    saed14rvt_base_tt0p8v25c (File: /mnt/nas0/eda.libs/saed14/EDK_03_2025/SAED14nm_EDK_STD_RVT/liberty/nldm/base/saed14rvt_base_tt0p8v25c.db)

Number of ports:                          522
Number of nets:                          9872
Number of cells:                         8427
Number of combinational cells:           8425
Number of sequential cells:                 0
Number of macros/black boxes:               0
Number of buf/inv:                       1519
Number of references:                     138

Combinational area:               5368.359560
Buf/Inv area:                      641.313598
Noncombinational area:               0.000000
Macro/Black Box area:                0.000000
Net Interconnect area:            3674.027049

Total cell area:                  5368.359560
Total area:                       9042.386609
1
