 
****************************************
Report : area
Design : fu_mult_decomp
Version: Y-2026.03-SP1
Date   : Fri Sep 11 12:27:21 2026
****************************************

Library(s) Used:

    saed14rvt_base_tt0p8v25c (File: /mnt/nas0/eda.libs/saed14/EDK_03_2025/SAED14nm_EDK_STD_RVT/liberty/nldm/base/saed14rvt_base_tt0p8v25c.db)

Number of ports:                          522
Number of nets:                          9626
Number of cells:                         8405
Number of combinational cells:           8403
Number of sequential cells:                 0
Number of macros/black boxes:               0
Number of buf/inv:                       1538
Number of references:                     145

Combinational area:               5511.727178
Buf/Inv area:                      625.107596
Noncombinational area:               0.000000
Macro/Black Box area:                0.000000
Net Interconnect area:            3877.381850

Total cell area:                  5511.727178
Total area:                       9389.109027
1
