 
****************************************
Report : timing
        -path full
        -delay max
        -max_paths 1
Design : fu_fp_min_max_m3
Version: Y-2026.03-SP1
Date   : Wed Sep 30 18:30:40 2026
****************************************

Operating Conditions: tt0p8v25c   Library: saed14rvt_base_tt0p8v25c
Wire Load Model Mode: top

  Startpoint: in_data_0[61]
              (input port)
  Endpoint: out_data[32]
            (output port)
  Path Group: default
  Path Type: max

  Des/Clust/Port     Wire Load Model       Library
  ------------------------------------------------
  fu_fp_min_max_m3   8000                  saed14rvt_base_tt0p8v25c

  Point                                                   Incr       Path
  --------------------------------------------------------------------------
  input external delay                                    0.00       0.00 f
  in_data_0[61] (in)                                      0.00       0.00 f
  core/in_data_0[61] (fu_fp_min_max_dec_W64_MIN_LANE_W16)
                                                          0.00       0.00 f
  core/U23/X (SAEDRVT14_INV_S_1)                          0.03       0.03 r
  core/U142/X (SAEDRVT14_ND2_CDC_1)                       0.05       0.08 f
  core/U144/X (SAEDRVT14_AOI31_0P5)                       0.08       0.16 r
  core/U374/X (SAEDRVT14_OAI21_0P5)                       0.06       0.23 f
  core/U65/X (SAEDRVT14_AOI21_V1_4)                       0.03       0.25 r
  core/U64/X (SAEDRVT14_ND2_6)                            0.01       0.27 f
  core/U400/X (SAEDRVT14_OAI21_V1_8)                      0.01       0.28 r
  core/U401/X (SAEDRVT14_MUXI2_4)                         0.04       0.32 r
  core/U73/X (SAEDRVT14_MUX2_MM_1)                        0.03       0.36 r
  core/U442/X (SAEDRVT14_EO2_3)                           0.04       0.40 f
  core/U444/X (SAEDRVT14_AN3_8)                           0.03       0.43 f
  core/U531/X (SAEDRVT14_INV_4)                           0.01       0.44 r
  core/U532/X (SAEDRVT14_BUF_10)                          0.04       0.48 r
  core/U533/X (SAEDRVT14_OAI22_4)                         0.02       0.50 f
  core/out_data[32] (fu_fp_min_max_dec_W64_MIN_LANE_W16)
                                                          0.00       0.50 f
  out_data[32] (out)                                      0.00       0.50 f
  data arrival time                                                  0.50

  max_delay                                               0.50       0.50
  output external delay                                   0.00       0.50
  data required time                                                 0.50
  --------------------------------------------------------------------------
  data required time                                                 0.50
  data arrival time                                                 -0.50
  --------------------------------------------------------------------------
  slack (MET)                                                        0.00


1
