 
****************************************
Report : area
Design : fu_fp_min_max_m3
Version: Y-2026.03-SP1
Date   : Wed Sep 30 18:30:40 2026
****************************************

Library(s) Used:

    saed14rvt_base_tt0p8v25c (File: /mnt/nas0/eda.libs/saed14/EDK_03_2025/SAED14nm_EDK_STD_RVT/liberty/nldm/base/saed14rvt_base_tt0p8v25c.db)

Number of ports:                          412
Number of nets:                           891
Number of cells:                          551
Number of combinational cells:            550
Number of sequential cells:                 0
Number of macros/black boxes:               0
Number of buf/inv:                        170
Number of references:                       1

Combinational area:                206.859598
Buf/Inv area:                       41.558399
Noncombinational area:               0.000000
Macro/Black Box area:                0.000000
Net Interconnect area:             239.480540

Total cell area:                   206.859598
Total area:                        446.340138
1
