 
****************************************
Report : area
Design : fu_fp_min_max_m1
Version: Y-2026.03-SP1
Date   : Tue Sep 29 17:05:22 2026
****************************************

Library(s) Used:

    saed14rvt_base_tt0p8v25c (File: /mnt/nas0/eda.libs/saed14/EDK_03_2025/SAED14nm_EDK_STD_RVT/liberty/nldm/base/saed14rvt_base_tt0p8v25c.db)

Number of ports:                          410
Number of nets:                           800
Number of cells:                          468
Number of combinational cells:            467
Number of sequential cells:                 0
Number of macros/black boxes:               0
Number of buf/inv:                        163
Number of references:                       1

Combinational area:                147.985199
Buf/Inv area:                       42.091199
Noncombinational area:               0.000000
Macro/Black Box area:                0.000000
Net Interconnect area:             194.730516

Total cell area:                   147.985199
Total area:                        342.715715
1
