 
****************************************
Report : area
Design : fu_fp_min_max_m2
Version: Y-2026.03-SP1
Date   : Tue Sep 29 13:58:20 2026
****************************************

Library(s) Used:

    saed14rvt_base_tt0p8v25c (File: /mnt/nas0/eda.libs/saed14/EDK_03_2025/SAED14nm_EDK_STD_RVT/liberty/nldm/base/saed14rvt_base_tt0p8v25c.db)

Number of ports:                          411
Number of nets:                           847
Number of cells:                          508
Number of combinational cells:            507
Number of sequential cells:                 0
Number of macros/black boxes:               0
Number of buf/inv:                        175
Number of references:                       1

Combinational area:                176.489999
Buf/Inv area:                       47.641199
Noncombinational area:               0.000000
Macro/Black Box area:                0.000000
Net Interconnect area:             216.417589

Total cell area:                   176.489999
Total area:                        392.907587
1
