****************************************
Report : Averaged Power
Design : fu_add_sub_minmax_d4
Version: Y-2026.03-SP1
Date   : Thu Oct  1 18:36:13 2026
****************************************



  Attributes
  ----------
      i  -  Including register clock pin internal power
      u  -  User defined power group

                        Internal  Switching  Leakage    Total
Power Group             Power     Power      Power      Power   (     %)  Attrs
--------------------------------------------------------------------------------
clock_network              0.0000    0.0000    0.0000    0.0000 ( 0.00%)  i
register                   0.0000    0.0000    0.0000    0.0000 ( 0.00%)  
combinational           4.937e-04 2.851e-03 2.281e-07 3.345e-03 (100.00%) 
sequential                 0.0000    0.0000    0.0000    0.0000 ( 0.00%)  
memory                     0.0000    0.0000    0.0000    0.0000 ( 0.00%)  
io_pad                     0.0000    0.0000    0.0000    0.0000 ( 0.00%)  
black_box                  0.0000    0.0000    0.0000    0.0000 ( 0.00%)  

  Net Switching Power  = 2.851e-03   (85.23%)
  Cell Internal Power  = 4.937e-04   (14.76%)
  Cell Leakage Power   = 2.281e-07   ( 0.01%)
                         ---------
Total Power            = 3.345e-03  (100.00%)

1
