 
****************************************
Report : timing
        -path full
        -delay max
        -nworst 10
        -max_paths 10
Design : fu_mult_karatsuba_64_32
Version: Y-2026.03-SP1
Date   : Fri Sep 11 16:09:10 2026
****************************************

Operating Conditions: tt0p8v25c   Library: saed14rvt_base_tt0p8v25c
Wire Load Model Mode: top

  Startpoint: in_data_0[33]
              (input port)
  Endpoint: out_data[63]
            (output port)
  Path Group: default
  Path Type: max

  Des/Clust/Port     Wire Load Model       Library
  ------------------------------------------------
  fu_mult_karatsuba_64_32
                     8000                  saed14rvt_base_tt0p8v25c

  Point                                    Incr       Path
  -----------------------------------------------------------
  input external delay                     0.00       0.00 f
  in_data_0[33] (in)                       0.00       0.00 f
  U3385/X (SAEDRVT14_NR2_MM_16)            0.01       0.01 r
  U3434/X (SAEDRVT14_OAI21_V1_8)           0.01       0.03 f
  U2969/X (SAEDRVT14_ND2_MM_16)            0.01       0.04 r
  U2957/X (SAEDRVT14_AOI21_V1_8)           0.01       0.05 f
  U3071/X (SAEDRVT14_OR2_MM_20)            0.03       0.07 f
  U2987/X (SAEDRVT14_ND2_16)               0.01       0.08 r
  U2986/X (SAEDRVT14_ND2_MM_16)            0.01       0.09 f
  U3737/X (SAEDRVT14_INV_S_20)             0.01       0.10 r
  U4732/X (SAEDRVT14_OR2_4)                0.02       0.12 r
  U3812/X (SAEDRVT14_ND2_5)                0.01       0.13 f
  U3364/X (SAEDRVT14_EN2_4)                0.03       0.16 r
  U1036/X (SAEDRVT14_EO2_2)                0.04       0.21 f
  U947/X (SAEDRVT14_ND2_MM_16)             0.02       0.23 r
  U3787/X (SAEDRVT14_OAI22_1P5)            0.03       0.26 f
  U3788/S (SAEDRVT14_ADDH_2)               0.03       0.29 r
  U6213/S (SAEDRVT14_ADDF_V2_2)            0.03       0.32 f
  U6231/CO (SAEDRVT14_ADDF_V2_2)           0.02       0.34 f
  U6256/S (SAEDRVT14_ADDF_V2_2)            0.03       0.37 r
  U4536/S (SAEDRVT14_ADDF_V2_2)            0.05       0.43 f
  U6262/S (SAEDRVT14_ADDF_V2_2)            0.04       0.47 r
  U3015/X (SAEDRVT14_OR2_MM_12)            0.03       0.49 r
  U3526/X (SAEDRVT14_ND2_MM_16)            0.01       0.50 f
  U2749/X (SAEDRVT14_NR2_MM_16)            0.01       0.51 r
  U318/X (SAEDRVT14_INV_S_8)               0.01       0.52 f
  U3201/X (SAEDRVT14_ND2_MM_16)            0.01       0.53 r
  U253/X (SAEDRVT14_ND2_MM_6)              0.01       0.54 f
  U3533/X (SAEDRVT14_ND2_8)                0.01       0.55 r
  U3532/X (SAEDRVT14_ND2_16)               0.01       0.56 f
  U3194/X (SAEDRVT14_ND2_16)               0.01       0.57 r
  U109/X (SAEDRVT14_BUF_1)                 0.02       0.60 r
  U2802/X (SAEDRVT14_AOI21_6)              0.02       0.61 f
  U6646/X (SAEDRVT14_EO2_3)                0.03       0.64 r
  U2988/X (SAEDRVT14_EN3_3)                0.03       0.67 f
  U2787/X (SAEDRVT14_EN2_4)                0.04       0.71 r
  U4664/X (SAEDRVT14_AN2_8)                0.02       0.73 r
  U3715/X (SAEDRVT14_OAI21_V1_8)           0.01       0.74 f
  U3570/X (SAEDRVT14_ND2_5)                0.01       0.75 r
  out_data[63] (out)                       0.00       0.75 r
  data arrival time                                   0.75

  max_delay                                0.50       0.50
  output external delay                    0.00       0.50
  data required time                                  0.50
  -----------------------------------------------------------
  data required time                                  0.50
  data arrival time                                  -0.75
  -----------------------------------------------------------
  slack (VIOLATED)                                   -0.25


  Startpoint: in_data_0[33]
              (input port)
  Endpoint: out_data[63]
            (output port)
  Path Group: default
  Path Type: max

  Des/Clust/Port     Wire Load Model       Library
  ------------------------------------------------
  fu_mult_karatsuba_64_32
                     8000                  saed14rvt_base_tt0p8v25c

  Point                                    Incr       Path
  -----------------------------------------------------------
  input external delay                     0.00       0.00 f
  in_data_0[33] (in)                       0.00       0.00 f
  U3385/X (SAEDRVT14_NR2_MM_16)            0.01       0.01 r
  U3434/X (SAEDRVT14_OAI21_V1_8)           0.01       0.03 f
  U2969/X (SAEDRVT14_ND2_MM_16)            0.01       0.04 r
  U2957/X (SAEDRVT14_AOI21_V1_8)           0.01       0.05 f
  U3071/X (SAEDRVT14_OR2_MM_20)            0.03       0.07 f
  U2987/X (SAEDRVT14_ND2_16)               0.01       0.08 r
  U2986/X (SAEDRVT14_ND2_MM_16)            0.01       0.09 f
  U3737/X (SAEDRVT14_INV_S_20)             0.01       0.10 r
  U4732/X (SAEDRVT14_OR2_4)                0.02       0.12 r
  U3812/X (SAEDRVT14_ND2_5)                0.01       0.13 f
  U3364/X (SAEDRVT14_EN2_4)                0.03       0.16 r
  U1036/X (SAEDRVT14_EO2_2)                0.04       0.21 f
  U947/X (SAEDRVT14_ND2_MM_16)             0.02       0.23 r
  U3787/X (SAEDRVT14_OAI22_1P5)            0.03       0.26 f
  U3788/S (SAEDRVT14_ADDH_2)               0.03       0.29 r
  U6213/S (SAEDRVT14_ADDF_V2_2)            0.03       0.32 f
  U6231/CO (SAEDRVT14_ADDF_V2_2)           0.02       0.34 f
  U6256/S (SAEDRVT14_ADDF_V2_2)            0.03       0.37 r
  U4536/S (SAEDRVT14_ADDF_V2_2)            0.05       0.43 f
  U6262/S (SAEDRVT14_ADDF_V2_2)            0.04       0.47 r
  U3015/X (SAEDRVT14_OR2_MM_12)            0.03       0.49 r
  U3526/X (SAEDRVT14_ND2_MM_16)            0.01       0.50 f
  U2749/X (SAEDRVT14_NR2_MM_16)            0.01       0.51 r
  U318/X (SAEDRVT14_INV_S_8)               0.01       0.52 f
  U3201/X (SAEDRVT14_ND2_MM_16)            0.01       0.53 r
  U253/X (SAEDRVT14_ND2_MM_6)              0.01       0.54 f
  U3533/X (SAEDRVT14_ND2_8)                0.01       0.55 r
  U3532/X (SAEDRVT14_ND2_16)               0.01       0.56 f
  U3194/X (SAEDRVT14_ND2_16)               0.01       0.57 r
  U109/X (SAEDRVT14_BUF_1)                 0.02       0.60 r
  U2802/X (SAEDRVT14_AOI21_6)              0.02       0.61 f
  U6646/X (SAEDRVT14_EO2_3)                0.03       0.64 r
  U2988/X (SAEDRVT14_EN3_3)                0.03       0.67 f
  U2787/X (SAEDRVT14_EN2_4)                0.04       0.71 r
  U4664/X (SAEDRVT14_AN2_8)                0.02       0.73 r
  U3715/X (SAEDRVT14_OAI21_V1_8)           0.01       0.74 f
  U3570/X (SAEDRVT14_ND2_5)                0.01       0.75 r
  out_data[63] (out)                       0.00       0.75 r
  data arrival time                                   0.75

  max_delay                                0.50       0.50
  output external delay                    0.00       0.50
  data required time                                  0.50
  -----------------------------------------------------------
  data required time                                  0.50
  data arrival time                                  -0.75
  -----------------------------------------------------------
  slack (VIOLATED)                                   -0.25


  Startpoint: in_data_0[33]
              (input port)
  Endpoint: out_data[63]
            (output port)
  Path Group: default
  Path Type: max

  Des/Clust/Port     Wire Load Model       Library
  ------------------------------------------------
  fu_mult_karatsuba_64_32
                     8000                  saed14rvt_base_tt0p8v25c

  Point                                    Incr       Path
  -----------------------------------------------------------
  input external delay                     0.00       0.00 f
  in_data_0[33] (in)                       0.00       0.00 f
  U3385/X (SAEDRVT14_NR2_MM_16)            0.01       0.01 r
  U3434/X (SAEDRVT14_OAI21_V1_8)           0.01       0.03 f
  U2969/X (SAEDRVT14_ND2_MM_16)            0.01       0.04 r
  U2957/X (SAEDRVT14_AOI21_V1_8)           0.01       0.05 f
  U3071/X (SAEDRVT14_OR2_MM_20)            0.03       0.07 f
  U2987/X (SAEDRVT14_ND2_16)               0.01       0.08 r
  U2986/X (SAEDRVT14_ND2_MM_16)            0.01       0.09 f
  U3737/X (SAEDRVT14_INV_S_20)             0.01       0.10 r
  U4732/X (SAEDRVT14_OR2_4)                0.02       0.12 r
  U3812/X (SAEDRVT14_ND2_5)                0.01       0.13 f
  U3364/X (SAEDRVT14_EN2_4)                0.03       0.16 r
  U1036/X (SAEDRVT14_EO2_2)                0.04       0.21 f
  U947/X (SAEDRVT14_ND2_MM_16)             0.02       0.23 r
  U3787/X (SAEDRVT14_OAI22_1P5)            0.03       0.26 f
  U3788/S (SAEDRVT14_ADDH_2)               0.03       0.29 r
  U6213/S (SAEDRVT14_ADDF_V2_2)            0.03       0.32 f
  U6231/CO (SAEDRVT14_ADDF_V2_2)           0.02       0.34 f
  U6256/S (SAEDRVT14_ADDF_V2_2)            0.03       0.37 r
  U4536/S (SAEDRVT14_ADDF_V2_2)            0.05       0.43 f
  U6262/S (SAEDRVT14_ADDF_V2_2)            0.04       0.47 r
  U3015/X (SAEDRVT14_OR2_MM_12)            0.03       0.49 r
  U3526/X (SAEDRVT14_ND2_MM_16)            0.01       0.50 f
  U2749/X (SAEDRVT14_NR2_MM_16)            0.01       0.51 r
  U318/X (SAEDRVT14_INV_S_8)               0.01       0.52 f
  U3201/X (SAEDRVT14_ND2_MM_16)            0.01       0.53 r
  U253/X (SAEDRVT14_ND2_MM_6)              0.01       0.54 f
  U3533/X (SAEDRVT14_ND2_8)                0.01       0.55 r
  U3532/X (SAEDRVT14_ND2_16)               0.01       0.56 f
  U3194/X (SAEDRVT14_ND2_16)               0.01       0.57 r
  U109/X (SAEDRVT14_BUF_1)                 0.02       0.60 r
  U2802/X (SAEDRVT14_AOI21_6)              0.02       0.61 f
  U6646/X (SAEDRVT14_EO2_3)                0.03       0.64 r
  U2988/X (SAEDRVT14_EN3_3)                0.03       0.67 f
  U2787/X (SAEDRVT14_EN2_4)                0.04       0.71 r
  U4664/X (SAEDRVT14_AN2_8)                0.02       0.73 r
  U3715/X (SAEDRVT14_OAI21_V1_8)           0.01       0.74 f
  U3570/X (SAEDRVT14_ND2_5)                0.01       0.75 r
  out_data[63] (out)                       0.00       0.75 r
  data arrival time                                   0.75

  max_delay                                0.50       0.50
  output external delay                    0.00       0.50
  data required time                                  0.50
  -----------------------------------------------------------
  data required time                                  0.50
  data arrival time                                  -0.75
  -----------------------------------------------------------
  slack (VIOLATED)                                   -0.25


  Startpoint: in_data_0[33]
              (input port)
  Endpoint: out_data[63]
            (output port)
  Path Group: default
  Path Type: max

  Des/Clust/Port     Wire Load Model       Library
  ------------------------------------------------
  fu_mult_karatsuba_64_32
                     8000                  saed14rvt_base_tt0p8v25c

  Point                                    Incr       Path
  -----------------------------------------------------------
  input external delay                     0.00       0.00 f
  in_data_0[33] (in)                       0.00       0.00 f
  U3385/X (SAEDRVT14_NR2_MM_16)            0.01       0.01 r
  U3434/X (SAEDRVT14_OAI21_V1_8)           0.01       0.03 f
  U2969/X (SAEDRVT14_ND2_MM_16)            0.01       0.04 r
  U2957/X (SAEDRVT14_AOI21_V1_8)           0.01       0.05 f
  U3071/X (SAEDRVT14_OR2_MM_20)            0.03       0.07 f
  U2987/X (SAEDRVT14_ND2_16)               0.01       0.08 r
  U2986/X (SAEDRVT14_ND2_MM_16)            0.01       0.09 f
  U3737/X (SAEDRVT14_INV_S_20)             0.01       0.10 r
  U4732/X (SAEDRVT14_OR2_4)                0.02       0.12 r
  U3812/X (SAEDRVT14_ND2_5)                0.01       0.13 f
  U3364/X (SAEDRVT14_EN2_4)                0.03       0.16 r
  U1036/X (SAEDRVT14_EO2_2)                0.04       0.21 f
  U947/X (SAEDRVT14_ND2_MM_16)             0.02       0.23 r
  U3787/X (SAEDRVT14_OAI22_1P5)            0.03       0.26 f
  U3788/S (SAEDRVT14_ADDH_2)               0.03       0.29 r
  U6213/S (SAEDRVT14_ADDF_V2_2)            0.03       0.32 f
  U6231/CO (SAEDRVT14_ADDF_V2_2)           0.02       0.34 f
  U6256/S (SAEDRVT14_ADDF_V2_2)            0.03       0.37 r
  U4536/S (SAEDRVT14_ADDF_V2_2)            0.05       0.43 f
  U6262/S (SAEDRVT14_ADDF_V2_2)            0.04       0.47 r
  U3015/X (SAEDRVT14_OR2_MM_12)            0.03       0.49 r
  U3526/X (SAEDRVT14_ND2_MM_16)            0.01       0.50 f
  U2749/X (SAEDRVT14_NR2_MM_16)            0.01       0.51 r
  U318/X (SAEDRVT14_INV_S_8)               0.01       0.52 f
  U3201/X (SAEDRVT14_ND2_MM_16)            0.01       0.53 r
  U253/X (SAEDRVT14_ND2_MM_6)              0.01       0.54 f
  U3533/X (SAEDRVT14_ND2_8)                0.01       0.55 r
  U3532/X (SAEDRVT14_ND2_16)               0.01       0.56 f
  U3194/X (SAEDRVT14_ND2_16)               0.01       0.57 r
  U109/X (SAEDRVT14_BUF_1)                 0.02       0.60 r
  U2802/X (SAEDRVT14_AOI21_6)              0.02       0.61 f
  U6646/X (SAEDRVT14_EO2_3)                0.03       0.64 r
  U2988/X (SAEDRVT14_EN3_3)                0.03       0.67 f
  U2787/X (SAEDRVT14_EN2_4)                0.04       0.71 r
  U4664/X (SAEDRVT14_AN2_8)                0.02       0.73 r
  U3715/X (SAEDRVT14_OAI21_V1_8)           0.01       0.74 f
  U3570/X (SAEDRVT14_ND2_5)                0.01       0.75 r
  out_data[63] (out)                       0.00       0.75 r
  data arrival time                                   0.75

  max_delay                                0.50       0.50
  output external delay                    0.00       0.50
  data required time                                  0.50
  -----------------------------------------------------------
  data required time                                  0.50
  data arrival time                                  -0.75
  -----------------------------------------------------------
  slack (VIOLATED)                                   -0.25


  Startpoint: in_data_0[33]
              (input port)
  Endpoint: out_data[63]
            (output port)
  Path Group: default
  Path Type: max

  Des/Clust/Port     Wire Load Model       Library
  ------------------------------------------------
  fu_mult_karatsuba_64_32
                     8000                  saed14rvt_base_tt0p8v25c

  Point                                    Incr       Path
  -----------------------------------------------------------
  input external delay                     0.00       0.00 f
  in_data_0[33] (in)                       0.00       0.00 f
  U3385/X (SAEDRVT14_NR2_MM_16)            0.01       0.01 r
  U3434/X (SAEDRVT14_OAI21_V1_8)           0.01       0.03 f
  U2969/X (SAEDRVT14_ND2_MM_16)            0.01       0.04 r
  U2957/X (SAEDRVT14_AOI21_V1_8)           0.01       0.05 f
  U3071/X (SAEDRVT14_OR2_MM_20)            0.03       0.07 f
  U2987/X (SAEDRVT14_ND2_16)               0.01       0.08 r
  U2986/X (SAEDRVT14_ND2_MM_16)            0.01       0.09 f
  U3737/X (SAEDRVT14_INV_S_20)             0.01       0.10 r
  U4732/X (SAEDRVT14_OR2_4)                0.02       0.12 r
  U3812/X (SAEDRVT14_ND2_5)                0.01       0.13 f
  U3364/X (SAEDRVT14_EN2_4)                0.03       0.16 r
  U1036/X (SAEDRVT14_EO2_2)                0.04       0.21 f
  U947/X (SAEDRVT14_ND2_MM_16)             0.02       0.23 r
  U3787/X (SAEDRVT14_OAI22_1P5)            0.03       0.26 f
  U3788/S (SAEDRVT14_ADDH_2)               0.03       0.29 r
  U6213/S (SAEDRVT14_ADDF_V2_2)            0.03       0.32 f
  U6231/CO (SAEDRVT14_ADDF_V2_2)           0.02       0.34 f
  U6256/S (SAEDRVT14_ADDF_V2_2)            0.03       0.37 r
  U4536/S (SAEDRVT14_ADDF_V2_2)            0.05       0.43 f
  U6262/S (SAEDRVT14_ADDF_V2_2)            0.04       0.47 r
  U3015/X (SAEDRVT14_OR2_MM_12)            0.03       0.49 r
  U3526/X (SAEDRVT14_ND2_MM_16)            0.01       0.50 f
  U2749/X (SAEDRVT14_NR2_MM_16)            0.01       0.51 r
  U318/X (SAEDRVT14_INV_S_8)               0.01       0.52 f
  U3201/X (SAEDRVT14_ND2_MM_16)            0.01       0.53 r
  U253/X (SAEDRVT14_ND2_MM_6)              0.01       0.54 f
  U3533/X (SAEDRVT14_ND2_8)                0.01       0.55 r
  U3532/X (SAEDRVT14_ND2_16)               0.01       0.56 f
  U3194/X (SAEDRVT14_ND2_16)               0.01       0.57 r
  U109/X (SAEDRVT14_BUF_1)                 0.02       0.60 r
  U2802/X (SAEDRVT14_AOI21_6)              0.02       0.61 f
  U6646/X (SAEDRVT14_EO2_3)                0.03       0.64 r
  U2988/X (SAEDRVT14_EN3_3)                0.03       0.67 f
  U2787/X (SAEDRVT14_EN2_4)                0.04       0.71 r
  U4664/X (SAEDRVT14_AN2_8)                0.02       0.73 r
  U3715/X (SAEDRVT14_OAI21_V1_8)           0.01       0.74 f
  U3570/X (SAEDRVT14_ND2_5)                0.01       0.75 r
  out_data[63] (out)                       0.00       0.75 r
  data arrival time                                   0.75

  max_delay                                0.50       0.50
  output external delay                    0.00       0.50
  data required time                                  0.50
  -----------------------------------------------------------
  data required time                                  0.50
  data arrival time                                  -0.75
  -----------------------------------------------------------
  slack (VIOLATED)                                   -0.25


  Startpoint: in_data_0[33]
              (input port)
  Endpoint: out_data[63]
            (output port)
  Path Group: default
  Path Type: max

  Des/Clust/Port     Wire Load Model       Library
  ------------------------------------------------
  fu_mult_karatsuba_64_32
                     8000                  saed14rvt_base_tt0p8v25c

  Point                                    Incr       Path
  -----------------------------------------------------------
  input external delay                     0.00       0.00 f
  in_data_0[33] (in)                       0.00       0.00 f
  U3385/X (SAEDRVT14_NR2_MM_16)            0.01       0.01 r
  U3434/X (SAEDRVT14_OAI21_V1_8)           0.01       0.03 f
  U2969/X (SAEDRVT14_ND2_MM_16)            0.01       0.04 r
  U2957/X (SAEDRVT14_AOI21_V1_8)           0.01       0.05 f
  U3071/X (SAEDRVT14_OR2_MM_20)            0.03       0.07 f
  U2987/X (SAEDRVT14_ND2_16)               0.01       0.08 r
  U2986/X (SAEDRVT14_ND2_MM_16)            0.01       0.09 f
  U3737/X (SAEDRVT14_INV_S_20)             0.01       0.10 r
  U4732/X (SAEDRVT14_OR2_4)                0.02       0.12 r
  U3812/X (SAEDRVT14_ND2_5)                0.01       0.13 f
  U3364/X (SAEDRVT14_EN2_4)                0.03       0.16 r
  U1036/X (SAEDRVT14_EO2_2)                0.04       0.21 f
  U947/X (SAEDRVT14_ND2_MM_16)             0.02       0.23 r
  U3787/X (SAEDRVT14_OAI22_1P5)            0.03       0.26 f
  U3788/S (SAEDRVT14_ADDH_2)               0.03       0.29 r
  U6213/S (SAEDRVT14_ADDF_V2_2)            0.03       0.32 f
  U6231/CO (SAEDRVT14_ADDF_V2_2)           0.02       0.34 f
  U6256/S (SAEDRVT14_ADDF_V2_2)            0.03       0.37 r
  U4536/S (SAEDRVT14_ADDF_V2_2)            0.05       0.43 f
  U6262/S (SAEDRVT14_ADDF_V2_2)            0.04       0.47 r
  U3015/X (SAEDRVT14_OR2_MM_12)            0.03       0.49 r
  U3526/X (SAEDRVT14_ND2_MM_16)            0.01       0.50 f
  U2749/X (SAEDRVT14_NR2_MM_16)            0.01       0.51 r
  U318/X (SAEDRVT14_INV_S_8)               0.01       0.52 f
  U3201/X (SAEDRVT14_ND2_MM_16)            0.01       0.53 r
  U253/X (SAEDRVT14_ND2_MM_6)              0.01       0.54 f
  U3533/X (SAEDRVT14_ND2_8)                0.01       0.55 r
  U3532/X (SAEDRVT14_ND2_16)               0.01       0.56 f
  U3194/X (SAEDRVT14_ND2_16)               0.01       0.57 r
  U109/X (SAEDRVT14_BUF_1)                 0.02       0.60 r
  U2802/X (SAEDRVT14_AOI21_6)              0.02       0.61 f
  U6646/X (SAEDRVT14_EO2_3)                0.03       0.64 r
  U2988/X (SAEDRVT14_EN3_3)                0.03       0.67 f
  U2787/X (SAEDRVT14_EN2_4)                0.04       0.71 r
  U4664/X (SAEDRVT14_AN2_8)                0.02       0.73 r
  U3715/X (SAEDRVT14_OAI21_V1_8)           0.01       0.74 f
  U3570/X (SAEDRVT14_ND2_5)                0.01       0.75 r
  out_data[63] (out)                       0.00       0.75 r
  data arrival time                                   0.75

  max_delay                                0.50       0.50
  output external delay                    0.00       0.50
  data required time                                  0.50
  -----------------------------------------------------------
  data required time                                  0.50
  data arrival time                                  -0.75
  -----------------------------------------------------------
  slack (VIOLATED)                                   -0.25


  Startpoint: in_data_0[33]
              (input port)
  Endpoint: out_data[63]
            (output port)
  Path Group: default
  Path Type: max

  Des/Clust/Port     Wire Load Model       Library
  ------------------------------------------------
  fu_mult_karatsuba_64_32
                     8000                  saed14rvt_base_tt0p8v25c

  Point                                    Incr       Path
  -----------------------------------------------------------
  input external delay                     0.00       0.00 f
  in_data_0[33] (in)                       0.00       0.00 f
  U3385/X (SAEDRVT14_NR2_MM_16)            0.01       0.01 r
  U3434/X (SAEDRVT14_OAI21_V1_8)           0.01       0.03 f
  U2969/X (SAEDRVT14_ND2_MM_16)            0.01       0.04 r
  U2957/X (SAEDRVT14_AOI21_V1_8)           0.01       0.05 f
  U3071/X (SAEDRVT14_OR2_MM_20)            0.03       0.07 f
  U2987/X (SAEDRVT14_ND2_16)               0.01       0.08 r
  U2986/X (SAEDRVT14_ND2_MM_16)            0.01       0.09 f
  U3737/X (SAEDRVT14_INV_S_20)             0.01       0.10 r
  U4732/X (SAEDRVT14_OR2_4)                0.02       0.12 r
  U3812/X (SAEDRVT14_ND2_5)                0.01       0.13 f
  U3364/X (SAEDRVT14_EN2_4)                0.03       0.16 r
  U1036/X (SAEDRVT14_EO2_2)                0.04       0.21 f
  U947/X (SAEDRVT14_ND2_MM_16)             0.02       0.23 r
  U3787/X (SAEDRVT14_OAI22_1P5)            0.03       0.26 f
  U3788/S (SAEDRVT14_ADDH_2)               0.03       0.29 r
  U6213/S (SAEDRVT14_ADDF_V2_2)            0.03       0.32 f
  U6231/CO (SAEDRVT14_ADDF_V2_2)           0.02       0.34 f
  U6256/S (SAEDRVT14_ADDF_V2_2)            0.03       0.37 r
  U4536/S (SAEDRVT14_ADDF_V2_2)            0.05       0.43 f
  U6262/S (SAEDRVT14_ADDF_V2_2)            0.04       0.47 r
  U3015/X (SAEDRVT14_OR2_MM_12)            0.03       0.49 r
  U3526/X (SAEDRVT14_ND2_MM_16)            0.01       0.50 f
  U2749/X (SAEDRVT14_NR2_MM_16)            0.01       0.51 r
  U318/X (SAEDRVT14_INV_S_8)               0.01       0.52 f
  U3201/X (SAEDRVT14_ND2_MM_16)            0.01       0.53 r
  U253/X (SAEDRVT14_ND2_MM_6)              0.01       0.54 f
  U3533/X (SAEDRVT14_ND2_8)                0.01       0.55 r
  U3532/X (SAEDRVT14_ND2_16)               0.01       0.56 f
  U3194/X (SAEDRVT14_ND2_16)               0.01       0.57 r
  U109/X (SAEDRVT14_BUF_1)                 0.02       0.60 r
  U2802/X (SAEDRVT14_AOI21_6)              0.02       0.61 f
  U6646/X (SAEDRVT14_EO2_3)                0.03       0.64 r
  U2988/X (SAEDRVT14_EN3_3)                0.03       0.67 f
  U2787/X (SAEDRVT14_EN2_4)                0.04       0.71 r
  U4664/X (SAEDRVT14_AN2_8)                0.02       0.73 r
  U3715/X (SAEDRVT14_OAI21_V1_8)           0.01       0.74 f
  U3570/X (SAEDRVT14_ND2_5)                0.01       0.75 r
  out_data[63] (out)                       0.00       0.75 r
  data arrival time                                   0.75

  max_delay                                0.50       0.50
  output external delay                    0.00       0.50
  data required time                                  0.50
  -----------------------------------------------------------
  data required time                                  0.50
  data arrival time                                  -0.75
  -----------------------------------------------------------
  slack (VIOLATED)                                   -0.25


  Startpoint: in_data_0[33]
              (input port)
  Endpoint: out_data[63]
            (output port)
  Path Group: default
  Path Type: max

  Des/Clust/Port     Wire Load Model       Library
  ------------------------------------------------
  fu_mult_karatsuba_64_32
                     8000                  saed14rvt_base_tt0p8v25c

  Point                                    Incr       Path
  -----------------------------------------------------------
  input external delay                     0.00       0.00 f
  in_data_0[33] (in)                       0.00       0.00 f
  U3385/X (SAEDRVT14_NR2_MM_16)            0.01       0.01 r
  U3434/X (SAEDRVT14_OAI21_V1_8)           0.01       0.03 f
  U2969/X (SAEDRVT14_ND2_MM_16)            0.01       0.04 r
  U2957/X (SAEDRVT14_AOI21_V1_8)           0.01       0.05 f
  U3071/X (SAEDRVT14_OR2_MM_20)            0.03       0.07 f
  U2987/X (SAEDRVT14_ND2_16)               0.01       0.08 r
  U2986/X (SAEDRVT14_ND2_MM_16)            0.01       0.09 f
  U3737/X (SAEDRVT14_INV_S_20)             0.01       0.10 r
  U4732/X (SAEDRVT14_OR2_4)                0.02       0.12 r
  U3812/X (SAEDRVT14_ND2_5)                0.01       0.13 f
  U3364/X (SAEDRVT14_EN2_4)                0.03       0.16 r
  U1036/X (SAEDRVT14_EO2_2)                0.04       0.21 f
  U947/X (SAEDRVT14_ND2_MM_16)             0.02       0.23 r
  U3787/X (SAEDRVT14_OAI22_1P5)            0.03       0.26 f
  U3788/S (SAEDRVT14_ADDH_2)               0.03       0.29 r
  U6213/S (SAEDRVT14_ADDF_V2_2)            0.03       0.32 f
  U6231/CO (SAEDRVT14_ADDF_V2_2)           0.02       0.34 f
  U6256/S (SAEDRVT14_ADDF_V2_2)            0.03       0.37 r
  U4536/S (SAEDRVT14_ADDF_V2_2)            0.05       0.43 f
  U6262/S (SAEDRVT14_ADDF_V2_2)            0.04       0.47 r
  U3015/X (SAEDRVT14_OR2_MM_12)            0.03       0.49 r
  U3526/X (SAEDRVT14_ND2_MM_16)            0.01       0.50 f
  U2749/X (SAEDRVT14_NR2_MM_16)            0.01       0.51 r
  U318/X (SAEDRVT14_INV_S_8)               0.01       0.52 f
  U3201/X (SAEDRVT14_ND2_MM_16)            0.01       0.53 r
  U253/X (SAEDRVT14_ND2_MM_6)              0.01       0.54 f
  U3533/X (SAEDRVT14_ND2_8)                0.01       0.55 r
  U3532/X (SAEDRVT14_ND2_16)               0.01       0.56 f
  U3194/X (SAEDRVT14_ND2_16)               0.01       0.57 r
  U109/X (SAEDRVT14_BUF_1)                 0.02       0.60 r
  U2802/X (SAEDRVT14_AOI21_6)              0.02       0.61 f
  U6646/X (SAEDRVT14_EO2_3)                0.03       0.64 r
  U2988/X (SAEDRVT14_EN3_3)                0.03       0.67 f
  U2787/X (SAEDRVT14_EN2_4)                0.04       0.71 r
  U4664/X (SAEDRVT14_AN2_8)                0.02       0.73 r
  U3715/X (SAEDRVT14_OAI21_V1_8)           0.01       0.74 f
  U3570/X (SAEDRVT14_ND2_5)                0.01       0.75 r
  out_data[63] (out)                       0.00       0.75 r
  data arrival time                                   0.75

  max_delay                                0.50       0.50
  output external delay                    0.00       0.50
  data required time                                  0.50
  -----------------------------------------------------------
  data required time                                  0.50
  data arrival time                                  -0.75
  -----------------------------------------------------------
  slack (VIOLATED)                                   -0.25


  Startpoint: in_data_0[33]
              (input port)
  Endpoint: out_data[63]
            (output port)
  Path Group: default
  Path Type: max

  Des/Clust/Port     Wire Load Model       Library
  ------------------------------------------------
  fu_mult_karatsuba_64_32
                     8000                  saed14rvt_base_tt0p8v25c

  Point                                    Incr       Path
  -----------------------------------------------------------
  input external delay                     0.00       0.00 f
  in_data_0[33] (in)                       0.00       0.00 f
  U3385/X (SAEDRVT14_NR2_MM_16)            0.01       0.01 r
  U3434/X (SAEDRVT14_OAI21_V1_8)           0.01       0.03 f
  U2969/X (SAEDRVT14_ND2_MM_16)            0.01       0.04 r
  U2957/X (SAEDRVT14_AOI21_V1_8)           0.01       0.05 f
  U3071/X (SAEDRVT14_OR2_MM_20)            0.03       0.07 f
  U2987/X (SAEDRVT14_ND2_16)               0.01       0.08 r
  U2986/X (SAEDRVT14_ND2_MM_16)            0.01       0.09 f
  U3737/X (SAEDRVT14_INV_S_20)             0.01       0.10 r
  U4732/X (SAEDRVT14_OR2_4)                0.02       0.12 r
  U3812/X (SAEDRVT14_ND2_5)                0.01       0.13 f
  U3364/X (SAEDRVT14_EN2_4)                0.03       0.16 r
  U1036/X (SAEDRVT14_EO2_2)                0.04       0.21 f
  U947/X (SAEDRVT14_ND2_MM_16)             0.02       0.23 r
  U3787/X (SAEDRVT14_OAI22_1P5)            0.03       0.26 f
  U3788/S (SAEDRVT14_ADDH_2)               0.03       0.29 r
  U6213/S (SAEDRVT14_ADDF_V2_2)            0.03       0.32 f
  U6231/CO (SAEDRVT14_ADDF_V2_2)           0.02       0.34 f
  U6256/S (SAEDRVT14_ADDF_V2_2)            0.03       0.37 r
  U4536/S (SAEDRVT14_ADDF_V2_2)            0.05       0.43 f
  U6262/S (SAEDRVT14_ADDF_V2_2)            0.04       0.47 r
  U3015/X (SAEDRVT14_OR2_MM_12)            0.03       0.49 r
  U3526/X (SAEDRVT14_ND2_MM_16)            0.01       0.50 f
  U2749/X (SAEDRVT14_NR2_MM_16)            0.01       0.51 r
  U318/X (SAEDRVT14_INV_S_8)               0.01       0.52 f
  U3201/X (SAEDRVT14_ND2_MM_16)            0.01       0.53 r
  U253/X (SAEDRVT14_ND2_MM_6)              0.01       0.54 f
  U3533/X (SAEDRVT14_ND2_8)                0.01       0.55 r
  U3532/X (SAEDRVT14_ND2_16)               0.01       0.56 f
  U3194/X (SAEDRVT14_ND2_16)               0.01       0.57 r
  U109/X (SAEDRVT14_BUF_1)                 0.02       0.60 r
  U2802/X (SAEDRVT14_AOI21_6)              0.02       0.61 f
  U6646/X (SAEDRVT14_EO2_3)                0.03       0.64 r
  U2988/X (SAEDRVT14_EN3_3)                0.03       0.67 f
  U2787/X (SAEDRVT14_EN2_4)                0.04       0.71 r
  U4664/X (SAEDRVT14_AN2_8)                0.02       0.73 r
  U3715/X (SAEDRVT14_OAI21_V1_8)           0.01       0.74 f
  U3570/X (SAEDRVT14_ND2_5)                0.01       0.75 r
  out_data[63] (out)                       0.00       0.75 r
  data arrival time                                   0.75

  max_delay                                0.50       0.50
  output external delay                    0.00       0.50
  data required time                                  0.50
  -----------------------------------------------------------
  data required time                                  0.50
  data arrival time                                  -0.75
  -----------------------------------------------------------
  slack (VIOLATED)                                   -0.25


  Startpoint: in_data_0[33]
              (input port)
  Endpoint: out_data[63]
            (output port)
  Path Group: default
  Path Type: max

  Des/Clust/Port     Wire Load Model       Library
  ------------------------------------------------
  fu_mult_karatsuba_64_32
                     8000                  saed14rvt_base_tt0p8v25c

  Point                                    Incr       Path
  -----------------------------------------------------------
  input external delay                     0.00       0.00 f
  in_data_0[33] (in)                       0.00       0.00 f
  U3385/X (SAEDRVT14_NR2_MM_16)            0.01       0.01 r
  U3434/X (SAEDRVT14_OAI21_V1_8)           0.01       0.03 f
  U2969/X (SAEDRVT14_ND2_MM_16)            0.01       0.04 r
  U2957/X (SAEDRVT14_AOI21_V1_8)           0.01       0.05 f
  U3071/X (SAEDRVT14_OR2_MM_20)            0.03       0.07 f
  U2987/X (SAEDRVT14_ND2_16)               0.01       0.08 r
  U2986/X (SAEDRVT14_ND2_MM_16)            0.01       0.09 f
  U3737/X (SAEDRVT14_INV_S_20)             0.01       0.10 r
  U4732/X (SAEDRVT14_OR2_4)                0.02       0.12 r
  U3812/X (SAEDRVT14_ND2_5)                0.01       0.13 f
  U3364/X (SAEDRVT14_EN2_4)                0.03       0.16 r
  U1036/X (SAEDRVT14_EO2_2)                0.04       0.21 f
  U947/X (SAEDRVT14_ND2_MM_16)             0.02       0.23 r
  U3787/X (SAEDRVT14_OAI22_1P5)            0.03       0.26 f
  U3788/S (SAEDRVT14_ADDH_2)               0.03       0.29 r
  U6213/S (SAEDRVT14_ADDF_V2_2)            0.03       0.32 f
  U6231/CO (SAEDRVT14_ADDF_V2_2)           0.02       0.34 f
  U6256/S (SAEDRVT14_ADDF_V2_2)            0.03       0.37 r
  U4536/S (SAEDRVT14_ADDF_V2_2)            0.05       0.43 f
  U6262/S (SAEDRVT14_ADDF_V2_2)            0.04       0.47 r
  U3015/X (SAEDRVT14_OR2_MM_12)            0.03       0.49 r
  U3526/X (SAEDRVT14_ND2_MM_16)            0.01       0.50 f
  U2749/X (SAEDRVT14_NR2_MM_16)            0.01       0.51 r
  U318/X (SAEDRVT14_INV_S_8)               0.01       0.52 f
  U3201/X (SAEDRVT14_ND2_MM_16)            0.01       0.53 r
  U253/X (SAEDRVT14_ND2_MM_6)              0.01       0.54 f
  U3533/X (SAEDRVT14_ND2_8)                0.01       0.55 r
  U3532/X (SAEDRVT14_ND2_16)               0.01       0.56 f
  U3194/X (SAEDRVT14_ND2_16)               0.01       0.57 r
  U109/X (SAEDRVT14_BUF_1)                 0.02       0.60 r
  U2802/X (SAEDRVT14_AOI21_6)              0.02       0.61 f
  U6646/X (SAEDRVT14_EO2_3)                0.03       0.64 r
  U2988/X (SAEDRVT14_EN3_3)                0.03       0.67 f
  U2787/X (SAEDRVT14_EN2_4)                0.04       0.71 r
  U4664/X (SAEDRVT14_AN2_8)                0.02       0.73 r
  U3715/X (SAEDRVT14_OAI21_V1_8)           0.01       0.74 f
  U3570/X (SAEDRVT14_ND2_5)                0.01       0.75 r
  out_data[63] (out)                       0.00       0.75 r
  data arrival time                                   0.75

  max_delay                                0.50       0.50
  output external delay                    0.00       0.50
  data required time                                  0.50
  -----------------------------------------------------------
  data required time                                  0.50
  data arrival time                                  -0.75
  -----------------------------------------------------------
  slack (VIOLATED)                                   -0.25


1
