 
****************************************
Report : area
Design : fu_mult_karatsuba_64_32
Version: Y-2026.03-SP1
Date   : Fri Sep 11 16:09:09 2026
****************************************

Library(s) Used:

    saed14rvt_base_tt0p8v25c (File: /mnt/nas0/eda.libs/saed14/EDK_03_2025/SAED14nm_EDK_STD_RVT/liberty/nldm/base/saed14rvt_base_tt0p8v25c.db)

Number of ports:                          202
Number of nets:                          7666
Number of cells:                         6614
Number of combinational cells:           6614
Number of sequential cells:                 0
Number of macros/black boxes:               0
Number of buf/inv:                       1162
Number of references:                     163

Combinational area:               4725.447595
Buf/Inv area:                      614.451600
Noncombinational area:               0.000000
Macro/Black Box area:                0.000000
Net Interconnect area:            3326.220560

Total cell area:                  4725.447595
Total area:                       8051.668155
1
