****************************************
Report : Averaged Power
Design : fu_min_max
Version: Y-2026.03-SP1
Date   : Wed Sep 30 18:46:54 2026
****************************************



  Attributes
  ----------
      i  -  Including register clock pin internal power
      u  -  User defined power group

                        Internal  Switching  Leakage    Total
Power Group             Power     Power      Power      Power   (     %)  Attrs
--------------------------------------------------------------------------------
clock_network              0.0000    0.0000    0.0000    0.0000 ( 0.00%)  i
register                   0.0000    0.0000    0.0000    0.0000 ( 0.00%)  
combinational           1.760e-04 1.348e-03 5.350e-08 1.524e-03 (100.00%) 
sequential                 0.0000    0.0000    0.0000    0.0000 ( 0.00%)  
memory                     0.0000    0.0000    0.0000    0.0000 ( 0.00%)  
io_pad                     0.0000    0.0000    0.0000    0.0000 ( 0.00%)  
black_box                  0.0000    0.0000    0.0000    0.0000 ( 0.00%)  

  Net Switching Power  = 1.348e-03   (88.44%)
  Cell Internal Power  = 1.760e-04   (11.55%)
  Cell Leakage Power   = 5.350e-08   ( 0.00%)
                         ---------
Total Power            = 1.524e-03  (100.00%)

1
