 
****************************************
Report : area
Design : fu_fp_min_max_m1
Version: Y-2026.03-SP1
Date   : Tue Sep 29 17:00:41 2026
****************************************

Library(s) Used:

    saed14rvt_base_tt0p8v25c (File: /mnt/nas0/eda.libs/saed14/EDK_03_2025/SAED14nm_EDK_STD_RVT/liberty/nldm/base/saed14rvt_base_tt0p8v25c.db)

Number of ports:                          410
Number of nets:                          1039
Number of cells:                          709
Number of combinational cells:            708
Number of sequential cells:                 0
Number of macros/black boxes:               0
Number of buf/inv:                        195
Number of references:                       1

Combinational area:                577.555193
Buf/Inv area:                      136.707595
Noncombinational area:               0.000000
Macro/Black Box area:                0.000000
Net Interconnect area:             240.662651

Total cell area:                   577.555193
Total area:                        818.217843
1
