 
****************************************
Report : timing
        -path full
        -delay max
        -max_paths 1
Design : fu_fp_min_max_m1
Version: Y-2026.03-SP1
Date   : Tue Sep 29 17:00:41 2026
****************************************

Operating Conditions: tt0p8v25c   Library: saed14rvt_base_tt0p8v25c
Wire Load Model Mode: top

  Startpoint: in_data_1[1]
              (input port)
  Endpoint: out_data[13]
            (output port)
  Path Group: default
  Path Type: max

  Des/Clust/Port     Wire Load Model       Library
  ------------------------------------------------
  fu_fp_min_max_m1   8000                  saed14rvt_base_tt0p8v25c

  Point                                                   Incr       Path
  --------------------------------------------------------------------------
  input external delay                                    0.00       0.00 f
  in_data_1[1] (in)                                       0.00       0.00 f
  core/in_data_1[1] (fu_fp_min_max_dec_W64_MIN_LANE_W64)
                                                          0.00       0.00 f
  core/U204/X (SAEDRVT14_INV_S_20)                        0.00       0.00 r
  core/U313/X (SAEDRVT14_OAI22_4)                         0.02       0.02 f
  core/U340/X (SAEDRVT14_NR2_MM_8)                        0.01       0.03 r
  core/U561/X (SAEDRVT14_OAI21_V1_8)                      0.01       0.04 f
  core/U549/X (SAEDRVT14_AN4_8)                           0.02       0.06 f
  core/U203/X (SAEDRVT14_NR2_MM_12)                       0.01       0.07 r
  core/U398/X (SAEDRVT14_AN2_MM_12)                       0.01       0.08 r
  core/U412/X (SAEDRVT14_NR2_MM_16)                       0.01       0.09 f
  core/U481/X (SAEDRVT14_OR2_MM_12)                       0.02       0.10 f
  core/U475/X (SAEDRVT14_ND2_MM_16)                       0.01       0.11 r
  core/U447/X (SAEDRVT14_ND2_MM_16)                       0.01       0.12 f
  core/U37/X (SAEDRVT14_NR2_MM_12)                        0.01       0.13 r
  core/U363/X (SAEDRVT14_INV_S_20)                        0.01       0.14 f
  core/U362/X (SAEDRVT14_INV_S_20)                        0.02       0.16 r
  core/U177/X (SAEDRVT14_ND2_MM_6)                        0.01       0.17 f
  core/U534/X (SAEDRVT14_OAI21_V1_4)                      0.01       0.18 r
  core/out_data[13] (fu_fp_min_max_dec_W64_MIN_LANE_W64)
                                                          0.00       0.18 r
  out_data[13] (out)                                      0.00       0.18 r
  data arrival time                                                  0.18

  max_delay                                               0.01       0.01
  output external delay                                   0.00       0.01
  data required time                                                 0.01
  --------------------------------------------------------------------------
  data required time                                                 0.01
  data arrival time                                                 -0.18
  --------------------------------------------------------------------------
  slack (VIOLATED)                                                  -0.17


1
