****************************************
Report : Averaged Power
Design : fu_mult_karatsuba_16x4
Version: Y-2026.03-SP1
Date   : Wed Sep 30 18:55:37 2026
****************************************



  Attributes
  ----------
      i  -  Including register clock pin internal power
      u  -  User defined power group

                        Internal  Switching  Leakage    Total
Power Group             Power     Power      Power      Power   (     %)  Attrs
--------------------------------------------------------------------------------
clock_network              0.0000    0.0000    0.0000    0.0000 ( 0.00%)  i
register                   0.0000    0.0000    0.0000    0.0000 ( 0.00%)  
combinational           9.939e-04 6.548e-03 3.776e-07 7.542e-03 (100.00%) 
sequential                 0.0000    0.0000    0.0000    0.0000 ( 0.00%)  
memory                     0.0000    0.0000    0.0000    0.0000 ( 0.00%)  
io_pad                     0.0000    0.0000    0.0000    0.0000 ( 0.00%)  
black_box                  0.0000    0.0000    0.0000    0.0000 ( 0.00%)  

  Net Switching Power  = 6.548e-03   (86.82%)
  Cell Internal Power  = 9.939e-04   (13.18%)
  Cell Leakage Power   = 3.776e-07   ( 0.01%)
                         ---------
Total Power            = 7.542e-03  (100.00%)

1
