 
****************************************
Report : timing
        -path full
        -delay max
        -max_paths 1
Design : fu_add_sub_32x2
Version: Y-2026.03-SP1
Date   : Tue Sep  8 23:32:23 2026
****************************************

Operating Conditions: tt0p8v25c   Library: saed14rvt_base_tt0p8v25c
Wire Load Model Mode: top

  Startpoint: op_sel[0] (input port)
  Endpoint: out_data[29]
            (output port)
  Path Group: default
  Path Type: max

  Des/Clust/Port     Wire Load Model       Library
  ------------------------------------------------
  fu_add_sub_32x2    8000                  saed14rvt_base_tt0p8v25c

  Point                                    Incr       Path
  -----------------------------------------------------------
  input external delay                     0.00       0.00 r
  op_sel[0] (in)                           0.00       0.00 r
  U818/X (SAEDRVT14_EN2_4)                 0.03       0.03 f
  U853/CO (SAEDRVT14_ADDF_V1_2)            0.03       0.05 f
  U940/CO (SAEDRVT14_ADDF_V2_2)            0.02       0.08 f
  U1052/CO (SAEDRVT14_ADDF_V2_2)           0.02       0.10 f
  U732/X (SAEDRVT14_BUF_16)                0.02       0.12 f
  U534/X (SAEDRVT14_NR2_MM_16)             0.01       0.13 r
  U516/X (SAEDRVT14_NR2_MM_16)             0.01       0.14 f
  U530/X (SAEDRVT14_NR2_MM_16)             0.01       0.15 r
  U296/X (SAEDRVT14_NR2_MM_8)              0.01       0.16 f
  U582/X (SAEDRVT14_NR2_MM_16)             0.01       0.17 r
  U553/X (SAEDRVT14_ND2_MM_16)             0.01       0.18 f
  U617/X (SAEDRVT14_INV_S_20)              0.01       0.19 r
  U1050/X (SAEDRVT14_OAI21_V1_8)           0.01       0.20 f
  U1051/X (SAEDRVT14_EN2_4)                0.02       0.22 r
  out_data[29] (out)                       0.00       0.22 r
  data arrival time                                   0.22

  max_delay                                0.01       0.01
  output external delay                    0.00       0.01
  data required time                                  0.01
  -----------------------------------------------------------
  data required time                                  0.01
  data arrival time                                  -0.22
  -----------------------------------------------------------
  slack (VIOLATED)                                   -0.21


1
