 
****************************************
Report : timing
        -path full
        -delay max
        -max_paths 1
Design : fu_mult_32x2
Version: Y-2026.03-SP1
Date   : Tue Sep  8 23:36:51 2026
****************************************

Operating Conditions: tt0p8v25c   Library: saed14rvt_base_tt0p8v25c
Wire Load Model Mode: top

  Startpoint: in_data_0[35]
              (input port)
  Endpoint: out_data[61]
            (output port)
  Path Group: default
  Path Type: max

  Des/Clust/Port     Wire Load Model       Library
  ------------------------------------------------
  fu_mult_32x2       8000                  saed14rvt_base_tt0p8v25c

  Point                                    Incr       Path
  -----------------------------------------------------------
  input external delay                     0.00       0.00 r
  in_data_0[35] (in)                       0.00       0.00 r
  U1569/X (SAEDRVT14_EN2_4)                0.03       0.03 f
  U1233/X (SAEDRVT14_INV_S_16)             0.01       0.04 r
  U1866/X (SAEDRVT14_NR2_MM_16)            0.01       0.05 f
  U1864/X (SAEDRVT14_INV_S_16)             0.01       0.06 r
  U1865/X (SAEDRVT14_INV_S_20)             0.01       0.07 f
  U2305/X (SAEDRVT14_INV_S_20)             0.02       0.09 r
  U2159/X (SAEDRVT14_OAI22_4)              0.02       0.10 f
  U2575/CO (SAEDRVT14_ADDF_V2_2)           0.05       0.15 f
  U2582/CO (SAEDRVT14_ADDF_V2_2)           0.04       0.19 f
  U2574/CO (SAEDRVT14_ADDF_V2_2)           0.02       0.22 f
  U2510/S (SAEDRVT14_ADDF_V2_2)            0.04       0.26 r
  U2167/X (SAEDRVT14_EN3_3)                0.04       0.30 f
  U2580/X (SAEDRVT14_NR2_MM_16)            0.02       0.31 r
  U2287/X (SAEDRVT14_OAI21_V1_8)           0.01       0.33 f
  U2276/X (SAEDRVT14_AOI21_8)              0.01       0.34 r
  U1497/X (SAEDRVT14_OAI21_V1_8)           0.02       0.36 f
  U1331/X (SAEDRVT14_ND2_MM_12)            0.01       0.37 r
  U2156/X (SAEDRVT14_ND2_MM_16)            0.01       0.38 f
  U1867/X (SAEDRVT14_INV_S_20)             0.01       0.39 r
  U1264/X (SAEDRVT14_INV_S_16)             0.01       0.40 f
  U1227/X (SAEDRVT14_ND2_16)               0.01       0.40 r
  U1487/X (SAEDRVT14_ND2_MM_10)            0.01       0.41 f
  U1486/X (SAEDRVT14_EN2_4)                0.02       0.43 r
  out_data[61] (out)                       0.00       0.43 r
  data arrival time                                   0.43

  max_delay                                0.01       0.01
  output external delay                    0.00       0.01
  data required time                                  0.01
  -----------------------------------------------------------
  data required time                                  0.01
  data arrival time                                  -0.43
  -----------------------------------------------------------
  slack (VIOLATED)                                   -0.42


1
