 
****************************************
Report : area
Design : fu_mult_karatsuba_32x2
Version: Y-2026.03-SP1
Date   : Fri Sep 11 12:40:25 2026
****************************************

Library(s) Used:

    saed14rvt_base_tt0p8v25c (File: /mnt/nas0/eda.libs/saed14/EDK_03_2025/SAED14nm_EDK_STD_RVT/liberty/nldm/base/saed14rvt_base_tt0p8v25c.db)

Number of ports:                          456
Number of nets:                          5015
Number of cells:                         4280
Number of combinational cells:           4278
Number of sequential cells:                 0
Number of macros/black boxes:               0
Number of buf/inv:                        758
Number of references:                       4

Combinational area:               2905.757994
Buf/Inv area:                      336.773999
Noncombinational area:               0.000000
Macro/Black Box area:                0.000000
Net Interconnect area:            1970.350104

Total cell area:                  2905.757994
Total area:                       4876.108098
1
