 
****************************************
Report : timing
        -path full
        -delay max
        -max_paths 1
Design : fu_fp_min_max_m1
Version: Y-2026.03-SP1
Date   : Wed Sep 16 01:17:15 2026
****************************************

Operating Conditions: tt0p8v25c   Library: saed14rvt_base_tt0p8v25c
Wire Load Model Mode: top

  Startpoint: in_data_1[63]
              (input port)
  Endpoint: out_data[0]
            (output port)
  Path Group: default
  Path Type: max

  Des/Clust/Port     Wire Load Model       Library
  ------------------------------------------------
  fu_fp_min_max_m1   8000                  saed14rvt_base_tt0p8v25c

  Point                                                   Incr       Path
  --------------------------------------------------------------------------
  input external delay                                    0.00       0.00 r
  in_data_1[63] (in)                                      0.00       0.00 r
  core/in_data_1[63] (fu_fp_min_max_dec)                  0.00       0.00 r
  core/U370/X (SAEDRVT14_INV_6)                           0.02       0.02 f
  core/U62/X (SAEDRVT14_INV_S_16)                         0.04       0.06 r
  core/U162/X (SAEDRVT14_EN2_1)                           0.06       0.11 f
  core/U549/X (SAEDRVT14_INV_S_1)                         0.03       0.14 r
  core/U551/X (SAEDRVT14_NR2_1P5)                         0.02       0.16 f
  core/U13/X (SAEDRVT14_AOI21_0P5)                        0.04       0.21 r
  core/U554/X (SAEDRVT14_OAI21_4)                         0.03       0.24 f
  core/U8/X (SAEDRVT14_ND2_5)                             0.02       0.25 r
  core/U557/X (SAEDRVT14_INV_S_1)                         0.02       0.27 f
  core/U558/X (SAEDRVT14_NR2_MM_1)                        0.03       0.30 r
  core/U63/X (SAEDRVT14_OAI21_1)                          0.04       0.35 f
  core/U560/X (SAEDRVT14_OAI21_V1_8)                      0.03       0.37 r
  core/U569/X (SAEDRVT14_OAI21_V1_8)                      0.01       0.39 f
  core/U570/X (SAEDRVT14_OR2_MM_20)                       0.02       0.41 f
  core/U577/X (SAEDRVT14_INV_6)                           0.01       0.42 r
  core/U578/X (SAEDRVT14_AN2_MM_20)                       0.03       0.45 r
  core/U620/X (SAEDRVT14_INV_6)                           0.03       0.48 f
  core/U621/X (SAEDRVT14_OAI22_4)                         0.02       0.50 r
  core/out_data[0] (fu_fp_min_max_dec)                    0.00       0.50 r
  out_data[0] (out)                                       0.00       0.50 r
  data arrival time                                                  0.50

  max_delay                                               0.50       0.50
  output external delay                                   0.00       0.50
  data required time                                                 0.50
  --------------------------------------------------------------------------
  data required time                                                 0.50
  data arrival time                                                 -0.50
  --------------------------------------------------------------------------
  slack (MET)                                                        0.00


1
