 
****************************************
Report : area
Design : fu_fp_min_max_m1
Version: Y-2026.03-SP1
Date   : Wed Sep 16 01:17:15 2026
****************************************

Library(s) Used:

    saed14rvt_base_tt0p8v25c (File: /mnt/nas0/eda.libs/saed14/EDK_03_2025/SAED14nm_EDK_STD_RVT/liberty/nldm/base/saed14rvt_base_tt0p8v25c.db)

Number of ports:                          410
Number of nets:                          1075
Number of cells:                          744
Number of combinational cells:            743
Number of sequential cells:                 0
Number of macros/black boxes:               0
Number of buf/inv:                        241
Number of references:                       1

Combinational area:                301.032000
Buf/Inv area:                       61.138799
Noncombinational area:               0.000000
Macro/Black Box area:                0.000000
Net Interconnect area:             306.731069

Total cell area:                   301.032000
Total area:                        607.763069
1
