****************************************
Report : Averaged Power
Design : fu_abs_a1
Version: Y-2026.03-SP1
Date   : Wed Sep 30 18:48:32 2026
****************************************



  Attributes
  ----------
      i  -  Including register clock pin internal power
      u  -  User defined power group

                        Internal  Switching  Leakage    Total
Power Group             Power     Power      Power      Power   (     %)  Attrs
--------------------------------------------------------------------------------
clock_network              0.0000    0.0000    0.0000    0.0000 ( 0.00%)  i
register                   0.0000    0.0000    0.0000    0.0000 ( 0.00%)  
combinational           1.778e-04 6.656e-04 8.265e-08 8.434e-04 (100.00%) 
sequential                 0.0000    0.0000    0.0000    0.0000 ( 0.00%)  
memory                     0.0000    0.0000    0.0000    0.0000 ( 0.00%)  
io_pad                     0.0000    0.0000    0.0000    0.0000 ( 0.00%)  
black_box                  0.0000    0.0000    0.0000    0.0000 ( 0.00%)  

  Net Switching Power  = 6.656e-04   (78.91%)
  Cell Internal Power  = 1.778e-04   (21.08%)
  Cell Leakage Power   = 8.265e-08   ( 0.01%)
                         ---------
Total Power            = 8.434e-04  (100.00%)

1
