 
****************************************
Report : area
Design : fu_fp_min_max_16x2
Version: Y-2026.03-SP1
Date   : Tue Sep 29 17:03:38 2026
****************************************

Library(s) Used:

    saed14rvt_base_tt0p8v25c (File: /mnt/nas0/eda.libs/saed14/EDK_03_2025/SAED14nm_EDK_STD_RVT/liberty/nldm/base/saed14rvt_base_tt0p8v25c.db)

Number of ports:                          202
Number of nets:                           246
Number of cells:                          177
Number of combinational cells:            177
Number of sequential cells:                 0
Number of macros/black boxes:               0
Number of buf/inv:                         58
Number of references:                      33

Combinational area:                 54.301200
Buf/Inv area:                       10.922400
Noncombinational area:               0.000000
Macro/Black Box area:                0.000000
Net Interconnect area:             112.499347

Total cell area:                    54.301200
Total area:                        166.800546
1
