 
****************************************
Report : area
Design : fu_cmp_c1
Version: Y-2026.03-SP1
Date   : Tue Sep 15 23:08:55 2026
****************************************

Library(s) Used:

    saed14rvt_base_tt0p8v25c (File: /mnt/nas0/eda.libs/saed14/EDK_03_2025/SAED14nm_EDK_STD_RVT/liberty/nldm/base/saed14rvt_base_tt0p8v25c.db)

Number of ports:                          410
Number of nets:                           624
Number of cells:                          288
Number of combinational cells:            287
Number of sequential cells:                 0
Number of macros/black boxes:               0
Number of buf/inv:                         97
Number of references:                       1

Combinational area:                 83.250000
Buf/Inv area:                       18.159600
Noncombinational area:               0.000000
Macro/Black Box area:                0.000000
Net Interconnect area:             124.769921

Total cell area:                    83.250000
Total area:                        208.019921
1
