 
****************************************
Report : timing
        -path full
        -delay max
        -max_paths 1
Design : fu_cmp_c1
Version: Y-2026.03-SP1
Date   : Tue Sep 15 23:08:55 2026
****************************************

Operating Conditions: tt0p8v25c   Library: saed14rvt_base_tt0p8v25c
Wire Load Model Mode: top

  Startpoint: in_data_0[2]
              (input port)
  Endpoint: out_data[0]
            (output port)
  Path Group: default
  Path Type: max

  Des/Clust/Port     Wire Load Model       Library
  ------------------------------------------------
  fu_cmp_c1          8000                  saed14rvt_base_tt0p8v25c

  Point                                    Incr       Path
  -----------------------------------------------------------
  input external delay                     0.00       0.00 f
  in_data_0[2] (in)                        0.00       0.00 f
  core/in_data_0[2] (fu_cmp_dec)           0.00       0.00 f
  core/U258/X (SAEDRVT14_INV_S_1)          0.03       0.03 r
  core/U13/X (SAEDRVT14_OAI22_1)           0.07       0.09 f
  core/U271/X (SAEDRVT14_AOI21_1P5)        0.04       0.13 r
  core/U11/X (SAEDRVT14_OAI22_0P5)         0.06       0.19 f
  core/U10/X (SAEDRVT14_AOI21_1P5)         0.03       0.23 r
  core/U20/X (SAEDRVT14_OAI22_1)           0.04       0.26 f
  core/U222/X (SAEDRVT14_AOI21_0P5)        0.05       0.31 r
  core/U6/X (SAEDRVT14_OAI22_2)            0.04       0.35 f
  core/U272/X (SAEDRVT14_AOI21_V1_4)       0.02       0.37 r
  core/U16/X (SAEDRVT14_OAI22_3)           0.02       0.40 f
  core/U273/X (SAEDRVT14_AOI21_V1_4)       0.02       0.42 r
  core/U274/X (SAEDRVT14_OAI22_2)          0.03       0.44 f
  core/U18/X (SAEDRVT14_OAI21_1)           0.04       0.48 r
  core/U275/X (SAEDRVT14_AOI21_3)          0.03       0.51 f
  core/U14/X (SAEDRVT14_AOI21_3)           0.02       0.53 r
  core/U239/X (SAEDRVT14_AOI21_0P5)        0.04       0.57 f
  core/U15/X (SAEDRVT14_AOI21_3)           0.03       0.59 r
  core/U276/X (SAEDRVT14_AOI21_1P5)        0.04       0.63 f
  core/U278/X (SAEDRVT14_AOI21_V1_4)       0.02       0.66 r
  core/U19/X (SAEDRVT14_OAI21_2)           0.05       0.70 f
  core/U279/X (SAEDRVT14_OA21_1)           0.03       0.73 f
  core/U280/X (SAEDRVT14_OAI21_2)          0.02       0.75 r
  core/U17/X (SAEDRVT14_OA21_MM_2)         0.03       0.79 r
  core/U23/X (SAEDRVT14_AO21_2)            0.08       0.86 r
  core/U288/X (SAEDRVT14_BUF_1P5)          0.13       1.00 r
  core/out_data[0] (fu_cmp_dec)            0.00       1.00 r
  out_data[0] (out)                        0.00       1.00 r
  data arrival time                                   1.00

  max_delay                                1.00       1.00
  output external delay                    0.00       1.00
  data required time                                  1.00
  -----------------------------------------------------------
  data required time                                  1.00
  data arrival time                                  -1.00
  -----------------------------------------------------------
  slack (MET)                                         0.00


1
