 
****************************************
Report : area
Design : fu_cmp_8x8
Version: Y-2026.03-SP1
Date   : Wed Sep 30 18:23:08 2026
****************************************

Library(s) Used:

    saed14rvt_base_tt0p8v25c (File: /mnt/nas0/eda.libs/saed14/EDK_03_2025/SAED14nm_EDK_STD_RVT/liberty/nldm/base/saed14rvt_base_tt0p8v25c.db)

Number of ports:                          204
Number of nets:                           499
Number of cells:                          364
Number of combinational cells:            364
Number of sequential cells:                 0
Number of macros/black boxes:               0
Number of buf/inv:                        110
Number of references:                      66

Combinational area:                130.003200
Buf/Inv area:                       23.887200
Noncombinational area:               0.000000
Macro/Black Box area:                0.000000
Net Interconnect area:             161.346362

Total cell area:                   130.003200
Total area:                        291.349562
1
