 
****************************************
Report : timing
        -path full
        -delay max
        -nworst 10
        -max_paths 10
Design : fu_mult_32x2
Version: Y-2026.03-SP1
Date   : Fri Sep 11 16:33:04 2026
****************************************

Operating Conditions: tt0p8v25c   Library: saed14rvt_base_tt0p8v25c
Wire Load Model Mode: top

  Startpoint: in_data_0[1]
              (input port)
  Endpoint: out_data[31]
            (output port)
  Path Group: default
  Path Type: max

  Des/Clust/Port     Wire Load Model       Library
  ------------------------------------------------
  fu_mult_32x2       8000                  saed14rvt_base_tt0p8v25c

  Point                                    Incr       Path
  -----------------------------------------------------------
  input external delay                     0.00       0.00 f
  in_data_0[1] (in)                        0.00       0.00 f
  U1886/X (SAEDRVT14_INV_S_20)             0.00       0.00 r
  U1380/X (SAEDRVT14_BUF_16)               0.03       0.03 r
  U2119/X (SAEDRVT14_NR2_1P5)              0.02       0.05 f
  U197/S (SAEDRVT14_ADDF_V2_1)             0.05       0.11 r
  U2139/S (SAEDRVT14_ADDF_V1_2)            0.06       0.17 f
  U391/S (SAEDRVT14_ADDF_V1_2)             0.05       0.22 r
  U2137/CO (SAEDRVT14_ADDF_V2_2)           0.04       0.26 r
  U2184/S (SAEDRVT14_ADDF_V2_2)            0.06       0.32 f
  U2163/X (SAEDRVT14_ND2_3)                0.02       0.35 r
  U489/X (SAEDRVT14_INV_4)                 0.01       0.36 f
  U389/X (SAEDRVT14_AOI21_6)               0.01       0.37 r
  U2164/X (SAEDRVT14_OAI21_V1_8)           0.01       0.39 f
  U2165/X (SAEDRVT14_AOI21_8)              0.02       0.40 r
  U2211/X (SAEDRVT14_OAI21_V1_8)           0.02       0.42 f
  U2355/X (SAEDRVT14_AO21_4)               0.03       0.45 f
  U480/X (SAEDRVT14_INV_S_20)              0.01       0.46 r
  U2540/X (SAEDRVT14_OAI21_V1_4)           0.01       0.48 f
  U2598/X (SAEDRVT14_EN2_4)                0.02       0.50 r
  out_data[31] (out)                       0.00       0.50 r
  data arrival time                                   0.50

  max_delay                                0.50       0.50
  output external delay                    0.00       0.50
  data required time                                  0.50
  -----------------------------------------------------------
  data required time                                  0.50
  data arrival time                                  -0.50
  -----------------------------------------------------------
  slack (MET)                                         0.00


  Startpoint: in_data_0[57]
              (input port)
  Endpoint: out_data[62]
            (output port)
  Path Group: default
  Path Type: max

  Des/Clust/Port     Wire Load Model       Library
  ------------------------------------------------
  fu_mult_32x2       8000                  saed14rvt_base_tt0p8v25c

  Point                                    Incr       Path
  -----------------------------------------------------------
  input external delay                     0.00       0.00 f
  in_data_0[57] (in)                       0.00       0.00 f
  U560/X (SAEDRVT14_INV_4)                 0.03       0.03 r
  U932/X (SAEDRVT14_NR2_MM_1)              0.04       0.07 f
  U106/S (SAEDRVT14_ADDF_V1_1)             0.06       0.13 r
  U50/S (SAEDRVT14_ADDF_V1_1)              0.05       0.18 f
  U2661/S (SAEDRVT14_ADDF_V2_2)            0.03       0.22 r
  U2666/S (SAEDRVT14_ADDF_V2_2)            0.05       0.27 f
  U2672/S (SAEDRVT14_ADDF_V2_2)            0.03       0.30 r
  U2673/S (SAEDRVT14_ADDF_V2_2)            0.06       0.36 f
  U417/X (SAEDRVT14_ND2_4)                 0.02       0.38 r
  U416/X (SAEDRVT14_INV_S_5)               0.01       0.39 f
  U2707/X (SAEDRVT14_AOI21_8)              0.02       0.41 r
  U2708/X (SAEDRVT14_OAI21_V1_8)           0.02       0.44 f
  U486/X (SAEDRVT14_AOI21_3)               0.03       0.46 r
  U2765/X (SAEDRVT14_OAI21_V1_8)           0.01       0.48 f
  U2766/X (SAEDRVT14_EN2_4)                0.02       0.50 r
  out_data[62] (out)                       0.00       0.50 r
  data arrival time                                   0.50

  max_delay                                0.50       0.50
  output external delay                    0.00       0.50
  data required time                                  0.50
  -----------------------------------------------------------
  data required time                                  0.50
  data arrival time                                  -0.50
  -----------------------------------------------------------
  slack (MET)                                         0.00


  Startpoint: in_data_0[57]
              (input port)
  Endpoint: out_data[62]
            (output port)
  Path Group: default
  Path Type: max

  Des/Clust/Port     Wire Load Model       Library
  ------------------------------------------------
  fu_mult_32x2       8000                  saed14rvt_base_tt0p8v25c

  Point                                    Incr       Path
  -----------------------------------------------------------
  input external delay                     0.00       0.00 f
  in_data_0[57] (in)                       0.00       0.00 f
  U560/X (SAEDRVT14_INV_4)                 0.03       0.03 r
  U932/X (SAEDRVT14_NR2_MM_1)              0.04       0.07 f
  U106/S (SAEDRVT14_ADDF_V1_1)             0.06       0.13 r
  U50/S (SAEDRVT14_ADDF_V1_1)              0.05       0.18 f
  U2661/S (SAEDRVT14_ADDF_V2_2)            0.03       0.22 r
  U2666/S (SAEDRVT14_ADDF_V2_2)            0.05       0.27 f
  U2672/S (SAEDRVT14_ADDF_V2_2)            0.03       0.30 r
  U2673/S (SAEDRVT14_ADDF_V2_2)            0.06       0.36 f
  U417/X (SAEDRVT14_ND2_4)                 0.02       0.38 r
  U416/X (SAEDRVT14_INV_S_5)               0.01       0.39 f
  U2707/X (SAEDRVT14_AOI21_8)              0.02       0.41 r
  U2708/X (SAEDRVT14_OAI21_V1_8)           0.02       0.44 f
  U486/X (SAEDRVT14_AOI21_3)               0.03       0.46 r
  U2765/X (SAEDRVT14_OAI21_V1_8)           0.01       0.48 f
  U2766/X (SAEDRVT14_EN2_4)                0.02       0.50 r
  out_data[62] (out)                       0.00       0.50 r
  data arrival time                                   0.50

  max_delay                                0.50       0.50
  output external delay                    0.00       0.50
  data required time                                  0.50
  -----------------------------------------------------------
  data required time                                  0.50
  data arrival time                                  -0.50
  -----------------------------------------------------------
  slack (MET)                                         0.00


  Startpoint: in_data_0[57]
              (input port)
  Endpoint: out_data[62]
            (output port)
  Path Group: default
  Path Type: max

  Des/Clust/Port     Wire Load Model       Library
  ------------------------------------------------
  fu_mult_32x2       8000                  saed14rvt_base_tt0p8v25c

  Point                                    Incr       Path
  -----------------------------------------------------------
  input external delay                     0.00       0.00 f
  in_data_0[57] (in)                       0.00       0.00 f
  U560/X (SAEDRVT14_INV_4)                 0.03       0.03 r
  U932/X (SAEDRVT14_NR2_MM_1)              0.04       0.07 f
  U106/S (SAEDRVT14_ADDF_V1_1)             0.06       0.13 r
  U50/S (SAEDRVT14_ADDF_V1_1)              0.05       0.18 f
  U2661/S (SAEDRVT14_ADDF_V2_2)            0.03       0.22 r
  U2666/S (SAEDRVT14_ADDF_V2_2)            0.05       0.27 f
  U2672/S (SAEDRVT14_ADDF_V2_2)            0.03       0.30 r
  U2673/S (SAEDRVT14_ADDF_V2_2)            0.06       0.36 f
  U417/X (SAEDRVT14_ND2_4)                 0.02       0.38 r
  U416/X (SAEDRVT14_INV_S_5)               0.01       0.39 f
  U2707/X (SAEDRVT14_AOI21_8)              0.02       0.41 r
  U2708/X (SAEDRVT14_OAI21_V1_8)           0.02       0.44 f
  U486/X (SAEDRVT14_AOI21_3)               0.03       0.46 r
  U2765/X (SAEDRVT14_OAI21_V1_8)           0.01       0.48 f
  U2766/X (SAEDRVT14_EN2_4)                0.02       0.50 r
  out_data[62] (out)                       0.00       0.50 r
  data arrival time                                   0.50

  max_delay                                0.50       0.50
  output external delay                    0.00       0.50
  data required time                                  0.50
  -----------------------------------------------------------
  data required time                                  0.50
  data arrival time                                  -0.50
  -----------------------------------------------------------
  slack (MET)                                         0.00


  Startpoint: in_data_0[57]
              (input port)
  Endpoint: out_data[62]
            (output port)
  Path Group: default
  Path Type: max

  Des/Clust/Port     Wire Load Model       Library
  ------------------------------------------------
  fu_mult_32x2       8000                  saed14rvt_base_tt0p8v25c

  Point                                    Incr       Path
  -----------------------------------------------------------
  input external delay                     0.00       0.00 f
  in_data_0[57] (in)                       0.00       0.00 f
  U560/X (SAEDRVT14_INV_4)                 0.03       0.03 r
  U932/X (SAEDRVT14_NR2_MM_1)              0.04       0.07 f
  U106/S (SAEDRVT14_ADDF_V1_1)             0.06       0.13 r
  U50/S (SAEDRVT14_ADDF_V1_1)              0.05       0.18 f
  U2661/S (SAEDRVT14_ADDF_V2_2)            0.03       0.22 r
  U2666/S (SAEDRVT14_ADDF_V2_2)            0.05       0.27 f
  U2672/S (SAEDRVT14_ADDF_V2_2)            0.03       0.30 r
  U2673/S (SAEDRVT14_ADDF_V2_2)            0.06       0.36 f
  U417/X (SAEDRVT14_ND2_4)                 0.02       0.38 r
  U416/X (SAEDRVT14_INV_S_5)               0.01       0.39 f
  U2707/X (SAEDRVT14_AOI21_8)              0.02       0.41 r
  U2708/X (SAEDRVT14_OAI21_V1_8)           0.02       0.44 f
  U486/X (SAEDRVT14_AOI21_3)               0.03       0.46 r
  U2765/X (SAEDRVT14_OAI21_V1_8)           0.01       0.48 f
  U2766/X (SAEDRVT14_EN2_4)                0.02       0.50 r
  out_data[62] (out)                       0.00       0.50 r
  data arrival time                                   0.50

  max_delay                                0.50       0.50
  output external delay                    0.00       0.50
  data required time                                  0.50
  -----------------------------------------------------------
  data required time                                  0.50
  data arrival time                                  -0.50
  -----------------------------------------------------------
  slack (MET)                                         0.00


  Startpoint: in_data_0[3]
              (input port)
  Endpoint: out_data[31]
            (output port)
  Path Group: default
  Path Type: max

  Des/Clust/Port     Wire Load Model       Library
  ------------------------------------------------
  fu_mult_32x2       8000                  saed14rvt_base_tt0p8v25c

  Point                                    Incr       Path
  -----------------------------------------------------------
  input external delay                     0.00       0.00 r
  in_data_0[3] (in)                        0.00       0.00 r
  U1880/X (SAEDRVT14_INV_S_20)             0.00       0.00 f
  U1881/X (SAEDRVT14_BUF_20)               0.02       0.02 f
  U708/X (SAEDRVT14_NR2_MM_1)              0.03       0.06 r
  U707/S (SAEDRVT14_ADDF_V1_2)             0.06       0.12 f
  U841/S (SAEDRVT14_ADDF_V2_1)             0.05       0.17 f
  U444/S (SAEDRVT14_ADDF_V1_2)             0.06       0.22 r
  U443/CO (SAEDRVT14_ADDF_V1_2)            0.03       0.25 r
  U2338/S (SAEDRVT14_ADDF_V1_2)            0.06       0.31 f
  U2340/S (SAEDRVT14_ADDF_V2_2)            0.04       0.35 r
  U511/X (SAEDRVT14_OR2_MM_4)              0.04       0.39 r
  U2345/X (SAEDRVT14_ND2_4)                0.02       0.41 f
  U2350/X (SAEDRVT14_NR2_MM_4)             0.01       0.43 r
  U2355/X (SAEDRVT14_AO21_4)               0.03       0.45 r
  U480/X (SAEDRVT14_INV_S_20)              0.01       0.46 f
  U2540/X (SAEDRVT14_OAI21_V1_4)           0.01       0.48 r
  U2598/X (SAEDRVT14_EN2_4)                0.02       0.50 f
  out_data[31] (out)                       0.00       0.50 f
  data arrival time                                   0.50

  max_delay                                0.50       0.50
  output external delay                    0.00       0.50
  data required time                                  0.50
  -----------------------------------------------------------
  data required time                                  0.50
  data arrival time                                  -0.50
  -----------------------------------------------------------
  slack (MET)                                         0.00


  Startpoint: in_data_0[45]
              (input port)
  Endpoint: out_data[62]
            (output port)
  Path Group: default
  Path Type: max

  Des/Clust/Port     Wire Load Model       Library
  ------------------------------------------------
  fu_mult_32x2       8000                  saed14rvt_base_tt0p8v25c

  Point                                    Incr       Path
  -----------------------------------------------------------
  input external delay                     0.00       0.00 r
  in_data_0[45] (in)                       0.00       0.00 r
  U1442/X (SAEDRVT14_INV_S_20)             0.01       0.01 f
  U1443/X (SAEDRVT14_BUF_16)               0.02       0.02 f
  U1523/X (SAEDRVT14_NR2_MM_1)             0.03       0.05 r
  U1366/S (SAEDRVT14_ADDF_V2_1)            0.06       0.12 f
  U1586/S (SAEDRVT14_ADDF_V2_2)            0.05       0.17 f
  U1857/CO (SAEDRVT14_ADDF_V1_2)           0.03       0.20 f
  U1604/CO (SAEDRVT14_ADDF_V2_2)           0.02       0.22 f
  U1854/CO (SAEDRVT14_ADDF_V2_2)           0.04       0.26 f
  U1605/CO (SAEDRVT14_ADDF_V1_2)           0.03       0.30 f
  U2637/S (SAEDRVT14_ADDF_V2_2)            0.06       0.36 r
  U1606/X (SAEDRVT14_NR2_MM_6)             0.02       0.38 f
  U1607/X (SAEDRVT14_INV_S_3)              0.02       0.40 r
  U2659/X (SAEDRVT14_ND2_5)                0.02       0.42 f
  U495/X (SAEDRVT14_NR2_MM_6)              0.02       0.44 r
  U2764/X (SAEDRVT14_ND2_CDC_2)            0.03       0.47 f
  U2765/X (SAEDRVT14_OAI21_V1_8)           0.01       0.48 r
  U2766/X (SAEDRVT14_EN2_4)                0.02       0.50 f
  out_data[62] (out)                       0.00       0.50 f
  data arrival time                                   0.50

  max_delay                                0.50       0.50
  output external delay                    0.00       0.50
  data required time                                  0.50
  -----------------------------------------------------------
  data required time                                  0.50
  data arrival time                                  -0.50
  -----------------------------------------------------------
  slack (MET)                                         0.00


  Startpoint: in_data_0[3]
              (input port)
  Endpoint: out_data[31]
            (output port)
  Path Group: default
  Path Type: max

  Des/Clust/Port     Wire Load Model       Library
  ------------------------------------------------
  fu_mult_32x2       8000                  saed14rvt_base_tt0p8v25c

  Point                                    Incr       Path
  -----------------------------------------------------------
  input external delay                     0.00       0.00 r
  in_data_0[3] (in)                        0.00       0.00 r
  U1880/X (SAEDRVT14_INV_S_20)             0.00       0.00 f
  U1881/X (SAEDRVT14_BUF_20)               0.02       0.02 f
  U708/X (SAEDRVT14_NR2_MM_1)              0.03       0.06 r
  U707/S (SAEDRVT14_ADDF_V1_2)             0.06       0.12 f
  U841/S (SAEDRVT14_ADDF_V2_1)             0.05       0.17 f
  U444/S (SAEDRVT14_ADDF_V1_2)             0.06       0.22 r
  U443/CO (SAEDRVT14_ADDF_V1_2)            0.03       0.25 r
  U2338/S (SAEDRVT14_ADDF_V1_2)            0.06       0.31 f
  U2340/S (SAEDRVT14_ADDF_V2_2)            0.04       0.35 r
  U511/X (SAEDRVT14_OR2_MM_4)              0.04       0.39 r
  U2345/X (SAEDRVT14_ND2_4)                0.02       0.41 f
  U2350/X (SAEDRVT14_NR2_MM_4)             0.01       0.43 r
  U2355/X (SAEDRVT14_AO21_4)               0.03       0.45 r
  U480/X (SAEDRVT14_INV_S_20)              0.01       0.46 f
  U2540/X (SAEDRVT14_OAI21_V1_4)           0.01       0.48 r
  U2598/X (SAEDRVT14_EN2_4)                0.02       0.50 f
  out_data[31] (out)                       0.00       0.50 f
  data arrival time                                   0.50

  max_delay                                0.50       0.50
  output external delay                    0.00       0.50
  data required time                                  0.50
  -----------------------------------------------------------
  data required time                                  0.50
  data arrival time                                  -0.50
  -----------------------------------------------------------
  slack (MET)                                         0.00


  Startpoint: in_data_0[45]
              (input port)
  Endpoint: out_data[62]
            (output port)
  Path Group: default
  Path Type: max

  Des/Clust/Port     Wire Load Model       Library
  ------------------------------------------------
  fu_mult_32x2       8000                  saed14rvt_base_tt0p8v25c

  Point                                    Incr       Path
  -----------------------------------------------------------
  input external delay                     0.00       0.00 r
  in_data_0[45] (in)                       0.00       0.00 r
  U1442/X (SAEDRVT14_INV_S_20)             0.01       0.01 f
  U1443/X (SAEDRVT14_BUF_16)               0.02       0.02 f
  U1523/X (SAEDRVT14_NR2_MM_1)             0.03       0.05 r
  U1366/S (SAEDRVT14_ADDF_V2_1)            0.06       0.12 f
  U1586/S (SAEDRVT14_ADDF_V2_2)            0.05       0.17 f
  U1857/CO (SAEDRVT14_ADDF_V1_2)           0.03       0.20 f
  U1604/CO (SAEDRVT14_ADDF_V2_2)           0.02       0.22 f
  U1854/CO (SAEDRVT14_ADDF_V2_2)           0.04       0.26 f
  U1605/CO (SAEDRVT14_ADDF_V1_2)           0.03       0.30 f
  U2637/S (SAEDRVT14_ADDF_V2_2)            0.06       0.36 r
  U1606/X (SAEDRVT14_NR2_MM_6)             0.02       0.38 f
  U1607/X (SAEDRVT14_INV_S_3)              0.02       0.40 r
  U2659/X (SAEDRVT14_ND2_5)                0.02       0.42 f
  U495/X (SAEDRVT14_NR2_MM_6)              0.02       0.44 r
  U2764/X (SAEDRVT14_ND2_CDC_2)            0.03       0.47 f
  U2765/X (SAEDRVT14_OAI21_V1_8)           0.01       0.48 r
  U2766/X (SAEDRVT14_EN2_4)                0.02       0.50 f
  out_data[62] (out)                       0.00       0.50 f
  data arrival time                                   0.50

  max_delay                                0.50       0.50
  output external delay                    0.00       0.50
  data required time                                  0.50
  -----------------------------------------------------------
  data required time                                  0.50
  data arrival time                                  -0.50
  -----------------------------------------------------------
  slack (MET)                                         0.00


  Startpoint: in_data_0[1]
              (input port)
  Endpoint: out_data[29]
            (output port)
  Path Group: default
  Path Type: max

  Des/Clust/Port     Wire Load Model       Library
  ------------------------------------------------
  fu_mult_32x2       8000                  saed14rvt_base_tt0p8v25c

  Point                                    Incr       Path
  -----------------------------------------------------------
  input external delay                     0.00       0.00 f
  in_data_0[1] (in)                        0.00       0.00 f
  U1886/X (SAEDRVT14_INV_S_20)             0.00       0.00 r
  U1380/X (SAEDRVT14_BUF_16)               0.03       0.03 r
  U2119/X (SAEDRVT14_NR2_1P5)              0.02       0.05 f
  U197/S (SAEDRVT14_ADDF_V2_1)             0.05       0.11 r
  U2139/S (SAEDRVT14_ADDF_V1_2)            0.06       0.17 f
  U391/S (SAEDRVT14_ADDF_V1_2)             0.05       0.22 r
  U2137/CO (SAEDRVT14_ADDF_V2_2)           0.04       0.26 r
  U2184/S (SAEDRVT14_ADDF_V2_2)            0.06       0.32 f
  U2163/X (SAEDRVT14_ND2_3)                0.02       0.35 r
  U489/X (SAEDRVT14_INV_4)                 0.01       0.36 f
  U389/X (SAEDRVT14_AOI21_6)               0.01       0.37 r
  U2164/X (SAEDRVT14_OAI21_V1_8)           0.01       0.39 f
  U2165/X (SAEDRVT14_AOI21_8)              0.02       0.40 r
  U2211/X (SAEDRVT14_OAI21_V1_8)           0.02       0.42 f
  U2355/X (SAEDRVT14_AO21_4)               0.03       0.45 f
  U480/X (SAEDRVT14_INV_S_20)              0.01       0.46 r
  U2605/X (SAEDRVT14_OAI21_V1_4)           0.01       0.48 f
  U2607/X (SAEDRVT14_EN2_4)                0.02       0.50 r
  out_data[29] (out)                       0.00       0.50 r
  data arrival time                                   0.50

  max_delay                                0.50       0.50
  output external delay                    0.00       0.50
  data required time                                  0.50
  -----------------------------------------------------------
  data required time                                  0.50
  data arrival time                                  -0.50
  -----------------------------------------------------------
  slack (MET)                                         0.00


1
