 
****************************************
Report : area
Design : fu_mult_32x2
Version: Y-2026.03-SP1
Date   : Fri Sep 11 16:33:03 2026
****************************************

Library(s) Used:

    saed14rvt_base_tt0p8v25c (File: /mnt/nas0/eda.libs/saed14/EDK_03_2025/SAED14nm_EDK_STD_RVT/liberty/nldm/base/saed14rvt_base_tt0p8v25c.db)

Number of ports:                          200
Number of nets:                          3791
Number of cells:                         2790
Number of combinational cells:           2790
Number of sequential cells:                 0
Number of macros/black boxes:               0
Number of buf/inv:                        426
Number of references:                      98

Combinational area:               1827.592795
Buf/Inv area:                      281.273999
Noncombinational area:               0.000000
Macro/Black Box area:                0.000000
Net Interconnect area:            1128.189951

Total cell area:                  1827.592795
Total area:                       2955.782746
1
