 
****************************************
Report : timing
        -path full
        -delay max
        -max_paths 1
Design : fu_fp_min_max_64
Version: Y-2026.03-SP1
Date   : Tue Sep 29 16:42:38 2026
****************************************

Operating Conditions: tt0p8v25c   Library: saed14rvt_base_tt0p8v25c
Wire Load Model Mode: top

  Startpoint: in_data_0[9]
              (input port)
  Endpoint: out_data[2]
            (output port)
  Path Group: default
  Path Type: max

  Des/Clust/Port     Wire Load Model       Library
  ------------------------------------------------
  fu_fp_min_max_64   8000                  saed14rvt_base_tt0p8v25c

  Point                                    Incr       Path
  -----------------------------------------------------------
  input external delay                     0.00       0.00 f
  in_data_0[9] (in)                        0.00       0.00 f
  U365/X (SAEDRVT14_INV_S_1)               0.03       0.03 r
  U521/X (SAEDRVT14_NR2_1P5)               0.04       0.07 f
  U362/X (SAEDRVT14_OAI22_0P5)             0.06       0.13 r
  U537/X (SAEDRVT14_AOI21_1P5)             0.04       0.17 f
  U360/X (SAEDRVT14_OAI22_1)               0.04       0.20 r
  U538/X (SAEDRVT14_AOI21_1P5)             0.03       0.24 f
  U378/X (SAEDRVT14_AOI21_V1_4)            0.02       0.26 r
  U544/X (SAEDRVT14_OA22_2)                0.03       0.29 r
  U379/X (SAEDRVT14_OA22_4)                0.03       0.32 r
  U548/X (SAEDRVT14_OAI22_4)               0.02       0.34 f
  U357/X (SAEDRVT14_AOI21_V1_6)            0.02       0.36 r
  U553/X (SAEDRVT14_OAI22_4)               0.02       0.38 f
  U554/X (SAEDRVT14_AOI21_V1_4)            0.02       0.40 r
  U557/X (SAEDRVT14_OAI22_4)               0.02       0.42 f
  U356/X (SAEDRVT14_AOI21_V1_6)            0.02       0.44 r
  U561/X (SAEDRVT14_OA22_2)                0.03       0.47 r
  U563/X (SAEDRVT14_OA22_2)                0.03       0.50 r
  U381/X (SAEDRVT14_OA22_4)                0.03       0.53 r
  U564/X (SAEDRVT14_OAI22_4)               0.02       0.55 f
  U568/X (SAEDRVT14_AOI21_6)               0.02       0.57 r
  U578/X (SAEDRVT14_OAI21_V1_8)            0.02       0.59 f
  U377/X (SAEDRVT14_NR2_MM_8)              0.01       0.60 r
  U601/X (SAEDRVT14_OA31_4)                0.02       0.62 r
  U602/X (SAEDRVT14_OAI22_4)               0.02       0.64 f
  U374/X (SAEDRVT14_AOI21_6)               0.02       0.65 r
  U608/X (SAEDRVT14_OA2BB2_V1_2)           0.03       0.68 r
  U613/X (SAEDRVT14_OAI22_4)               0.02       0.70 f
  U614/X (SAEDRVT14_AO21_4)                0.03       0.73 f
  U373/X (SAEDRVT14_OAI21_V1_8)            0.01       0.74 r
  U638/X (SAEDRVT14_OAI21_V1_4)            0.01       0.76 f
  U639/X (SAEDRVT14_EO2_3)                 0.05       0.80 r
  U372/X (SAEDRVT14_OR2_MM_3)              0.06       0.87 r
  U691/X (SAEDRVT14_BUF_S_2)               0.08       0.95 r
  U718/X (SAEDRVT14_OAI22_1P5)             0.04       1.00 f
  out_data[2] (out)                        0.00       1.00 f
  data arrival time                                   1.00

  max_delay                                1.00       1.00
  output external delay                    0.00       1.00
  data required time                                  1.00
  -----------------------------------------------------------
  data required time                                  1.00
  data arrival time                                  -1.00
  -----------------------------------------------------------
  slack (MET)                                         0.00


1
