 
****************************************
Report : area
Design : fu_rounding_32x2
Version: Y-2026.03-SP1
Date   : Wed Sep 30 12:28:42 2026
****************************************

Library(s) Used:

    saed14rvt_base_tt0p8v25c (File: /mnt/nas0/eda.libs/saed14/EDK_03_2025/SAED14nm_EDK_STD_RVT/liberty/nldm/base/saed14rvt_base_tt0p8v25c.db)

Number of ports:                          137
Number of nets:                          1347
Number of cells:                         1275
Number of combinational cells:           1275
Number of sequential cells:                 0
Number of macros/black boxes:               0
Number of buf/inv:                        276
Number of references:                     110

Combinational area:                454.567200
Buf/Inv area:                       64.157999
Noncombinational area:               0.000000
Macro/Black Box area:                0.000000
Net Interconnect area:             488.427511

Total cell area:                   454.567200
Total area:                        942.994711
1
