 
****************************************
Report : area
Design : fu_mult_64
Version: Y-2026.03-SP1
Date   : Wed Sep 30 18:00:23 2026
****************************************

Library(s) Used:

    saed14rvt_base_tt0p8v25c (File: /mnt/nas0/eda.libs/saed14/EDK_03_2025/SAED14nm_EDK_STD_RVT/liberty/nldm/base/saed14rvt_base_tt0p8v25c.db)

Number of ports:                          200
Number of nets:                          5056
Number of cells:                         3983
Number of combinational cells:           3983
Number of sequential cells:                 0
Number of macros/black boxes:               0
Number of buf/inv:                        319
Number of references:                     113

Combinational area:               2280.783562
Buf/Inv area:                      106.071599
Noncombinational area:               0.000000
Macro/Black Box area:                0.000000
Net Interconnect area:            2987.859620

Total cell area:                  2280.783562
Total area:                       5268.643183
1
