 
****************************************
Report : timing
        -path full
        -delay max
        -max_paths 1
Design : fu_mult_64
Version: Y-2026.03-SP1
Date   : Wed Sep 30 18:00:23 2026
****************************************

Operating Conditions: tt0p8v25c   Library: saed14rvt_base_tt0p8v25c
Wire Load Model Mode: top

  Startpoint: in_data_0[7]
              (input port)
  Endpoint: out_data[60]
            (output port)
  Path Group: default
  Path Type: max

  Des/Clust/Port     Wire Load Model       Library
  ------------------------------------------------
  fu_mult_64         8000                  saed14rvt_base_tt0p8v25c

  Point                                    Incr       Path
  -----------------------------------------------------------
  input external delay                     0.00       0.00 f
  in_data_0[7] (in)                        0.00       0.00 f
  U813/X (SAEDRVT14_EN2_3)                 0.05       0.05 r
  U966/CKOUTB (SAEDRVT14_CLKSPLT_1)        0.06       0.12 f
  U814/X (SAEDRVT14_INV_S_8)               0.18       0.30 r
  U985/X (SAEDRVT14_OAI22_1)               0.09       0.39 f
  U1159/S (SAEDRVT14_ADDF_V1_1)            0.07       0.46 r
  U141/S (SAEDRVT14_ADDF_V1_1)             0.06       0.52 f
  U1165/CO (SAEDRVT14_ADDF_V1_1)           0.04       0.56 f
  U110/S (SAEDRVT14_ADDF_V1_2)             0.06       0.62 r
  U3638/S (SAEDRVT14_ADDF_V1_1)            0.06       0.68 f
  U3645/CO (SAEDRVT14_ADDF_V1_1)           0.04       0.72 f
  U3648/S (SAEDRVT14_ADDF_V1_2)            0.07       0.79 r
  U3664/X (SAEDRVT14_ND2_6)                0.02       0.81 f
  U3665/X (SAEDRVT14_INV_4)                0.01       0.82 r
  U39/X (SAEDRVT14_AOI21_V1_6)             0.03       0.85 f
  U3673/X (SAEDRVT14_OAI21_V1_8)           0.03       0.88 r
  U3681/X (SAEDRVT14_AOI21_8)              0.03       0.91 f
  U3789/X (SAEDRVT14_INV_6)                0.02       0.93 r
  U3797/X (SAEDRVT14_AOI21_1P5)            0.02       0.95 f
  U3798/X (SAEDRVT14_OAI21_V1_4)           0.02       0.97 r
  U3800/X (SAEDRVT14_EN2_1P5)              0.03       1.00 f
  out_data[60] (out)                       0.00       1.00 f
  data arrival time                                   1.00

  max_delay                                1.00       1.00
  output external delay                    0.00       1.00
  data required time                                  1.00
  -----------------------------------------------------------
  data required time                                  1.00
  data arrival time                                  -1.00
  -----------------------------------------------------------
  slack (MET)                                         0.00


1
