 
****************************************
Report : area
Design : fu_cmp_32x2
Version: Y-2026.03-SP1
Date   : Wed Sep 30 12:15:41 2026
****************************************

Library(s) Used:

    saed14rvt_base_tt0p8v25c (File: /mnt/nas0/eda.libs/saed14/EDK_03_2025/SAED14nm_EDK_STD_RVT/liberty/nldm/base/saed14rvt_base_tt0p8v25c.db)

Number of ports:                          204
Number of nets:                           529
Number of cells:                          394
Number of combinational cells:            394
Number of sequential cells:                 0
Number of macros/black boxes:               0
Number of buf/inv:                        125
Number of references:                      38

Combinational area:                132.800399
Buf/Inv area:                       22.510800
Noncombinational area:               0.000000
Macro/Black Box area:                0.000000
Net Interconnect area:             165.348167

Total cell area:                   132.800399
Total area:                        298.148566
1
