 
****************************************
Report : timing
        -path full
        -delay max
        -max_paths 1
Design : fu_cmp_32x2
Version: Y-2026.03-SP1
Date   : Wed Sep 30 12:15:41 2026
****************************************

Operating Conditions: tt0p8v25c   Library: saed14rvt_base_tt0p8v25c
Wire Load Model Mode: top

  Startpoint: in_data_1[33]
              (input port)
  Endpoint: out_data[32]
            (output port)
  Path Group: default
  Path Type: max

  Des/Clust/Port     Wire Load Model       Library
  ------------------------------------------------
  fu_cmp_32x2        8000                  saed14rvt_base_tt0p8v25c

  Point                                    Incr       Path
  -----------------------------------------------------------
  input external delay                     0.00       0.00 r
  in_data_1[33] (in)                       0.00       0.00 r
  U50/X (SAEDRVT14_INV_S_1)                0.02       0.02 f
  U48/X (SAEDRVT14_NR2_MM_3)               0.03       0.06 r
  U177/X (SAEDRVT14_AOI21_1P5)             0.03       0.09 f
  U59/X (SAEDRVT14_AOI21_1P5)              0.02       0.11 r
  U44/X (SAEDRVT14_AOI21_0P5)              0.03       0.14 f
  U61/X (SAEDRVT14_OAI21_2)                0.03       0.17 r
  U192/X (SAEDRVT14_AOI21_V1_4)            0.02       0.20 f
  U197/X (SAEDRVT14_OAI21_V1_4)            0.02       0.22 r
  U203/X (SAEDRVT14_AOI21_V1_4)            0.02       0.24 f
  U52/X (SAEDRVT14_OAI21_V1_8)             0.01       0.25 r
  U213/X (SAEDRVT14_AOI21_V1_4)            0.02       0.27 f
  U53/X (SAEDRVT14_OAI21_V1_8)             0.01       0.29 r
  U223/X (SAEDRVT14_AOI21_V1_4)            0.02       0.31 f
  U54/X (SAEDRVT14_OAI21_V1_8)             0.01       0.32 r
  U233/X (SAEDRVT14_AOI21_V1_4)            0.02       0.34 f
  U55/X (SAEDRVT14_OAI21_V1_8)             0.01       0.36 r
  U243/X (SAEDRVT14_AOI21_V1_4)            0.02       0.38 f
  U56/X (SAEDRVT14_OAI21_V1_8)             0.01       0.39 r
  U249/X (SAEDRVT14_AOI21_V1_4)            0.02       0.41 f
  U57/X (SAEDRVT14_OAI21_V1_8)             0.01       0.43 r
  U262/X (SAEDRVT14_AOI21_V1_4)            0.02       0.44 f
  U268/X (SAEDRVT14_OAI21_V1_4)            0.02       0.46 r
  U58/X (SAEDRVT14_ND2_CDC_4)              0.02       0.48 f
  U275/X (SAEDRVT14_AN4_1)                 0.03       0.51 f
  U36/X (SAEDRVT14_AO21_1)                 0.04       0.56 f
  U276/X (SAEDRVT14_INV_6)                 0.01       0.57 r
  U60/X (SAEDRVT14_OAI21_2)                0.03       0.60 f
  U292/X (SAEDRVT14_OAI21_V1_8)            0.40       1.00 r
  out_data[32] (out)                       0.00       1.00 r
  data arrival time                                   1.00

  max_delay                                1.00       1.00
  output external delay                    0.00       1.00
  data required time                                  1.00
  -----------------------------------------------------------
  data required time                                  1.00
  data arrival time                                  -1.00
  -----------------------------------------------------------
  slack (MET)                                         0.00


1
