 
****************************************
Report : area
Design : fu_abs_16x4
Version: Y-2026.03-SP1
Date   : Tue Sep  8 22:31:49 2026
****************************************

Library(s) Used:

    saed14rvt_base_tt0p8v25c (File: /mnt/nas0/eda.libs/saed14/EDK_03_2025/SAED14nm_EDK_STD_RVT/liberty/nldm/base/saed14rvt_base_tt0p8v25c.db)

Number of ports:                          135
Number of nets:                           289
Number of cells:                          222
Number of combinational cells:            222
Number of sequential cells:                 0
Number of macros/black boxes:               0
Number of buf/inv:                         17
Number of references:                      25

Combinational area:                 69.352801
Buf/Inv area:                        3.374400
Noncombinational area:               0.000000
Macro/Black Box area:                0.000000
Net Interconnect area:              94.599961

Total cell area:                    69.352801
Total area:                        163.952762
1
