 
****************************************
Report : timing
        -path full
        -delay max
        -max_paths 1
Design : fu_add_sub_minmax_d8
Version: Y-2026.03-SP1
Date   : Thu Oct  1 18:29:25 2026
****************************************

Operating Conditions: tt0p8v25c   Library: saed14rvt_base_tt0p8v25c
Wire Load Model Mode: top

  Startpoint: mode[0] (input port)
  Endpoint: out_data[16]
            (output port)
  Path Group: default
  Path Type: max

  Des/Clust/Port     Wire Load Model       Library
  ------------------------------------------------
  fu_add_sub_minmax_d8
                     8000                  saed14rvt_base_tt0p8v25c

  Point                                                   Incr       Path
  --------------------------------------------------------------------------
  input external delay                                    0.00       0.00 f
  mode[0] (in)                                            0.00       0.00 f
  core/mode[0] (fu_add_sub_minmax_dec_EN321_EN161_EN81)
                                                          0.00       0.00 f
  core/segmented/mode[0] (fu_add_sub_segmented_1_1_1)     0.00       0.00 f
  core/segmented/U343/X (SAEDRVT14_ND2_MM_16)             0.01       0.01 r
  core/segmented/U329/X (SAEDRVT14_OR2_MM_12)             0.02       0.03 r
  core/segmented/U251/X (SAEDRVT14_INV_12)                0.01       0.03 f
  core/segmented/U718/X (SAEDRVT14_NR2_MM_16)             0.01       0.04 r
  core/segmented/U325/X (SAEDRVT14_INV_S_20)              0.01       0.05 f
  core/segmented/U791/X (SAEDRVT14_EN2_4)                 0.04       0.09 r
  core/segmented/U176/X (SAEDRVT14_ND2_MM_10)             0.02       0.11 f
  core/segmented/U881/X (SAEDRVT14_OAI21_V1_8)            0.01       0.12 r
  core/segmented/U743/X (SAEDRVT14_INV_6)                 0.01       0.13 f
  core/segmented/U227/X (SAEDRVT14_ND2_16)                0.01       0.14 r
  core/segmented/U356/X (SAEDRVT14_ND2_8)                 0.01       0.15 f
  core/segmented/U354/X (SAEDRVT14_AOI21_8)               0.02       0.17 r
  core/segmented/U249/X (SAEDRVT14_NR2_MM_12)             0.01       0.17 f
  core/segmented/U278/X (SAEDRVT14_ND2_MM_16)             0.01       0.19 r
  core/segmented/U335/X (SAEDRVT14_NR2_MM_8)              0.01       0.20 f
  core/segmented/U333/X (SAEDRVT14_NR2_MM_10)             0.01       0.20 r
  core/segmented/U332/X (SAEDRVT14_OAI21_V1_8)            0.01       0.22 f
  core/segmented/U337/X (SAEDRVT14_ND2_8)                 0.01       0.23 r
  core/segmented/U388/X (SAEDRVT14_INV_S_20)              0.01       0.24 f
  core/segmented/U453/X (SAEDRVT14_INV_12)                0.01       0.25 r
  core/segmented/U50/X (SAEDRVT14_AOI21_V1_6)             0.01       0.26 f
  core/segmented/U711/X (SAEDRVT14_EN2_3)                 0.04       0.30 r
  core/segmented/sum_out[33] (fu_add_sub_segmented_1_1_1)
                                                          0.00       0.30 r
  core/U340/X (SAEDRVT14_NR2_MM_12)                       0.01       0.31 f
  core/U342/X (SAEDRVT14_ND2_16)                          0.01       0.32 r
  core/U345/X (SAEDRVT14_NR2_MM_16)                       0.01       0.32 f
  core/U483/X (SAEDRVT14_OAI21_V1_8)                      0.01       0.33 r
  core/U344/X (SAEDRVT14_NR2_MM_10)                       0.01       0.34 f
  core/U289/X (SAEDRVT14_ND2_16)                          0.01       0.35 r
  core/U148/X (SAEDRVT14_ND2_MM_10)                       0.01       0.36 f
  core/U259/X (SAEDRVT14_EN2_4)                           0.03       0.39 r
  core/U306/X (SAEDRVT14_OR2_MM_20)                       0.02       0.41 r
  core/U324/X (SAEDRVT14_ND2_16)                          0.01       0.42 f
  core/U449/X (SAEDRVT14_NR2_MM_12)                       0.01       0.43 r
  core/U644/X (SAEDRVT14_OAI21_V1_8)                      0.02       0.44 f
  core/U485/X (SAEDRVT14_OR2_MM_20)                       0.02       0.46 f
  core/U559/X (SAEDRVT14_INV_S_20)                        0.01       0.47 r
  core/U81/X (SAEDRVT14_AOI21_V1_4)                       0.01       0.48 f
  core/U646/X (SAEDRVT14_OAI21_3)                         0.02       0.50 r
  core/out_data[16] (fu_add_sub_minmax_dec_EN321_EN161_EN81)
                                                          0.00       0.50 r
  out_data[16] (out)                                      0.00       0.50 r
  data arrival time                                                  0.50

  max_delay                                               0.50       0.50
  output external delay                                   0.00       0.50
  data required time                                                 0.50
  --------------------------------------------------------------------------
  data required time                                                 0.50
  data arrival time                                                 -0.50
  --------------------------------------------------------------------------
  slack (MET)                                                        0.00


1
