 
****************************************
Report : area
Design : fu_add_sub_minmax_d8
Version: Y-2026.03-SP1
Date   : Thu Oct  1 18:29:24 2026
****************************************

Library(s) Used:

    saed14rvt_base_tt0p8v25c (File: /mnt/nas0/eda.libs/saed14/EDK_03_2025/SAED14nm_EDK_STD_RVT/liberty/nldm/base/saed14rvt_base_tt0p8v25c.db)

Number of ports:                          651
Number of nets:                          2220
Number of cells:                         1646
Number of combinational cells:           1644
Number of sequential cells:                 0
Number of macros/black boxes:               0
Number of buf/inv:                        451
Number of references:                       1

Combinational area:               1114.795190
Buf/Inv area:                      171.827998
Noncombinational area:               0.000000
Macro/Black Box area:                0.000000
Net Interconnect area:             562.810088

Total cell area:                  1114.795190
Total area:                       1677.605278
1
