 
****************************************
Report : timing
        -path full
        -delay max
        -max_paths 1
Design : fu_mult_64
Version: Y-2026.03-SP1
Date   : Tue Sep  8 22:06:08 2026
****************************************

Operating Conditions: tt0p8v25c   Library: saed14rvt_base_tt0p8v25c
Wire Load Model Mode: top

  Startpoint: in_data_0[30]
              (input port)
  Endpoint: out_data[61]
            (output port)
  Path Group: default
  Path Type: max

  Des/Clust/Port     Wire Load Model       Library
  ------------------------------------------------
  fu_mult_64         8000                  saed14rvt_base_tt0p8v25c

  Point                                    Incr       Path
  -----------------------------------------------------------
  input external delay                     0.00       0.00 f
  in_data_0[30] (in)                       0.00       0.00 f
  U2118/X (SAEDRVT14_EN2_4)                0.03       0.03 r
  U2218/X (SAEDRVT14_AN2_MM_20)            0.03       0.06 r
  U1851/X (SAEDRVT14_INV_S_20)             0.01       0.08 f
  U2578/X (SAEDRVT14_OAI22_4)              0.01       0.09 r
  U3100/CO (SAEDRVT14_ADDF_V1_2)           0.03       0.12 r
  U3225/S (SAEDRVT14_ADDF_V2_2)            0.05       0.18 f
  U3171/S (SAEDRVT14_ADDF_V2_2)            0.05       0.22 f
  U3216/CO (SAEDRVT14_ADDF_V1_2)           0.03       0.26 f
  U2516/CO (SAEDRVT14_ADDF_V2_2)           0.04       0.30 f
  U3545/S (SAEDRVT14_ADDF_V2_2)            0.03       0.33 r
  U3474/S (SAEDRVT14_ADDF_V1_2)            0.07       0.40 f
  U2285/X (SAEDRVT14_OR2_MM_20)            0.03       0.43 f
  U1517/X (SAEDRVT14_INV_12)               0.01       0.43 r
  U1437/X (SAEDRVT14_OAI21_V1_8)           0.01       0.44 f
  U1626/X (SAEDRVT14_NR2_MM_16)            0.01       0.45 r
  U1556/X (SAEDRVT14_ND2_MM_16)            0.01       0.46 f
  U3494/X (SAEDRVT14_NR2_MM_16)            0.01       0.47 r
  U2336/X (SAEDRVT14_BUF_20)               0.02       0.49 r
  U4789/X (SAEDRVT14_OAI21_V1_8)           0.01       0.50 f
  U4790/X (SAEDRVT14_EN2_4)                0.02       0.52 r
  out_data[61] (out)                       0.00       0.52 r
  data arrival time                                   0.52

  max_delay                                0.50       0.50
  output external delay                    0.00       0.50
  data required time                                  0.50
  -----------------------------------------------------------
  data required time                                  0.50
  data arrival time                                  -0.52
  -----------------------------------------------------------
  slack (VIOLATED)                                   -0.02


1
