 
****************************************
Report : timing
        -path full
        -delay max
        -max_paths 1
Design : fu_abs_32x2
Version: Y-2026.03-SP1
Date   : Tue Sep  8 22:30:52 2026
****************************************

Operating Conditions: tt0p8v25c   Library: saed14rvt_base_tt0p8v25c
Wire Load Model Mode: top

  Startpoint: in_data_0[31]
              (input port)
  Endpoint: out_data[29]
            (output port)
  Path Group: default
  Path Type: max

  Des/Clust/Port     Wire Load Model       Library
  ------------------------------------------------
  fu_abs_32x2        8000                  saed14rvt_base_tt0p8v25c

  Point                                    Incr       Path
  -----------------------------------------------------------
  input external delay                     0.00       0.00 r
  in_data_0[31] (in)                       0.00       0.00 r
  U215/X (SAEDRVT14_INV_S_1)               0.12       0.12 f
  U208/X (SAEDRVT14_OAI22_1)               0.13       0.25 r
  U469/X (SAEDRVT14_ND2_CDC_4)             0.05       0.30 f
  U206/X (SAEDRVT14_NR2_MM_3)              0.05       0.34 r
  U470/X (SAEDRVT14_ND2_MM_6)              0.03       0.38 f
  U227/X (SAEDRVT14_NR2_MM_12)             0.02       0.40 r
  U205/X (SAEDRVT14_ND2_CDC_4)             0.03       0.43 f
  U471/X (SAEDRVT14_NR2_MM_4)              0.04       0.47 r
  U225/X (SAEDRVT14_ND2_16)                0.02       0.49 f
  U472/X (SAEDRVT14_NR2_MM_4)              0.03       0.52 r
  U204/X (SAEDRVT14_ND2_5)                 0.03       0.56 f
  U228/X (SAEDRVT14_NR2_MM_12)             0.02       0.58 r
  U203/X (SAEDRVT14_ND2_5)                 0.03       0.61 f
  U202/X (SAEDRVT14_NR2_MM_10)             0.02       0.63 r
  U473/X (SAEDRVT14_ND2_MM_6)              0.03       0.66 f
  U229/X (SAEDRVT14_NR2_MM_12)             0.02       0.68 r
  U201/X (SAEDRVT14_ND2_5)                 0.03       0.71 f
  U230/X (SAEDRVT14_NR2_MM_12)             0.02       0.73 r
  U200/X (SAEDRVT14_ND2_5)                 0.03       0.76 f
  U231/X (SAEDRVT14_NR2_MM_12)             0.02       0.78 r
  U199/X (SAEDRVT14_ND2_5)                 0.03       0.80 f
  U198/X (SAEDRVT14_NR2_MM_10)             0.02       0.83 r
  U474/X (SAEDRVT14_ND2_MM_6)              0.03       0.85 f
  U226/X (SAEDRVT14_NR2_MM_12)             0.02       0.87 r
  U475/X (SAEDRVT14_ND2_CDC_4)             0.04       0.91 f
  U500/X (SAEDRVT14_OAI21_0P5)             0.05       0.96 r
  U501/X (SAEDRVT14_OAI22_1P5)             0.04       1.00 f
  out_data[29] (out)                       0.00       1.00 f
  data arrival time                                   1.00

  max_delay                                1.00       1.00
  output external delay                    0.00       1.00
  data required time                                  1.00
  -----------------------------------------------------------
  data required time                                  1.00
  data arrival time                                  -1.00
  -----------------------------------------------------------
  slack (MET)                                         0.00


1
