 
****************************************
Report : area
Design : fu_abs_32x2
Version: Y-2026.03-SP1
Date   : Tue Sep  8 22:30:52 2026
****************************************

Library(s) Used:

    saed14rvt_base_tt0p8v25c (File: /mnt/nas0/eda.libs/saed14/EDK_03_2025/SAED14nm_EDK_STD_RVT/liberty/nldm/base/saed14rvt_base_tt0p8v25c.db)

Number of ports:                          135
Number of nets:                           393
Number of cells:                          318
Number of combinational cells:            318
Number of sequential cells:                 0
Number of macros/black boxes:               0
Number of buf/inv:                         73
Number of references:                      43

Combinational area:                123.032398
Buf/Inv area:                       21.711600
Noncombinational area:               0.000000
Macro/Black Box area:                0.000000
Net Interconnect area:             190.799257

Total cell area:                   123.032398
Total area:                        313.831655
1
