 
****************************************
Report : area
Design : fu_fp_min_max_16x4
Version: Y-2026.03-SP1
Date   : Tue Sep  8 22:14:17 2026
****************************************

Library(s) Used:

    saed14rvt_base_tt0p8v25c (File: /mnt/nas0/eda.libs/saed14/EDK_03_2025/SAED14nm_EDK_STD_RVT/liberty/nldm/base/saed14rvt_base_tt0p8v25c.db)

Number of ports:                          204
Number of nets:                           485
Number of cells:                          350
Number of combinational cells:            350
Number of sequential cells:                 0
Number of macros/black boxes:               0
Number of buf/inv:                        116
Number of references:                      33

Combinational area:                106.737599
Buf/Inv area:                       22.111200
Noncombinational area:               0.000000
Macro/Black Box area:                0.000000
Net Interconnect area:             183.484442

Total cell area:                   106.737599
Total area:                        290.222041
1
