 
****************************************
Report : timing
        -path full
        -delay max
        -max_paths 1
Design : fu_fp_min_max_16x4
Version: Y-2026.03-SP1
Date   : Tue Sep  8 22:14:17 2026
****************************************

Operating Conditions: tt0p8v25c   Library: saed14rvt_base_tt0p8v25c
Wire Load Model Mode: top

  Startpoint: in_data_0[0]
              (input port)
  Endpoint: out_data[0]
            (output port)
  Path Group: default
  Path Type: max

  Des/Clust/Port     Wire Load Model       Library
  ------------------------------------------------
  fu_fp_min_max_16x4 8000                  saed14rvt_base_tt0p8v25c

  Point                                    Incr       Path
  -----------------------------------------------------------
  input external delay                     0.00       0.00 f
  in_data_0[0] (in)                        0.00       0.00 f
  U504/X (SAEDRVT14_INV_S_0P5)             0.08       0.08 r
  U506/X (SAEDRVT14_OA22_0P75)             0.05       0.13 r
  U507/X (SAEDRVT14_OAI22_0P5)             0.05       0.18 f
  U510/X (SAEDRVT14_AOI21_0P5)             0.05       0.24 r
  U426/X (SAEDRVT14_OAI22_1)               0.04       0.28 f
  U516/X (SAEDRVT14_AOI21_0P5)             0.05       0.32 r
  U427/X (SAEDRVT14_OAI22_1)               0.04       0.36 f
  U519/X (SAEDRVT14_AOI21_0P5)             0.05       0.41 r
  U533/X (SAEDRVT14_OAI21_0P5)             0.07       0.49 f
  U539/X (SAEDRVT14_OAI21_0P5)             0.05       0.54 r
  U540/X (SAEDRVT14_OAI21_0P5)             0.05       0.58 f
  U541/X (SAEDRVT14_EO2_4)                 0.07       0.66 f
  U542/X (SAEDRVT14_ND2_CDC_1)             0.04       0.70 r
  U429/X (SAEDRVT14_BUF_1)                 0.18       0.88 r
  U723/X (SAEDRVT14_OAI22_0P5)             0.12       1.00 f
  out_data[0] (out)                        0.00       1.00 f
  data arrival time                                   1.00

  max_delay                                1.00       1.00
  output external delay                    0.00       1.00
  data required time                                  1.00
  -----------------------------------------------------------
  data required time                                  1.00
  data arrival time                                  -1.00
  -----------------------------------------------------------
  slack (MET)                                         0.00


1
