 
****************************************
Report : timing
        -path full
        -delay max
        -max_paths 1
Design : fu_abs_a3
Version: Y-2026.03-SP1
Date   : Wed Sep 30 18:23:39 2026
****************************************

Operating Conditions: tt0p8v25c   Library: saed14rvt_base_tt0p8v25c
Wire Load Model Mode: top

  Startpoint: mode[0] (input port)
  Endpoint: out_data[42]
            (output port)
  Path Group: default
  Path Type: max

  Des/Clust/Port     Wire Load Model       Library
  ------------------------------------------------
  fu_abs_a3          8000                  saed14rvt_base_tt0p8v25c

  Point                                    Incr       Path
  -----------------------------------------------------------
  input external delay                     0.00       0.00 f
  mode[0] (in)                             0.00       0.00 f
  core/mode[0] (fu_abs_dec)                0.00       0.00 f
  core/U172/X (SAEDRVT14_INV_S_8)          0.00       0.00 r
  core/U173/X (SAEDRVT14_ND2_5)            0.02       0.03 f
  core/U157/X (SAEDRVT14_MUXI2_4)          0.05       0.08 f
  core/U20/X (SAEDRVT14_INV_S_10)          0.02       0.10 r
  core/U143/X (SAEDRVT14_EN2_1)            0.07       0.17 f
  core/U216/X (SAEDRVT14_NR2_MM_3)         0.06       0.23 r
  core/U217/X (SAEDRVT14_ND2_4)            0.03       0.26 f
  core/U219/X (SAEDRVT14_NR2_4)            0.03       0.29 r
  core/U18/X (SAEDRVT14_ND2_MM_6)          0.02       0.30 f
  core/U142/X (SAEDRVT14_OR2_1)            0.04       0.34 f
  core/U42/X (SAEDRVT14_NR2_MM_16)         0.01       0.36 r
  core/U221/X (SAEDRVT14_AN2_MM_12)        0.02       0.37 r
  core/U12/X (SAEDRVT14_INV_S_7)           0.02       0.39 f
  core/U222/X (SAEDRVT14_NR2_MM_1)         0.03       0.42 r
  core/U223/X (SAEDRVT14_EN2_1)            0.04       0.46 f
  core/U224/X (SAEDRVT14_MUX2_MM_0P5)      0.04       0.50 f
  core/out_data[42] (fu_abs_dec)           0.00       0.50 f
  out_data[42] (out)                       0.00       0.50 f
  data arrival time                                   0.50

  max_delay                                0.50       0.50
  output external delay                    0.00       0.50
  data required time                                  0.50
  -----------------------------------------------------------
  data required time                                  0.50
  data arrival time                                  -0.50
  -----------------------------------------------------------
  slack (MET)                                         0.00


1
