****************************************
Report : Averaged Power
Design : fu_add_sub_d8
Version: Y-2026.03-SP1
Date   : Wed Sep 30 18:46:07 2026
****************************************



  Attributes
  ----------
      i  -  Including register clock pin internal power
      u  -  User defined power group

                        Internal  Switching  Leakage    Total
Power Group             Power     Power      Power      Power   (     %)  Attrs
--------------------------------------------------------------------------------
clock_network              0.0000    0.0000    0.0000    0.0000 ( 0.00%)  i
register                   0.0000    0.0000    0.0000    0.0000 ( 0.00%)  
combinational           6.199e-04 3.345e-03 1.634e-07 3.965e-03 (100.00%) 
sequential                 0.0000    0.0000    0.0000    0.0000 ( 0.00%)  
memory                     0.0000    0.0000    0.0000    0.0000 ( 0.00%)  
io_pad                     0.0000    0.0000    0.0000    0.0000 ( 0.00%)  
black_box                  0.0000    0.0000    0.0000    0.0000 ( 0.00%)  

  Net Switching Power  = 3.345e-03   (84.36%)
  Cell Internal Power  = 6.199e-04   (15.64%)
  Cell Leakage Power   = 1.634e-07   ( 0.00%)
                         ---------
Total Power            = 3.965e-03  (100.00%)

1
