 
****************************************
Report : area
Design : fu_fp_min_max_dec_W32_MIN_LANE_W32
Version: Y-2026.03-SP1
Date   : Tue Sep 29 17:01:29 2026
****************************************

Library(s) Used:

    saed14rvt_base_tt0p8v25c (File: /mnt/nas0/eda.libs/saed14/EDK_03_2025/SAED14nm_EDK_STD_RVT/liberty/nldm/base/saed14rvt_base_tt0p8v25c.db)

Number of ports:                          108
Number of nets:                           422
Number of cells:                          354
Number of combinational cells:            354
Number of sequential cells:                 0
Number of macros/black boxes:               0
Number of buf/inv:                        117
Number of references:                      56

Combinational area:                339.704397
Buf/Inv area:                       88.577996
Noncombinational area:               0.000000
Macro/Black Box area:                0.000000
Net Interconnect area:             119.026738

Total cell area:                   339.704397
Total area:                        458.731135
1
