 
****************************************
Report : timing
        -path full
        -delay max
        -max_paths 1
Design : fu_fp_min_max_dec_W32_MIN_LANE_W32
Version: Y-2026.03-SP1
Date   : Tue Sep 29 17:01:29 2026
****************************************

Operating Conditions: tt0p8v25c   Library: saed14rvt_base_tt0p8v25c
Wire Load Model Mode: top

  Startpoint: in_data_0[23]
              (input port)
  Endpoint: out_data[5]
            (output port)
  Path Group: default
  Path Type: max

  Des/Clust/Port     Wire Load Model       Library
  ------------------------------------------------
  fu_fp_min_max_dec_W32_MIN_LANE_W32
                     8000                  saed14rvt_base_tt0p8v25c

  Point                                    Incr       Path
  -----------------------------------------------------------
  input external delay                     0.00       0.00 f
  in_data_0[23] (in)                       0.00       0.00 f
  U358/X (SAEDRVT14_INV_S_20)              0.00       0.00 r
  U282/X (SAEDRVT14_OAI22_4)               0.02       0.02 f
  U281/X (SAEDRVT14_NR2_MM_10)             0.01       0.03 r
  U408/X (SAEDRVT14_ND2_MM_10)             0.01       0.04 f
  U407/X (SAEDRVT14_AOI21_8)               0.01       0.05 r
  U417/X (SAEDRVT14_ND2_16)                0.01       0.06 f
  U306/X (SAEDRVT14_ND2_8)                 0.01       0.07 r
  U305/X (SAEDRVT14_ND2_16)                0.01       0.08 f
  U279/X (SAEDRVT14_NR2_MM_16)             0.01       0.09 r
  U278/X (SAEDRVT14_ND2_16)                0.01       0.10 f
  U399/X (SAEDRVT14_ND2_MM_10)             0.01       0.11 r
  U398/X (SAEDRVT14_INV_S_16)              0.01       0.13 f
  U515/X (SAEDRVT14_INV_S_20)              0.01       0.14 r
  U518/X (SAEDRVT14_OAI22_4)               0.01       0.15 f
  out_data[5] (out)                        0.00       0.15 f
  data arrival time                                   0.15

  max_delay                                0.01       0.01
  output external delay                    0.00       0.01
  data required time                                  0.01
  -----------------------------------------------------------
  data required time                                  0.01
  data arrival time                                  -0.15
  -----------------------------------------------------------
  slack (VIOLATED)                                   -0.14


1
