****************************************
Report : Averaged Power
Design : fu_add_sub_32x2
Version: Y-2026.03-SP1
Date   : Wed Sep 30 18:46:00 2026
****************************************



  Attributes
  ----------
      i  -  Including register clock pin internal power
      u  -  User defined power group

                        Internal  Switching  Leakage    Total
Power Group             Power     Power      Power      Power   (     %)  Attrs
--------------------------------------------------------------------------------
clock_network              0.0000    0.0000    0.0000    0.0000 ( 0.00%)  i
register                   0.0000    0.0000    0.0000    0.0000 ( 0.00%)  
combinational           2.082e-04 1.697e-03 8.597e-08 1.905e-03 (100.00%) 
sequential                 0.0000    0.0000    0.0000    0.0000 ( 0.00%)  
memory                     0.0000    0.0000    0.0000    0.0000 ( 0.00%)  
io_pad                     0.0000    0.0000    0.0000    0.0000 ( 0.00%)  
black_box                  0.0000    0.0000    0.0000    0.0000 ( 0.00%)  

  Net Switching Power  = 1.697e-03   (89.07%)
  Cell Internal Power  = 2.082e-04   (10.93%)
  Cell Leakage Power   = 8.597e-08   ( 0.00%)
                         ---------
Total Power            = 1.905e-03  (100.00%)

1
