 
****************************************
Report : timing
        -path full
        -delay max
        -max_paths 1
Design : fu_add_sub_64
Version: Y-2026.03-SP1
Date   : Tue Sep  8 23:02:55 2026
****************************************

Operating Conditions: tt0p8v25c   Library: saed14rvt_base_tt0p8v25c
Wire Load Model Mode: top

  Startpoint: op_sel[0] (input port)
  Endpoint: out_data[30]
            (output port)
  Path Group: default
  Path Type: max

  Des/Clust/Port     Wire Load Model       Library
  ------------------------------------------------
  fu_add_sub_64      8000                  saed14rvt_base_tt0p8v25c

  Point                                    Incr       Path
  -----------------------------------------------------------
  input external delay                     0.00       0.00 f
  op_sel[0] (in)                           0.00       0.00 f
  U69/X (SAEDRVT14_EO2_1)                  0.05       0.05 r
  U161/X (SAEDRVT14_ND2_CDC_1)             0.06       0.11 f
  U223/X (SAEDRVT14_OAI21_1)               0.08       0.19 r
  U31/X (SAEDRVT14_AOI21_0P5)              0.06       0.25 f
  U225/X (SAEDRVT14_OAI21_V1_4)            0.03       0.28 r
  U236/X (SAEDRVT14_AOI21_V1_4)            0.03       0.31 f
  U237/X (SAEDRVT14_INV_4)                 0.04       0.35 r
  U375/X (SAEDRVT14_AOI21_1P5)             0.04       0.39 f
  U376/X (SAEDRVT14_INV_S_2)               0.04       0.44 r
  U382/X (SAEDRVT14_AOI21_1P5)             0.04       0.48 f
  U386/X (SAEDRVT14_INV_S_3)               0.03       0.51 r
  U387/X (SAEDRVT14_AOI21_1P5)             0.04       0.54 f
  U388/X (SAEDRVT14_OAI21_1)               0.04       0.58 r
  U391/X (SAEDRVT14_EN2_2)                 0.04       0.62 f
  out_data[30] (out)                       0.00       0.62 f
  data arrival time                                   0.62

  max_delay                                0.62       0.62
  output external delay                    0.00       0.62
  data required time                                  0.62
  -----------------------------------------------------------
  data required time                                  0.62
  data arrival time                                  -0.62
  -----------------------------------------------------------
  slack (MET)                                         0.00


1
