 
****************************************
Report : timing
        -path full
        -delay max
        -max_paths 1
Design : fu_abs_a1
Version: Y-2026.03-SP1
Date   : Tue Sep  8 22:30:23 2026
****************************************

Operating Conditions: tt0p8v25c   Library: saed14rvt_base_tt0p8v25c
Wire Load Model Mode: top

  Startpoint: in_data_0[63]
              (input port)
  Endpoint: out_data[53]
            (output port)
  Path Group: default
  Path Type: max

  Des/Clust/Port     Wire Load Model       Library
  ------------------------------------------------
  fu_abs_a1          8000                  saed14rvt_base_tt0p8v25c

  Point                                    Incr       Path
  -----------------------------------------------------------
  input external delay                     0.00       0.00 r
  in_data_0[63] (in)                       0.00       0.00 r
  core/in_data_0[63] (fu_abs_dec)          0.00       0.00 r
  core/U297/X (SAEDRVT14_EN2_1)            0.07       0.07 f
  core/U30/X (SAEDRVT14_NR2_1P5)           0.08       0.15 r
  core/U299/X (SAEDRVT14_ND2_1)            0.05       0.20 f
  core/U92/X (SAEDRVT14_NR2_MM_1)          0.06       0.26 r
  core/U101/X (SAEDRVT14_ND2_CDC_1)        0.07       0.33 f
  core/U209/X (SAEDRVT14_OR2_1)            0.05       0.38 f
  core/U322/X (SAEDRVT14_NR2_MM_16)        0.02       0.39 r
  core/U324/X (SAEDRVT14_ND2_MM_16)        0.01       0.40 f
  core/U20/X (SAEDRVT14_INV_S_16)          0.01       0.41 r
  core/U326/X (SAEDRVT14_INV_S_2)          0.02       0.43 f
  core/U47/X (SAEDRVT14_NR2_MM_4)          0.01       0.44 r
  core/U9/X (SAEDRVT14_EN2_3)              0.03       0.47 f
  core/U335/X (SAEDRVT14_MUX2_MM_0P5)      0.03       0.50 f
  core/out_data[53] (fu_abs_dec)           0.00       0.50 f
  out_data[53] (out)                       0.00       0.50 f
  data arrival time                                   0.50

  max_delay                                0.50       0.50
  output external delay                    0.00       0.50
  data required time                                  0.50
  -----------------------------------------------------------
  data required time                                  0.50
  data arrival time                                  -0.50
  -----------------------------------------------------------
  slack (MET)                                         0.00


1
