 
****************************************
Report : area
Design : fu_abs_a1
Version: Y-2026.03-SP1
Date   : Tue Sep  8 22:30:23 2026
****************************************

Library(s) Used:

    saed14rvt_base_tt0p8v25c (File: /mnt/nas0/eda.libs/saed14/EDK_03_2025/SAED14nm_EDK_STD_RVT/liberty/nldm/base/saed14rvt_base_tt0p8v25c.db)

Number of ports:                          272
Number of nets:                           567
Number of cells:                          364
Number of combinational cells:            363
Number of sequential cells:                 0
Number of macros/black boxes:               0
Number of buf/inv:                         56
Number of references:                       1

Combinational area:                174.270001
Buf/Inv area:                       16.339200
Noncombinational area:               0.000000
Macro/Black Box area:                0.000000
Net Interconnect area:             198.602171

Total cell area:                   174.270001
Total area:                        372.872172
1
