 
****************************************
Report : timing
        -path full
        -delay max
        -max_paths 1
Design : fu_cmp_64
Version: Y-2026.03-SP1
Date   : Wed Sep 30 12:15:18 2026
****************************************

Operating Conditions: tt0p8v25c   Library: saed14rvt_base_tt0p8v25c
Wire Load Model Mode: top

  Startpoint: in_data_1[33]
              (input port)
  Endpoint: out_data[0]
            (output port)
  Path Group: default
  Path Type: max

  Des/Clust/Port     Wire Load Model       Library
  ------------------------------------------------
  fu_cmp_64          8000                  saed14rvt_base_tt0p8v25c

  Point                                    Incr       Path
  -----------------------------------------------------------
  input external delay                     0.00       0.00 r
  in_data_1[33] (in)                       0.00       0.00 r
  U115/X (SAEDRVT14_EO2_V1_1P5)            0.04       0.04 r
  U274/X (SAEDRVT14_INV_0P75)              0.03       0.07 f
  U28/X (SAEDRVT14_AOI21_0P5)              0.07       0.14 r
  U278/X (SAEDRVT14_AOI21_1P5)             0.04       0.18 f
  U29/X (SAEDRVT14_OAI21_0P5)              0.04       0.22 r
  U26/X (SAEDRVT14_AOI21_0P5)              0.04       0.25 f
  U284/X (SAEDRVT14_OA31_2)                0.04       0.29 f
  U285/X (SAEDRVT14_AOI21_1)               0.03       0.32 r
  U286/X (SAEDRVT14_OAI21_1)               0.04       0.36 f
  U287/X (SAEDRVT14_AOI21_1)               0.07       0.43 r
  U295/X (SAEDRVT14_AO32_2)                0.05       0.47 r
  U62/X (SAEDRVT14_OAI22_1)                0.03       0.50 f
  U63/X (SAEDRVT14_OR4_1)                  0.04       0.54 f
  U64/X (SAEDRVT14_AO32_1)                 0.06       0.60 f
  U313/X (SAEDRVT14_AOI21_1)               0.07       0.67 r
  U320/X (SAEDRVT14_ND3B_2)                0.03       0.70 f
  U321/X (SAEDRVT14_OAI22_1)               0.03       0.73 r
  U322/X (SAEDRVT14_AOI21_1)               0.05       0.78 f
  U66/X (SAEDRVT14_OAI22_3)                0.12       0.90 r
  U325/X (SAEDRVT14_BUF_S_2)               0.10       1.00 r
  out_data[0] (out)                        0.00       1.00 r
  data arrival time                                   1.00

  max_delay                                1.00       1.00
  output external delay                    0.00       1.00
  data required time                                  1.00
  -----------------------------------------------------------
  data required time                                  1.00
  data arrival time                                  -1.00
  -----------------------------------------------------------
  slack (MET)                                         0.00


1
