****************************************
Report : Averaged Power
Design : fu_rounding_g2
Version: Y-2026.03-SP1
Date   : Wed Sep 30 18:52:16 2026
****************************************



  Attributes
  ----------
      i  -  Including register clock pin internal power
      u  -  User defined power group

                        Internal  Switching  Leakage    Total
Power Group             Power     Power      Power      Power   (     %)  Attrs
--------------------------------------------------------------------------------
clock_network              0.0000    0.0000    0.0000    0.0000 ( 0.00%)  i
register                   0.0000    0.0000    0.0000    0.0000 ( 0.00%)  
combinational           1.568e-03 6.410e-03 1.341e-06 7.979e-03 (100.00%) 
sequential                 0.0000    0.0000    0.0000    0.0000 ( 0.00%)  
memory                     0.0000    0.0000    0.0000    0.0000 ( 0.00%)  
io_pad                     0.0000    0.0000    0.0000    0.0000 ( 0.00%)  
black_box                  0.0000    0.0000    0.0000    0.0000 ( 0.00%)  

  Net Switching Power  = 6.410e-03   (80.33%)
  Cell Internal Power  = 1.568e-03   (19.65%)
  Cell Leakage Power   = 1.341e-06   ( 0.02%)
                         ---------
Total Power            = 7.979e-03  (100.00%)

1
