****************************************
Report : Averaged Power
Design : fu_add_sub_64
Version: Y-2026.03-SP1
Date   : Wed Sep 30 18:45:49 2026
****************************************



  Attributes
  ----------
      i  -  Including register clock pin internal power
      u  -  User defined power group

                        Internal  Switching  Leakage    Total
Power Group             Power     Power      Power      Power   (     %)  Attrs
--------------------------------------------------------------------------------
clock_network              0.0000    0.0000    0.0000    0.0000 ( 0.00%)  i
register                   0.0000    0.0000    0.0000    0.0000 ( 0.00%)  
combinational           1.152e-04 8.743e-04 6.412e-08 9.896e-04 (100.00%) 
sequential                 0.0000    0.0000    0.0000    0.0000 ( 0.00%)  
memory                     0.0000    0.0000    0.0000    0.0000 ( 0.00%)  
io_pad                     0.0000    0.0000    0.0000    0.0000 ( 0.00%)  
black_box                  0.0000    0.0000    0.0000    0.0000 ( 0.00%)  

  Net Switching Power  = 8.743e-04   (88.35%)
  Cell Internal Power  = 1.152e-04   (11.64%)
  Cell Leakage Power   = 6.412e-08   ( 0.01%)
                         ---------
Total Power            = 9.896e-04  (100.00%)

1
