 
****************************************
Report : area
Design : fu_fp_cmp_64
Version: Y-2026.03-SP1
Date   : Tue Sep  8 22:15:18 2026
****************************************

Library(s) Used:

    saed14rvt_base_tt0p8v25c (File: /mnt/nas0/eda.libs/saed14/EDK_03_2025/SAED14nm_EDK_STD_RVT/liberty/nldm/base/saed14rvt_base_tt0p8v25c.db)

Number of ports:                          204
Number of nets:                           484
Number of cells:                          349
Number of combinational cells:            349
Number of sequential cells:                 0
Number of macros/black boxes:               0
Number of buf/inv:                        106
Number of references:                      38

Combinational area:                111.133199
Buf/Inv area:                       24.064800
Noncombinational area:               0.000000
Macro/Black Box area:                0.000000
Net Interconnect area:             164.076808

Total cell area:                   111.133199
Total area:                        275.210007
1
