 
****************************************
Report : timing
        -path full
        -delay max
        -max_paths 1
Design : fu_min_max_16x4
Version: Y-2026.03-SP1
Date   : Tue Sep  8 22:11:35 2026
****************************************

Operating Conditions: tt0p8v25c   Library: saed14rvt_base_tt0p8v25c
Wire Load Model Mode: top

  Startpoint: in_data_0[50]
              (input port)
  Endpoint: out_data[48]
            (output port)
  Path Group: default
  Path Type: max

  Des/Clust/Port     Wire Load Model       Library
  ------------------------------------------------
  fu_min_max_16x4    8000                  saed14rvt_base_tt0p8v25c

  Point                                    Incr       Path
  -----------------------------------------------------------
  input external delay                     0.00       0.00 f
  in_data_0[50] (in)                       0.00       0.00 f
  U527/X (SAEDRVT14_INV_S_0P5)             0.05       0.05 r
  U332/X (SAEDRVT14_OAI22_1P5)             0.04       0.10 f
  U364/X (SAEDRVT14_OAI21_0P5)             0.04       0.13 r
  U362/X (SAEDRVT14_AOI21_0P5)             0.04       0.17 f
  U378/X (SAEDRVT14_OAI21_0P5)             0.04       0.21 r
  U375/X (SAEDRVT14_AOI21_1P5)             0.03       0.23 f
  U392/X (SAEDRVT14_OAI21_0P5)             0.03       0.27 r
  U301/X (SAEDRVT14_AOI21_1P5)             0.03       0.30 f
  U320/X (SAEDRVT14_OAI21_1)               0.04       0.33 r
  U300/X (SAEDRVT14_AOI21_V1_4)            0.03       0.36 f
  U324/X (SAEDRVT14_OAI21_V1_8)            0.01       0.38 r
  U342/X (SAEDRVT14_EO2_4)                 0.04       0.42 f
  U343/X (SAEDRVT14_INV_S_20)              0.03       0.45 r
  U502/X (SAEDRVT14_MUX2_MM_0P5)           0.05       0.50 f
  out_data[48] (out)                       0.00       0.50 f
  data arrival time                                   0.50

  max_delay                                0.50       0.50
  output external delay                    0.00       0.50
  data required time                                  0.50
  -----------------------------------------------------------
  data required time                                  0.50
  data arrival time                                  -0.50
  -----------------------------------------------------------
  slack (MET)                                         0.00


1
