 
****************************************
Report : area
Design : fu_min_max_16x4
Version: Y-2026.03-SP1
Date   : Tue Sep  8 22:11:35 2026
****************************************

Library(s) Used:

    saed14rvt_base_tt0p8v25c (File: /mnt/nas0/eda.libs/saed14/EDK_03_2025/SAED14nm_EDK_STD_RVT/liberty/nldm/base/saed14rvt_base_tt0p8v25c.db)

Number of ports:                          205
Number of nets:                           439
Number of cells:                          303
Number of combinational cells:            303
Number of sequential cells:                 0
Number of macros/black boxes:               0
Number of buf/inv:                        102
Number of references:                      34

Combinational area:                 99.589200
Buf/Inv area:                       21.001200
Noncombinational area:               0.000000
Macro/Black Box area:                0.000000
Net Interconnect area:             130.407665

Total cell area:                    99.589200
Total area:                        229.996865
1
