****************************************
Report : Averaged Power
Design : fu_rounding_32x2
Version: Y-2026.03-SP1
Date   : Wed Sep 30 18:52:20 2026
****************************************



  Attributes
  ----------
      i  -  Including register clock pin internal power
      u  -  User defined power group

                        Internal  Switching  Leakage    Total
Power Group             Power     Power      Power      Power   (     %)  Attrs
--------------------------------------------------------------------------------
clock_network              0.0000    0.0000    0.0000    0.0000 ( 0.00%)  i
register                   0.0000    0.0000    0.0000    0.0000 ( 0.00%)  
combinational           7.319e-04 4.181e-03 4.548e-07 4.914e-03 (100.00%) 
sequential                 0.0000    0.0000    0.0000    0.0000 ( 0.00%)  
memory                     0.0000    0.0000    0.0000    0.0000 ( 0.00%)  
io_pad                     0.0000    0.0000    0.0000    0.0000 ( 0.00%)  
black_box                  0.0000    0.0000    0.0000    0.0000 ( 0.00%)  

  Net Switching Power  = 4.181e-03   (85.10%)
  Cell Internal Power  = 7.319e-04   (14.90%)
  Cell Leakage Power   = 4.548e-07   ( 0.01%)
                         ---------
Total Power            = 4.914e-03  (100.00%)

1
