 
****************************************
Report : timing
        -path full
        -delay max
        -max_paths 1
Design : fu_add_sub_d4
Version: Y-2026.03-SP1
Date   : Tue Sep  8 21:19:38 2026
****************************************

Operating Conditions: tt0p8v25c   Library: saed14rvt_base_tt0p8v25c
Wire Load Model Mode: top

  Startpoint: mode[1] (input port)
  Endpoint: out_data[59]
            (output port)
  Path Group: default
  Path Type: max

  Des/Clust/Port     Wire Load Model       Library
  ------------------------------------------------
  fu_add_sub_d4      8000                  saed14rvt_base_tt0p8v25c

  Point                                                   Incr       Path
  --------------------------------------------------------------------------
  input external delay                                    0.00       0.00 f
  mode[1] (in)                                            0.00       0.00 f
  core/mode[1] (fu_add_sub_dec_EN321_EN161_EN80)          0.00       0.00 f
  core/U48/X (SAEDRVT14_INV_S_1)                          0.01       0.01 r
  core/U102/X (SAEDRVT14_ND2_CDC_2)                       0.02       0.03 f
  core/U105/X (SAEDRVT14_ND2_0P5)                         0.04       0.07 r
  core/U106/X (SAEDRVT14_MUXI2_4)                         0.04       0.11 f
  core/U63/X (SAEDRVT14_INV_S_8)                          0.03       0.14 r
  core/U145/X (SAEDRVT14_EO2_1)                           0.06       0.20 f
  core/U54/X (SAEDRVT14_ND2_CDC_1)                        0.08       0.27 r
  core/U270/X (SAEDRVT14_OAI21_0P5)                       0.11       0.39 f
  core/U276/X (SAEDRVT14_AOI21_0P5)                       0.11       0.49 r
  core/U78/X (SAEDRVT14_OAI21_0P5)                        0.09       0.58 f
  core/U280/X (SAEDRVT14_AOI21_0P5)                       0.09       0.68 r
  core/U282/X (SAEDRVT14_OAI21_0P5)                       0.09       0.76 f
  core/U285/X (SAEDRVT14_AO21_1)                          0.04       0.81 f
  core/U286/X (SAEDRVT14_AO21_2)                          0.03       0.83 f
  core/U287/X (SAEDRVT14_MUX2_MM_4)                       0.06       0.89 f
  core/U6/X (SAEDRVT14_AOI21_V1_8)                        0.03       0.91 r
  core/U303/X (SAEDRVT14_INV_S_10)                        0.03       0.94 f
  core/U316/X (SAEDRVT14_AOI21_V1_4)                      0.02       0.96 r
  core/U317/X (SAEDRVT14_EO2_1)                           0.04       1.00 f
  core/out_data[59] (fu_add_sub_dec_EN321_EN161_EN80)     0.00       1.00 f
  out_data[59] (out)                                      0.00       1.00 f
  data arrival time                                                  1.00

  max_delay                                               1.00       1.00
  output external delay                                   0.00       1.00
  data required time                                                 1.00
  --------------------------------------------------------------------------
  data required time                                                 1.00
  data arrival time                                                 -1.00
  --------------------------------------------------------------------------
  slack (MET)                                                        0.00


1
