 
****************************************
Report : area
Design : fu_mult_karatsuba_64
Version: Y-2026.03-SP1
Date   : Fri Sep 11 12:31:29 2026
****************************************

Library(s) Used:

    saed14rvt_base_tt0p8v25c (File: /mnt/nas0/eda.libs/saed14/EDK_03_2025/SAED14nm_EDK_STD_RVT/liberty/nldm/base/saed14rvt_base_tt0p8v25c.db)

Number of ports:                          456
Number of nets:                          9433
Number of cells:                         8054
Number of combinational cells:           8052
Number of sequential cells:                 0
Number of macros/black boxes:               0
Number of buf/inv:                       1492
Number of references:                     146

Combinational area:               4830.142764
Buf/Inv area:                      554.777992
Noncombinational area:               0.000000
Macro/Black Box area:                0.000000
Net Interconnect area:            3484.962743

Total cell area:                  4830.142764
Total area:                       8315.105507
1
