 
****************************************
Report : timing
        -path full
        -delay max
        -max_paths 1
Design : fu_fp_min_max_16x4
Version: Y-2026.03-SP1
Date   : Tue Sep  8 22:14:48 2026
****************************************

Operating Conditions: tt0p8v25c   Library: saed14rvt_base_tt0p8v25c
Wire Load Model Mode: top

  Startpoint: in_data_1[53]
              (input port)
  Endpoint: out_data[48]
            (output port)
  Path Group: default
  Path Type: max

  Des/Clust/Port     Wire Load Model       Library
  ------------------------------------------------
  fu_fp_min_max_16x4 8000                  saed14rvt_base_tt0p8v25c

  Point                                    Incr       Path
  -----------------------------------------------------------
  input external delay                     0.00       0.00 r
  in_data_1[53] (in)                       0.00       0.00 r
  U581/X (SAEDRVT14_INV_0P75)              0.03       0.03 f
  U582/X (SAEDRVT14_OAI22_0P5)             0.12       0.14 r
  U583/X (SAEDRVT14_OAI22_3)               0.04       0.18 f
  U585/X (SAEDRVT14_AOI21_0P5)             0.05       0.23 r
  U587/X (SAEDRVT14_OAI22_4)               0.03       0.26 f
  U588/X (SAEDRVT14_AOI21_8)               0.02       0.28 r
  U593/X (SAEDRVT14_OAI21_V1_8)            0.02       0.30 f
  U595/X (SAEDRVT14_OAI21_V1_4)            0.02       0.32 r
  U596/X (SAEDRVT14_OAI21_V1_4)            0.02       0.34 f
  U597/X (SAEDRVT14_EO2_3)                 0.03       0.37 r
  U598/X (SAEDRVT14_BUF_20)                0.02       0.39 r
  U599/X (SAEDRVT14_INV_S_20)              0.02       0.41 f
  U697/X (SAEDRVT14_ND2_MM_10)             0.03       0.44 r
  U698/X (SAEDRVT14_OAI22_0P5)             0.06       0.50 f
  out_data[48] (out)                       0.00       0.50 f
  data arrival time                                   0.50

  max_delay                                0.50       0.50
  output external delay                    0.00       0.50
  data required time                                  0.50
  -----------------------------------------------------------
  data required time                                  0.50
  data arrival time                                  -0.50
  -----------------------------------------------------------
  slack (MET)                                         0.00


1
