 
****************************************
Report : area
Design : fu_fp_min_max_16x4
Version: Y-2026.03-SP1
Date   : Tue Sep  8 22:14:48 2026
****************************************

Library(s) Used:

    saed14rvt_base_tt0p8v25c (File: /mnt/nas0/eda.libs/saed14/EDK_03_2025/SAED14nm_EDK_STD_RVT/liberty/nldm/base/saed14rvt_base_tt0p8v25c.db)

Number of ports:                          204
Number of nets:                           486
Number of cells:                          351
Number of combinational cells:            351
Number of sequential cells:                 0
Number of macros/black boxes:               0
Number of buf/inv:                        117
Number of references:                      56

Combinational area:                135.997199
Buf/Inv area:                       31.568400
Noncombinational area:               0.000000
Macro/Black Box area:                0.000000
Net Interconnect area:             184.631560

Total cell area:                   135.997199
Total area:                        320.628759
1
