 
****************************************
Report : area
Design : fu_mult_16x4
Version: Y-2026.03-SP1
Date   : Tue Sep  8 22:08:03 2026
****************************************

Library(s) Used:

    saed14rvt_base_tt0p8v25c (File: /mnt/nas0/eda.libs/saed14/EDK_03_2025/SAED14nm_EDK_STD_RVT/liberty/nldm/base/saed14rvt_base_tt0p8v25c.db)

Number of ports:                          200
Number of nets:                          1665
Number of cells:                         1174
Number of combinational cells:           1174
Number of sequential cells:                 0
Number of macros/black boxes:               0
Number of buf/inv:                        108
Number of references:                      30

Combinational area:                600.021581
Buf/Inv area:                       22.422000
Noncombinational area:               0.000000
Macro/Black Box area:                0.000000
Net Interconnect area:             551.115774

Total cell area:                   600.021581
Total area:                       1151.137355
1
