 
****************************************
Report : area
Design : fu_fp_cmp_g3
Version: Y-2026.03-SP1
Date   : Wed Sep 30 12:22:30 2026
****************************************

Library(s) Used:

    saed14rvt_base_tt0p8v25c (File: /mnt/nas0/eda.libs/saed14/EDK_03_2025/SAED14nm_EDK_STD_RVT/liberty/nldm/base/saed14rvt_base_tt0p8v25c.db)

Number of ports:                          412
Number of nets:                           762
Number of cells:                          423
Number of combinational cells:            422
Number of sequential cells:                 0
Number of macros/black boxes:               0
Number of buf/inv:                        122
Number of references:                       1

Combinational area:                124.319999
Buf/Inv area:                       23.576400
Noncombinational area:               0.000000
Macro/Black Box area:                0.000000
Net Interconnect area:             204.441740

Total cell area:                   124.319999
Total area:                        328.761739
1
