****************************************
Report : Averaged Power
Design : fu_abs_a2
Version: Y-2026.03-SP1
Date   : Wed Sep 30 18:48:37 2026
****************************************



  Attributes
  ----------
      i  -  Including register clock pin internal power
      u  -  User defined power group

                        Internal  Switching  Leakage    Total
Power Group             Power     Power      Power      Power   (     %)  Attrs
--------------------------------------------------------------------------------
clock_network              0.0000    0.0000    0.0000    0.0000 ( 0.00%)  i
register                   0.0000    0.0000    0.0000    0.0000 ( 0.00%)  
combinational           1.126e-04 5.335e-04 6.569e-08 6.461e-04 (100.00%) 
sequential                 0.0000    0.0000    0.0000    0.0000 ( 0.00%)  
memory                     0.0000    0.0000    0.0000    0.0000 ( 0.00%)  
io_pad                     0.0000    0.0000    0.0000    0.0000 ( 0.00%)  
black_box                  0.0000    0.0000    0.0000    0.0000 ( 0.00%)  

  Net Switching Power  = 5.335e-04   (82.57%)
  Cell Internal Power  = 1.126e-04   (17.42%)
  Cell Leakage Power   = 6.569e-08   ( 0.01%)
                         ---------
Total Power            = 6.461e-04  (100.00%)

1
