****************************************
Report : Averaged Power
Design : fu_bshift_bs2
Version: Y-2026.03-SP1
Date   : Wed Sep 30 18:49:36 2026
****************************************



  Attributes
  ----------
      i  -  Including register clock pin internal power
      u  -  User defined power group

                        Internal  Switching  Leakage    Total
Power Group             Power     Power      Power      Power   (     %)  Attrs
--------------------------------------------------------------------------------
clock_network              0.0000    0.0000    0.0000    0.0000 ( 0.00%)  i
register                   0.0000    0.0000    0.0000    0.0000 ( 0.00%)  
combinational           9.207e-04 7.920e-03 3.129e-07 8.841e-03 (100.00%) 
sequential                 0.0000    0.0000    0.0000    0.0000 ( 0.00%)  
memory                     0.0000    0.0000    0.0000    0.0000 ( 0.00%)  
io_pad                     0.0000    0.0000    0.0000    0.0000 ( 0.00%)  
black_box                  0.0000    0.0000    0.0000    0.0000 ( 0.00%)  

  Net Switching Power  = 7.920e-03   (89.58%)
  Cell Internal Power  = 9.207e-04   (10.41%)
  Cell Leakage Power   = 3.129e-07   ( 0.00%)
                         ---------
Total Power            = 8.841e-03  (100.00%)

1
