 
****************************************
Report : area
Design : fu_fp_cmp_g3
Version: Y-2026.03-SP1
Date   : Tue Sep 29 15:14:15 2026
****************************************

Library(s) Used:

    saed14rvt_base_tt0p8v25c (File: /mnt/nas0/eda.libs/saed14/EDK_03_2025/SAED14nm_EDK_STD_RVT/liberty/nldm/base/saed14rvt_base_tt0p8v25c.db)

Number of ports:                          412
Number of nets:                           834
Number of cells:                          494
Number of combinational cells:            493
Number of sequential cells:                 0
Number of macros/black boxes:               0
Number of buf/inv:                        146
Number of references:                       1

Combinational area:                161.393999
Buf/Inv area:                       30.591600
Noncombinational area:               0.000000
Macro/Black Box area:                0.000000
Net Interconnect area:             208.960326

Total cell area:                   161.393999
Total area:                        370.354325
1
