 
****************************************
Report : area
Design : fu_min_max_m2
Version: Y-2026.03-SP1
Date   : Wed Sep 30 12:11:21 2026
****************************************

Library(s) Used:

    saed14rvt_base_tt0p8v25c (File: /mnt/nas0/eda.libs/saed14/EDK_03_2025/SAED14nm_EDK_STD_RVT/liberty/nldm/base/saed14rvt_base_tt0p8v25c.db)

Number of ports:                          414
Number of nets:                           702
Number of cells:                          364
Number of combinational cells:            363
Number of sequential cells:                 0
Number of macros/black boxes:               0
Number of buf/inv:                        154
Number of references:                       1

Combinational area:                113.486398
Buf/Inv area:                       31.301999
Noncombinational area:               0.000000
Macro/Black Box area:                0.000000
Net Interconnect area:             157.345331

Total cell area:                   113.486398
Total area:                        270.831728
1
