 
****************************************
Report : area
Design : fu_fp_min_max_m1
Version: Y-2026.03-SP1
Date   : Tue Sep 29 13:55:29 2026
****************************************

Library(s) Used:

    saed14rvt_base_tt0p8v25c (File: /mnt/nas0/eda.libs/saed14/EDK_03_2025/SAED14nm_EDK_STD_RVT/liberty/nldm/base/saed14rvt_base_tt0p8v25c.db)

Number of ports:                          410
Number of nets:                           739
Number of cells:                          407
Number of combinational cells:            406
Number of sequential cells:                 0
Number of macros/black boxes:               0
Number of buf/inv:                        140
Number of references:                       1

Combinational area:                116.771998
Buf/Inv area:                       29.392799
Noncombinational area:               0.000000
Macro/Black Box area:                0.000000
Net Interconnect area:             195.043381

Total cell area:                   116.771998
Total area:                        311.815379
1
