 
****************************************
Report : timing
        -path full
        -delay max
        -max_paths 1
Design : fu_fp_minmax_revised_shared64_32
Version: Y-2026.03-SP1
Date   : Tue Sep 29 13:35:20 2026
****************************************

Operating Conditions: tt0p8v25c   Library: saed14rvt_base_tt0p8v25c
Wire Load Model Mode: top

  Startpoint: in_data_0[4]
              (input port)
  Endpoint: out_data[54]
            (output port)
  Path Group: default
  Path Type: max

  Des/Clust/Port     Wire Load Model       Library
  ------------------------------------------------
  fu_fp_minmax_revised_shared64_32
                     8000                  saed14rvt_base_tt0p8v25c

  Point                                                   Incr       Path
  --------------------------------------------------------------------------
  input external delay                                    0.00       0.00 f
  in_data_0[4] (in)                                       0.00       0.00 f
  core_inst/in_data_0[4] (fu_fp_min_max_dec_W64_MIN_LANE_W32)
                                                          0.00       0.00 f
  core_inst/U302/X (SAEDRVT14_INV_S_20)                   0.00       0.00 r
  core_inst/U398/X (SAEDRVT14_OAI22_4)                    0.02       0.02 f
  core_inst/U272/X (SAEDRVT14_NR2_MM_10)                  0.01       0.03 r
  core_inst/U396/X (SAEDRVT14_ND2_MM_10)                  0.01       0.04 f
  core_inst/U578/X (SAEDRVT14_OAI21_V1_8)                 0.01       0.05 r
  core_inst/U389/X (SAEDRVT14_ND2_MM_10)                  0.01       0.06 f
  core_inst/U387/X (SAEDRVT14_ND2_MM_16)                  0.01       0.07 r
  core_inst/U205/X (SAEDRVT14_ND2_MM_16)                  0.01       0.08 f
  core_inst/U269/X (SAEDRVT14_INV_S_20)                   0.01       0.08 r
  core_inst/U605/X (SAEDRVT14_ND2_MM_16)                  0.01       0.09 f
  core_inst/U394/X (SAEDRVT14_ND2_MM_16)                  0.01       0.10 r
  core_inst/U393/X (SAEDRVT14_AOI21_8)                    0.02       0.12 f
  core_inst/U391/X (SAEDRVT14_ND2_MM_16)                  0.01       0.13 r
  core_inst/U390/X (SAEDRVT14_BUF_20)                     0.02       0.15 r
  core_inst/U659/X (SAEDRVT14_INV_S_20)                   0.01       0.16 f
  core_inst/U815/X (SAEDRVT14_MUX2_MM_4)                  0.03       0.18 r
  core_inst/U337/X (SAEDRVT14_ND2_MM_6)                   0.01       0.19 f
  core_inst/out_data[54] (fu_fp_min_max_dec_W64_MIN_LANE_W32)
                                                          0.00       0.19 f
  out_data[54] (out)                                      0.00       0.19 f
  data arrival time                                                  0.19

  max_delay                                               0.01       0.01
  output external delay                                   0.00       0.01
  data required time                                                 0.01
  --------------------------------------------------------------------------
  data required time                                                 0.01
  data arrival time                                                 -0.19
  --------------------------------------------------------------------------
  slack (VIOLATED)                                                  -0.18


1
