****************************************
Report : Averaged Power
Design : fu_add_sub_minmax_d1
Version: Y-2026.03-SP1
Date   : Thu Oct  1 18:35:42 2026
****************************************



  Attributes
  ----------
      i  -  Including register clock pin internal power
      u  -  User defined power group

                        Internal  Switching  Leakage    Total
Power Group             Power     Power      Power      Power   (     %)  Attrs
--------------------------------------------------------------------------------
clock_network              0.0000    0.0000    0.0000    0.0000 ( 0.00%)  i
register                   0.0000    0.0000    0.0000    0.0000 ( 0.00%)  
combinational           1.264e-03 5.774e-03 3.965e-07 7.039e-03 (100.00%) 
sequential                 0.0000    0.0000    0.0000    0.0000 ( 0.00%)  
memory                     0.0000    0.0000    0.0000    0.0000 ( 0.00%)  
io_pad                     0.0000    0.0000    0.0000    0.0000 ( 0.00%)  
black_box                  0.0000    0.0000    0.0000    0.0000 ( 0.00%)  

  Net Switching Power  = 5.774e-03   (82.04%)
  Cell Internal Power  = 1.264e-03   (17.96%)
  Cell Leakage Power   = 3.965e-07   ( 0.01%)
                         ---------
Total Power            = 7.039e-03  (100.00%)

1
