 
****************************************
Report : area
Design : fu_mult_karatsuba_64_32
Version: Y-2026.03-SP1
Date   : Wed Sep 30 18:10:13 2026
****************************************

Library(s) Used:

    saed14rvt_base_tt0p8v25c (File: /mnt/nas0/eda.libs/saed14/EDK_03_2025/SAED14nm_EDK_STD_RVT/liberty/nldm/base/saed14rvt_base_tt0p8v25c.db)

Number of ports:                          202
Number of nets:                          7544
Number of cells:                         6485
Number of combinational cells:           6485
Number of sequential cells:                 0
Number of macros/black boxes:               0
Number of buf/inv:                       1083
Number of references:                     154

Combinational area:               4530.842383
Buf/Inv area:                      569.074798
Noncombinational area:               0.000000
Macro/Black Box area:                0.000000
Net Interconnect area:            3356.404401

Total cell area:                  4530.842383
Total area:                       7887.246784
1
