 
****************************************
Report : timing
        -path full
        -delay max
        -max_paths 1
Design : fu_mult_karatsuba_64_32
Version: Y-2026.03-SP1
Date   : Wed Sep 30 18:10:13 2026
****************************************

Operating Conditions: tt0p8v25c   Library: saed14rvt_base_tt0p8v25c
Wire Load Model Mode: top

  Startpoint: in_data_1[0]
              (input port)
  Endpoint: out_data[63]
            (output port)
  Path Group: default
  Path Type: max

  Des/Clust/Port     Wire Load Model       Library
  ------------------------------------------------
  fu_mult_karatsuba_64_32
                     8000                  saed14rvt_base_tt0p8v25c

  Point                                    Incr       Path
  -----------------------------------------------------------
  input external delay                     0.00       0.00 r
  in_data_1[0] (in)                        0.00       0.00 r
  U3610/X (SAEDRVT14_ND2_MM_16)            0.01       0.01 f
  U3498/X (SAEDRVT14_NR2_MM_16)            0.01       0.02 r
  U3497/X (SAEDRVT14_NR2_MM_16)            0.01       0.03 f
  U2739/X (SAEDRVT14_NR2_MM_12)            0.01       0.04 r
  U3145/X (SAEDRVT14_NR2_MM_16)            0.01       0.05 f
  U4163/X (SAEDRVT14_OAI21_V1_8)           0.02       0.07 r
  U3246/X (SAEDRVT14_AOI21_8)              0.02       0.09 f
  U4580/X (SAEDRVT14_BUF_16)               0.02       0.11 f
  U3230/X (SAEDRVT14_EN2_4)                0.02       0.14 r
  U4899/X (SAEDRVT14_BUF_16)               0.02       0.16 r
  U4277/X (SAEDRVT14_EN2_3)                0.03       0.19 f
  U3233/X (SAEDRVT14_OAI22_1)              0.03       0.23 r
  U4956/S (SAEDRVT14_ADDF_V2_2)            0.06       0.28 f
  U4510/S (SAEDRVT14_ADDF_V2_2)            0.05       0.33 r
  U671/CO (SAEDRVT14_ADDF_V2_1)            0.05       0.38 r
  U4890/S (SAEDRVT14_ADDF_V2_2)            0.07       0.44 f
  U632/X (SAEDRVT14_OR2_MM_8)              0.03       0.47 f
  U4175/X (SAEDRVT14_OAI21_V1_8)           0.02       0.49 r
  U3333/X (SAEDRVT14_NR2_MM_8)             0.01       0.50 f
  U2711/X (SAEDRVT14_NR2_MM_12)            0.01       0.51 r
  U443/X (SAEDRVT14_ND2_16)                0.01       0.52 f
  U355/X (SAEDRVT14_BUF_8)                 0.02       0.54 f
  U3406/X (SAEDRVT14_ND2_16)               0.01       0.55 r
  U3405/X (SAEDRVT14_ND2_16)               0.01       0.56 f
  U4691/X (SAEDRVT14_EN2_4)                0.03       0.59 f
  U3195/X (SAEDRVT14_ND2_8)                0.01       0.60 r
  U2678/X (SAEDRVT14_ND2_16)               0.01       0.61 f
  U3015/X (SAEDRVT14_EN2_4)                0.02       0.63 r
  U3014/X (SAEDRVT14_EN2_4)                0.03       0.66 f
  U3013/X (SAEDRVT14_OR2_MM_12)            0.02       0.68 f
  U2794/X (SAEDRVT14_INV_S_20)             0.01       0.69 r
  U4730/X (SAEDRVT14_OAI21_V1_8)           0.01       0.70 f
  U4105/X (SAEDRVT14_INV_S_8)              0.01       0.71 r
  U4382/X (SAEDRVT14_ND2_16)               0.01       0.72 f
  U2783/X (SAEDRVT14_NR2_MM_16)            0.01       0.73 r
  U4161/X (SAEDRVT14_AOI21_V1_8)           0.01       0.74 f
  U2920/X (SAEDRVT14_ND2_CDC_4)            0.01       0.74 r
  out_data[63] (out)                       0.00       0.75 r
  data arrival time                                   0.75

  max_delay                                0.35       0.35
  output external delay                    0.00       0.35
  data required time                                  0.35
  -----------------------------------------------------------
  data required time                                  0.35
  data arrival time                                  -0.75
  -----------------------------------------------------------
  slack (VIOLATED)                                   -0.40


1
