 
****************************************
Report : area
Design : fu_rounding_g2
Version: Y-2026.03-SP1
Date   : Wed Sep 30 18:41:49 2026
****************************************

Library(s) Used:

    saed14rvt_base_tt0p8v25c (File: /mnt/nas0/eda.libs/saed14/EDK_03_2025/SAED14nm_EDK_STD_RVT/liberty/nldm/base/saed14rvt_base_tt0p8v25c.db)

Number of ports:                          277
Number of nets:                          2985
Number of cells:                         2778
Number of combinational cells:           2777
Number of sequential cells:                 0
Number of macros/black boxes:               0
Number of buf/inv:                        611
Number of references:                       1

Combinational area:               1902.761991
Buf/Inv area:                      286.335597
Noncombinational area:               0.000000
Macro/Black Box area:                0.000000
Net Interconnect area:             994.643664

Total cell area:                  1902.761991
Total area:                       2897.405655
1
