 
****************************************
Report : area
Design : fu_mult_karatsuba_64
Version: Y-2026.03-SP1
Date   : Wed Sep 30 18:14:26 2026
****************************************

Library(s) Used:

    saed14rvt_base_tt0p8v25c (File: /mnt/nas0/eda.libs/saed14/EDK_03_2025/SAED14nm_EDK_STD_RVT/liberty/nldm/base/saed14rvt_base_tt0p8v25c.db)

Number of ports:                          456
Number of nets:                          9655
Number of cells:                         8475
Number of combinational cells:           8473
Number of sequential cells:                 0
Number of macros/black boxes:               0
Number of buf/inv:                       1625
Number of references:                     135

Combinational area:               5610.206381
Buf/Inv area:                      687.933598
Noncombinational area:               0.000000
Macro/Black Box area:                0.000000
Net Interconnect area:            3764.939230

Total cell area:                  5610.206381
Total area:                       9375.145611
1
