****************************************
Report : Averaged Power
Design : fu_add_sub_minmax_d8
Version: Y-2026.03-SP1
Date   : Thu Oct  1 18:33:47 2026
****************************************



  Attributes
  ----------
      i  -  Including register clock pin internal power
      u  -  User defined power group

                        Internal  Switching  Leakage    Total
Power Group             Power     Power      Power      Power   (     %)  Attrs
--------------------------------------------------------------------------------
clock_network              0.0000    0.0000    0.0000    0.0000 ( 0.00%)  i
register                   0.0000    0.0000    0.0000    0.0000 ( 0.00%)  
combinational           4.600e-04 2.569e-03 2.145e-07 3.029e-03 (100.00%) 
sequential                 0.0000    0.0000    0.0000    0.0000 ( 0.00%)  
memory                     0.0000    0.0000    0.0000    0.0000 ( 0.00%)  
io_pad                     0.0000    0.0000    0.0000    0.0000 ( 0.00%)  
black_box                  0.0000    0.0000    0.0000    0.0000 ( 0.00%)  

  Net Switching Power  = 2.569e-03   (84.81%)
  Cell Internal Power  = 4.600e-04   (15.19%)
  Cell Leakage Power   = 2.145e-07   ( 0.01%)
                         ---------
Total Power            = 3.029e-03  (100.00%)

1
