 
****************************************
Report : area
Design : fu_fp_min_max_m2
Version: Y-2026.03-SP1
Date   : Tue Sep 29 16:49:18 2026
****************************************

Library(s) Used:

    saed14rvt_base_tt0p8v25c (File: /mnt/nas0/eda.libs/saed14/EDK_03_2025/SAED14nm_EDK_STD_RVT/liberty/nldm/base/saed14rvt_base_tt0p8v25c.db)

Number of ports:                          411
Number of nets:                          1125
Number of cells:                          791
Number of combinational cells:            790
Number of sequential cells:                 0
Number of macros/black boxes:               0
Number of buf/inv:                        224
Number of references:                       1

Combinational area:                661.648794
Buf/Inv area:                      149.761196
Noncombinational area:               0.000000
Macro/Black Box area:                0.000000
Net Interconnect area:             273.849670

Total cell area:                   661.648794
Total area:                        935.498464
1
