 
****************************************
Report : timing
        -path full
        -delay max
        -max_paths 1
Design : fu_fp_min_max_m2
Version: Y-2026.03-SP1
Date   : Tue Sep 29 16:49:18 2026
****************************************

Operating Conditions: tt0p8v25c   Library: saed14rvt_base_tt0p8v25c
Wire Load Model Mode: top

  Startpoint: in_data_0[59]
              (input port)
  Endpoint: out_data[51]
            (output port)
  Path Group: default
  Path Type: max

  Des/Clust/Port     Wire Load Model       Library
  ------------------------------------------------
  fu_fp_min_max_m2   8000                  saed14rvt_base_tt0p8v25c

  Point                                                   Incr       Path
  --------------------------------------------------------------------------
  input external delay                                    0.00       0.00 f
  in_data_0[59] (in)                                      0.00       0.00 f
  core/in_data_0[59] (fu_fp_min_max_dec_W64_MIN_LANE_W32)
                                                          0.00       0.00 f
  core/U576/X (SAEDRVT14_INV_S_20)                        0.00       0.00 r
  core/U575/X (SAEDRVT14_OAI22_4)                         0.02       0.02 f
  core/U573/X (SAEDRVT14_AOI21_8)                         0.01       0.04 r
  core/U571/X (SAEDRVT14_OAI21_V1_8)                      0.01       0.05 f
  core/U673/X (SAEDRVT14_AO31_4)                          0.02       0.07 f
  core/U540/X (SAEDRVT14_NR2_MM_16)                       0.02       0.08 r
  core/U733/X (SAEDRVT14_OAI22_4)                         0.02       0.10 f
  core/U510/X (SAEDRVT14_AOI21_8)                         0.02       0.12 r
  core/U529/X (SAEDRVT14_ND2_MM_16)                       0.01       0.14 f
  core/U70/X (SAEDRVT14_NR2_MM_10)                        0.01       0.15 r
  core/U534/X (SAEDRVT14_INV_S_20)                        0.01       0.16 f
  core/U239/X (SAEDRVT14_INV_S_20)                        0.01       0.18 r
  core/U451/X (SAEDRVT14_AOI21_8)                         0.01       0.19 f
  core/U229/X (SAEDRVT14_OAI21_V1_8)                      0.01       0.20 r
  core/out_data[51] (fu_fp_min_max_dec_W64_MIN_LANE_W32)
                                                          0.00       0.20 r
  out_data[51] (out)                                      0.00       0.20 r
  data arrival time                                                  0.20

  max_delay                                               0.01       0.01
  output external delay                                   0.00       0.01
  data required time                                                 0.01
  --------------------------------------------------------------------------
  data required time                                                 0.01
  data arrival time                                                 -0.20
  --------------------------------------------------------------------------
  slack (VIOLATED)                                                  -0.19


1
