****************************************
Report : Averaged Power
Design : fu_cmp_c8
Version: Y-2026.03-SP1
Date   : Wed Sep 30 18:47:49 2026
****************************************



  Attributes
  ----------
      i  -  Including register clock pin internal power
      u  -  User defined power group

                        Internal  Switching  Leakage    Total
Power Group             Power     Power      Power      Power   (     %)  Attrs
--------------------------------------------------------------------------------
clock_network              0.0000    0.0000    0.0000    0.0000 ( 0.00%)  i
register                   0.0000    0.0000    0.0000    0.0000 ( 0.00%)  
combinational           7.238e-05 7.370e-04 5.175e-08 8.094e-04 (100.00%) 
sequential                 0.0000    0.0000    0.0000    0.0000 ( 0.00%)  
memory                     0.0000    0.0000    0.0000    0.0000 ( 0.00%)  
io_pad                     0.0000    0.0000    0.0000    0.0000 ( 0.00%)  
black_box                  0.0000    0.0000    0.0000    0.0000 ( 0.00%)  

  Net Switching Power  = 7.370e-04   (91.05%)
  Cell Internal Power  = 7.238e-05   ( 8.94%)
  Cell Leakage Power   = 5.175e-08   ( 0.01%)
                         ---------
Total Power            = 8.094e-04  (100.00%)

1
