 
****************************************
Report : timing
        -path full
        -delay max
        -max_paths 1
Design : fu_fp_min_max_dec_W32_MIN_LANE_W32
Version: Y-2026.03-SP1
Date   : Thu Oct  1 18:28:23 2026
****************************************

Operating Conditions: tt0p8v25c   Library: saed14rvt_base_tt0p8v25c
Wire Load Model Mode: top

  Startpoint: in_data_0[3]
              (input port)
  Endpoint: out_data[1]
            (output port)
  Path Group: default
  Path Type: max

  Des/Clust/Port     Wire Load Model       Library
  ------------------------------------------------
  fu_fp_min_max_dec_W32_MIN_LANE_W32
                     8000                  saed14rvt_base_tt0p8v25c

  Point                                    Incr       Path
  -----------------------------------------------------------
  input external delay                     0.00       0.00 r
  in_data_0[3] (in)                        0.00       0.00 r
  U247/X (SAEDRVT14_INV_S_1)               0.04       0.04 f
  U344/X (SAEDRVT14_NR2_1)                 0.05       0.09 r
  U351/X (SAEDRVT14_AOI21_1P5)             0.03       0.12 f
  U352/X (SAEDRVT14_OAI21_2)               0.03       0.15 r
  U265/X (SAEDRVT14_AOI21_V1_4)            0.02       0.17 f
  U239/X (SAEDRVT14_OAI21_2)               0.02       0.19 r
  U248/X (SAEDRVT14_AO21_4)                0.02       0.21 r
  U234/X (SAEDRVT14_INV_4)                 0.01       0.22 f
  U362/X (SAEDRVT14_OAI21_V1_8)            0.01       0.23 r
  U229/X (SAEDRVT14_AOI21_V1_8)            0.02       0.25 f
  U367/X (SAEDRVT14_OAI21_V1_8)            0.01       0.26 r
  U227/X (SAEDRVT14_AOI21_6)               0.02       0.28 f
  U391/X (SAEDRVT14_OAI21_V1_8)            0.02       0.30 r
  U400/X (SAEDRVT14_OAI21_V1_4)            0.02       0.32 f
  U280/X (SAEDRVT14_NR2_MM_8)              0.02       0.34 r
  U437/X (SAEDRVT14_AN2_MM_2)              0.04       0.39 r
  U275/X (SAEDRVT14_INV_12)                0.04       0.43 f
  U224/X (SAEDRVT14_NR2_MM_3)              0.02       0.45 r
  U207/X (SAEDRVT14_INV_S_1)               0.02       0.47 f
  U255/X (SAEDRVT14_OAI21_1)               0.03       0.50 r
  out_data[1] (out)                        0.00       0.50 r
  data arrival time                                   0.50

  max_delay                                0.50       0.50
  output external delay                    0.00       0.50
  data required time                                  0.50
  -----------------------------------------------------------
  data required time                                  0.50
  data arrival time                                  -0.50
  -----------------------------------------------------------
  slack (MET)                                         0.00


1
