 
****************************************
Report : area
Design : fu_fp_min_max_dec_W32_MIN_LANE_W32
Version: Y-2026.03-SP1
Date   : Thu Oct  1 18:28:23 2026
****************************************

Library(s) Used:

    saed14rvt_base_tt0p8v25c (File: /mnt/nas0/eda.libs/saed14/EDK_03_2025/SAED14nm_EDK_STD_RVT/liberty/nldm/base/saed14rvt_base_tt0p8v25c.db)

Number of ports:                          108
Number of nets:                           325
Number of cells:                          257
Number of combinational cells:            257
Number of sequential cells:                 0
Number of macros/black boxes:               0
Number of buf/inv:                         90
Number of references:                      46

Combinational area:                 80.852399
Buf/Inv area:                       19.269600
Noncombinational area:               0.000000
Macro/Black Box area:                0.000000
Net Interconnect area:             106.641546

Total cell area:                    80.852399
Total area:                        187.493945
1
