 
****************************************
Report : area
Design : fu_fp_min_max_32
Version: Y-2026.03-SP1
Date   : Tue Sep 29 16:46:29 2026
****************************************

Library(s) Used:

    saed14rvt_base_tt0p8v25c (File: /mnt/nas0/eda.libs/saed14/EDK_03_2025/SAED14nm_EDK_STD_RVT/liberty/nldm/base/saed14rvt_base_tt0p8v25c.db)

Number of ports:                          201
Number of nets:                           270
Number of cells:                          202
Number of combinational cells:            202
Number of sequential cells:                 0
Number of macros/black boxes:               0
Number of buf/inv:                         67
Number of references:                      38

Combinational area:                 62.959199
Buf/Inv area:                       14.119200
Noncombinational area:               0.000000
Macro/Black Box area:                0.000000
Net Interconnect area:             122.456177

Total cell area:                    62.959199
Total area:                        185.415377
1
