 
****************************************
Report : area
Design : fu_add_sub_64
Version: Y-2026.03-SP1
Date   : Tue Sep  8 23:31:33 2026
****************************************

Library(s) Used:

    saed14rvt_base_tt0p8v25c (File: /mnt/nas0/eda.libs/saed14/EDK_03_2025/SAED14nm_EDK_STD_RVT/liberty/nldm/base/saed14rvt_base_tt0p8v25c.db)

Number of ports:                          208
Number of nets:                          1118
Number of cells:                          986
Number of combinational cells:            986
Number of sequential cells:                 0
Number of macros/black boxes:               0
Number of buf/inv:                        287
Number of references:                      94

Combinational area:                768.652794
Buf/Inv area:                      129.958799
Noncombinational area:               0.000000
Macro/Black Box area:                0.000000
Net Interconnect area:             339.488640

Total cell area:                   768.652794
Total area:                       1108.141434
1
