 
****************************************
Report : timing
        -path full
        -delay max
        -max_paths 1
Design : fu_rounding_g3
Version: Y-2026.03-SP1
Date   : Tue Sep  8 22:44:53 2026
****************************************

Operating Conditions: tt0p8v25c   Library: saed14rvt_base_tt0p8v25c
Wire Load Model Mode: top

  Startpoint: in_data_0[53]
              (input port)
  Endpoint: out_data[34]
            (output port)
  Path Group: default
  Path Type: max

  Des/Clust/Port     Wire Load Model       Library
  ------------------------------------------------
  fu_rounding_g3     8000                  saed14rvt_base_tt0p8v25c

  Point                                                   Incr       Path
  --------------------------------------------------------------------------
  input external delay                                    0.00       0.00 r
  in_data_0[53] (in)                                      0.00       0.00 r
  core/in_data_0[53] (fu_rounding_dec_EN321_EN161)        0.00       0.00 r
  core/U2583/X (SAEDRVT14_ND2_MM_16)                      0.01       0.01 f
  core/U1281/X (SAEDRVT14_INV_12)                         0.01       0.03 r
  core/U1856/X (SAEDRVT14_AOI21_V1_8)                     0.01       0.04 f
  core/U2532/X (SAEDRVT14_OR2_MM_8)                       0.02       0.06 f
  core/U2327/X (SAEDRVT14_EN2_4)                          0.03       0.08 r
  core/U1342/X (SAEDRVT14_BUF_16)                         0.02       0.10 r
  core/U1716/X (SAEDRVT14_NR2_MM_16)                      0.01       0.11 f
  core/U1551/X (SAEDRVT14_INV_S_20)                       0.01       0.12 r
  core/U1532/X (SAEDRVT14_NR2_MM_16)                      0.01       0.13 f
  core/U1531/X (SAEDRVT14_INV_S_20)                       0.01       0.14 r
  core/U2576/X (SAEDRVT14_NR2_MM_10)                      0.01       0.15 f
  core/U2558/X (SAEDRVT14_NR2_MM_16)                      0.01       0.16 r
  core/U1300/X (SAEDRVT14_ND2_16)                         0.01       0.17 f
  core/U1340/X (SAEDRVT14_NR2_MM_16)                      0.01       0.18 r
  core/U2193/X (SAEDRVT14_ND2_MM_16)                      0.01       0.19 f
  core/U1644/X (SAEDRVT14_INV_S_20)                       0.01       0.21 r
  core/U1366/X (SAEDRVT14_ND2_MM_6)                       0.01       0.22 f
  core/U1567/X (SAEDRVT14_EN2_4)                          0.02       0.24 r
  core/U1362/X (SAEDRVT14_NR2_MM_8)                       0.01       0.25 f
  core/U1643/X (SAEDRVT14_AOI21_8)                        0.01       0.26 r
  core/U1356/X (SAEDRVT14_ND2_8)                          0.01       0.27 f
  core/U1350/X (SAEDRVT14_NR2_MM_12)                      0.01       0.28 r
  core/U1402/X (SAEDRVT14_ND2_MM_16)                      0.01       0.29 f
  core/U1468/X (SAEDRVT14_NR2_MM_16)                      0.01       0.30 r
  core/U1286/X (SAEDRVT14_ND2_MM_16)                      0.01       0.31 f
  core/U1537/X (SAEDRVT14_ND2_MM_16)                      0.01       0.31 r
  core/U1536/X (SAEDRVT14_NR2_MM_16)                      0.01       0.32 f
  core/U1535/X (SAEDRVT14_INV_S_20)                       0.01       0.33 r
  core/U1690/X (SAEDRVT14_BUF_20)                         0.02       0.35 r
  core/U1343/X (SAEDRVT14_OAI21_V1_8)                     0.02       0.37 f
  core/U551/X (SAEDRVT14_ND2_MM_12)                       0.02       0.39 r
  core/U1571/X (SAEDRVT14_OAI21_V1_8)                     0.01       0.40 f
  core/U1405/X (SAEDRVT14_BUF_20)                         0.02       0.42 f
  core/U1470/X (SAEDRVT14_OAI21_V1_8)                     0.01       0.43 r
  core/U1469/X (SAEDRVT14_ND2_MM_16)                      0.01       0.44 f
  core/U1406/X (SAEDRVT14_INV_S_16)                       0.01       0.45 r
  core/U1484/X (SAEDRVT14_NR2_MM_16)                      0.01       0.45 f
  core/U1467/X (SAEDRVT14_NR2_MM_16)                      0.01       0.46 r
  core/U1466/X (SAEDRVT14_ND2_MM_16)                      0.01       0.47 f
  core/U1574/X (SAEDRVT14_ND2_MM_16)                      0.01       0.48 r
  core/U1573/X (SAEDRVT14_ND2_MM_16)                      0.01       0.49 f
  core/U1480/X (SAEDRVT14_INV_S_16)                       0.01       0.49 r
  core/U1833/X (SAEDRVT14_NR2_MM_16)                      0.01       0.50 f
  core/U1539/X (SAEDRVT14_NR2_MM_16)                      0.01       0.50 r
  core/U1538/X (SAEDRVT14_INV_S_20)                       0.01       0.51 f
  core/U1834/X (SAEDRVT14_INV_S_20)                       0.01       0.53 r
  core/U2389/X (SAEDRVT14_INV_S_20)                       0.02       0.54 f
  core/U2431/X (SAEDRVT14_AOI21_V1_6)                     0.01       0.56 r
  core/U2423/X (SAEDRVT14_EN2_4)                          0.02       0.58 f
  core/U2422/X (SAEDRVT14_NR2_MM_4)                       0.01       0.59 r
  core/out_data[34] (fu_rounding_dec_EN321_EN161)         0.00       0.59 r
  out_data[34] (out)                                      0.00       0.59 r
  data arrival time                                                  0.59

  max_delay                                               0.01       0.01
  output external delay                                   0.00       0.01
  data required time                                                 0.01
  --------------------------------------------------------------------------
  data required time                                                 0.01
  data arrival time                                                 -0.59
  --------------------------------------------------------------------------
  slack (VIOLATED)                                                  -0.58


1
