 
****************************************
Report : area
Design : fu_rounding_g3
Version: Y-2026.03-SP1
Date   : Tue Sep  8 22:44:53 2026
****************************************

Library(s) Used:

    saed14rvt_base_tt0p8v25c (File: /mnt/nas0/eda.libs/saed14/EDK_03_2025/SAED14nm_EDK_STD_RVT/liberty/nldm/base/saed14rvt_base_tt0p8v25c.db)

Number of ports:                          278
Number of nets:                          3448
Number of cells:                         3239
Number of combinational cells:           3238
Number of sequential cells:                 0
Number of macros/black boxes:               0
Number of buf/inv:                        657
Number of references:                       1

Combinational area:               1976.909989
Buf/Inv area:                      287.179197
Noncombinational area:               0.000000
Macro/Black Box area:                0.000000
Net Interconnect area:            1200.908306

Total cell area:                  1976.909989
Total area:                       3177.818295
1
