 
****************************************
Report : timing
        -path full
        -delay max
        -max_paths 1
Design : fu_fp_cmp_revised_shared64_32_16
Version: Y-2026.03-SP1
Date   : Tue Sep 29 15:18:15 2026
****************************************

Operating Conditions: tt0p8v25c   Library: saed14rvt_base_tt0p8v25c
Wire Load Model Mode: top

  Startpoint: in_data_1[13]
              (input port)
  Endpoint: out_data[1]
            (output port)
  Path Group: default
  Path Type: max

  Des/Clust/Port     Wire Load Model       Library
  ------------------------------------------------
  fu_fp_cmp_revised_shared64_32_16
                     8000                  saed14rvt_base_tt0p8v25c

  Point                                                   Incr       Path
  --------------------------------------------------------------------------
  input external delay                                    0.00       0.00 r
  in_data_1[13] (in)                                      0.00       0.00 r
  core_inst/in_data_1[13] (fu_fp_cmp_dec_W64_MIN_LANE_W16)
                                                          0.00       0.00 r
  core_inst/U226/X (SAEDRVT14_INV_S_0P5)                  0.10       0.10 f
  core_inst/U7/X (SAEDRVT14_AN2_MM_1)                     0.06       0.15 f
  core_inst/U227/X (SAEDRVT14_AOI21_0P5)                  0.07       0.23 r
  core_inst/U238/X (SAEDRVT14_INV_S_0P5)                  0.06       0.29 f
  core_inst/U239/X (SAEDRVT14_OAI22_1)                    0.04       0.33 r
  core_inst/U240/X (SAEDRVT14_OAI22_1)                    0.04       0.36 f
  core_inst/U38/X (SAEDRVT14_AN3_2)                       0.05       0.42 f
  core_inst/U242/X (SAEDRVT14_OAI22_1)                    0.04       0.45 r
  core_inst/U256/X (SAEDRVT14_OA22_0P75)                  0.05       0.50 r
  core_inst/U257/X (SAEDRVT14_OAI21_V1_4)                 0.03       0.53 f
  core_inst/U63/X (SAEDRVT14_INV_S_0P5)                   0.05       0.58 r
  core_inst/U391/X (SAEDRVT14_OAI22_1)                    0.04       0.62 f
  core_inst/U392/X (SAEDRVT14_MUXI2_2)                    0.04       0.67 f
  core_inst/U397/X (SAEDRVT14_MUX2_MM_0P5)                0.04       0.70 f
  core_inst/U68/X (SAEDRVT14_MUXI2_U_0P5)                 0.10       0.81 r
  core_inst/U408/X (SAEDRVT14_OAI22_1)                    0.07       0.87 f
  core_inst/U67/X (SAEDRVT14_AO21_1)                      0.05       0.92 f
  core_inst/U411/X (SAEDRVT14_BUF_1)                      0.04       0.96 f
  core_inst/U412/X (SAEDRVT14_BUF_4)                      0.04       1.00 f
  core_inst/out_data[1] (fu_fp_cmp_dec_W64_MIN_LANE_W16)
                                                          0.00       1.00 f
  out_data[1] (out)                                       0.00       1.00 f
  data arrival time                                                  1.00

  max_delay                                               1.00       1.00
  output external delay                                   0.00       1.00
  data required time                                                 1.00
  --------------------------------------------------------------------------
  data required time                                                 1.00
  data arrival time                                                 -1.00
  --------------------------------------------------------------------------
  slack (MET)                                                        0.00


1
