 
****************************************
Report : timing
        -path full
        -delay max
        -max_paths 1
Design : fu_add_sub_16x4
Version: Y-2026.03-SP1
Date   : Tue Sep  8 22:02:09 2026
****************************************

Operating Conditions: tt0p8v25c   Library: saed14rvt_base_tt0p8v25c
Wire Load Model Mode: top

  Startpoint: op_sel[0] (input port)
  Endpoint: out_data[15]
            (output port)
  Path Group: default
  Path Type: max

  Des/Clust/Port     Wire Load Model       Library
  ------------------------------------------------
  fu_add_sub_16x4    8000                  saed14rvt_base_tt0p8v25c

  Point                                                   Incr       Path
  --------------------------------------------------------------------------
  input external delay                                    0.00       0.00 f
  op_sel[0] (in)                                          0.00       0.00 f
  U198/X (SAEDRVT14_INV_S_2)                              0.18       0.18 r
  U131/X (SAEDRVT14_MUXI2_U_0P5)                          0.12       0.29 f
  intadd_3/U15/CO (SAEDRVT14_ADDF_V1_1)                   0.06       0.36 f
  intadd_3/U14/CO (SAEDRVT14_ADDF_V1_1)                   0.04       0.40 f
  intadd_3/U13/CO (SAEDRVT14_ADDF_V1_1)                   0.04       0.44 f
  intadd_3/U12/CO (SAEDRVT14_ADDF_V1_1)                   0.04       0.48 f
  intadd_3/U11/CO (SAEDRVT14_ADDF_V1_1)                   0.04       0.52 f
  intadd_3/U10/CO (SAEDRVT14_ADDF_V1_1)                   0.04       0.57 f
  intadd_3/U9/CO (SAEDRVT14_ADDF_V1_1)                    0.04       0.61 f
  intadd_3/U8/CO (SAEDRVT14_ADDF_V1_1)                    0.04       0.65 f
  intadd_3/U7/CO (SAEDRVT14_ADDF_V1_1)                    0.04       0.69 f
  intadd_3/U6/CO (SAEDRVT14_ADDF_V1_1)                    0.04       0.73 f
  intadd_3/U5/CO (SAEDRVT14_ADDF_V1_1)                    0.04       0.78 f
  intadd_3/U4/CO (SAEDRVT14_ADDF_V1_1)                    0.04       0.82 f
  intadd_3/U3/CO (SAEDRVT14_ADDF_V1_1)                    0.04       0.86 f
  intadd_3/U2/CO (SAEDRVT14_ADDF_V1_1)                    0.04       0.90 f
  U121/X (SAEDRVT14_EN4_M_1)                              0.06       0.96 r
  out_data[15] (out)                                      0.00       0.96 r
  data arrival time                                                  0.96

  max_delay                                               1.00       1.00
  output external delay                                   0.00       1.00
  data required time                                                 1.00
  --------------------------------------------------------------------------
  data required time                                                 1.00
  data arrival time                                                 -0.96
  --------------------------------------------------------------------------
  slack (MET)                                                        0.04


1
