 
****************************************
Report : area
Design : fu_mult_16x4
Version: Y-2026.03-SP1
Date   : Tue Sep  8 23:06:36 2026
****************************************

Library(s) Used:

    saed14rvt_base_tt0p8v25c (File: /mnt/nas0/eda.libs/saed14/EDK_03_2025/SAED14nm_EDK_STD_RVT/liberty/nldm/base/saed14rvt_base_tt0p8v25c.db)

Number of ports:                          200
Number of nets:                          1669
Number of cells:                         1178
Number of combinational cells:           1178
Number of sequential cells:                 0
Number of macros/black boxes:               0
Number of buf/inv:                        108
Number of references:                      24

Combinational area:                595.048781
Buf/Inv area:                       19.580400
Noncombinational area:               0.000000
Macro/Black Box area:                0.000000
Net Interconnect area:             551.673388

Total cell area:                   595.048781
Total area:                       1146.722169
1
