 
****************************************
Report : timing
        -path full
        -delay max
        -max_paths 1
Design : fu_mult_16x4
Version: Y-2026.03-SP1
Date   : Tue Sep  8 23:06:36 2026
****************************************

Operating Conditions: tt0p8v25c   Library: saed14rvt_base_tt0p8v25c
Wire Load Model Mode: top

  Startpoint: in_data_1[50]
              (input port)
  Endpoint: out_data[63]
            (output port)
  Path Group: default
  Path Type: max

  Des/Clust/Port     Wire Load Model       Library
  ------------------------------------------------
  fu_mult_16x4       8000                  saed14rvt_base_tt0p8v25c

  Point                                                   Incr       Path
  --------------------------------------------------------------------------
  input external delay                                    0.00       0.00 f
  in_data_1[50] (in)                                      0.00       0.00 f
  U544/X (SAEDRVT14_INV_S_0P5)                            0.39       0.39 r
  U699/X (SAEDRVT14_NR2_MM_1)                             0.13       0.52 f
  intadd_107/U4/CO (SAEDRVT14_ADDF_V1_1)                  0.06       0.58 f
  intadd_107/U3/S (SAEDRVT14_ADDF_V1_1)                   0.05       0.63 r
  U910/S (SAEDRVT14_ADDF_V1_1)                            0.06       0.69 f
  intadd_60/U11/CO (SAEDRVT14_ADDF_V1_1)                  0.04       0.74 f
  intadd_60/U10/CO (SAEDRVT14_ADDF_V1_2)                  0.04       0.77 f
  intadd_60/U9/CO (SAEDRVT14_ADDF_V1_1)                   0.04       0.81 f
  intadd_60/U8/CO (SAEDRVT14_ADDF_V1_2)                   0.04       0.85 f
  intadd_60/U7/CO (SAEDRVT14_ADDF_V1_2)                   0.03       0.88 f
  intadd_60/U6/CO (SAEDRVT14_ADDF_V1_2)                   0.03       0.92 f
  intadd_60/U5/CO (SAEDRVT14_ADDF_V1_2)                   0.03       0.95 f
  intadd_60/U4/CO (SAEDRVT14_ADDF_V1_2)                   0.03       0.99 f
  intadd_60/U3/CO (SAEDRVT14_ADDF_V1_2)                   0.03       1.02 f
  intadd_60/U2/CO (SAEDRVT14_ADDF_V1_1)                   0.04       1.06 f
  U548/X (SAEDRVT14_EN4_M_1)                              0.06       1.11 f
  U424/X (SAEDRVT14_EN4_M_1)                              0.06       1.17 f
  U571/X (SAEDRVT14_EN4_4)                                0.04       1.21 r
  out_data[63] (out)                                      0.00       1.21 r
  data arrival time                                                  1.21

  max_delay                                               1.21       1.21
  output external delay                                   0.00       1.21
  data required time                                                 1.21
  --------------------------------------------------------------------------
  data required time                                                 1.21
  data arrival time                                                 -1.21
  --------------------------------------------------------------------------
  slack (MET)                                                        0.00


1
