 
****************************************
Report : timing
        -path full
        -delay max
        -max_paths 1
Design : fu_cmp_c2
Version: Y-2026.03-SP1
Date   : Wed Sep 30 12:15:14 2026
****************************************

Operating Conditions: tt0p8v25c   Library: saed14rvt_base_tt0p8v25c
Wire Load Model Mode: top

  Startpoint: in_data_1[52]
              (input port)
  Endpoint: out_data[4]
            (output port)
  Path Group: default
  Path Type: max

  Des/Clust/Port     Wire Load Model       Library
  ------------------------------------------------
  fu_cmp_c2          8000                  saed14rvt_base_tt0p8v25c

  Point                                    Incr       Path
  -----------------------------------------------------------
  input external delay                     0.00       0.00 f
  in_data_1[52] (in)                       0.00       0.00 f
  core/in_data_1[52] (fu_cmp_dec)          0.00       0.00 f
  core/U97/X (SAEDRVT14_INV_S_0P5)         0.05       0.05 r
  core/U41/X (SAEDRVT14_OA2BB2_V1_2)       0.05       0.11 f
  core/U5/X (SAEDRVT14_INV_S_2)            0.02       0.13 r
  core/U45/X (SAEDRVT14_OR4_1)             0.03       0.16 r
  core/U210/X (SAEDRVT14_OR4_2)            0.03       0.19 r
  core/U221/X (SAEDRVT14_OR4_2)            0.03       0.22 r
  core/U161/X (SAEDRVT14_OAI22_1)          0.04       0.26 f
  core/U335/X (SAEDRVT14_AOI21_3)          0.03       0.28 r
  core/U337/X (SAEDRVT14_AO21_2)           0.04       0.32 r
  core/U338/X (SAEDRVT14_AN2_MM_3)         0.03       0.35 r
  core/U339/X (SAEDRVT14_OR2_MM_4)         0.02       0.37 r
  core/U345/X (SAEDRVT14_AOI21_4)          0.02       0.39 f
  core/U359/X (SAEDRVT14_OAI21_V1_8)       0.02       0.41 r
  core/U360/X (SAEDRVT14_INV_12)           0.01       0.42 f
  core/U368/X (SAEDRVT14_MUXI2_4)          0.03       0.45 r
  core/U369/X (SAEDRVT14_INV_12)           0.01       0.47 f
  core/U371/X (SAEDRVT14_INV_S_3)          0.03       0.50 r
  core/out_data[4] (fu_cmp_dec)            0.00       0.50 r
  out_data[4] (out)                        0.00       0.50 r
  data arrival time                                   0.50

  max_delay                                0.50       0.50
  output external delay                    0.00       0.50
  data required time                                  0.50
  -----------------------------------------------------------
  data required time                                  0.50
  data arrival time                                  -0.50
  -----------------------------------------------------------
  slack (MET)                                         0.00


1
