 
****************************************
Report : area
Design : fu_cmp_c2
Version: Y-2026.03-SP1
Date   : Wed Sep 30 12:15:14 2026
****************************************

Library(s) Used:

    saed14rvt_base_tt0p8v25c (File: /mnt/nas0/eda.libs/saed14/EDK_03_2025/SAED14nm_EDK_STD_RVT/liberty/nldm/base/saed14rvt_base_tt0p8v25c.db)

Number of ports:                          411
Number of nets:                           713
Number of cells:                          375
Number of combinational cells:            374
Number of sequential cells:                 0
Number of macros/black boxes:               0
Number of buf/inv:                        127
Number of references:                       1

Combinational area:                119.391599
Buf/Inv area:                       26.950800
Noncombinational area:               0.000000
Macro/Black Box area:                0.000000
Net Interconnect area:             144.874472

Total cell area:                   119.391599
Total area:                        264.266072
1
