 
****************************************
Report : timing
        -path full
        -delay max
        -max_paths 1
Design : fu_mult_64
Version: Y-2026.03-SP1
Date   : Tue Sep  8 22:03:25 2026
****************************************

Operating Conditions: tt0p8v25c   Library: saed14rvt_base_tt0p8v25c
Wire Load Model Mode: top

  Startpoint: in_data_0[54]
              (input port)
  Endpoint: out_data[60]
            (output port)
  Path Group: default
  Path Type: max

  Des/Clust/Port     Wire Load Model       Library
  ------------------------------------------------
  fu_mult_64         8000                  saed14rvt_base_tt0p8v25c

  Point                                    Incr       Path
  -----------------------------------------------------------
  input external delay                     0.00       0.00 r
  in_data_0[54] (in)                       0.00       0.00 r
  U3345/X (SAEDRVT14_EN2_1P5)              0.17       0.17 f
  U526/X (SAEDRVT14_AN2_MM_1)              0.08       0.25 f
  U3425/X (SAEDRVT14_INV_S_1)              0.10       0.34 r
  U3427/X (SAEDRVT14_OAI22_1P5)            0.05       0.39 f
  U3464/CO (SAEDRVT14_ADDH_1)              0.03       0.42 f
  U3518/S (SAEDRVT14_ADDF_V1_1)            0.06       0.48 r
  U3517/S (SAEDRVT14_ADDF_V1_1)            0.06       0.54 f
  U3531/CO (SAEDRVT14_ADDF_V1_1)           0.04       0.58 f
  U3845/S (SAEDRVT14_ADDF_V1_1)            0.06       0.64 r
  U3854/S (SAEDRVT14_ADDF_V1_1)            0.05       0.69 f
  U3864/S (SAEDRVT14_ADDF_V1_1)            0.05       0.75 r
  U3868/S (SAEDRVT14_ADDF_V1_2)            0.07       0.82 f
  U3535/X (SAEDRVT14_NR2_MM_4)             0.03       0.85 r
  U3872/X (SAEDRVT14_NR2_MM_4)             0.03       0.87 f
  U3873/X (SAEDRVT14_ND2_4)                0.03       0.90 r
  U3932/X (SAEDRVT14_INV_4)                0.02       0.93 f
  U3933/X (SAEDRVT14_ND2_CDC_2)            0.02       0.94 r
  U3936/X (SAEDRVT14_OAI21_2)              0.02       0.97 f
  U3937/X (SAEDRVT14_EN2_1P5)              0.03       1.00 r
  out_data[60] (out)                       0.00       1.00 r
  data arrival time                                   1.00

  max_delay                                1.00       1.00
  output external delay                    0.00       1.00
  data required time                                  1.00
  -----------------------------------------------------------
  data required time                                  1.00
  data arrival time                                  -1.00
  -----------------------------------------------------------
  slack (MET)                                         0.00


1
