 
****************************************
Report : timing
        -path full
        -delay max
        -max_paths 1
Design : fu_rounding_16x4
Version: Y-2026.03-SP1
Date   : Wed Sep 30 18:34:04 2026
****************************************

Operating Conditions: tt0p8v25c   Library: saed14rvt_base_tt0p8v25c
Wire Load Model Mode: top

  Startpoint: in_data_0[44]
              (input port)
  Endpoint: out_data[46]
            (output port)
  Path Group: default
  Path Type: max

  Des/Clust/Port     Wire Load Model       Library
  ------------------------------------------------
  fu_rounding_16x4   8000                  saed14rvt_base_tt0p8v25c

  Point                                    Incr       Path
  -----------------------------------------------------------
  input external delay                     0.00       0.00 f
  in_data_0[44] (in)                       0.00       0.00 f
  U821/X (SAEDRVT14_OR2_1)                 0.02       0.02 f
  U1258/X (SAEDRVT14_NR2_1P5)              0.03       0.05 r
  U814/X (SAEDRVT14_NR2_MM_4)              0.03       0.07 f
  U1262/X (SAEDRVT14_INV_4)                0.02       0.09 r
  U1281/X (SAEDRVT14_OR2_0P75)             0.20       0.29 r
  U1282/X (SAEDRVT14_NR2_5)                0.05       0.35 f
  U1290/X (SAEDRVT14_AOI21_6)              0.01       0.36 r
  U824/X (SAEDRVT14_ND3_0P5)               0.03       0.40 f
  U1292/X (SAEDRVT14_OAI21_V1_8)           0.01       0.41 r
  U1314/X (SAEDRVT14_AOI31_4)              0.05       0.46 f
  U1315/X (SAEDRVT14_ND2_4)                0.03       0.49 r
  U1316/X (SAEDRVT14_NR2_5)                0.03       0.51 f
  U835/X (SAEDRVT14_AN2_MM_1)              0.02       0.54 f
  U1436/CO (SAEDRVT14_ADDF_V1_2)           0.04       0.57 f
  U1330/CO (SAEDRVT14_ADDF_V1_2)           0.03       0.61 f
  U1440/CO (SAEDRVT14_ADDF_V1_2)           0.03       0.64 f
  U1334/CO (SAEDRVT14_ADDF_V1_2)           0.03       0.68 f
  U1345/CO (SAEDRVT14_ADDF_V1_2)           0.03       0.71 f
  U1360/CO (SAEDRVT14_ADDF_V1_2)           0.03       0.75 f
  U1443/CO (SAEDRVT14_ADDF_V1_2)           0.03       0.78 f
  U1414/CO (SAEDRVT14_ADDF_V1_2)           0.03       0.82 f
  U1479/CO (SAEDRVT14_ADDF_V1_2)           0.04       0.86 f
  U760/X (SAEDRVT14_ND2_5)                 0.01       0.88 r
  U1416/X (SAEDRVT14_INV_S_7)              0.01       0.89 f
  U751/X (SAEDRVT14_ND2_6)                 0.01       0.90 r
  U1417/X (SAEDRVT14_INV_S_8)              0.01       0.90 f
  U840/X (SAEDRVT14_ND2_CDC_1)             0.02       0.93 r
  U1490/X (SAEDRVT14_EN2_1P5)              0.03       0.96 f
  U1491/X (SAEDRVT14_ND2B_U_0P5)           0.04       1.00 f
  out_data[46] (out)                       0.00       1.00 f
  data arrival time                                   1.00

  max_delay                                1.00       1.00
  output external delay                    0.00       1.00
  data required time                                  1.00
  -----------------------------------------------------------
  data required time                                  1.00
  data arrival time                                  -1.00
  -----------------------------------------------------------
  slack (MET)                                         0.00


1
