 
****************************************
Report : timing
        -path full
        -delay max
        -max_paths 1
Design : fu_abs_32x2
Version: Y-2026.03-SP1
Date   : Tue Sep  8 23:23:35 2026
****************************************

Operating Conditions: tt0p8v25c   Library: saed14rvt_base_tt0p8v25c
Wire Load Model Mode: top

  Startpoint: in_data_0[63]
              (input port)
  Endpoint: out_data[62]
            (output port)
  Path Group: default
  Path Type: max

  Des/Clust/Port     Wire Load Model       Library
  ------------------------------------------------
  fu_abs_32x2        8000                  saed14rvt_base_tt0p8v25c

  Point                                    Incr       Path
  -----------------------------------------------------------
  input external delay                     0.00       0.00 f
  in_data_0[63] (in)                       0.00       0.00 f
  U267/X (SAEDRVT14_EO2_1)                 0.05       0.05 r
  U240/X (SAEDRVT14_ND2_CDC_1)             0.06       0.11 f
  U464/X (SAEDRVT14_NR2_1P5)               0.06       0.16 r
  U465/X (SAEDRVT14_ND2_CDC_2)             0.04       0.20 f
  U274/X (SAEDRVT14_NR2_MM_1)              0.04       0.24 r
  U474/X (SAEDRVT14_ND2_CDC_2)             0.04       0.28 f
  U196/X (SAEDRVT14_NR2_MM_6)              0.02       0.30 r
  U475/X (SAEDRVT14_ND2_CDC_2)             0.03       0.33 f
  U195/X (SAEDRVT14_NR2_MM_4)              0.03       0.36 r
  U476/X (SAEDRVT14_ND2_CDC_2)             0.04       0.40 f
  U194/X (SAEDRVT14_NR2_MM_6)              0.02       0.42 r
  U310/X (SAEDRVT14_ND2_CDC_1)             0.05       0.46 f
  U313/X (SAEDRVT14_NR2_MM_1)              0.07       0.54 r
  U441/X (SAEDRVT14_EN2_1)                 0.05       0.58 f
  U440/X (SAEDRVT14_MUX2_MM_0P5)           0.04       0.62 f
  out_data[62] (out)                       0.00       0.62 f
  data arrival time                                   0.62

  max_delay                                0.62       0.62
  output external delay                    0.00       0.62
  data required time                                  0.62
  -----------------------------------------------------------
  data required time                                  0.62
  data arrival time                                  -0.62
  -----------------------------------------------------------
  slack (MET)                                         0.00


1
