 
****************************************
Report : area
Design : fu_abs_32x2
Version: Y-2026.03-SP1
Date   : Tue Sep  8 23:23:35 2026
****************************************

Library(s) Used:

    saed14rvt_base_tt0p8v25c (File: /mnt/nas0/eda.libs/saed14/EDK_03_2025/SAED14nm_EDK_STD_RVT/liberty/nldm/base/saed14rvt_base_tt0p8v25c.db)

Number of ports:                          135
Number of nets:                           419
Number of cells:                          352
Number of combinational cells:            352
Number of sequential cells:                 0
Number of macros/black boxes:               0
Number of buf/inv:                         65
Number of references:                      21

Combinational area:                129.914402
Buf/Inv area:                       11.544000
Noncombinational area:               0.000000
Macro/Black Box area:                0.000000
Net Interconnect area:             186.827137

Total cell area:                   129.914402
Total area:                        316.741538
1
