 
****************************************
Report : area
Design : fu_min_max_32x2
Version: Y-2026.03-SP1
Date   : Tue Sep  8 22:10:37 2026
****************************************

Library(s) Used:

    saed14rvt_base_tt0p8v25c (File: /mnt/nas0/eda.libs/saed14/EDK_03_2025/SAED14nm_EDK_STD_RVT/liberty/nldm/base/saed14rvt_base_tt0p8v25c.db)

Number of ports:                          203
Number of nets:                           528
Number of cells:                          394
Number of combinational cells:            394
Number of sequential cells:                 0
Number of macros/black boxes:               0
Number of buf/inv:                         72
Number of references:                      25

Combinational area:                111.088801
Buf/Inv area:                       17.982000
Noncombinational area:               0.000000
Macro/Black Box area:                0.000000
Net Interconnect area:             147.230070

Total cell area:                   111.088801
Total area:                        258.318871
1
