 
****************************************
Report : timing
        -path full
        -delay max
        -max_paths 1
Design : fu_fp_cmp_64
Version: Y-2026.03-SP1
Date   : Wed Sep 30 12:23:31 2026
****************************************

Operating Conditions: tt0p8v25c   Library: saed14rvt_base_tt0p8v25c
Wire Load Model Mode: top

  Startpoint: in_data_0[2]
              (input port)
  Endpoint: out_data[0]
            (output port)
  Path Group: default
  Path Type: max

  Des/Clust/Port     Wire Load Model       Library
  ------------------------------------------------
  fu_fp_cmp_64       8000                  saed14rvt_base_tt0p8v25c

  Point                                    Incr       Path
  -----------------------------------------------------------
  input external delay                     0.00       0.00 f
  in_data_0[2] (in)                        0.00       0.00 f
  U478/X (SAEDRVT14_INV_S_1)               0.03       0.03 r
  U264/X (SAEDRVT14_ND2_CDC_1)             0.05       0.08 f
  U278/X (SAEDRVT14_OAI22_0P75)            0.05       0.13 r
  U481/X (SAEDRVT14_OAI22_1P5)             0.04       0.17 f
  U263/X (SAEDRVT14_OAI21_0P5)             0.04       0.21 r
  U261/X (SAEDRVT14_OAI22_0P5)             0.06       0.27 f
  U484/X (SAEDRVT14_OAI22_1P5)             0.04       0.31 r
  U258/X (SAEDRVT14_AOI21_3)               0.03       0.34 f
  U270/X (SAEDRVT14_OAI22_4)               0.02       0.36 r
  U503/X (SAEDRVT14_AOI21_3)               0.02       0.38 f
  U271/X (SAEDRVT14_AOI21_V1_4)            0.02       0.40 r
  U506/X (SAEDRVT14_AOI21_3)               0.02       0.42 f
  U508/X (SAEDRVT14_OAI22_1P5)             0.03       0.45 r
  U257/X (SAEDRVT14_AOI21_V1_6)            0.02       0.48 f
  U510/X (SAEDRVT14_OAI22_1P5)             0.03       0.51 r
  U255/X (SAEDRVT14_AOI21_V1_4)            0.03       0.53 f
  U272/X (SAEDRVT14_OAI22_3)               0.02       0.56 r
  U511/X (SAEDRVT14_AO21_2)                0.03       0.58 r
  U254/X (SAEDRVT14_AOI21_V1_6)            0.01       0.60 f
  U514/X (SAEDRVT14_OAI22_1P5)             0.03       0.62 r
  U274/X (SAEDRVT14_OA31_2)                0.03       0.65 r
  U516/X (SAEDRVT14_OAI21_2)               0.04       0.70 f
  U273/X (SAEDRVT14_OAI21_2)               0.03       0.73 r
  U566/X (SAEDRVT14_OAI21_3)               0.07       0.80 f
  U253/X (SAEDRVT14_ND2_1)                 0.03       0.83 r
  U304/X (SAEDRVT14_OAI22_1)               0.03       0.86 f
  U275/X (SAEDRVT14_MUX2_MM_1)             0.04       0.91 f
  U588/X (SAEDRVT14_OAI21_V1_4)            0.02       0.93 r
  U269/X (SAEDRVT14_OA21_4)                0.03       0.96 r
  U268/X (SAEDRVT14_INV_S_20)              0.02       0.97 f
  U589/X (SAEDRVT14_BUF_10)                0.03       1.00 f
  out_data[0] (out)                        0.00       1.00 f
  data arrival time                                   1.00

  max_delay                                1.00       1.00
  output external delay                    0.00       1.00
  data required time                                  1.00
  -----------------------------------------------------------
  data required time                                  1.00
  data arrival time                                  -1.00
  -----------------------------------------------------------
  slack (MET)                                         0.00


1
