 
****************************************
Report : area
Design : fu_fp_cmp_64
Version: Y-2026.03-SP1
Date   : Wed Sep 30 12:23:31 2026
****************************************

Library(s) Used:

    saed14rvt_base_tt0p8v25c (File: /mnt/nas0/eda.libs/saed14/EDK_03_2025/SAED14nm_EDK_STD_RVT/liberty/nldm/base/saed14rvt_base_tt0p8v25c.db)

Number of ports:                          204
Number of nets:                           483
Number of cells:                          348
Number of combinational cells:            348
Number of sequential cells:                 0
Number of macros/black boxes:               0
Number of buf/inv:                        105
Number of references:                      43

Combinational area:                111.621599
Buf/Inv area:                       23.798399
Noncombinational area:               0.000000
Macro/Black Box area:                0.000000
Net Interconnect area:             164.310549

Total cell area:                   111.621599
Total area:                        275.932148
1
