 
****************************************
Report : area
Design : fu_cmp_64
Version: Y-2026.03-SP1
Date   : Tue Sep  8 23:15:03 2026
****************************************

Library(s) Used:

    saed14rvt_base_tt0p8v25c (File: /mnt/nas0/eda.libs/saed14/EDK_03_2025/SAED14nm_EDK_STD_RVT/liberty/nldm/base/saed14rvt_base_tt0p8v25c.db)

Number of ports:                          204
Number of nets:                           443
Number of cells:                          308
Number of combinational cells:            308
Number of sequential cells:                 0
Number of macros/black boxes:               0
Number of buf/inv:                         70
Number of references:                      54

Combinational area:                106.515600
Buf/Inv area:                       16.605600
Noncombinational area:               0.000000
Macro/Black Box area:                0.000000
Net Interconnect area:             138.807492

Total cell area:                   106.515600
Total area:                        245.323092
1
