 
****************************************
Report : timing
        -path full
        -delay max
        -max_paths 1
Design : fu_cmp_64
Version: Y-2026.03-SP1
Date   : Tue Sep  8 23:15:03 2026
****************************************

Operating Conditions: tt0p8v25c   Library: saed14rvt_base_tt0p8v25c
Wire Load Model Mode: top

  Startpoint: in_data_0[33]
              (input port)
  Endpoint: out_data[3]
            (output port)
  Path Group: default
  Path Type: max

  Des/Clust/Port     Wire Load Model       Library
  ------------------------------------------------
  fu_cmp_64          8000                  saed14rvt_base_tt0p8v25c

  Point                                    Incr       Path
  -----------------------------------------------------------
  input external delay                     0.00       0.00 f
  in_data_0[33] (in)                       0.00       0.00 f
  U222/X (SAEDRVT14_EO2_1)                 0.05       0.05 r
  U204/X (SAEDRVT14_INV_S_0P5)             0.04       0.09 f
  U41/X (SAEDRVT14_AOI21_3)                0.03       0.13 r
  U295/X (SAEDRVT14_AOI21_0P5)             0.04       0.16 f
  U76/X (SAEDRVT14_OAI21_2)                0.03       0.19 r
  U38/X (SAEDRVT14_AOI21_1P5)              0.02       0.22 f
  U113/X (SAEDRVT14_OA31_1)                0.03       0.25 f
  U112/X (SAEDRVT14_AOI21_1P5)             0.03       0.28 r
  U299/X (SAEDRVT14_OAI21_V1_4)            0.02       0.30 f
  U300/X (SAEDRVT14_AOI21_V1_4)            0.02       0.32 r
  U305/X (SAEDRVT14_AO21_4)                0.02       0.34 r
  U225/X (SAEDRVT14_ND2_CDC_2)             0.01       0.35 f
  U226/X (SAEDRVT14_OR4_1)                 0.03       0.39 f
  U316/X (SAEDRVT14_AO32_2)                0.05       0.44 f
  U317/X (SAEDRVT14_AOI21_8)               0.02       0.46 r
  U323/X (SAEDRVT14_ND3B_4)                0.02       0.48 f
  U324/X (SAEDRVT14_OAI22_4)               0.01       0.50 r
  U325/X (SAEDRVT14_AOI21_6)               0.02       0.52 f
  U327/X (SAEDRVT14_OAI22_4)               0.03       0.55 r
  U332/X (SAEDRVT14_BUF_6)                 0.07       0.62 r
  out_data[3] (out)                        0.00       0.62 r
  data arrival time                                   0.62

  max_delay                                0.62       0.62
  output external delay                    0.00       0.62
  data required time                                  0.62
  -----------------------------------------------------------
  data required time                                  0.62
  data arrival time                                  -0.62
  -----------------------------------------------------------
  slack (MET)                                         0.00


1
