 
****************************************
Report : timing
        -path full
        -delay max
        -max_paths 1
Design : fu_bshift_bs1
Version: Y-2026.03-SP1
Date   : Wed Sep 30 18:25:44 2026
****************************************

Operating Conditions: tt0p8v25c   Library: saed14rvt_base_tt0p8v25c
Wire Load Model Mode: top

  Startpoint: shift_op[1]
              (input port)
  Endpoint: out_data[5]
            (output port)
  Path Group: default
  Path Type: max

  Des/Clust/Port     Wire Load Model       Library
  ------------------------------------------------
  fu_bshift_bs1      8000                  saed14rvt_base_tt0p8v25c

  Point                                                   Incr       Path
  --------------------------------------------------------------------------
  input external delay                                    0.00       0.00 r
  shift_op[1] (in)                                        0.00       0.00 r
  core/shift_op[1] (fu_barrel_shift_dec)                  0.00       0.00 r
  core/U413/X (SAEDRVT14_EN2_4)                           0.03       0.03 f
  core/U414/X (SAEDRVT14_INV_S_10)                        0.01       0.04 r
  core/U415/X (SAEDRVT14_INV_S_20)                        0.02       0.06 f
  core/U417/X (SAEDRVT14_ND2_16)                          0.02       0.08 r
  core/U397/X (SAEDRVT14_OAI22_1)                         0.03       0.11 f
  core/U540/X (SAEDRVT14_AOI21_1)                         0.07       0.18 r
  core/U144/X (SAEDRVT14_INV_S_2)                         0.05       0.23 f
  core/U100/X (SAEDRVT14_AOI21_V1_8)                      0.03       0.26 r
  core/U566/X (SAEDRVT14_OAI22_2)                         0.03       0.30 f
  core/U567/X (SAEDRVT14_AOI21_V1_6)                      0.04       0.33 r
  core/U568/X (SAEDRVT14_OAI22_4)                         0.03       0.36 f
  core/U569/X (SAEDRVT14_AOI21_8)                         0.03       0.39 r
  core/U371/X (SAEDRVT14_OAI22_2)                         0.04       0.43 f
  core/U207/X (SAEDRVT14_AO21_1)                          0.03       0.46 f
  core/U265/X (SAEDRVT14_INV_S_1P5)                       0.02       0.48 r
  core/U982/X (SAEDRVT14_OAI21_2)                         0.02       0.50 f
  core/out_data[5] (fu_barrel_shift_dec)                  0.00       0.50 f
  out_data[5] (out)                                       0.00       0.50 f
  data arrival time                                                  0.50

  max_delay                                               0.50       0.50
  output external delay                                   0.00       0.50
  data required time                                                 0.50
  --------------------------------------------------------------------------
  data required time                                                 0.50
  data arrival time                                                 -0.50
  --------------------------------------------------------------------------
  slack (MET)                                                        0.00


1
