 
****************************************
Report : timing
        -path full
        -delay max
        -max_paths 1
Design : fu_fp_min_max_dec_W32_MIN_LANE_W32
Version: Y-2026.03-SP1
Date   : Tue Sep 29 17:06:27 2026
****************************************

Operating Conditions: tt0p8v25c   Library: saed14rvt_base_tt0p8v25c
Wire Load Model Mode: top

  Startpoint: in_data_0[16]
              (input port)
  Endpoint: out_data[3]
            (output port)
  Path Group: default
  Path Type: max

  Des/Clust/Port     Wire Load Model       Library
  ------------------------------------------------
  fu_fp_min_max_dec_W32_MIN_LANE_W32
                     8000                  saed14rvt_base_tt0p8v25c

  Point                                    Incr       Path
  -----------------------------------------------------------
  input external delay                     0.00       0.00 r
  in_data_0[16] (in)                       0.00       0.00 r
  U374/X (SAEDRVT14_INV_S_2)               0.01       0.01 f
  U309/X (SAEDRVT14_NR2_1)                 0.04       0.05 r
  U375/X (SAEDRVT14_AOI21_1P5)             0.03       0.08 f
  U376/X (SAEDRVT14_OAI21_V1_4)            0.02       0.10 r
  U200/X (SAEDRVT14_AOI21_V1_4)            0.02       0.12 f
  U380/X (SAEDRVT14_OAI21_3)               0.02       0.14 r
  U383/X (SAEDRVT14_AOI21_V1_4)            0.02       0.16 f
  U384/X (SAEDRVT14_OAI21_2)               0.03       0.19 r
  U217/X (SAEDRVT14_AOI21_1P5)             0.03       0.22 f
  U263/X (SAEDRVT14_OAI21_2)               0.03       0.25 r
  U386/X (SAEDRVT14_AOI21_8)               0.02       0.27 f
  U387/X (SAEDRVT14_INV_S_2)               0.01       0.28 r
  U320/X (SAEDRVT14_OAI22_1)               0.03       0.31 f
  U388/X (SAEDRVT14_OR2_MM_6)              0.03       0.34 f
  U389/X (SAEDRVT14_BUF_10)                0.02       0.36 f
  U308/X (SAEDRVT14_AN2_MM_3)              0.03       0.40 f
  U398/X (SAEDRVT14_INV_S_3)               0.06       0.45 r
  U326/X (SAEDRVT14_OAI22_1)               0.05       0.50 f
  out_data[3] (out)                        0.00       0.50 f
  data arrival time                                   0.50

  max_delay                                0.50       0.50
  output external delay                    0.00       0.50
  data required time                                  0.50
  -----------------------------------------------------------
  data required time                                  0.50
  data arrival time                                  -0.50
  -----------------------------------------------------------
  slack (MET)                                         0.00


1
