****************************************
Report : Averaged Power
Design : fu_fp_min_max_16x2
Version: Y-2026.03-SP1
Date   : Thu Oct  1 18:33:19 2026
****************************************



  Attributes
  ----------
      i  -  Including register clock pin internal power
      u  -  User defined power group

                        Internal  Switching  Leakage    Total
Power Group             Power     Power      Power      Power   (     %)  Attrs
--------------------------------------------------------------------------------
clock_network              0.0000    0.0000    0.0000    0.0000 ( 0.00%)  i
register                   0.0000    0.0000    0.0000    0.0000 ( 0.00%)  
combinational           9.717e-05 7.611e-04 2.598e-08 8.583e-04 (100.00%) 
sequential                 0.0000    0.0000    0.0000    0.0000 ( 0.00%)  
memory                     0.0000    0.0000    0.0000    0.0000 ( 0.00%)  
io_pad                     0.0000    0.0000    0.0000    0.0000 ( 0.00%)  
black_box                  0.0000    0.0000    0.0000    0.0000 ( 0.00%)  

  Net Switching Power  = 7.611e-04   (88.68%)
  Cell Internal Power  = 9.717e-05   (11.32%)
  Cell Leakage Power   = 2.598e-08   ( 0.00%)
                         ---------
Total Power            = 8.583e-04  (100.00%)

1
