 
****************************************
Report : timing
        -path full
        -delay max
        -max_paths 1
Design : fu_cmp_32x2
Version: Y-2026.03-SP1
Date   : Tue Sep  8 23:46:45 2026
****************************************

Operating Conditions: tt0p8v25c   Library: saed14rvt_base_tt0p8v25c
Wire Load Model Mode: top

  Startpoint: in_data_0[23]
              (input port)
  Endpoint: out_data[0]
            (output port)
  Path Group: default
  Path Type: max

  Des/Clust/Port     Wire Load Model       Library
  ------------------------------------------------
  fu_cmp_32x2        8000                  saed14rvt_base_tt0p8v25c

  Point                                    Incr       Path
  -----------------------------------------------------------
  input external delay                     0.00       0.00 r
  in_data_0[23] (in)                       0.00       0.00 r
  U355/X (SAEDRVT14_INV_S_20)              0.00       0.00 f
  U348/X (SAEDRVT14_NR2_MM_16)             0.01       0.01 r
  U352/X (SAEDRVT14_OAI21_V1_8)            0.01       0.02 f
  U408/X (SAEDRVT14_AOI21_8)               0.01       0.04 r
  U194/X (SAEDRVT14_OAI21_V1_8)            0.01       0.05 f
  U153/X (SAEDRVT14_AOI21_V1_8)            0.01       0.06 r
  U192/X (SAEDRVT14_OAI21_V1_8)            0.02       0.08 f
  U294/X (SAEDRVT14_AN2B_MM_12)            0.03       0.10 r
  U36/X (SAEDRVT14_AN2_MM_3)               0.02       0.13 r
  U142/X (SAEDRVT14_OAI21_V1_8)            0.02       0.14 f
  U141/X (SAEDRVT14_NR2_MM_16)             0.01       0.15 r
  U238/X (SAEDRVT14_INV_S_20)              0.01       0.16 f
  U240/X (SAEDRVT14_INV_S_20)              0.01       0.17 r
  U282/X (SAEDRVT14_INV_S_20)              0.01       0.18 f
  out_data[0] (out)                        0.00       0.18 f
  data arrival time                                   0.18

  max_delay                                0.01       0.01
  output external delay                    0.00       0.01
  data required time                                  0.01
  -----------------------------------------------------------
  data required time                                  0.01
  data arrival time                                  -0.18
  -----------------------------------------------------------
  slack (VIOLATED)                                   -0.17


1
