 
****************************************
Report : area
Design : fu_fp_cmp_64
Version: Y-2026.03-SP1
Date   : Tue Sep  8 23:43:56 2026
****************************************

Library(s) Used:

    saed14rvt_base_tt0p8v25c (File: /mnt/nas0/eda.libs/saed14/EDK_03_2025/SAED14nm_EDK_STD_RVT/liberty/nldm/base/saed14rvt_base_tt0p8v25c.db)

Number of ports:                          204
Number of nets:                           838
Number of cells:                          703
Number of combinational cells:            703
Number of sequential cells:                 0
Number of macros/black boxes:               0
Number of buf/inv:                        181
Number of references:                      82

Combinational area:                633.721193
Buf/Inv area:                      117.304797
Noncombinational area:               0.000000
Macro/Black Box area:                0.000000
Net Interconnect area:             228.267670

Total cell area:                   633.721193
Total area:                        861.988863
1
