 
****************************************
Report : area
Design : fu_bshift_bs3
Version: Y-2026.03-SP1
Date   : Tue Sep  8 21:35:48 2026
****************************************

Library(s) Used:

    saed14rvt_base_tt0p8v25c (File: /mnt/nas0/eda.libs/saed14/EDK_03_2025/SAED14nm_EDK_STD_RVT/liberty/nldm/base/saed14rvt_base_tt0p8v25c.db)

Number of ports:                          408
Number of nets:                          1647
Number of cells:                         1399
Number of combinational cells:           1398
Number of sequential cells:                 0
Number of macros/black boxes:               0
Number of buf/inv:                        330
Number of references:                       1

Combinational area:                762.259194
Buf/Inv area:                      115.395599
Noncombinational area:               0.000000
Macro/Black Box area:                0.000000
Net Interconnect area:             668.203289

Total cell area:                   762.259194
Total area:                       1430.462484
1
