****************************************
Report : Averaged Power
Design : fu_add_sub_minmax_d1
Version: Y-2026.03-SP1
Date   : Thu Oct  1 18:35:41 2026
****************************************



  Attributes
  ----------
      i  -  Including register clock pin internal power
      u  -  User defined power group

                        Internal  Switching  Leakage    Total
Power Group             Power     Power      Power      Power   (     %)  Attrs
--------------------------------------------------------------------------------
clock_network              0.0000    0.0000    0.0000    0.0000 ( 0.00%)  i
register                   0.0000    0.0000    0.0000    0.0000 ( 0.00%)  
combinational           3.445e-04 2.308e-03 1.526e-07 2.653e-03 (100.00%) 
sequential                 0.0000    0.0000    0.0000    0.0000 ( 0.00%)  
memory                     0.0000    0.0000    0.0000    0.0000 ( 0.00%)  
io_pad                     0.0000    0.0000    0.0000    0.0000 ( 0.00%)  
black_box                  0.0000    0.0000    0.0000    0.0000 ( 0.00%)  

  Net Switching Power  = 2.308e-03   (87.01%)
  Cell Internal Power  = 3.445e-04   (12.99%)
  Cell Leakage Power   = 1.526e-07   ( 0.01%)
                         ---------
Total Power            = 2.653e-03  (100.00%)

1
