 
****************************************
Report : area
Design : fu_fp_min_max_32x2
Version: Y-2026.03-SP1
Date   : Tue Sep  8 23:11:18 2026
****************************************

Library(s) Used:

    saed14rvt_base_tt0p8v25c (File: /mnt/nas0/eda.libs/saed14/EDK_03_2025/SAED14nm_EDK_STD_RVT/liberty/nldm/base/saed14rvt_base_tt0p8v25c.db)

Number of ports:                          202
Number of nets:                           645
Number of cells:                          512
Number of combinational cells:            512
Number of sequential cells:                 0
Number of macros/black boxes:               0
Number of buf/inv:                        170
Number of references:                      50

Combinational area:                155.000398
Buf/Inv area:                       35.297999
Noncombinational area:               0.000000
Macro/Black Box area:                0.000000
Net Interconnect area:             214.636569

Total cell area:                   155.000398
Total area:                        369.636968
1
