 
****************************************
Report : timing
        -path full
        -delay max
        -max_paths 1
Design : fu_add_sub_minmax_d8
Version: Y-2026.03-SP1
Date   : Thu Oct  1 18:27:54 2026
****************************************

Operating Conditions: tt0p8v25c   Library: saed14rvt_base_tt0p8v25c
Wire Load Model Mode: top

  Startpoint: mode[0] (input port)
  Endpoint: out_data[28]
            (output port)
  Path Group: default
  Path Type: max

  Des/Clust/Port     Wire Load Model       Library
  ------------------------------------------------
  fu_add_sub_minmax_d8
                     8000                  saed14rvt_base_tt0p8v25c

  Point                                                   Incr       Path
  --------------------------------------------------------------------------
  input external delay                                    0.00       0.00 f
  mode[0] (in)                                            0.00       0.00 f
  core/mode[0] (fu_add_sub_minmax_dec_EN321_EN161_EN81)
                                                          0.00       0.00 f
  core/segmented/mode[0] (fu_add_sub_segmented_1_1_1)     0.00       0.00 f
  core/segmented/U150/X (SAEDRVT14_AN2_MM_12)             0.02       0.02 f
  core/segmented/U151/X (SAEDRVT14_MUX2_MM_1)             0.05       0.07 r
  core/segmented/U183/X (SAEDRVT14_OR2_MM_6)              0.05       0.12 r
  core/segmented/U81/X (SAEDRVT14_EO2_2)                  0.04       0.17 r
  core/segmented/U202/X (SAEDRVT14_ND2_CDC_1)             0.05       0.22 f
  core/segmented/U203/X (SAEDRVT14_OAI21_0P5)             0.05       0.27 r
  core/segmented/U204/X (SAEDRVT14_AOI21_1P5)             0.04       0.31 f
  core/segmented/U205/X (SAEDRVT14_OAI21_V1_8)            0.02       0.33 r
  core/segmented/U211/X (SAEDRVT14_AO21_4)                0.03       0.36 r
  core/segmented/U215/X (SAEDRVT14_MUX2_MM_4)             0.02       0.38 r
  core/segmented/U250/X (SAEDRVT14_AO21_4)                0.02       0.41 r
  core/segmented/U252/X (SAEDRVT14_MUX2_MM_4)             0.02       0.43 r
  core/segmented/U284/X (SAEDRVT14_AO21_4)                0.02       0.46 r
  core/segmented/U297/X (SAEDRVT14_MUX2_MM_4)             0.02       0.48 r
  core/segmented/U298/X (SAEDRVT14_INV_12)                0.01       0.49 f
  core/segmented/U332/X (SAEDRVT14_OAI21_V1_8)            0.01       0.50 r
  core/segmented/U352/X (SAEDRVT14_MUX2_MM_4)             0.03       0.53 r
  core/segmented/U367/X (SAEDRVT14_AO21_4)                0.03       0.56 r
  core/segmented/U374/X (SAEDRVT14_MUX2_MM_4)             0.02       0.58 r
  core/segmented/U375/X (SAEDRVT14_INV_12)                0.01       0.59 f
  core/segmented/U376/X (SAEDRVT14_INV_S_20)              0.01       0.60 r
  core/segmented/U13/X (SAEDRVT14_AOI21_V1_4)             0.01       0.61 f
  core/segmented/U407/X (SAEDRVT14_EO2_3)                 0.03       0.65 f
  core/segmented/sum_out[55] (fu_add_sub_segmented_1_1_1)
                                                          0.00       0.65 f
  core/U154/X (SAEDRVT14_AOI21_1P5)                       0.02       0.67 r
  core/U156/X (SAEDRVT14_OAI22_0P75)                      0.04       0.71 f
  core/U157/X (SAEDRVT14_NR2_MM_1)                        0.04       0.75 r
  core/U158/X (SAEDRVT14_EO2_1)                           0.04       0.80 f
  core/U159/X (SAEDRVT14_MUXI2_4)                         0.04       0.83 r
  core/U165/X (SAEDRVT14_MUXI2_4)                         0.03       0.87 f
  core/U172/X (SAEDRVT14_OAI21_V1_8)                      0.02       0.88 r
  core/U178/X (SAEDRVT14_MUXI2_4)                         0.04       0.92 f
  core/U62/X (SAEDRVT14_AN2_MM_8)                         0.02       0.95 f
  core/U179/X (SAEDRVT14_INV_12)                          0.01       0.96 r
  core/U346/X (SAEDRVT14_OAI22_4)                         0.01       0.97 f
  core/U3/X (SAEDRVT14_AO21_1)                            0.03       1.00 f
  core/out_data[28] (fu_add_sub_minmax_dec_EN321_EN161_EN81)
                                                          0.00       1.00 f
  out_data[28] (out)                                      0.00       1.00 f
  data arrival time                                                  1.00

  max_delay                                               1.00       1.00
  output external delay                                   0.00       1.00
  data required time                                                 1.00
  --------------------------------------------------------------------------
  data required time                                                 1.00
  data arrival time                                                 -1.00
  --------------------------------------------------------------------------
  slack (MET)                                                        0.00


1
