 
****************************************
Report : area
Design : fu_fp_cmp_g3
Version: Y-2026.03-SP1
Date   : Tue Sep  8 21:29:43 2026
****************************************

Library(s) Used:

    saed14rvt_base_tt0p8v25c (File: /mnt/nas0/eda.libs/saed14/EDK_03_2025/SAED14nm_EDK_STD_RVT/liberty/nldm/base/saed14rvt_base_tt0p8v25c.db)

Number of ports:                          412
Number of nets:                          1232
Number of cells:                          889
Number of combinational cells:            888
Number of sequential cells:                 0
Number of macros/black boxes:               0
Number of buf/inv:                        215
Number of references:                       1

Combinational area:                410.078399
Buf/Inv area:                       69.219599
Noncombinational area:               0.000000
Macro/Black Box area:                0.000000
Net Interconnect area:             343.439391

Total cell area:                   410.078399
Total area:                        753.517790
1
