 
****************************************
Report : timing
        -path full
        -delay max
        -max_paths 1
Design : fu_fp_cmp_g3
Version: Y-2026.03-SP1
Date   : Tue Sep  8 21:29:07 2026
****************************************

Operating Conditions: tt0p8v25c   Library: saed14rvt_base_tt0p8v25c
Wire Load Model Mode: top

  Startpoint: mode[1] (input port)
  Endpoint: out_data[0]
            (output port)
  Path Group: default
  Path Type: max

  Des/Clust/Port     Wire Load Model       Library
  ------------------------------------------------
  fu_fp_cmp_g3       8000                  saed14rvt_base_tt0p8v25c

  Point                                    Incr       Path
  -----------------------------------------------------------
  input external delay                     0.00       0.00 f
  mode[1] (in)                             0.00       0.00 f
  core/mode[1] (fu_fp_cmp_dec)             0.00       0.00 f
  core/U436/X (SAEDRVT14_INV_S_20)         0.00       0.00 r
  core/U348/X (SAEDRVT14_NR2_MM_10)        0.01       0.01 f
  core/U437/X (SAEDRVT14_INV_S_16)         0.02       0.04 r
  core/U450/X (SAEDRVT14_ND2_MM_8)         0.01       0.05 f
  core/U451/X (SAEDRVT14_INV_12)           0.02       0.07 r
  core/U452/X (SAEDRVT14_INV_S_20)         0.02       0.08 f
  core/U275/X (SAEDRVT14_NR2_1)            0.06       0.15 r
  core/U469/X (SAEDRVT14_NR2_1)            0.06       0.20 f
  core/U274/X (SAEDRVT14_AOI21_0P5)        0.15       0.35 r
  core/U473/X (SAEDRVT14_AOI21_1P5)        0.05       0.41 f
  core/U474/X (SAEDRVT14_OAI21_0P5)        0.05       0.45 r
  core/U475/X (SAEDRVT14_AOI21_1P5)        0.04       0.49 f
  core/U402/X (SAEDRVT14_OAI21_2)          0.03       0.52 r
  core/U12/X (SAEDRVT14_NR2_MM_3)          0.03       0.55 f
  core/U476/X (SAEDRVT14_AN4_4)            0.03       0.58 f
  core/U594/X (SAEDRVT14_ND2_5)            0.03       0.61 r
  core/U663/X (SAEDRVT14_OAI21_V1_4)       0.03       0.64 f
  core/U105/X (SAEDRVT14_INV_S_8)          0.01       0.65 r
  core/U667/X (SAEDRVT14_OAI21_0P5)        0.03       0.68 f
  core/U668/X (SAEDRVT14_AOI21_1P5)        0.04       0.72 r
  core/U669/X (SAEDRVT14_OAI21_0P5)        0.04       0.76 f
  core/U670/X (SAEDRVT14_OA21B_2)          0.03       0.79 r
  core/U671/X (SAEDRVT14_OAI21_0P5)        0.03       0.83 f
  core/U672/X (SAEDRVT14_AOI21_0P5)        0.05       0.87 r
  core/U673/X (SAEDRVT14_AO32_2)           0.05       0.92 r
  core/U423/X (SAEDRVT14_OAI21_2)          0.03       0.95 f
  core/U680/X (SAEDRVT14_BUF_16)           0.05       1.00 f
  core/out_data[0] (fu_fp_cmp_dec)         0.00       1.00 f
  out_data[0] (out)                        0.00       1.00 f
  data arrival time                                   1.00

  max_delay                                1.00       1.00
  output external delay                    0.00       1.00
  data required time                                  1.00
  -----------------------------------------------------------
  data required time                                  1.00
  data arrival time                                  -1.00
  -----------------------------------------------------------
  slack (MET)                                         0.00


1
