 
****************************************
Report : area
Design : fu_fp_cmp_g3
Version: Y-2026.03-SP1
Date   : Tue Sep  8 21:29:06 2026
****************************************

Library(s) Used:

    saed14rvt_base_tt0p8v25c (File: /mnt/nas0/eda.libs/saed14/EDK_03_2025/SAED14nm_EDK_STD_RVT/liberty/nldm/base/saed14rvt_base_tt0p8v25c.db)

Number of ports:                          412
Number of nets:                          1023
Number of cells:                          679
Number of combinational cells:            678
Number of sequential cells:                 0
Number of macros/black boxes:               0
Number of buf/inv:                        147
Number of references:                       1

Combinational area:                257.741999
Buf/Inv area:                       48.884400
Noncombinational area:               0.000000
Macro/Black Box area:                0.000000
Net Interconnect area:             378.498616

Total cell area:                   257.741999
Total area:                        636.240615
1
