 
****************************************
Report : timing
        -path full
        -delay max
        -max_paths 1
Design : fu_fp_min_max_32x2
Version: Y-2026.03-SP1
Date   : Wed Sep 30 12:26:23 2026
****************************************

Operating Conditions: tt0p8v25c   Library: saed14rvt_base_tt0p8v25c
Wire Load Model Mode: top

  Startpoint: in_data_1[36]
              (input port)
  Endpoint: out_data[32]
            (output port)
  Path Group: default
  Path Type: max

  Des/Clust/Port     Wire Load Model       Library
  ------------------------------------------------
  fu_fp_min_max_32x2 8000                  saed14rvt_base_tt0p8v25c

  Point                                    Incr       Path
  -----------------------------------------------------------
  input external delay                     0.00       0.00 f
  in_data_1[36] (in)                       0.00       0.00 f
  U631/X (SAEDRVT14_INV_S_0P5)             0.05       0.05 r
  U407/X (SAEDRVT14_OAI22_1)               0.08       0.13 f
  U405/X (SAEDRVT14_INV_S_0P5)             0.06       0.19 r
  U642/X (SAEDRVT14_AOI21_1P5)             0.03       0.22 f
  U404/X (SAEDRVT14_OAI22_1)               0.04       0.26 r
  U646/X (SAEDRVT14_AOI21_1P5)             0.03       0.29 f
  U647/X (SAEDRVT14_OA22_2)                0.03       0.32 f
  U403/X (SAEDRVT14_OAI22_2)               0.03       0.34 r
  U651/X (SAEDRVT14_AOI21_1P5)             0.03       0.37 f
  U655/X (SAEDRVT14_OAI22_1P5)             0.03       0.40 r
  U412/X (SAEDRVT14_AOI21_V1_4)            0.03       0.43 f
  U659/X (SAEDRVT14_OAI22_1P5)             0.03       0.45 r
  U413/X (SAEDRVT14_AOI21_V1_4)            0.03       0.48 f
  U673/X (SAEDRVT14_OA31_2)                0.04       0.51 f
  U411/X (SAEDRVT14_OAI22_4)               0.02       0.53 r
  U676/X (SAEDRVT14_AOI21_1P5)             0.03       0.56 f
  U677/X (SAEDRVT14_OA31_2)                0.03       0.58 f
  U414/X (SAEDRVT14_OAI22_3)               0.02       0.61 r
  U686/X (SAEDRVT14_AO21_2)                0.03       0.64 r
  U415/X (SAEDRVT14_OAI21_2)               0.02       0.66 f
  U696/X (SAEDRVT14_OAI21_2)               0.03       0.69 r
  U697/X (SAEDRVT14_EO2_V1_1P5)            0.03       0.72 r
  U698/X (SAEDRVT14_BUF_10)                0.05       0.77 r
  U398/X (SAEDRVT14_INV_S_10)              0.04       0.81 f
  U746/X (SAEDRVT14_ND2_CDC_2)             0.03       0.84 r
  U371/X (SAEDRVT14_BUF_3)                 0.10       0.94 r
  U757/X (SAEDRVT14_OAI22_1)               0.06       1.00 f
  out_data[32] (out)                       0.00       1.00 f
  data arrival time                                   1.00

  max_delay                                1.00       1.00
  output external delay                    0.00       1.00
  data required time                                  1.00
  -----------------------------------------------------------
  data required time                                  1.00
  data arrival time                                  -1.00
  -----------------------------------------------------------
  slack (MET)                                         0.00


1
