 
****************************************
Report : area
Design : fu_barrel_shift_32x2
Version: Y-2026.03-SP1
Date   : Tue Sep  8 22:28:20 2026
****************************************

Library(s) Used:

    saed14rvt_base_tt0p8v25c (File: /mnt/nas0/eda.libs/saed14/EDK_03_2025/SAED14nm_EDK_STD_RVT/liberty/nldm/base/saed14rvt_base_tt0p8v25c.db)

Number of ports:                          202
Number of nets:                          1016
Number of cells:                          937
Number of combinational cells:            937
Number of sequential cells:                 0
Number of macros/black boxes:               0
Number of buf/inv:                        206
Number of references:                      90

Combinational area:                349.605595
Buf/Inv area:                       61.049999
Noncombinational area:               0.000000
Macro/Black Box area:                0.000000
Net Interconnect area:             551.666731

Total cell area:                   349.605595
Total area:                        901.272326
1
