 
****************************************
Report : timing
        -path full
        -delay max
        -max_paths 1
Design : fu_barrel_shift_32x2
Version: Y-2026.03-SP1
Date   : Tue Sep  8 22:28:20 2026
****************************************

Operating Conditions: tt0p8v25c   Library: saed14rvt_base_tt0p8v25c
Wire Load Model Mode: top

  Startpoint: shift_op[0]
              (input port)
  Endpoint: out_data[38]
            (output port)
  Path Group: default
  Path Type: max

  Des/Clust/Port     Wire Load Model       Library
  ------------------------------------------------
  fu_barrel_shift_32x2
                     8000                  saed14rvt_base_tt0p8v25c

  Point                                    Incr       Path
  -----------------------------------------------------------
  input external delay                     0.00       0.00 r
  shift_op[0] (in)                         0.00       0.00 r
  U457/X (SAEDRVT14_INV_S_20)              0.00       0.00 f
  U458/X (SAEDRVT14_ND2_MM_12)             0.01       0.01 r
  U459/X (SAEDRVT14_OAI21_V1_8)            0.01       0.02 f
  U460/X (SAEDRVT14_BUF_20)                0.02       0.05 f
  U529/X (SAEDRVT14_OAI21_V1_4)            0.02       0.06 r
  U530/X (SAEDRVT14_MUXI2_4)               0.06       0.12 r
  U554/X (SAEDRVT14_OR3_4)                 0.05       0.17 r
  U324/X (SAEDRVT14_INV_S_1)               0.07       0.24 f
  U314/X (SAEDRVT14_INV_S_0P5)             0.06       0.30 r
  U842/X (SAEDRVT14_OAI22_1P5)             0.04       0.34 f
  U92/X (SAEDRVT14_NR2_MM_3)               0.03       0.37 r
  U843/X (SAEDRVT14_ND2_MM_6)              0.01       0.38 f
  U845/X (SAEDRVT14_NR2_MM_4)              0.03       0.41 r
  U846/X (SAEDRVT14_OAI22_1P5)             0.04       0.45 f
  U851/X (SAEDRVT14_NR2_MM_3)              0.03       0.47 r
  U852/X (SAEDRVT14_OAI21_2)               0.02       0.50 f
  out_data[38] (out)                       0.00       0.50 f
  data arrival time                                   0.50

  max_delay                                0.50       0.50
  output external delay                    0.00       0.50
  data required time                                  0.50
  -----------------------------------------------------------
  data required time                                  0.50
  data arrival time                                  -0.50
  -----------------------------------------------------------
  slack (MET)                                         0.00


1
