 
****************************************
Report : area
Design : fu_rounding_32x2
Version: Y-2026.03-SP1
Date   : Tue Sep  8 23:18:07 2026
****************************************

Library(s) Used:

    saed14rvt_base_tt0p8v25c (File: /mnt/nas0/eda.libs/saed14/EDK_03_2025/SAED14nm_EDK_STD_RVT/liberty/nldm/base/saed14rvt_base_tt0p8v25c.db)

Number of ports:                          137
Number of nets:                          1433
Number of cells:                         1364
Number of combinational cells:           1364
Number of sequential cells:                 0
Number of macros/black boxes:               0
Number of buf/inv:                        296
Number of references:                     112

Combinational area:                545.498399
Buf/Inv area:                       74.325599
Noncombinational area:               0.000000
Macro/Black Box area:                0.000000
Net Interconnect area:             506.772460

Total cell area:                   545.498399
Total area:                       1052.270859
1
