 
****************************************
Report : timing
        -path full
        -delay max
        -max_paths 1
Design : fu_abs_a2
Version: Y-2026.03-SP1
Date   : Wed Sep 30 18:23:17 2026
****************************************

Operating Conditions: tt0p8v25c   Library: saed14rvt_base_tt0p8v25c
Wire Load Model Mode: top

  Startpoint: in_data_0[63]
              (input port)
  Endpoint: out_data[53]
            (output port)
  Path Group: default
  Path Type: max

  Des/Clust/Port     Wire Load Model       Library
  ------------------------------------------------
  fu_abs_a2          8000                  saed14rvt_base_tt0p8v25c

  Point                                    Incr       Path
  -----------------------------------------------------------
  input external delay                     0.00       0.00 f
  in_data_0[63] (in)                       0.00       0.00 f
  core/in_data_0[63] (fu_abs_dec)          0.00       0.00 f
  core/U57/X (SAEDRVT14_EO2_1)             0.05       0.05 r
  core/U288/X (SAEDRVT14_INV_S_0P5)        0.07       0.11 f
  core/U58/X (SAEDRVT14_NR2_1)             0.06       0.17 r
  core/U32/X (SAEDRVT14_ND2_1P5)           0.03       0.21 f
  core/U40/X (SAEDRVT14_NR2_MM_1)          0.06       0.26 r
  core/U313/X (SAEDRVT14_ND2_CDC_1)        0.06       0.33 f
  core/U315/X (SAEDRVT14_OR2_2)            0.04       0.37 f
  core/U316/X (SAEDRVT14_NR2_MM_16)        0.01       0.38 r
  core/U141/X (SAEDRVT14_AN2_MM_12)        0.02       0.40 r
  core/U142/X (SAEDRVT14_INV_S_5)          0.02       0.42 f
  core/U10/X (SAEDRVT14_NR2_MM_8)          0.01       0.43 r
  core/U332/X (SAEDRVT14_EN2_1)            0.03       0.46 f
  core/U333/X (SAEDRVT14_MUX2_MM_0P5)      0.04       0.50 f
  core/out_data[53] (fu_abs_dec)           0.00       0.50 f
  out_data[53] (out)                       0.00       0.50 f
  data arrival time                                   0.50

  max_delay                                0.50       0.50
  output external delay                    0.00       0.50
  data required time                                  0.50
  -----------------------------------------------------------
  data required time                                  0.50
  data arrival time                                  -0.50
  -----------------------------------------------------------
  slack (MET)                                         0.00


1
