 
****************************************
Report : area
Design : fu_abs_a2
Version: Y-2026.03-SP1
Date   : Wed Sep 30 18:23:17 2026
****************************************

Library(s) Used:

    saed14rvt_base_tt0p8v25c (File: /mnt/nas0/eda.libs/saed14/EDK_03_2025/SAED14nm_EDK_STD_RVT/liberty/nldm/base/saed14rvt_base_tt0p8v25c.db)

Number of ports:                          273
Number of nets:                           574
Number of cells:                          372
Number of combinational cells:            371
Number of sequential cells:                 0
Number of macros/black boxes:               0
Number of buf/inv:                         54
Number of references:                       1

Combinational area:                175.690801
Buf/Inv area:                       16.472400
Noncombinational area:               0.000000
Macro/Black Box area:                0.000000
Net Interconnect area:             187.878476

Total cell area:                   175.690801
Total area:                        363.569277
1
