 
****************************************
Report : timing
        -path full
        -delay max
        -max_paths 1
Design : fu_fp_min_max_m2
Version: Y-2026.03-SP1
Date   : Wed Sep 16 01:19:17 2026
****************************************

Operating Conditions: tt0p8v25c   Library: saed14rvt_base_tt0p8v25c
Wire Load Model Mode: top

  Startpoint: in_data_0[31]
              (input port)
  Endpoint: out_data[4]
            (output port)
  Path Group: default
  Path Type: max

  Des/Clust/Port     Wire Load Model       Library
  ------------------------------------------------
  fu_fp_min_max_m2   8000                  saed14rvt_base_tt0p8v25c

  Point                                                   Incr       Path
  --------------------------------------------------------------------------
  input external delay                                    0.00       0.00 r
  in_data_0[31] (in)                                      0.00       0.00 r
  core/in_data_0[31] (fu_fp_min_max_dec)                  0.00       0.00 r
  core/U414/X (SAEDRVT14_ND2_0P5)                         0.02       0.02 f
  core/U92/X (SAEDRVT14_OAI21_V1_8)                       0.02       0.04 r
  core/U87/X (SAEDRVT14_INV_S_20)                         0.01       0.06 f
  core/U90/X (SAEDRVT14_INV_12)                           0.02       0.08 r
  core/U185/X (SAEDRVT14_EN2_1)                           0.05       0.13 f
  core/U195/X (SAEDRVT14_INV_S_0P5)                       0.05       0.18 r
  core/U450/X (SAEDRVT14_OAI22_4)                         0.03       0.21 f
  core/U45/X (SAEDRVT14_ND2_1P5)                          0.02       0.22 r
  core/U42/X (SAEDRVT14_OAI21_V1_4)                       0.02       0.24 f
  core/U482/X (SAEDRVT14_NR2_MM_8)                        0.01       0.25 r
  core/U513/X (SAEDRVT14_OAI21_V1_8)                      0.01       0.27 f
  core/U524/X (SAEDRVT14_ND2_8)                           0.01       0.28 r
  core/U542/X (SAEDRVT14_OAI21_V1_8)                      0.01       0.30 f
  core/U27/X (SAEDRVT14_AOI21_V1_8)                       0.01       0.31 r
  core/U128/X (SAEDRVT14_NR2_MM_12)                       0.01       0.32 f
  core/U593/X (SAEDRVT14_AOI21_4)                         0.02       0.34 r
  core/U594/X (SAEDRVT14_ND2_8)                           0.02       0.36 f
  core/U595/X (SAEDRVT14_INV_S_8)                         0.01       0.38 r
  core/U611/X (SAEDRVT14_NR2_MM_10)                       0.02       0.39 f
  core/U645/X (SAEDRVT14_OR2_MM_6)                        0.03       0.42 f
  core/U660/X (SAEDRVT14_INV_S_3)                         0.04       0.46 r
  core/U662/X (SAEDRVT14_OAI22_1)                         0.04       0.50 f
  core/out_data[4] (fu_fp_min_max_dec)                    0.00       0.50 f
  out_data[4] (out)                                       0.00       0.50 f
  data arrival time                                                  0.50

  max_delay                                               0.50       0.50
  output external delay                                   0.00       0.50
  data required time                                                 0.50
  --------------------------------------------------------------------------
  data required time                                                 0.50
  data arrival time                                                 -0.50
  --------------------------------------------------------------------------
  slack (MET)                                                        0.00


1
