 
****************************************
Report : area
Design : fu_add_sub_d1
Version: Y-2026.03-SP1
Date   : Wed Sep 30 18:12:23 2026
****************************************

Library(s) Used:

    saed14rvt_base_tt0p8v25c (File: /mnt/nas0/eda.libs/saed14/EDK_03_2025/SAED14nm_EDK_STD_RVT/liberty/nldm/base/saed14rvt_base_tt0p8v25c.db)

Number of ports:                          647
Number of nets:                          1111
Number of cells:                          581
Number of combinational cells:            579
Number of sequential cells:                 0
Number of macros/black boxes:               0
Number of buf/inv:                        118
Number of references:                       1

Combinational area:                228.216001
Buf/Inv area:                       26.506800
Noncombinational area:               0.000000
Macro/Black Box area:                0.000000
Net Interconnect area:             234.187819

Total cell area:                   228.216001
Total area:                        462.403819
1
