 
****************************************
Report : timing
        -path full
        -delay max
        -max_paths 1
Design : fu_add_sub_d4
Version: Y-2026.03-SP1
Date   : Wed Sep 30 18:13:08 2026
****************************************

Operating Conditions: tt0p8v25c   Library: saed14rvt_base_tt0p8v25c
Wire Load Model Mode: top

  Startpoint: in_data_1[8]
              (input port)
  Endpoint: out_data[58]
            (output port)
  Path Group: default
  Path Type: max

  Des/Clust/Port     Wire Load Model       Library
  ------------------------------------------------
  fu_add_sub_d4      8000                  saed14rvt_base_tt0p8v25c

  Point                                                   Incr       Path
  --------------------------------------------------------------------------
  input external delay                                    0.00       0.00 f
  in_data_1[8] (in)                                       0.00       0.00 f
  core/in_data_1[8] (fu_add_sub_dec_EN321_EN161_EN80)     0.00       0.00 f
  core/segmented/in_data_1[8] (fu_add_sub_segmented_1_1_0)
                                                          0.00       0.00 f
  core/segmented/U125/X (SAEDRVT14_EO2_2)                 0.04       0.04 r
  core/segmented/U136/X (SAEDRVT14_NR2_4)                 0.03       0.06 f
  core/segmented/U149/X (SAEDRVT14_NR2_1P5)               0.06       0.12 r
  core/segmented/U87/X (SAEDRVT14_ND2_CDC_2)              0.05       0.17 f
  core/segmented/U89/X (SAEDRVT14_NR2_5)                  0.03       0.20 r
  core/segmented/U67/X (SAEDRVT14_ND2_MM_10)              0.01       0.21 f
  core/segmented/U458/X (SAEDRVT14_NR2_MM_4)              0.02       0.23 r
  core/segmented/U390/X (SAEDRVT14_AOI21_8)               0.02       0.25 f
  core/segmented/U38/X (SAEDRVT14_NR2_MM_8)               0.01       0.26 r
  core/segmented/U389/X (SAEDRVT14_OAI21_V1_8)            0.01       0.28 f
  core/segmented/U388/X (SAEDRVT14_ND2_8)                 0.01       0.29 r
  core/segmented/U384/X (SAEDRVT14_AOI21_8)               0.02       0.31 f
  core/segmented/U484/X (SAEDRVT14_OAI21_V1_4)            0.01       0.32 r
  core/segmented/U485/X (SAEDRVT14_MUXI2_4)               0.04       0.36 f
  core/segmented/U395/X (SAEDRVT14_OAI21_V1_8)            0.02       0.37 r
  core/segmented/U394/X (SAEDRVT14_AN2_8)                 0.02       0.39 r
  core/segmented/U392/X (SAEDRVT14_OAI21_V1_8)            0.01       0.41 f
  core/segmented/U497/X (SAEDRVT14_OA21_4)                0.03       0.44 f
  core/segmented/U498/X (SAEDRVT14_INV_S_20)              0.02       0.46 r
  core/segmented/U129/X (SAEDRVT14_AOI21_V1_4)            0.02       0.47 f
  core/segmented/U506/X (SAEDRVT14_EN2_4)                 0.03       0.50 f
  core/segmented/sum_out[58] (fu_add_sub_segmented_1_1_0)
                                                          0.00       0.50 f
  core/out_data[58] (fu_add_sub_dec_EN321_EN161_EN80)     0.00       0.50 f
  out_data[58] (out)                                      0.00       0.50 f
  data arrival time                                                  0.50

  max_delay                                               0.50       0.50
  output external delay                                   0.00       0.50
  data required time                                                 0.50
  --------------------------------------------------------------------------
  data required time                                                 0.50
  data arrival time                                                 -0.50
  --------------------------------------------------------------------------
  slack (MET)                                                        0.00


1
