 
****************************************
Report : area
Design : fu_add_sub_d4
Version: Y-2026.03-SP1
Date   : Wed Sep 30 18:13:08 2026
****************************************

Library(s) Used:

    saed14rvt_base_tt0p8v25c (File: /mnt/nas0/eda.libs/saed14/EDK_03_2025/SAED14nm_EDK_STD_RVT/liberty/nldm/base/saed14rvt_base_tt0p8v25c.db)

Number of ports:                          647
Number of nets:                          1190
Number of cells:                          645
Number of combinational cells:            643
Number of sequential cells:                 0
Number of macros/black boxes:               0
Number of buf/inv:                        154
Number of references:                       1

Combinational area:                276.123599
Buf/Inv area:                       37.828799
Noncombinational area:               0.000000
Macro/Black Box area:                0.000000
Net Interconnect area:             216.586811

Total cell area:                   276.123599
Total area:                        492.710411
1
