 
****************************************
Report : area
Design : fu_bshift_bs2
Version: Y-2026.03-SP1
Date   : Wed Sep 30 18:25:02 2026
****************************************

Library(s) Used:

    saed14rvt_base_tt0p8v25c (File: /mnt/nas0/eda.libs/saed14/EDK_03_2025/SAED14nm_EDK_STD_RVT/liberty/nldm/base/saed14rvt_base_tt0p8v25c.db)

Number of ports:                          407
Number of nets:                          1200
Number of cells:                          968
Number of combinational cells:            967
Number of sequential cells:                 0
Number of macros/black boxes:               0
Number of buf/inv:                        159
Number of references:                       1

Combinational area:                351.603596
Buf/Inv area:                       50.083199
Noncombinational area:               0.000000
Macro/Black Box area:                0.000000
Net Interconnect area:             697.273855

Total cell area:                   351.603596
Total area:                       1048.877450
1
