****************************************
Report : Averaged Power
Design : fu_add_sub_d1
Version: Y-2026.03-SP1
Date   : Wed Sep 30 18:45:18 2026
****************************************



  Attributes
  ----------
      i  -  Including register clock pin internal power
      u  -  User defined power group

                        Internal  Switching  Leakage    Total
Power Group             Power     Power      Power      Power   (     %)  Attrs
--------------------------------------------------------------------------------
clock_network              0.0000    0.0000    0.0000    0.0000 ( 0.00%)  i
register                   0.0000    0.0000    0.0000    0.0000 ( 0.00%)  
combinational           3.503e-04 2.106e-03 1.042e-07 2.456e-03 (100.00%) 
sequential                 0.0000    0.0000    0.0000    0.0000 ( 0.00%)  
memory                     0.0000    0.0000    0.0000    0.0000 ( 0.00%)  
io_pad                     0.0000    0.0000    0.0000    0.0000 ( 0.00%)  
black_box                  0.0000    0.0000    0.0000    0.0000 ( 0.00%)  

  Net Switching Power  = 2.106e-03   (85.73%)
  Cell Internal Power  = 3.503e-04   (14.26%)
  Cell Leakage Power   = 1.042e-07   ( 0.00%)
                         ---------
Total Power            = 2.456e-03  (100.00%)

1
